Java HotSpot(TM) 64-Bit Server VM (25.171-b11) for windows-amd64 JRE (1.8.0_171-b11), built on Mar 28 2018 16:06:12 by "java_re" with MS VC++ 10.0 (VS2010)
Memory: 4k page, physical 16684372k(9550164k free), swap 19174740k(10483036k free)
CommandLine flags: -XX:CMSInitiatingOccupancyFraction=50 -XX:CMSMaxAbortablePrecleanTime=6000 -XX:+CMSParallelRemarkEnabled -XX:+CMSScavengeBeforeRemark -XX:ConcGCThreads=4 -XX:InitialHeapSize=536870912 -XX:MaxHeapSize=536870912 -XX:MaxTenuringThreshold=8 -XX:NewRatio=3 -XX:OldPLABSize=16 -XX:ParallelGCThreads=4 -XX:+ParallelRefProcEnabled -XX:PretenureSizeThreshold=67108864 -XX:+PrintGC -XX:+PrintGCApplicationStoppedTime -XX:+PrintGCDateStamps -XX:+PrintGCDetails -XX:+PrintGCTimeStamps -XX:+PrintHeapAtGC -XX:+PrintTenuringDistribution -XX:SurvivorRatio=4 -XX:TargetSurvivorRatio=90 -XX:ThreadStackSize=256 -XX:+UseCMSInitiatingOccupancyOnly -XX:+UseCompressedClassPointers -XX:+UseCompressedOops -XX:+UseConcMarkSweepGC -XX:-UseLargePagesIndividualAllocation -XX:+UseParNewGC 
2018-11-12T14:34:25.237+0100: 0.452: Total time for which application threads were stopped: 0.0012139 seconds, Stopping threads took: 0.0004886 seconds
2018-11-12T14:34:25.478+0100: 0.692: Total time for which application threads were stopped: 0.0001314 seconds, Stopping threads took: 0.0000192 seconds
2018-11-12T14:34:25.529+0100: 0.743: Total time for which application threads were stopped: 0.0001923 seconds, Stopping threads took: 0.0000322 seconds
2018-11-12T14:34:25.561+0100: 0.775: Total time for which application threads were stopped: 0.0001806 seconds, Stopping threads took: 0.0000349 seconds
2018-11-12T14:34:25.597+0100: 0.811: Total time for which application threads were stopped: 0.0001810 seconds, Stopping threads took: 0.0000263 seconds
{Heap before GC invocations=0 (full 0):
 par new generation   total 109248K, used 87424K [0x00000000e0000000, 0x00000000e8000000, 0x00000000e8000000)
  eden space 87424K, 100% used [0x00000000e0000000, 0x00000000e5560000, 0x00000000e5560000)
  from space 21824K,   0% used [0x00000000e5560000, 0x00000000e5560000, 0x00000000e6ab0000)
  to   space 21824K,   0% used [0x00000000e6ab0000, 0x00000000e6ab0000, 0x00000000e8000000)
 concurrent mark-sweep generation total 393216K, used 0K [0x00000000e8000000, 0x0000000100000000, 0x0000000100000000)
 Metaspace       used 10201K, capacity 10398K, committed 10496K, reserved 1058816K
  class space    used 1174K, capacity 1214K, committed 1280K, reserved 1048576K
2018-11-12T14:34:26.158+0100: 1.373: [GC (Allocation Failure) 2018-11-12T14:34:26.158+0100: 1.373: [ParNew
Desired survivor size 20112992 bytes, new threshold 8 (max 8)
- age   1:    5672000 bytes,    5672000 total
: 87424K->5597K(109248K), 0.0059362 secs] 87424K->5597K(502464K), 0.0061302 secs] [Times: user=0.00 sys=0.00, real=0.01 secs] 
Heap after GC invocations=1 (full 0):
 par new generation   total 109248K, used 5597K [0x00000000e0000000, 0x00000000e8000000, 0x00000000e8000000)
  eden space 87424K,   0% used [0x00000000e0000000, 0x00000000e0000000, 0x00000000e5560000)
  from space 21824K,  25% used [0x00000000e6ab0000, 0x00000000e70275f0, 0x00000000e8000000)
  to   space 21824K,   0% used [0x00000000e5560000, 0x00000000e5560000, 0x00000000e6ab0000)
 concurrent mark-sweep generation total 393216K, used 0K [0x00000000e8000000, 0x0000000100000000, 0x0000000100000000)
 Metaspace       used 10201K, capacity 10398K, committed 10496K, reserved 1058816K
  class space    used 1174K, capacity 1214K, committed 1280K, reserved 1048576K
}
2018-11-12T14:34:26.164+0100: 1.379: Total time for which application threads were stopped: 0.0063282 seconds, Stopping threads took: 0.0000267 seconds
2018-11-12T14:34:26.242+0100: 1.456: Total time for which application threads were stopped: 0.0001444 seconds, Stopping threads took: 0.0000198 seconds
2018-11-12T14:34:26.574+0100: 1.787: Total time for which application threads were stopped: 0.0002809 seconds, Stopping threads took: 0.0000277 seconds
2018-11-12T14:34:26.575+0100: 1.789: Total time for which application threads were stopped: 0.0001878 seconds, Stopping threads took: 0.0000222 seconds
2018-11-12T14:34:26.579+0100: 1.793: Total time for which application threads were stopped: 0.0001731 seconds, Stopping threads took: 0.0000229 seconds
2018-11-12T14:34:26.778+0100: 1.993: Total time for which application threads were stopped: 0.0002001 seconds, Stopping threads took: 0.0000212 seconds
2018-11-12T14:34:27.778+0100: 2.992: Total time for which application threads were stopped: 0.0001170 seconds, Stopping threads took: 0.0000298 seconds
2018-11-12T14:34:28.906+0100: 4.120: Total time for which application threads were stopped: 0.0003473 seconds, Stopping threads took: 0.0000301 seconds
2018-11-12T14:34:31.718+0100: 6.932: Total time for which application threads were stopped: 0.0386369 seconds, Stopping threads took: 0.0385767 seconds
2018-11-12T14:34:31.718+0100: 6.932: Total time for which application threads were stopped: 0.0000623 seconds, Stopping threads took: 0.0000322 seconds
2018-11-12T14:34:31.719+0100: 6.933: Total time for which application threads were stopped: 0.0001002 seconds, Stopping threads took: 0.0000606 seconds
2018-11-12T14:34:31.720+0100: 6.934: Total time for which application threads were stopped: 0.0000718 seconds, Stopping threads took: 0.0000304 seconds
2018-11-12T14:34:31.738+0100: 6.952: Total time for which application threads were stopped: 0.0008697 seconds, Stopping threads took: 0.0007776 seconds
2018-11-12T14:34:31.739+0100: 6.953: Total time for which application threads were stopped: 0.0000818 seconds, Stopping threads took: 0.0000267 seconds
2018-11-12T14:34:31.740+0100: 6.954: Total time for which application threads were stopped: 0.0002268 seconds, Stopping threads took: 0.0000219 seconds
2018-11-12T14:34:31.825+0100: 7.039: Total time for which application threads were stopped: 0.0001570 seconds, Stopping threads took: 0.0000424 seconds
2018-11-12T14:34:31.826+0100: 7.041: Total time for which application threads were stopped: 0.0000859 seconds, Stopping threads took: 0.0000387 seconds
2018-11-12T14:34:31.888+0100: 7.102: Total time for which application threads were stopped: 0.0001218 seconds, Stopping threads took: 0.0000239 seconds
2018-11-12T14:34:31.888+0100: 7.102: Total time for which application threads were stopped: 0.0000931 seconds, Stopping threads took: 0.0000308 seconds
2018-11-12T14:34:31.888+0100: 7.102: Total time for which application threads were stopped: 0.0000828 seconds, Stopping threads took: 0.0000270 seconds
2018-11-12T14:34:31.897+0100: 7.111: Total time for which application threads were stopped: 0.0001002 seconds, Stopping threads took: 0.0000359 seconds
2018-11-12T14:34:31.934+0100: 7.148: Total time for which application threads were stopped: 0.0066108 seconds, Stopping threads took: 0.0065061 seconds
{Heap before GC invocations=1 (full 0):
 par new generation   total 109248K, used 93021K [0x00000000e0000000, 0x00000000e8000000, 0x00000000e8000000)
  eden space 87424K, 100% used [0x00000000e0000000, 0x00000000e5560000, 0x00000000e5560000)
  from space 21824K,  25% used [0x00000000e6ab0000, 0x00000000e70275f0, 0x00000000e8000000)
  to   space 21824K,   0% used [0x00000000e5560000, 0x00000000e5560000, 0x00000000e6ab0000)
 concurrent mark-sweep generation total 393216K, used 0K [0x00000000e8000000, 0x0000000100000000, 0x0000000100000000)
 Metaspace       used 20171K, capacity 20502K, committed 20736K, reserved 1067008K
  class space    used 2372K, capacity 2491K, committed 2560K, reserved 1048576K
2018-11-12T14:34:31.956+0100: 7.170: [GC (Allocation Failure) 2018-11-12T14:34:31.956+0100: 7.170: [ParNew
Desired survivor size 20112992 bytes, new threshold 8 (max 8)
- age   1:    9635072 bytes,    9635072 total
- age   2:    2524616 bytes,   12159688 total
: 93021K->14645K(109248K), 0.0097221 secs] 93021K->14645K(502464K), 0.0098227 secs] [Times: user=0.06 sys=0.00, real=0.01 secs] 
Heap after GC invocations=2 (full 0):
 par new generation   total 109248K, used 14645K [0x00000000e0000000, 0x00000000e8000000, 0x00000000e8000000)
  eden space 87424K,   0% used [0x00000000e0000000, 0x00000000e0000000, 0x00000000e5560000)
  from space 21824K,  67% used [0x00000000e5560000, 0x00000000e63ad780, 0x00000000e6ab0000)
  to   space 21824K,   0% used [0x00000000e6ab0000, 0x00000000e6ab0000, 0x00000000e8000000)
 concurrent mark-sweep generation total 393216K, used 0K [0x00000000e8000000, 0x0000000100000000, 0x0000000100000000)
 Metaspace       used 20171K, capacity 20502K, committed 20736K, reserved 1067008K
  class space    used 2372K, capacity 2491K, committed 2560K, reserved 1048576K
}
2018-11-12T14:34:31.966+0100: 7.180: Total time for which application threads were stopped: 0.0102182 seconds, Stopping threads took: 0.0000575 seconds
2018-11-12T14:34:31.967+0100: 7.181: Total time for which application threads were stopped: 0.0001105 seconds, Stopping threads took: 0.0000551 seconds
2018-11-12T14:34:31.968+0100: 7.182: Total time for which application threads were stopped: 0.0000684 seconds, Stopping threads took: 0.0000301 seconds
2018-11-12T14:34:31.968+0100: 7.182: Total time for which application threads were stopped: 0.0000653 seconds, Stopping threads took: 0.0000198 seconds
2018-11-12T14:34:31.968+0100: 7.182: Total time for which application threads were stopped: 0.0000801 seconds, Stopping threads took: 0.0000328 seconds
2018-11-12T14:34:31.995+0100: 7.209: Total time for which application threads were stopped: 0.0116876 seconds, Stopping threads took: 0.0115836 seconds
2018-11-12T14:34:31.995+0100: 7.209: Total time for which application threads were stopped: 0.0000937 seconds, Stopping threads took: 0.0000263 seconds
2018-11-12T14:34:32.043+0100: 7.257: Total time for which application threads were stopped: 0.0003555 seconds, Stopping threads took: 0.0002323 seconds
2018-11-12T14:34:32.053+0100: 7.267: Total time for which application threads were stopped: 0.0012457 seconds, Stopping threads took: 0.0011365 seconds
2018-11-12T14:34:32.056+0100: 7.270: Total time for which application threads were stopped: 0.0001310 seconds, Stopping threads took: 0.0000311 seconds
2018-11-12T14:34:32.089+0100: 7.303: Total time for which application threads were stopped: 0.0001522 seconds, Stopping threads took: 0.0000592 seconds
2018-11-12T14:34:32.096+0100: 7.310: Total time for which application threads were stopped: 0.0003100 seconds, Stopping threads took: 0.0000294 seconds
2018-11-12T14:34:32.186+0100: 7.400: Total time for which application threads were stopped: 0.0004068 seconds, Stopping threads took: 0.0000599 seconds
2018-11-12T14:34:32.210+0100: 7.424: Total time for which application threads were stopped: 0.0014752 seconds, Stopping threads took: 0.0011526 seconds
2018-11-12T14:34:32.222+0100: 7.436: Total time for which application threads were stopped: 0.0018755 seconds, Stopping threads took: 0.0017866 seconds
2018-11-12T14:34:32.223+0100: 7.437: Total time for which application threads were stopped: 0.0001461 seconds, Stopping threads took: 0.0000640 seconds
2018-11-12T14:34:32.228+0100: 7.442: Total time for which application threads were stopped: 0.0001280 seconds, Stopping threads took: 0.0000458 seconds
2018-11-12T14:34:32.258+0100: 7.472: Total time for which application threads were stopped: 0.0001427 seconds, Stopping threads took: 0.0000428 seconds
2018-11-12T14:34:32.266+0100: 7.479: Total time for which application threads were stopped: 0.0002060 seconds, Stopping threads took: 0.0000770 seconds
2018-11-12T14:34:32.274+0100: 7.488: Total time for which application threads were stopped: 0.0010986 seconds, Stopping threads took: 0.0010229 seconds
2018-11-12T14:34:32.274+0100: 7.488: Total time for which application threads were stopped: 0.0000978 seconds, Stopping threads took: 0.0000328 seconds
2018-11-12T14:34:32.275+0100: 7.489: Total time for which application threads were stopped: 0.0009545 seconds, Stopping threads took: 0.0008806 seconds
2018-11-12T14:34:32.283+0100: 7.497: Total time for which application threads were stopped: 0.0001321 seconds, Stopping threads took: 0.0000476 seconds
2018-11-12T14:34:32.284+0100: 7.497: Total time for which application threads were stopped: 0.0001457 seconds, Stopping threads took: 0.0000311 seconds
2018-11-12T14:34:32.284+0100: 7.498: Total time for which application threads were stopped: 0.0001146 seconds, Stopping threads took: 0.0000373 seconds
2018-11-12T14:34:32.284+0100: 7.498: Total time for which application threads were stopped: 0.0001755 seconds, Stopping threads took: 0.0000250 seconds
2018-11-12T14:34:32.289+0100: 7.503: Total time for which application threads were stopped: 0.0001085 seconds, Stopping threads took: 0.0000352 seconds
2018-11-12T14:34:32.290+0100: 7.503: Total time for which application threads were stopped: 0.0000770 seconds, Stopping threads took: 0.0000284 seconds
2018-11-12T14:34:32.290+0100: 7.504: Total time for which application threads were stopped: 0.0000660 seconds, Stopping threads took: 0.0000267 seconds
2018-11-12T14:34:32.290+0100: 7.504: Total time for which application threads were stopped: 0.0000821 seconds, Stopping threads took: 0.0000209 seconds
2018-11-12T14:34:32.290+0100: 7.504: Total time for which application threads were stopped: 0.0000671 seconds, Stopping threads took: 0.0000174 seconds
2018-11-12T14:34:32.290+0100: 7.504: Total time for which application threads were stopped: 0.0000602 seconds, Stopping threads took: 0.0000154 seconds
2018-11-12T14:34:32.291+0100: 7.505: Total time for which application threads were stopped: 0.0000739 seconds, Stopping threads took: 0.0000164 seconds
2018-11-12T14:34:32.291+0100: 7.505: Total time for which application threads were stopped: 0.0000657 seconds, Stopping threads took: 0.0000168 seconds
2018-11-12T14:34:32.291+0100: 7.505: Total time for which application threads were stopped: 0.0000602 seconds, Stopping threads took: 0.0000147 seconds
2018-11-12T14:34:32.291+0100: 7.505: Total time for which application threads were stopped: 0.0000718 seconds, Stopping threads took: 0.0000171 seconds
2018-11-12T14:34:32.292+0100: 7.506: Total time for which application threads were stopped: 0.0000712 seconds, Stopping threads took: 0.0000188 seconds
2018-11-12T14:34:32.292+0100: 7.506: Total time for which application threads were stopped: 0.0000660 seconds, Stopping threads took: 0.0000164 seconds
2018-11-12T14:34:32.292+0100: 7.506: Total time for which application threads were stopped: 0.0000766 seconds, Stopping threads took: 0.0000233 seconds
2018-11-12T14:34:32.298+0100: 7.512: Total time for which application threads were stopped: 0.0001187 seconds, Stopping threads took: 0.0000434 seconds
2018-11-12T14:34:32.318+0100: 7.532: Total time for which application threads were stopped: 0.0004283 seconds, Stopping threads took: 0.0003397 seconds
2018-11-12T14:34:32.319+0100: 7.532: Total time for which application threads were stopped: 0.0000924 seconds, Stopping threads took: 0.0000253 seconds
2018-11-12T14:34:32.329+0100: 7.543: Total time for which application threads were stopped: 0.0001386 seconds, Stopping threads took: 0.0000534 seconds
2018-11-12T14:34:32.336+0100: 7.549: Total time for which application threads were stopped: 0.0017195 seconds, Stopping threads took: 0.0016364 seconds
2018-11-12T14:34:32.338+0100: 7.552: Total time for which application threads were stopped: 0.0001372 seconds, Stopping threads took: 0.0000633 seconds
{Heap before GC invocations=2 (full 0):
 par new generation   total 109248K, used 102069K [0x00000000e0000000, 0x00000000e8000000, 0x00000000e8000000)
  eden space 87424K, 100% used [0x00000000e0000000, 0x00000000e5560000, 0x00000000e5560000)
  from space 21824K,  67% used [0x00000000e5560000, 0x00000000e63ad780, 0x00000000e6ab0000)
  to   space 21824K,   0% used [0x00000000e6ab0000, 0x00000000e6ab0000, 0x00000000e8000000)
 concurrent mark-sweep generation total 393216K, used 0K [0x00000000e8000000, 0x0000000100000000, 0x0000000100000000)
 Metaspace       used 21215K, capacity 21654K, committed 21884K, reserved 1069056K
  class space    used 2495K, capacity 2619K, committed 2684K, reserved 1048576K
2018-11-12T14:34:32.339+0100: 7.553: [GC (Allocation Failure) 2018-11-12T14:34:32.339+0100: 7.553: [ParNew
Desired survivor size 20112992 bytes, new threshold 8 (max 8)
- age   1:    1889992 bytes,    1889992 total
- age   2:    3995376 bytes,    5885368 total
- age   3:    2516104 bytes,    8401472 total
: 102069K->12276K(109248K), 0.0074230 secs] 102069K->12276K(502464K), 0.0075938 secs] [Times: user=0.00 sys=0.00, real=0.01 secs] 
Heap after GC invocations=3 (full 0):
 par new generation   total 109248K, used 12276K [0x00000000e0000000, 0x00000000e8000000, 0x00000000e8000000)
  eden space 87424K,   0% used [0x00000000e0000000, 0x00000000e0000000, 0x00000000e5560000)
  from space 21824K,  56% used [0x00000000e6ab0000, 0x00000000e76ad290, 0x00000000e8000000)
  to   space 21824K,   0% used [0x00000000e5560000, 0x00000000e5560000, 0x00000000e6ab0000)
 concurrent mark-sweep generation total 393216K, used 0K [0x00000000e8000000, 0x0000000100000000, 0x0000000100000000)
 Metaspace       used 21215K, capacity 21654K, committed 21884K, reserved 1069056K
  class space    used 2495K, capacity 2619K, committed 2684K, reserved 1048576K
}
2018-11-12T14:34:32.347+0100: 7.561: Total time for which application threads were stopped: 0.0078740 seconds, Stopping threads took: 0.0000349 seconds
2018-11-12T14:34:32.350+0100: 7.563: [GC (CMS Initial Mark) [1 CMS-initial-mark: 0K(393216K)] 13401K(502464K), 0.0023562 secs] [Times: user=0.00 sys=0.00, real=0.00 secs] 
2018-11-12T14:34:32.352+0100: 7.566: Total time for which application threads were stopped: 0.0026172 seconds, Stopping threads took: 0.0001238 seconds
2018-11-12T14:34:32.352+0100: 7.566: [CMS-concurrent-mark-start]
2018-11-12T14:34:32.352+0100: 7.566: [CMS-concurrent-mark: 0.000/0.000 secs] [Times: user=0.00 sys=0.00, real=0.00 secs] 
2018-11-12T14:34:32.352+0100: 7.566: [CMS-concurrent-preclean-start]
2018-11-12T14:34:32.353+0100: 7.567: [CMS-concurrent-preclean: 0.001/0.001 secs] [Times: user=0.00 sys=0.00, real=0.00 secs] 
2018-11-12T14:34:32.355+0100: 7.569: Total time for which application threads were stopped: 0.0004194 seconds, Stopping threads took: 0.0003288 seconds
2018-11-12T14:34:32.356+0100: 7.570: [GC (CMS Final Remark) [YG occupancy: 14404 K (109248 K)]{Heap before GC invocations=3 (full 1):
 par new generation   total 109248K, used 14404K [0x00000000e0000000, 0x00000000e8000000, 0x00000000e8000000)
  eden space 87424K,   2% used [0x00000000e0000000, 0x00000000e0213fb0, 0x00000000e5560000)
  from space 21824K,  56% used [0x00000000e6ab0000, 0x00000000e76ad290, 0x00000000e8000000)
  to   space 21824K,   0% used [0x00000000e5560000, 0x00000000e5560000, 0x00000000e6ab0000)
 concurrent mark-sweep generation total 393216K, used 0K [0x00000000e8000000, 0x0000000100000000, 0x0000000100000000)
 Metaspace       used 21227K, capacity 21692K, committed 21884K, reserved 1069056K
  class space    used 2497K, capacity 2652K, committed 2684K, reserved 1048576K
2018-11-12T14:34:32.356+0100: 7.570: [GC (CMS Final Remark) 2018-11-12T14:34:32.356+0100: 7.570: [ParNew
Desired survivor size 20112992 bytes, new threshold 8 (max 8)
- age   1:     443640 bytes,     443640 total
- age   2:     954800 bytes,    1398440 total
- age   3:    3995096 bytes,    5393536 total
- age   4:    2515552 bytes,    7909088 total
: 14404K->11063K(109248K), 0.0067713 secs] 14404K->11063K(502464K), 0.0068332 secs] [Times: user=0.06 sys=0.00, real=0.01 secs] 
Heap after GC invocations=4 (full 1):
 par new generation   total 109248K, used 11063K [0x00000000e0000000, 0x00000000e8000000, 0x00000000e8000000)
  eden space 87424K,   0% used [0x00000000e0000000, 0x00000000e0000000, 0x00000000e5560000)
  from space 21824K,  50% used [0x00000000e5560000, 0x00000000e602ddc0, 0x00000000e6ab0000)
  to   space 21824K,   0% used [0x00000000e6ab0000, 0x00000000e6ab0000, 0x00000000e8000000)
 concurrent mark-sweep generation total 393216K, used 0K [0x00000000e8000000, 0x0000000100000000, 0x0000000100000000)
 Metaspace       used 21227K, capacity 21692K, committed 21884K, reserved 1069056K
  class space    used 2497K, capacity 2652K, committed 2684K, reserved 1048576K
}
2018-11-12T14:34:32.363+0100: 7.577: [Rescan (parallel) , 0.0021427 secs]2018-11-12T14:34:32.365+0100: 7.579: [weak refs processing, 0.0003226 secs]2018-11-12T14:34:32.366+0100: 7.579: [class unloading, 0.0034849 secs]2018-11-12T14:34:32.369+0100: 7.583: [scrub symbol table, 0.0050087 secs]2018-11-12T14:34:32.374+0100: 7.588: [scrub string table, 0.0005002 secs][1 CMS-remark: 0K(393216K)] 11063K(502464K), 0.0192629 secs] [Times: user=0.06 sys=0.00, real=0.02 secs] 
2018-11-12T14:34:32.376+0100: 7.589: Total time for which application threads were stopped: 0.0194179 seconds, Stopping threads took: 0.0000322 seconds
2018-11-12T14:34:32.377+0100: 7.591: [CMS-concurrent-sweep-start]
2018-11-12T14:34:32.377+0100: 7.591: [CMS-concurrent-sweep: 0.000/0.000 secs] [Times: user=0.00 sys=0.00, real=0.00 secs] 
2018-11-12T14:34:32.377+0100: 7.591: [CMS-concurrent-reset-start]
2018-11-12T14:34:32.379+0100: 7.593: [CMS-concurrent-reset: 0.002/0.002 secs] [Times: user=0.05 sys=0.00, real=0.00 secs] 
2018-11-12T14:34:32.383+0100: 7.597: Total time for which application threads were stopped: 0.0001998 seconds, Stopping threads took: 0.0001177 seconds
2018-11-12T14:34:32.404+0100: 7.617: Total time for which application threads were stopped: 0.0001276 seconds, Stopping threads took: 0.0000452 seconds
2018-11-12T14:34:32.415+0100: 7.629: Total time for which application threads were stopped: 0.0005573 seconds, Stopping threads took: 0.0004807 seconds
2018-11-12T14:34:32.418+0100: 7.632: Total time for which application threads were stopped: 0.0001389 seconds, Stopping threads took: 0.0000630 seconds
2018-11-12T14:34:32.420+0100: 7.633: Total time for which application threads were stopped: 0.0001232 seconds, Stopping threads took: 0.0000346 seconds
2018-11-12T14:34:32.423+0100: 7.637: Total time for which application threads were stopped: 0.0001184 seconds, Stopping threads took: 0.0000428 seconds
2018-11-12T14:34:32.423+0100: 7.637: Total time for which application threads were stopped: 0.0001013 seconds, Stopping threads took: 0.0000479 seconds
2018-11-12T14:34:32.424+0100: 7.638: Total time for which application threads were stopped: 0.0001741 seconds, Stopping threads took: 0.0000373 seconds
2018-11-12T14:34:32.425+0100: 7.638: Total time for which application threads were stopped: 0.0000893 seconds, Stopping threads took: 0.0000380 seconds
2018-11-12T14:34:32.471+0100: 7.685: Total time for which application threads were stopped: 0.0001399 seconds, Stopping threads took: 0.0000458 seconds
2018-11-12T14:34:32.474+0100: 7.688: Total time for which application threads were stopped: 0.0001112 seconds, Stopping threads took: 0.0000277 seconds
2018-11-12T14:34:32.479+0100: 7.693: Total time for which application threads were stopped: 0.0001697 seconds, Stopping threads took: 0.0000893 seconds
2018-11-12T14:34:32.480+0100: 7.695: Total time for which application threads were stopped: 0.0001215 seconds, Stopping threads took: 0.0000346 seconds
2018-11-12T14:34:32.481+0100: 7.695: Total time for which application threads were stopped: 0.0001522 seconds, Stopping threads took: 0.0000773 seconds
2018-11-12T14:34:32.482+0100: 7.697: Total time for which application threads were stopped: 0.0001283 seconds, Stopping threads took: 0.0000407 seconds
2018-11-12T14:34:32.482+0100: 7.697: Total time for which application threads were stopped: 0.0000718 seconds, Stopping threads took: 0.0000198 seconds
2018-11-12T14:34:32.487+0100: 7.702: Total time for which application threads were stopped: 0.0001557 seconds, Stopping threads took: 0.0000349 seconds
2018-11-12T14:34:32.562+0100: 7.777: Total time for which application threads were stopped: 0.0003206 seconds, Stopping threads took: 0.0000263 seconds
2018-11-12T14:34:32.571+0100: 7.786: Total time for which application threads were stopped: 0.0001266 seconds, Stopping threads took: 0.0000434 seconds
2018-11-12T14:34:32.572+0100: 7.787: Total time for which application threads were stopped: 0.0000715 seconds, Stopping threads took: 0.0000246 seconds
2018-11-12T14:34:32.716+0100: 7.930: Total time for which application threads were stopped: 0.0001194 seconds, Stopping threads took: 0.0000387 seconds
2018-11-12T14:34:32.716+0100: 7.931: Total time for which application threads were stopped: 0.0000845 seconds, Stopping threads took: 0.0000260 seconds
2018-11-12T14:34:32.716+0100: 7.931: Total time for which application threads were stopped: 0.0000667 seconds, Stopping threads took: 0.0000195 seconds
2018-11-12T14:34:32.727+0100: 7.941: Total time for which application threads were stopped: 0.0002224 seconds, Stopping threads took: 0.0001413 seconds
2018-11-12T14:34:32.739+0100: 7.953: Total time for which application threads were stopped: 0.0001830 seconds, Stopping threads took: 0.0000698 seconds
2018-11-12T14:34:32.746+0100: 7.961: Total time for which application threads were stopped: 0.0002730 seconds, Stopping threads took: 0.0000595 seconds
2018-11-12T14:34:32.750+0100: 7.965: Total time for which application threads were stopped: 0.0001129 seconds, Stopping threads took: 0.0000404 seconds
2018-11-12T14:34:32.754+0100: 7.969: Total time for which application threads were stopped: 0.0001379 seconds, Stopping threads took: 0.0000417 seconds
2018-11-12T14:34:32.812+0100: 8.026: Total time for which application threads were stopped: 0.0002713 seconds, Stopping threads took: 0.0001745 seconds
2018-11-12T14:34:32.812+0100: 8.026: Total time for which application threads were stopped: 0.0001006 seconds, Stopping threads took: 0.0000294 seconds
2018-11-12T14:34:32.823+0100: 8.037: Total time for which application threads were stopped: 0.0001286 seconds, Stopping threads took: 0.0000448 seconds
2018-11-12T14:34:32.823+0100: 8.038: Total time for which application threads were stopped: 0.0001026 seconds, Stopping threads took: 0.0000294 seconds
2018-11-12T14:34:32.823+0100: 8.038: Total time for which application threads were stopped: 0.0000920 seconds, Stopping threads took: 0.0000246 seconds
2018-11-12T14:34:32.828+0100: 8.042: Total time for which application threads were stopped: 0.0001242 seconds, Stopping threads took: 0.0000407 seconds
2018-11-12T14:34:32.832+0100: 8.046: Total time for which application threads were stopped: 0.0001512 seconds, Stopping threads took: 0.0000383 seconds
2018-11-12T14:34:32.833+0100: 8.047: Total time for which application threads were stopped: 0.0001345 seconds, Stopping threads took: 0.0000226 seconds
2018-11-12T14:34:32.833+0100: 8.048: Total time for which application threads were stopped: 0.0001078 seconds, Stopping threads took: 0.0000311 seconds
2018-11-12T14:34:32.834+0100: 8.048: Total time for which application threads were stopped: 0.0000790 seconds, Stopping threads took: 0.0000195 seconds
2018-11-12T14:34:32.834+0100: 8.049: Total time for which application threads were stopped: 0.0000756 seconds, Stopping threads took: 0.0000171 seconds
2018-11-12T14:34:32.834+0100: 8.049: Total time for which application threads were stopped: 0.0000667 seconds, Stopping threads took: 0.0000144 seconds
2018-11-12T14:34:32.834+0100: 8.049: Total time for which application threads were stopped: 0.0000866 seconds, Stopping threads took: 0.0000257 seconds
2018-11-12T14:34:32.836+0100: 8.050: Total time for which application threads were stopped: 0.0000797 seconds, Stopping threads took: 0.0000202 seconds
2018-11-12T14:34:32.836+0100: 8.051: Total time for which application threads were stopped: 0.0000883 seconds, Stopping threads took: 0.0000274 seconds
2018-11-12T14:34:32.837+0100: 8.052: Total time for which application threads were stopped: 0.0000961 seconds, Stopping threads took: 0.0000335 seconds
2018-11-12T14:34:32.848+0100: 8.063: Total time for which application threads were stopped: 0.0005276 seconds, Stopping threads took: 0.0004533 seconds
2018-11-12T14:34:32.848+0100: 8.063: Total time for which application threads were stopped: 0.0001738 seconds, Stopping threads took: 0.0000263 seconds
{Heap before GC invocations=4 (full 1):
 par new generation   total 109248K, used 98487K [0x00000000e0000000, 0x00000000e8000000, 0x00000000e8000000)
  eden space 87424K, 100% used [0x00000000e0000000, 0x00000000e5560000, 0x00000000e5560000)
  from space 21824K,  50% used [0x00000000e5560000, 0x00000000e602ddc0, 0x00000000e6ab0000)
  to   space 21824K,   0% used [0x00000000e6ab0000, 0x00000000e6ab0000, 0x00000000e8000000)
 concurrent mark-sweep generation total 393216K, used 0K [0x00000000e8000000, 0x0000000100000000, 0x0000000100000000)
 Metaspace       used 23003K, capacity 23474K, committed 23676K, reserved 1071104K
  class space    used 2733K, capacity 2927K, committed 2940K, reserved 1048576K
2018-11-12T14:34:33.148+0100: 8.362: [GC (Allocation Failure) 2018-11-12T14:34:33.148+0100: 8.363: [ParNew
Desired survivor size 20112992 bytes, new threshold 5 (max 8)
- age   1:   15511744 bytes,   15511744 total
- age   2:       7808 bytes,   15519552 total
- age   3:     225960 bytes,   15745512 total
- age   4:    3988880 bytes,   19734392 total
- age   5:    2515496 bytes,   22249888 total
: 98487K->21824K(109248K), 0.0205421 secs] 98487K->22103K(502464K), 0.0206516 secs] [Times: user=0.06 sys=0.00, real=0.02 secs] 
Heap after GC invocations=5 (full 1):
 par new generation   total 109248K, used 21824K [0x00000000e0000000, 0x00000000e8000000, 0x00000000e8000000)
  eden space 87424K,   0% used [0x00000000e0000000, 0x00000000e0000000, 0x00000000e5560000)
  from space 21824K, 100% used [0x00000000e6ab0000, 0x00000000e8000000, 0x00000000e8000000)
  to   space 21824K,   0% used [0x00000000e5560000, 0x00000000e5560000, 0x00000000e6ab0000)
 concurrent mark-sweep generation total 393216K, used 279K [0x00000000e8000000, 0x0000000100000000, 0x0000000100000000)
 Metaspace       used 23003K, capacity 23474K, committed 23676K, reserved 1071104K
  class space    used 2733K, capacity 2927K, committed 2940K, reserved 1048576K
}
2018-11-12T14:34:33.169+0100: 8.383: Total time for which application threads were stopped: 0.0213905 seconds, Stopping threads took: 0.0004974 seconds
2018-11-12T14:34:33.169+0100: 8.384: Total time for which application threads were stopped: 0.0001160 seconds, Stopping threads took: 0.0000318 seconds
2018-11-12T14:34:33.171+0100: 8.386: Total time for which application threads were stopped: 0.0005765 seconds, Stopping threads took: 0.0004776 seconds
2018-11-12T14:34:33.171+0100: 8.386: Total time for which application threads were stopped: 0.0000900 seconds, Stopping threads took: 0.0000311 seconds
2018-11-12T14:34:33.172+0100: 8.386: Total time for which application threads were stopped: 0.0001673 seconds, Stopping threads took: 0.0000989 seconds
2018-11-12T14:34:33.172+0100: 8.386: Total time for which application threads were stopped: 0.0000862 seconds, Stopping threads took: 0.0000250 seconds
2018-11-12T14:34:33.172+0100: 8.386: Total time for which application threads were stopped: 0.0000797 seconds, Stopping threads took: 0.0000257 seconds
2018-11-12T14:34:33.172+0100: 8.387: Total time for which application threads were stopped: 0.0001372 seconds, Stopping threads took: 0.0000643 seconds
2018-11-12T14:34:33.173+0100: 8.387: Total time for which application threads were stopped: 0.0004188 seconds, Stopping threads took: 0.0003431 seconds
2018-11-12T14:34:33.173+0100: 8.388: Total time for which application threads were stopped: 0.0003958 seconds, Stopping threads took: 0.0003213 seconds
2018-11-12T14:34:33.179+0100: 8.393: Total time for which application threads were stopped: 0.0001403 seconds, Stopping threads took: 0.0000335 seconds
2018-11-12T14:34:33.179+0100: 8.394: Total time for which application threads were stopped: 0.0000982 seconds, Stopping threads took: 0.0000188 seconds
2018-11-12T14:34:33.179+0100: 8.394: Total time for which application threads were stopped: 0.0000985 seconds, Stopping threads took: 0.0000236 seconds
2018-11-12T14:34:33.209+0100: 8.423: Total time for which application threads were stopped: 0.0021150 seconds, Stopping threads took: 0.0017859 seconds
2018-11-12T14:34:33.253+0100: 8.467: Total time for which application threads were stopped: 0.0007503 seconds, Stopping threads took: 0.0006771 seconds
2018-11-12T14:34:33.444+0100: 8.658: Total time for which application threads were stopped: 0.0020760 seconds, Stopping threads took: 0.0019675 seconds
2018-11-12T14:34:33.765+0100: 8.979: Total time for which application threads were stopped: 0.0001358 seconds, Stopping threads took: 0.0000503 seconds
{Heap before GC invocations=5 (full 1):
 par new generation   total 109248K, used 109248K [0x00000000e0000000, 0x00000000e8000000, 0x00000000e8000000)
  eden space 87424K, 100% used [0x00000000e0000000, 0x00000000e5560000, 0x00000000e5560000)
  from space 21824K, 100% used [0x00000000e6ab0000, 0x00000000e8000000, 0x00000000e8000000)
  to   space 21824K,   0% used [0x00000000e5560000, 0x00000000e5560000, 0x00000000e6ab0000)
 concurrent mark-sweep generation total 393216K, used 279K [0x00000000e8000000, 0x0000000100000000, 0x0000000100000000)
 Metaspace       used 23987K, capacity 24498K, committed 24828K, reserved 1071104K
  class space    used 2864K, capacity 3055K, committed 3068K, reserved 1048576K
2018-11-12T14:34:33.765+0100: 8.979: [GC (GCLocker Initiated GC) 2018-11-12T14:34:33.765+0100: 8.979: [ParNew
Desired survivor size 20112992 bytes, new threshold 5 (max 8)
- age   1:   17246760 bytes,   17246760 total
- age   2:    1467968 bytes,   18714728 total
- age   3:       2464 bytes,   18717192 total
- age   4:     161176 bytes,   18878368 total
- age   5:    3357640 bytes,   22236008 total
: 109248K->21824K(109248K), 0.1845051 secs] 109527K->51531K(502464K), 0.1846296 secs] [Times: user=0.44 sys=0.03, real=0.18 secs] 
Heap after GC invocations=6 (full 1):
 par new generation   total 109248K, used 21824K [0x00000000e0000000, 0x00000000e8000000, 0x00000000e8000000)
  eden space 87424K,   0% used [0x00000000e0000000, 0x00000000e0000000, 0x00000000e5560000)
  from space 21824K, 100% used [0x00000000e5560000, 0x00000000e6ab0000, 0x00000000e6ab0000)
  to   space 21824K,   0% used [0x00000000e6ab0000, 0x00000000e6ab0000, 0x00000000e8000000)
 concurrent mark-sweep generation total 393216K, used 29707K [0x00000000e8000000, 0x0000000100000000, 0x0000000100000000)
 Metaspace       used 23987K, capacity 24498K, committed 24828K, reserved 1071104K
  class space    used 2864K, capacity 3055K, committed 3068K, reserved 1048576K
}
2018-11-12T14:34:33.950+0100: 9.164: Total time for which application threads were stopped: 0.1848379 seconds, Stopping threads took: 0.0000198 seconds
2018-11-12T14:34:33.950+0100: 9.164: Total time for which application threads were stopped: 0.0001293 seconds, Stopping threads took: 0.0000438 seconds
2018-11-12T14:34:33.950+0100: 9.164: Total time for which application threads were stopped: 0.0001020 seconds, Stopping threads took: 0.0000229 seconds
2018-11-12T14:34:33.950+0100: 9.164: Total time for which application threads were stopped: 0.0000749 seconds, Stopping threads took: 0.0000226 seconds
2018-11-12T14:34:33.951+0100: 9.164: Total time for which application threads were stopped: 0.0000866 seconds, Stopping threads took: 0.0000127 seconds
2018-11-12T14:34:33.951+0100: 9.165: Total time for which application threads were stopped: 0.0000760 seconds, Stopping threads took: 0.0000161 seconds
2018-11-12T14:34:33.951+0100: 9.165: Total time for which application threads were stopped: 0.0000794 seconds, Stopping threads took: 0.0000147 seconds
2018-11-12T14:34:33.951+0100: 9.165: Total time for which application threads were stopped: 0.0000554 seconds, Stopping threads took: 0.0000127 seconds
2018-11-12T14:34:33.951+0100: 9.165: Total time for which application threads were stopped: 0.0000705 seconds, Stopping threads took: 0.0000202 seconds
2018-11-12T14:34:33.951+0100: 9.165: Total time for which application threads were stopped: 0.0001098 seconds, Stopping threads took: 0.0000578 seconds
2018-11-12T14:34:34.088+0100: 9.302: Total time for which application threads were stopped: 0.0001061 seconds, Stopping threads took: 0.0000352 seconds
2018-11-12T14:34:34.102+0100: 9.316: Total time for which application threads were stopped: 0.0001156 seconds, Stopping threads took: 0.0000301 seconds
2018-11-12T14:34:34.104+0100: 9.318: Total time for which application threads were stopped: 0.0002682 seconds, Stopping threads took: 0.0000185 seconds
2018-11-12T14:34:34.118+0100: 9.332: Total time for which application threads were stopped: 0.0003195 seconds, Stopping threads took: 0.0000380 seconds
2018-11-12T14:34:34.286+0100: 9.500: Total time for which application threads were stopped: 0.0003466 seconds, Stopping threads took: 0.0000287 seconds
2018-11-12T14:34:34.295+0100: 9.510: Total time for which application threads were stopped: 0.0003298 seconds, Stopping threads took: 0.0000298 seconds
2018-11-12T14:34:34.418+0100: 9.633: Total time for which application threads were stopped: 0.0003469 seconds, Stopping threads took: 0.0000311 seconds
{Heap before GC invocations=6 (full 1):
 par new generation   total 109248K, used 109248K [0x00000000e0000000, 0x00000000e8000000, 0x00000000e8000000)
  eden space 87424K, 100% used [0x00000000e0000000, 0x00000000e5560000, 0x00000000e5560000)
  from space 21824K, 100% used [0x00000000e5560000, 0x00000000e6ab0000, 0x00000000e6ab0000)
  to   space 21824K,   0% used [0x00000000e6ab0000, 0x00000000e6ab0000, 0x00000000e8000000)
 concurrent mark-sweep generation total 393216K, used 29707K [0x00000000e8000000, 0x0000000100000000, 0x0000000100000000)
 Metaspace       used 24659K, capacity 25106K, committed 25468K, reserved 1071104K
  class space    used 2943K, capacity 3087K, committed 3196K, reserved 1048576K
2018-11-12T14:34:35.260+0100: 10.474: [GC (Allocation Failure) 2018-11-12T14:34:35.260+0100: 10.474: [ParNew
Desired survivor size 20112992 bytes, new threshold 2 (max 8)
- age   1:   10354120 bytes,   10354120 total
- age   2:   10166120 bytes,   20520240 total
- age   3:    1454688 bytes,   21974928 total
- age   4:       2464 bytes,   21977392 total
- age   5:     148880 bytes,   22126272 total
: 109248K->21824K(109248K), 0.0859074 secs] 138955K->91404K(502464K), 0.0860168 secs] [Times: user=0.28 sys=0.02, real=0.09 secs] 
Heap after GC invocations=7 (full 1):
 par new generation   total 109248K, used 21824K [0x00000000e0000000, 0x00000000e8000000, 0x00000000e8000000)
  eden space 87424K,   0% used [0x00000000e0000000, 0x00000000e0000000, 0x00000000e5560000)
  from space 21824K, 100% used [0x00000000e6ab0000, 0x00000000e8000000, 0x00000000e8000000)
  to   space 21824K,   0% used [0x00000000e5560000, 0x00000000e5560000, 0x00000000e6ab0000)
 concurrent mark-sweep generation total 393216K, used 69580K [0x00000000e8000000, 0x0000000100000000, 0x0000000100000000)
 Metaspace       used 24659K, capacity 25106K, committed 25468K, reserved 1071104K
  class space    used 2943K, capacity 3087K, committed 3196K, reserved 1048576K
}
2018-11-12T14:34:35.346+0100: 10.560: Total time for which application threads were stopped: 0.0862799 seconds, Stopping threads took: 0.0000421 seconds
2018-11-12T14:34:35.346+0100: 10.560: Total time for which application threads were stopped: 0.0001327 seconds, Stopping threads took: 0.0000407 seconds
2018-11-12T14:34:35.346+0100: 10.560: Total time for which application threads were stopped: 0.0001735 seconds, Stopping threads took: 0.0000202 seconds
2018-11-12T14:34:35.346+0100: 10.560: Total time for which application threads were stopped: 0.0000472 seconds, Stopping threads took: 0.0000164 seconds
2018-11-12T14:34:35.347+0100: 10.561: Total time for which application threads were stopped: 0.0000742 seconds, Stopping threads took: 0.0000198 seconds
2018-11-12T14:34:35.347+0100: 10.561: Total time for which application threads were stopped: 0.0000643 seconds, Stopping threads took: 0.0000157 seconds
2018-11-12T14:34:35.347+0100: 10.561: Total time for which application threads were stopped: 0.0000753 seconds, Stopping threads took: 0.0000181 seconds
2018-11-12T14:34:35.347+0100: 10.561: Total time for which application threads were stopped: 0.0000647 seconds, Stopping threads took: 0.0000147 seconds
2018-11-12T14:34:35.347+0100: 10.561: Total time for which application threads were stopped: 0.0000732 seconds, Stopping threads took: 0.0000171 seconds
2018-11-12T14:34:35.347+0100: 10.561: Total time for which application threads were stopped: 0.0000746 seconds, Stopping threads took: 0.0000178 seconds
2018-11-12T14:34:35.347+0100: 10.561: Total time for which application threads were stopped: 0.0000732 seconds, Stopping threads took: 0.0000164 seconds
2018-11-12T14:34:35.347+0100: 10.562: Total time for which application threads were stopped: 0.0000691 seconds, Stopping threads took: 0.0000147 seconds
2018-11-12T14:34:35.348+0100: 10.562: Total time for which application threads were stopped: 0.0000732 seconds, Stopping threads took: 0.0000164 seconds
2018-11-12T14:34:35.348+0100: 10.562: Total time for which application threads were stopped: 0.0001440 seconds, Stopping threads took: 0.0000859 seconds
2018-11-12T14:34:35.348+0100: 10.562: Total time for which application threads were stopped: 0.0000671 seconds, Stopping threads took: 0.0000133 seconds
2018-11-12T14:34:35.349+0100: 10.563: Total time for which application threads were stopped: 0.0006949 seconds, Stopping threads took: 0.0005471 seconds
2018-11-12T14:34:36.349+0100: 11.563: Total time for which application threads were stopped: 0.0001416 seconds, Stopping threads took: 0.0000387 seconds
{Heap before GC invocations=7 (full 1):
 par new generation   total 109248K, used 109248K [0x00000000e0000000, 0x00000000e8000000, 0x00000000e8000000)
  eden space 87424K, 100% used [0x00000000e0000000, 0x00000000e5560000, 0x00000000e5560000)
  from space 21824K, 100% used [0x00000000e6ab0000, 0x00000000e8000000, 0x00000000e8000000)
  to   space 21824K,   0% used [0x00000000e5560000, 0x00000000e5560000, 0x00000000e6ab0000)
 concurrent mark-sweep generation total 393216K, used 69580K [0x00000000e8000000, 0x0000000100000000, 0x0000000100000000)
 Metaspace       used 24661K, capacity 25106K, committed 25468K, reserved 1071104K
  class space    used 2943K, capacity 3087K, committed 3196K, reserved 1048576K
2018-11-12T14:34:36.715+0100: 11.929: [GC (Allocation Failure) 2018-11-12T14:34:36.715+0100: 11.929: [ParNew
Desired survivor size 20112992 bytes, new threshold 8 (max 8)
- age   1:   13945368 bytes,   13945368 total
- age   2:    5339256 bytes,   19284624 total
: 109248K->21824K(109248K), 0.0819538 secs] 178828K->117723K(502464K), 0.0820568 secs] [Times: user=0.19 sys=0.02, real=0.08 secs] 
Heap after GC invocations=8 (full 1):
 par new generation   total 109248K, used 21824K [0x00000000e0000000, 0x00000000e8000000, 0x00000000e8000000)
  eden space 87424K,   0% used [0x00000000e0000000, 0x00000000e0000000, 0x00000000e5560000)
  from space 21824K, 100% used [0x00000000e5560000, 0x00000000e6ab0000, 0x00000000e6ab0000)
  to   space 21824K,   0% used [0x00000000e6ab0000, 0x00000000e6ab0000, 0x00000000e8000000)
 concurrent mark-sweep generation total 393216K, used 95899K [0x00000000e8000000, 0x0000000100000000, 0x0000000100000000)
 Metaspace       used 24661K, capacity 25106K, committed 25468K, reserved 1071104K
  class space    used 2943K, capacity 3087K, committed 3196K, reserved 1048576K
}
2018-11-12T14:34:36.797+0100: 12.011: Total time for which application threads were stopped: 0.0822983 seconds, Stopping threads took: 0.0000448 seconds
2018-11-12T14:34:36.799+0100: 12.013: Total time for which application threads were stopped: 0.0001208 seconds, Stopping threads took: 0.0000455 seconds
2018-11-12T14:34:36.799+0100: 12.013: Total time for which application threads were stopped: 0.0000760 seconds, Stopping threads took: 0.0000233 seconds
2018-11-12T14:34:36.799+0100: 12.013: Total time for which application threads were stopped: 0.0000650 seconds, Stopping threads took: 0.0000185 seconds
2018-11-12T14:34:36.799+0100: 12.013: Total time for which application threads were stopped: 0.0000578 seconds, Stopping threads took: 0.0000168 seconds
2018-11-12T14:34:37.424+0100: 12.638: Total time for which application threads were stopped: 0.0001204 seconds, Stopping threads took: 0.0000404 seconds
2018-11-12T14:34:37.429+0100: 12.643: Total time for which application threads were stopped: 0.0000879 seconds, Stopping threads took: 0.0000373 seconds
2018-11-12T14:34:37.429+0100: 12.643: Total time for which application threads were stopped: 0.0000424 seconds, Stopping threads took: 0.0000151 seconds
2018-11-12T14:34:37.429+0100: 12.643: Total time for which application threads were stopped: 0.0000438 seconds, Stopping threads took: 0.0000168 seconds
2018-11-12T14:34:37.431+0100: 12.645: Total time for which application threads were stopped: 0.0000893 seconds, Stopping threads took: 0.0000342 seconds
2018-11-12T14:34:37.660+0100: 12.874: Total time for which application threads were stopped: 0.0297965 seconds, Stopping threads took: 0.0297267 seconds
2018-11-12T14:34:37.661+0100: 12.875: Total time for which application threads were stopped: 0.0001399 seconds, Stopping threads took: 0.0000301 seconds
2018-11-12T14:34:38.662+0100: 13.877: Total time for which application threads were stopped: 0.0000975 seconds, Stopping threads took: 0.0000315 seconds
2018-11-12T14:34:40.663+0100: 15.876: Total time for which application threads were stopped: 0.0000907 seconds, Stopping threads took: 0.0000342 seconds
2018-11-12T14:34:42.676+0100: 17.890: Total time for which application threads were stopped: 0.0968354 seconds, Stopping threads took: 0.0964365 seconds
2018-11-12T14:34:42.676+0100: 17.890: Total time for which application threads were stopped: 0.0000855 seconds, Stopping threads took: 0.0000209 seconds
2018-11-12T14:34:42.928+0100: 18.142: Total time for which application threads were stopped: 0.0003425 seconds, Stopping threads took: 0.0000301 seconds
2018-11-12T14:34:43.929+0100: 19.143: Total time for which application threads were stopped: 0.0001057 seconds, Stopping threads took: 0.0000311 seconds
2018-11-12T14:34:47.930+0100: 23.144: Total time for which application threads were stopped: 0.0001269 seconds, Stopping threads took: 0.0000253 seconds
2018-11-12T14:34:47.930+0100: 23.145: Total time for which application threads were stopped: 0.0000835 seconds, Stopping threads took: 0.0000270 seconds
2018-11-12T14:34:47.942+0100: 23.156: Total time for which application threads were stopped: 0.0000859 seconds, Stopping threads took: 0.0000311 seconds
2018-11-12T14:34:48.057+0100: 23.272: Total time for which application threads were stopped: 0.0000872 seconds, Stopping threads took: 0.0000301 seconds
2018-11-12T14:38:12.134+0100: 227.348: Total time for which application threads were stopped: 0.0001666 seconds, Stopping threads took: 0.0000376 seconds
2018-11-12T14:38:12.140+0100: 227.354: Total time for which application threads were stopped: 0.0000568 seconds, Stopping threads took: 0.0000205 seconds
2018-11-12T14:38:12.142+0100: 227.356: Total time for which application threads were stopped: 0.0002696 seconds, Stopping threads took: 0.0000151 seconds
2018-11-12T14:38:12.145+0100: 227.359: Total time for which application threads were stopped: 0.0000551 seconds, Stopping threads took: 0.0000168 seconds
2018-11-12T14:38:12.148+0100: 227.363: Total time for which application threads were stopped: 0.0000866 seconds, Stopping threads took: 0.0000315 seconds
2018-11-12T14:38:12.149+0100: 227.363: Total time for which application threads were stopped: 0.0000571 seconds, Stopping threads took: 0.0000198 seconds
2018-11-12T14:38:12.155+0100: 227.369: Total time for which application threads were stopped: 0.0000551 seconds, Stopping threads took: 0.0000195 seconds
2018-11-12T14:38:12.155+0100: 227.369: Total time for which application threads were stopped: 0.0000411 seconds, Stopping threads took: 0.0000151 seconds
2018-11-12T14:38:12.193+0100: 227.408: Total time for which application threads were stopped: 0.0000729 seconds, Stopping threads took: 0.0000267 seconds
2018-11-12T14:38:12.195+0100: 227.410: Total time for which application threads were stopped: 0.0000568 seconds, Stopping threads took: 0.0000168 seconds
2018-11-12T14:38:12.195+0100: 227.410: Total time for which application threads were stopped: 0.0000455 seconds, Stopping threads took: 0.0000157 seconds
2018-11-12T14:38:12.196+0100: 227.410: Total time for which application threads were stopped: 0.0000325 seconds, Stopping threads took: 0.0000106 seconds
2018-11-12T14:38:12.196+0100: 227.410: Total time for which application threads were stopped: 0.0000332 seconds, Stopping threads took: 0.0000106 seconds
2018-11-12T14:38:12.196+0100: 227.410: Total time for which application threads were stopped: 0.0000298 seconds, Stopping threads took: 0.0000096 seconds
2018-11-12T14:38:12.196+0100: 227.410: Total time for which application threads were stopped: 0.0000274 seconds, Stopping threads took: 0.0000089 seconds
2018-11-12T14:38:12.196+0100: 227.411: Total time for which application threads were stopped: 0.0000311 seconds, Stopping threads took: 0.0000103 seconds
2018-11-12T14:38:12.196+0100: 227.411: Total time for which application threads were stopped: 0.0000294 seconds, Stopping threads took: 0.0000082 seconds
2018-11-12T14:38:12.197+0100: 227.412: Total time for which application threads were stopped: 0.0000308 seconds, Stopping threads took: 0.0000096 seconds
{Heap before GC invocations=8 (full 1):
 par new generation   total 109248K, used 109248K [0x00000000e0000000, 0x00000000e8000000, 0x00000000e8000000)
  eden space 87424K, 100% used [0x00000000e0000000, 0x00000000e5560000, 0x00000000e5560000)
  from space 21824K, 100% used [0x00000000e5560000, 0x00000000e6ab0000, 0x00000000e6ab0000)
  to   space 21824K,   0% used [0x00000000e6ab0000, 0x00000000e6ab0000, 0x00000000e8000000)
 concurrent mark-sweep generation total 393216K, used 95899K [0x00000000e8000000, 0x0000000100000000, 0x0000000100000000)
 Metaspace       used 28814K, capacity 29298K, committed 29564K, reserved 1075200K
  class space    used 3458K, capacity 3631K, committed 3708K, reserved 1048576K
2018-11-12T14:38:12.243+0100: 227.457: [GC (Allocation Failure) 2018-11-12T14:38:12.243+0100: 227.457: [ParNew
Desired survivor size 20112992 bytes, new threshold 3 (max 8)
- age   1:   12073816 bytes,   12073816 total
- age   2:    6413064 bytes,   18486880 total
- age   3:    3860712 bytes,   22347592 total
: 109248K->21824K(109248K), 0.0409473 secs] 205147K->136662K(502464K), 0.0410362 secs] [Times: user=0.13 sys=0.00, real=0.04 secs] 
Heap after GC invocations=9 (full 1):
 par new generation   total 109248K, used 21824K [0x00000000e0000000, 0x00000000e8000000, 0x00000000e8000000)
  eden space 87424K,   0% used [0x00000000e0000000, 0x00000000e0000000, 0x00000000e5560000)
  from space 21824K, 100% used [0x00000000e6ab0000, 0x00000000e8000000, 0x00000000e8000000)
  to   space 21824K,   0% used [0x00000000e5560000, 0x00000000e5560000, 0x00000000e6ab0000)
 concurrent mark-sweep generation total 393216K, used 114838K [0x00000000e8000000, 0x0000000100000000, 0x0000000100000000)
 Metaspace       used 28814K, capacity 29298K, committed 29564K, reserved 1075200K
  class space    used 3458K, capacity 3631K, committed 3708K, reserved 1048576K
}
2018-11-12T14:38:12.284+0100: 227.499: Total time for which application threads were stopped: 0.0412518 seconds, Stopping threads took: 0.0000369 seconds
2018-11-12T14:38:12.284+0100: 227.499: Total time for which application threads were stopped: 0.0000705 seconds, Stopping threads took: 0.0000328 seconds
2018-11-12T14:38:12.285+0100: 227.500: Total time for which application threads were stopped: 0.0000742 seconds, Stopping threads took: 0.0000404 seconds
2018-11-12T14:38:12.286+0100: 227.500: Total time for which application threads were stopped: 0.0000541 seconds, Stopping threads took: 0.0000174 seconds
2018-11-12T14:38:12.286+0100: 227.500: Total time for which application threads were stopped: 0.0000373 seconds, Stopping threads took: 0.0000154 seconds
2018-11-12T14:38:12.286+0100: 227.500: Total time for which application threads were stopped: 0.0000397 seconds, Stopping threads took: 0.0000140 seconds
2018-11-12T14:38:12.286+0100: 227.501: Total time for which application threads were stopped: 0.0000530 seconds, Stopping threads took: 0.0000233 seconds
2018-11-12T14:38:12.286+0100: 227.501: Total time for which application threads were stopped: 0.0001947 seconds, Stopping threads took: 0.0001724 seconds
2018-11-12T14:38:12.286+0100: 227.501: Total time for which application threads were stopped: 0.0000530 seconds, Stopping threads took: 0.0000246 seconds
2018-11-12T14:38:12.287+0100: 227.501: Total time for which application threads were stopped: 0.0000517 seconds, Stopping threads took: 0.0000246 seconds
2018-11-12T14:38:12.287+0100: 227.501: Total time for which application threads were stopped: 0.0000441 seconds, Stopping threads took: 0.0000243 seconds
2018-11-12T14:38:12.308+0100: 227.523: Total time for which application threads were stopped: 0.0001023 seconds, Stopping threads took: 0.0000428 seconds
2018-11-12T14:38:12.309+0100: 227.523: Total time for which application threads were stopped: 0.0000558 seconds, Stopping threads took: 0.0000205 seconds
2018-11-12T14:38:12.309+0100: 227.524: Total time for which application threads were stopped: 0.0000393 seconds, Stopping threads took: 0.0000140 seconds
2018-11-12T14:38:12.309+0100: 227.524: Total time for which application threads were stopped: 0.0000612 seconds, Stopping threads took: 0.0000270 seconds
2018-11-12T14:38:12.328+0100: 227.542: Total time for which application threads were stopped: 0.0001259 seconds, Stopping threads took: 0.0000472 seconds
2018-11-12T14:38:12.338+0100: 227.553: Total time for which application threads were stopped: 0.0000756 seconds, Stopping threads took: 0.0000263 seconds
2018-11-12T14:38:12.338+0100: 227.553: Total time for which application threads were stopped: 0.0000373 seconds, Stopping threads took: 0.0000144 seconds
2018-11-12T14:38:12.339+0100: 227.553: Total time for which application threads were stopped: 0.0000308 seconds, Stopping threads took: 0.0000113 seconds
2018-11-12T14:38:12.339+0100: 227.553: Total time for which application threads were stopped: 0.0000284 seconds, Stopping threads took: 0.0000096 seconds
2018-11-12T14:38:12.339+0100: 227.553: Total time for which application threads were stopped: 0.0000294 seconds, Stopping threads took: 0.0000103 seconds
2018-11-12T14:38:12.343+0100: 227.557: Total time for which application threads were stopped: 0.0000633 seconds, Stopping threads took: 0.0000260 seconds
2018-11-12T14:38:12.363+0100: 227.578: Total time for which application threads were stopped: 0.0001126 seconds, Stopping threads took: 0.0000424 seconds
2018-11-12T14:38:12.369+0100: 227.584: Total time for which application threads were stopped: 0.0000592 seconds, Stopping threads took: 0.0000226 seconds
2018-11-12T14:38:12.401+0100: 227.615: Total time for which application threads were stopped: 0.0000739 seconds, Stopping threads took: 0.0000260 seconds
2018-11-12T14:38:12.422+0100: 227.637: Total time for which application threads were stopped: 0.0000732 seconds, Stopping threads took: 0.0000202 seconds
2018-11-12T14:38:12.438+0100: 227.652: Total time for which application threads were stopped: 0.0000691 seconds, Stopping threads took: 0.0000222 seconds
2018-11-12T14:38:12.458+0100: 227.672: Total time for which application threads were stopped: 0.0001067 seconds, Stopping threads took: 0.0000431 seconds
2018-11-12T14:38:12.477+0100: 227.691: Total time for which application threads were stopped: 0.0001146 seconds, Stopping threads took: 0.0000462 seconds
2018-11-12T14:38:12.489+0100: 227.704: Total time for which application threads were stopped: 0.0000807 seconds, Stopping threads took: 0.0000369 seconds
2018-11-12T14:38:12.527+0100: 227.741: Total time for which application threads were stopped: 0.0001030 seconds, Stopping threads took: 0.0000397 seconds
2018-11-12T14:38:12.548+0100: 227.762: Total time for which application threads were stopped: 0.0000996 seconds, Stopping threads took: 0.0000434 seconds
2018-11-12T14:38:12.585+0100: 227.799: Total time for which application threads were stopped: 0.0001156 seconds, Stopping threads took: 0.0000407 seconds
2018-11-12T14:38:12.606+0100: 227.821: Total time for which application threads were stopped: 0.0001020 seconds, Stopping threads took: 0.0000417 seconds
2018-11-12T14:38:12.636+0100: 227.850: Total time for which application threads were stopped: 0.0001122 seconds, Stopping threads took: 0.0000414 seconds
2018-11-12T14:38:12.652+0100: 227.867: Total time for which application threads were stopped: 0.0000917 seconds, Stopping threads took: 0.0000462 seconds
2018-11-12T14:38:12.693+0100: 227.908: Total time for which application threads were stopped: 0.0000982 seconds, Stopping threads took: 0.0000424 seconds
2018-11-12T14:38:12.718+0100: 227.932: Total time for which application threads were stopped: 0.0000866 seconds, Stopping threads took: 0.0000390 seconds
2018-11-12T14:38:12.750+0100: 227.964: Total time for which application threads were stopped: 0.0001020 seconds, Stopping threads took: 0.0000434 seconds
2018-11-12T14:38:12.784+0100: 227.998: Total time for which application threads were stopped: 0.0002036 seconds, Stopping threads took: 0.0000441 seconds
{Heap before GC invocations=9 (full 1):
 par new generation   total 109248K, used 109248K [0x00000000e0000000, 0x00000000e8000000, 0x00000000e8000000)
  eden space 87424K, 100% used [0x00000000e0000000, 0x00000000e5560000, 0x00000000e5560000)
  from space 21824K, 100% used [0x00000000e6ab0000, 0x00000000e8000000, 0x00000000e8000000)
  to   space 21824K,   0% used [0x00000000e5560000, 0x00000000e5560000, 0x00000000e6ab0000)
 concurrent mark-sweep generation total 393216K, used 114838K [0x00000000e8000000, 0x0000000100000000, 0x0000000100000000)
 Metaspace       used 29129K, capacity 29624K, committed 29820K, reserved 1075200K
  class space    used 3463K, capacity 3632K, committed 3708K, reserved 1048576K
2018-11-12T14:38:12.980+0100: 228.194: [GC (Allocation Failure) 2018-11-12T14:38:12.980+0100: 228.194: [ParNew
Desired survivor size 20112992 bytes, new threshold 8 (max 8)
- age   1:    1256720 bytes,    1256720 total
- age   2:   11705512 bytes,   12962232 total
- age   3:    6413024 bytes,   19375256 total
: 109248K->21824K(109248K), 0.0184377 secs] 224086K->140642K(502464K), 0.0185612 secs] [Times: user=0.06 sys=0.00, real=0.02 secs] 
Heap after GC invocations=10 (full 1):
 par new generation   total 109248K, used 21824K [0x00000000e0000000, 0x00000000e8000000, 0x00000000e8000000)
  eden space 87424K,   0% used [0x00000000e0000000, 0x00000000e0000000, 0x00000000e5560000)
  from space 21824K, 100% used [0x00000000e5560000, 0x00000000e6ab0000, 0x00000000e6ab0000)
  to   space 21824K,   0% used [0x00000000e6ab0000, 0x00000000e6ab0000, 0x00000000e8000000)
 concurrent mark-sweep generation total 393216K, used 118818K [0x00000000e8000000, 0x0000000100000000, 0x0000000100000000)
 Metaspace       used 29129K, capacity 29624K, committed 29820K, reserved 1075200K
  class space    used 3463K, capacity 3632K, committed 3708K, reserved 1048576K
}
2018-11-12T14:38:12.999+0100: 228.213: Total time for which application threads were stopped: 0.0188599 seconds, Stopping threads took: 0.0000520 seconds
{Heap before GC invocations=10 (full 1):
 par new generation   total 109248K, used 109248K [0x00000000e0000000, 0x00000000e8000000, 0x00000000e8000000)
  eden space 87424K, 100% used [0x00000000e0000000, 0x00000000e5560000, 0x00000000e5560000)
  from space 21824K, 100% used [0x00000000e5560000, 0x00000000e6ab0000, 0x00000000e6ab0000)
  to   space 21824K,   0% used [0x00000000e6ab0000, 0x00000000e6ab0000, 0x00000000e8000000)
 concurrent mark-sweep generation total 393216K, used 118818K [0x00000000e8000000, 0x0000000100000000, 0x0000000100000000)
 Metaspace       used 29188K, capacity 29688K, committed 30076K, reserved 1075200K
  class space    used 3463K, capacity 3632K, committed 3708K, reserved 1048576K
2018-11-12T14:38:13.497+0100: 228.711: [GC (Allocation Failure) 2018-11-12T14:38:13.497+0100: 228.711: [ParNew
Desired survivor size 20112992 bytes, new threshold 8 (max 8)
- age   1:    1469264 bytes,    1469264 total
- age   2:     636344 bytes,    2105608 total
- age   3:   10601048 bytes,   12706656 total
- age   4:    6387824 bytes,   19094480 total
: 109248K->21824K(109248K), 0.0137879 secs] 228066K->141728K(502464K), 0.0138892 secs] [Times: user=0.06 sys=0.00, real=0.01 secs] 
Heap after GC invocations=11 (full 1):
 par new generation   total 109248K, used 21824K [0x00000000e0000000, 0x00000000e8000000, 0x00000000e8000000)
  eden space 87424K,   0% used [0x00000000e0000000, 0x00000000e0000000, 0x00000000e5560000)
  from space 21824K, 100% used [0x00000000e6ab0000, 0x00000000e8000000, 0x00000000e8000000)
  to   space 21824K,   0% used [0x00000000e5560000, 0x00000000e5560000, 0x00000000e6ab0000)
 concurrent mark-sweep generation total 393216K, used 119904K [0x00000000e8000000, 0x0000000100000000, 0x0000000100000000)
 Metaspace       used 29188K, capacity 29688K, committed 30076K, reserved 1075200K
  class space    used 3463K, capacity 3632K, committed 3708K, reserved 1048576K
}
2018-11-12T14:38:13.511+0100: 228.725: Total time for which application threads were stopped: 0.0141307 seconds, Stopping threads took: 0.0000281 seconds
2018-11-12T14:38:13.575+0100: 228.789: Total time for which application threads were stopped: 0.0001372 seconds, Stopping threads took: 0.0000493 seconds
2018-11-12T14:38:13.577+0100: 228.791: Total time for which application threads were stopped: 0.0000804 seconds, Stopping threads took: 0.0000284 seconds
2018-11-12T14:38:13.980+0100: 229.195: Total time for which application threads were stopped: 0.0001587 seconds, Stopping threads took: 0.0000486 seconds
{Heap before GC invocations=11 (full 1):
 par new generation   total 109248K, used 109248K [0x00000000e0000000, 0x00000000e8000000, 0x00000000e8000000)
  eden space 87424K, 100% used [0x00000000e0000000, 0x00000000e5560000, 0x00000000e5560000)
  from space 21824K, 100% used [0x00000000e6ab0000, 0x00000000e8000000, 0x00000000e8000000)
  to   space 21824K,   0% used [0x00000000e5560000, 0x00000000e5560000, 0x00000000e6ab0000)
 concurrent mark-sweep generation total 393216K, used 119904K [0x00000000e8000000, 0x0000000100000000, 0x0000000100000000)
 Metaspace       used 29372K, capacity 29880K, committed 30076K, reserved 1075200K
  class space    used 3463K, capacity 3632K, committed 3708K, reserved 1048576K
2018-11-12T14:38:14.040+0100: 229.255: [GC (Allocation Failure) 2018-11-12T14:38:14.041+0100: 229.255: [ParNew
Desired survivor size 20112992 bytes, new threshold 5 (max 8)
- age   1:    1261232 bytes,    1261232 total
- age   2:     837088 bytes,    2098320 total
- age   3:     627376 bytes,    2725696 total
- age   4:   12550360 bytes,   15276056 total
- age   5:    6322352 bytes,   21598408 total
: 109248K->21824K(109248K), 0.0109147 secs] 229152K->142063K(502464K), 0.0110222 secs] [Times: user=0.06 sys=0.00, real=0.01 secs] 
Heap after GC invocations=12 (full 1):
 par new generation   total 109248K, used 21824K [0x00000000e0000000, 0x00000000e8000000, 0x00000000e8000000)
  eden space 87424K,   0% used [0x00000000e0000000, 0x00000000e0000000, 0x00000000e5560000)
  from space 21824K, 100% used [0x00000000e5560000, 0x00000000e6ab0000, 0x00000000e6ab0000)
  to   space 21824K,   0% used [0x00000000e6ab0000, 0x00000000e6ab0000, 0x00000000e8000000)
 concurrent mark-sweep generation total 393216K, used 120239K [0x00000000e8000000, 0x0000000100000000, 0x0000000100000000)
 Metaspace       used 29372K, capacity 29880K, committed 30076K, reserved 1075200K
  class space    used 3463K, capacity 3632K, committed 3708K, reserved 1048576K
}
2018-11-12T14:38:14.052+0100: 229.266: Total time for which application threads were stopped: 0.0112716 seconds, Stopping threads took: 0.0000424 seconds
{Heap before GC invocations=12 (full 1):
 par new generation   total 109248K, used 109248K [0x00000000e0000000, 0x00000000e8000000, 0x00000000e8000000)
  eden space 87424K, 100% used [0x00000000e0000000, 0x00000000e5560000, 0x00000000e5560000)
  from space 21824K, 100% used [0x00000000e5560000, 0x00000000e6ab0000, 0x00000000e6ab0000)
  to   space 21824K,   0% used [0x00000000e6ab0000, 0x00000000e6ab0000, 0x00000000e8000000)
 concurrent mark-sweep generation total 393216K, used 120239K [0x00000000e8000000, 0x0000000100000000, 0x0000000100000000)
 Metaspace       used 29458K, capacity 29944K, committed 30332K, reserved 1075200K
  class space    used 3463K, capacity 3632K, committed 3708K, reserved 1048576K
2018-11-12T14:38:14.565+0100: 229.779: [GC (Allocation Failure) 2018-11-12T14:38:14.565+0100: 229.779: [ParNew
Desired survivor size 20112992 bytes, new threshold 8 (max 8)
- age   1:    1355192 bytes,    1355192 total
- age   2:     544400 bytes,    1899592 total
- age   3:     836912 bytes,    2736504 total
- age   4:     624048 bytes,    3360552 total
- age   5:   10321472 bytes,   13682024 total
: 109248K->21824K(109248K), 0.0160048 secs] 229487K->148238K(502464K), 0.0161523 secs] [Times: user=0.09 sys=0.00, real=0.02 secs] 
Heap after GC invocations=13 (full 1):
 par new generation   total 109248K, used 21824K [0x00000000e0000000, 0x00000000e8000000, 0x00000000e8000000)
  eden space 87424K,   0% used [0x00000000e0000000, 0x00000000e0000000, 0x00000000e5560000)
  from space 21824K, 100% used [0x00000000e6ab0000, 0x00000000e8000000, 0x00000000e8000000)
  to   space 21824K,   0% used [0x00000000e5560000, 0x00000000e5560000, 0x00000000e6ab0000)
 concurrent mark-sweep generation total 393216K, used 126414K [0x00000000e8000000, 0x0000000100000000, 0x0000000100000000)
 Metaspace       used 29458K, capacity 29944K, committed 30332K, reserved 1075200K
  class space    used 3463K, capacity 3632K, committed 3708K, reserved 1048576K
}
2018-11-12T14:38:14.581+0100: 229.796: Total time for which application threads were stopped: 0.0163576 seconds, Stopping threads took: 0.0000294 seconds
{Heap before GC invocations=13 (full 1):
 par new generation   total 109248K, used 109248K [0x00000000e0000000, 0x00000000e8000000, 0x00000000e8000000)
  eden space 87424K, 100% used [0x00000000e0000000, 0x00000000e5560000, 0x00000000e5560000)
  from space 21824K, 100% used [0x00000000e6ab0000, 0x00000000e8000000, 0x00000000e8000000)
  to   space 21824K,   0% used [0x00000000e5560000, 0x00000000e5560000, 0x00000000e6ab0000)
 concurrent mark-sweep generation total 393216K, used 126414K [0x00000000e8000000, 0x0000000100000000, 0x0000000100000000)
 Metaspace       used 29541K, capacity 30074K, committed 30332K, reserved 1075200K
  class space    used 3464K, capacity 3633K, committed 3708K, reserved 1048576K
2018-11-12T14:38:15.119+0100: 230.333: [GC (Allocation Failure) 2018-11-12T14:38:15.119+0100: 230.333: [ParNew
Desired survivor size 20112992 bytes, new threshold 8 (max 8)
- age   1:    1975056 bytes,    1975056 total
- age   2:     492840 bytes,    2467896 total
- age   3:     541776 bytes,    3009672 total
- age   4:     655272 bytes,    3664944 total
- age   5:     621312 bytes,    4286256 total
- age   6:   10320584 bytes,   14606840 total
: 109248K->16706K(109248K), 0.0073399 secs] 235662K->143120K(502464K), 0.0074460 secs] [Times: user=0.00 sys=0.00, real=0.01 secs] 
Heap after GC invocations=14 (full 1):
 par new generation   total 109248K, used 16706K [0x00000000e0000000, 0x00000000e8000000, 0x00000000e8000000)
  eden space 87424K,   0% used [0x00000000e0000000, 0x00000000e0000000, 0x00000000e5560000)
  from space 21824K,  76% used [0x00000000e5560000, 0x00000000e65b0b70, 0x00000000e6ab0000)
  to   space 21824K,   0% used [0x00000000e6ab0000, 0x00000000e6ab0000, 0x00000000e8000000)
 concurrent mark-sweep generation total 393216K, used 126414K [0x00000000e8000000, 0x0000000100000000, 0x0000000100000000)
 Metaspace       used 29541K, capacity 30074K, committed 30332K, reserved 1075200K
  class space    used 3464K, capacity 3633K, committed 3708K, reserved 1048576K
}
2018-11-12T14:38:15.126+0100: 230.340: Total time for which application threads were stopped: 0.0077156 seconds, Stopping threads took: 0.0000462 seconds
{Heap before GC invocations=14 (full 1):
 par new generation   total 109248K, used 104130K [0x00000000e0000000, 0x00000000e8000000, 0x00000000e8000000)
  eden space 87424K, 100% used [0x00000000e0000000, 0x00000000e5560000, 0x00000000e5560000)
  from space 21824K,  76% used [0x00000000e5560000, 0x00000000e65b0b70, 0x00000000e6ab0000)
  to   space 21824K,   0% used [0x00000000e6ab0000, 0x00000000e6ab0000, 0x00000000e8000000)
 concurrent mark-sweep generation total 393216K, used 126414K [0x00000000e8000000, 0x0000000100000000, 0x0000000100000000)
 Metaspace       used 29545K, capacity 30074K, committed 30332K, reserved 1075200K
  class space    used 3464K, capacity 3633K, committed 3708K, reserved 1048576K
2018-11-12T14:38:15.409+0100: 230.623: [GC (Allocation Failure) 2018-11-12T14:38:15.409+0100: 230.623: [ParNew
Desired survivor size 20112992 bytes, new threshold 8 (max 8)
- age   1:    2054640 bytes,    2054640 total
- age   2:    1000704 bytes,    3055344 total
- age   3:     487784 bytes,    3543128 total
- age   4:     541776 bytes,    4084904 total
- age   5:     557632 bytes,    4642536 total
- age   6:     621136 bytes,    5263672 total
- age   7:   10301992 bytes,   15565664 total
: 104130K->18378K(109248K), 0.0075483 secs] 230544K->144793K(502464K), 0.0076721 secs] [Times: user=0.06 sys=0.00, real=0.01 secs] 
Heap after GC invocations=15 (full 1):
 par new generation   total 109248K, used 18378K [0x00000000e0000000, 0x00000000e8000000, 0x00000000e8000000)
  eden space 87424K,   0% used [0x00000000e0000000, 0x00000000e0000000, 0x00000000e5560000)
  from space 21824K,  84% used [0x00000000e6ab0000, 0x00000000e7ca2bf8, 0x00000000e8000000)
  to   space 21824K,   0% used [0x00000000e5560000, 0x00000000e5560000, 0x00000000e6ab0000)
 concurrent mark-sweep generation total 393216K, used 126414K [0x00000000e8000000, 0x0000000100000000, 0x0000000100000000)
 Metaspace       used 29545K, capacity 30074K, committed 30332K, reserved 1075200K
  class space    used 3464K, capacity 3633K, committed 3708K, reserved 1048576K
}
2018-11-12T14:38:15.417+0100: 230.631: Total time for which application threads were stopped: 0.0079307 seconds, Stopping threads took: 0.0000366 seconds
{Heap before GC invocations=15 (full 1):
 par new generation   total 109248K, used 105802K [0x00000000e0000000, 0x00000000e8000000, 0x00000000e8000000)
  eden space 87424K, 100% used [0x00000000e0000000, 0x00000000e5560000, 0x00000000e5560000)
  from space 21824K,  84% used [0x00000000e6ab0000, 0x00000000e7ca2bf8, 0x00000000e8000000)
  to   space 21824K,   0% used [0x00000000e5560000, 0x00000000e5560000, 0x00000000e6ab0000)
 concurrent mark-sweep generation total 393216K, used 126414K [0x00000000e8000000, 0x0000000100000000, 0x0000000100000000)
 Metaspace       used 29550K, capacity 30074K, committed 30332K, reserved 1075200K
  class space    used 3464K, capacity 3633K, committed 3708K, reserved 1048576K
2018-11-12T14:38:15.645+0100: 230.859: [GC (Allocation Failure) 2018-11-12T14:38:15.645+0100: 230.859: [ParNew
Desired survivor size 20112992 bytes, new threshold 8 (max 8)
- age   1:    2467776 bytes,    2467776 total
- age   2:     514080 bytes,    2981856 total
- age   3:     918880 bytes,    3900736 total
- age   4:     487784 bytes,    4388520 total
- age   5:     536720 bytes,    4925240 total
- age   6:     553520 bytes,    5478760 total
- age   7:     620984 bytes,    6099744 total
- age   8:   10301944 bytes,   16401688 total
: 105802K->21145K(109248K), 0.0076526 secs] 232217K->147559K(502464K), 0.0077494 secs] [Times: user=0.00 sys=0.00, real=0.01 secs] 
Heap after GC invocations=16 (full 1):
 par new generation   total 109248K, used 21145K [0x00000000e0000000, 0x00000000e8000000, 0x00000000e8000000)
  eden space 87424K,   0% used [0x00000000e0000000, 0x00000000e0000000, 0x00000000e5560000)
  from space 21824K,  96% used [0x00000000e5560000, 0x00000000e6a06768, 0x00000000e6ab0000)
  to   space 21824K,   0% used [0x00000000e6ab0000, 0x00000000e6ab0000, 0x00000000e8000000)
 concurrent mark-sweep generation total 393216K, used 126414K [0x00000000e8000000, 0x0000000100000000, 0x0000000100000000)
 Metaspace       used 29550K, capacity 30074K, committed 30332K, reserved 1075200K
  class space    used 3464K, capacity 3633K, committed 3708K, reserved 1048576K
}
2018-11-12T14:38:15.652+0100: 230.867: Total time for which application threads were stopped: 0.0088651 seconds, Stopping threads took: 0.0008984 seconds
{Heap before GC invocations=16 (full 1):
 par new generation   total 109248K, used 108569K [0x00000000e0000000, 0x00000000e8000000, 0x00000000e8000000)
  eden space 87424K, 100% used [0x00000000e0000000, 0x00000000e5560000, 0x00000000e5560000)
  from space 21824K,  96% used [0x00000000e5560000, 0x00000000e6a06768, 0x00000000e6ab0000)
  to   space 21824K,   0% used [0x00000000e6ab0000, 0x00000000e6ab0000, 0x00000000e8000000)
 concurrent mark-sweep generation total 393216K, used 126414K [0x00000000e8000000, 0x0000000100000000, 0x0000000100000000)
 Metaspace       used 29551K, capacity 30074K, committed 30332K, reserved 1075200K
  class space    used 3464K, capacity 3633K, committed 3708K, reserved 1048576K
2018-11-12T14:38:15.859+0100: 231.074: [GC (Allocation Failure) 2018-11-12T14:38:15.859+0100: 231.074: [ParNew
Desired survivor size 20112992 bytes, new threshold 8 (max 8)
- age   1:    2019352 bytes,    2019352 total
- age   2:     949296 bytes,    2968648 total
- age   3:     498992 bytes,    3467640 total
- age   4:     909696 bytes,    4377336 total
- age   5:     485704 bytes,    4863040 total
- age   6:     536720 bytes,    5399760 total
- age   7:     549080 bytes,    5948840 total
- age   8:     618968 bytes,    6567808 total
: 108569K->11284K(109248K), 0.0130622 secs] 234983K->147779K(502464K), 0.0131693 secs] [Times: user=0.03 sys=0.03, real=0.01 secs] 
Heap after GC invocations=17 (full 1):
 par new generation   total 109248K, used 11284K [0x00000000e0000000, 0x00000000e8000000, 0x00000000e8000000)
  eden space 87424K,   0% used [0x00000000e0000000, 0x00000000e0000000, 0x00000000e5560000)
  from space 21824K,  51% used [0x00000000e6ab0000, 0x00000000e75b5090, 0x00000000e8000000)
  to   space 21824K,   0% used [0x00000000e5560000, 0x00000000e5560000, 0x00000000e6ab0000)
 concurrent mark-sweep generation total 393216K, used 136495K [0x00000000e8000000, 0x0000000100000000, 0x0000000100000000)
 Metaspace       used 29551K, capacity 30074K, committed 30332K, reserved 1075200K
  class space    used 3464K, capacity 3633K, committed 3708K, reserved 1048576K
}
2018-11-12T14:38:15.873+0100: 231.087: Total time for which application threads were stopped: 0.0133859 seconds, Stopping threads took: 0.0000352 seconds
{Heap before GC invocations=17 (full 1):
 par new generation   total 109248K, used 98708K [0x00000000e0000000, 0x00000000e8000000, 0x00000000e8000000)
  eden space 87424K, 100% used [0x00000000e0000000, 0x00000000e5560000, 0x00000000e5560000)
  from space 21824K,  51% used [0x00000000e6ab0000, 0x00000000e75b5090, 0x00000000e8000000)
  to   space 21824K,   0% used [0x00000000e5560000, 0x00000000e5560000, 0x00000000e6ab0000)
 concurrent mark-sweep generation total 393216K, used 136495K [0x00000000e8000000, 0x0000000100000000, 0x0000000100000000)
 Metaspace       used 29551K, capacity 30074K, committed 30332K, reserved 1075200K
  class space    used 3464K, capacity 3633K, committed 3708K, reserved 1048576K
2018-11-12T14:38:16.007+0100: 231.221: [GC (Allocation Failure) 2018-11-12T14:38:16.007+0100: 231.221: [ParNew
Desired survivor size 20112992 bytes, new threshold 8 (max 8)
- age   1:    2598232 bytes,    2598232 total
- age   2:    1430232 bytes,    4028464 total
- age   3:     854968 bytes,    4883432 total
- age   4:     470760 bytes,    5354192 total
- age   5:     906408 bytes,    6260600 total
- age   6:     485704 bytes,    6746304 total
- age   7:     536744 bytes,    7283048 total
- age   8:     548168 bytes,    7831216 total
: 98708K->9252K(109248K), 0.0048653 secs] 235203K->146353K(502464K), 0.0049628 secs] [Times: user=0.00 sys=0.00, real=0.01 secs] 
Heap after GC invocations=18 (full 1):
 par new generation   total 109248K, used 9252K [0x00000000e0000000, 0x00000000e8000000, 0x00000000e8000000)
  eden space 87424K,   0% used [0x00000000e0000000, 0x00000000e0000000, 0x00000000e5560000)
  from space 21824K,  42% used [0x00000000e5560000, 0x00000000e5e69208, 0x00000000e6ab0000)
  to   space 21824K,   0% used [0x00000000e6ab0000, 0x00000000e6ab0000, 0x00000000e8000000)
 concurrent mark-sweep generation total 393216K, used 137100K [0x00000000e8000000, 0x0000000100000000, 0x0000000100000000)
 Metaspace       used 29551K, capacity 30074K, committed 30332K, reserved 1075200K
  class space    used 3464K, capacity 3633K, committed 3708K, reserved 1048576K
}
2018-11-12T14:38:16.012+0100: 231.226: Total time for which application threads were stopped: 0.0052181 seconds, Stopping threads took: 0.0000489 seconds
{Heap before GC invocations=18 (full 1):
 par new generation   total 109248K, used 96676K [0x00000000e0000000, 0x00000000e8000000, 0x00000000e8000000)
  eden space 87424K, 100% used [0x00000000e0000000, 0x00000000e5560000, 0x00000000e5560000)
  from space 21824K,  42% used [0x00000000e5560000, 0x00000000e5e69208, 0x00000000e6ab0000)
  to   space 21824K,   0% used [0x00000000e6ab0000, 0x00000000e6ab0000, 0x00000000e8000000)
 concurrent mark-sweep generation total 393216K, used 137100K [0x00000000e8000000, 0x0000000100000000, 0x0000000100000000)
 Metaspace       used 29551K, capacity 30074K, committed 30332K, reserved 1075200K
  class space    used 3464K, capacity 3633K, committed 3708K, reserved 1048576K
2018-11-12T14:38:16.138+0100: 231.353: [GC (Allocation Failure) 2018-11-12T14:38:16.138+0100: 231.353: [ParNew
Desired survivor size 20112992 bytes, new threshold 8 (max 8)
- age   1:    2892320 bytes,    2892320 total
- age   2:     532912 bytes,    3425232 total
- age   3:     544184 bytes,    3969416 total
- age   4:     654952 bytes,    4624368 total
- age   5:     462184 bytes,    5086552 total
- age   6:     906408 bytes,    5992960 total
- age   7:     485704 bytes,    6478664 total
- age   8:     536720 bytes,    7015384 total
: 96676K->10982K(109248K), 0.0045489 secs] 233777K->148617K(502464K), 0.0046378 secs] [Times: user=0.00 sys=0.00, real=0.00 secs] 
Heap after GC invocations=19 (full 1):
 par new generation   total 109248K, used 10982K [0x00000000e0000000, 0x00000000e8000000, 0x00000000e8000000)
  eden space 87424K,   0% used [0x00000000e0000000, 0x00000000e0000000, 0x00000000e5560000)
  from space 21824K,  50% used [0x00000000e6ab0000, 0x00000000e7569998, 0x00000000e8000000)
  to   space 21824K,   0% used [0x00000000e5560000, 0x00000000e5560000, 0x00000000e6ab0000)
 concurrent mark-sweep generation total 393216K, used 137634K [0x00000000e8000000, 0x0000000100000000, 0x0000000100000000)
 Metaspace       used 29551K, capacity 30074K, committed 30332K, reserved 1075200K
  class space    used 3464K, capacity 3633K, committed 3708K, reserved 1048576K
}
2018-11-12T14:38:16.143+0100: 231.357: Total time for which application threads were stopped: 0.0048212 seconds, Stopping threads took: 0.0000325 seconds
{Heap before GC invocations=19 (full 1):
 par new generation   total 109248K, used 98406K [0x00000000e0000000, 0x00000000e8000000, 0x00000000e8000000)
  eden space 87424K, 100% used [0x00000000e0000000, 0x00000000e5560000, 0x00000000e5560000)
  from space 21824K,  50% used [0x00000000e6ab0000, 0x00000000e7569998, 0x00000000e8000000)
  to   space 21824K,   0% used [0x00000000e5560000, 0x00000000e5560000, 0x00000000e6ab0000)
 concurrent mark-sweep generation total 393216K, used 137634K [0x00000000e8000000, 0x0000000100000000, 0x0000000100000000)
 Metaspace       used 29554K, capacity 30074K, committed 30332K, reserved 1075200K
  class space    used 3464K, capacity 3633K, committed 3708K, reserved 1048576K
2018-11-12T14:38:16.370+0100: 231.584: [GC (Allocation Failure) 2018-11-12T14:38:16.370+0100: 231.584: [ParNew
Desired survivor size 20112992 bytes, new threshold 8 (max 8)
- age   1:    3657136 bytes,    3657136 total
- age   2:     390488 bytes,    4047624 total
- age   3:     350360 bytes,    4397984 total
- age   4:     507264 bytes,    4905248 total
- age   5:     507248 bytes,    5412496 total
- age   6:     393768 bytes,    5806264 total
- age   7:     573584 bytes,    6379848 total
- age   8:     485704 bytes,    6865552 total
: 98406K->8756K(109248K), 0.0041304 secs] 236041K->146915K(502464K), 0.0042150 secs] [Times: user=0.00 sys=0.00, real=0.00 secs] 
Heap after GC invocations=20 (full 1):
 par new generation   total 109248K, used 8756K [0x00000000e0000000, 0x00000000e8000000, 0x00000000e8000000)
  eden space 87424K,   0% used [0x00000000e0000000, 0x00000000e0000000, 0x00000000e5560000)
  from space 21824K,  40% used [0x00000000e5560000, 0x00000000e5ded2c8, 0x00000000e6ab0000)
  to   space 21824K,   0% used [0x00000000e6ab0000, 0x00000000e6ab0000, 0x00000000e8000000)
 concurrent mark-sweep generation total 393216K, used 138159K [0x00000000e8000000, 0x0000000100000000, 0x0000000100000000)
 Metaspace       used 29554K, capacity 30074K, committed 30332K, reserved 1075200K
  class space    used 3464K, capacity 3633K, committed 3708K, reserved 1048576K
}
2018-11-12T14:38:16.374+0100: 231.589: Total time for which application threads were stopped: 0.0043980 seconds, Stopping threads took: 0.0000291 seconds
{Heap before GC invocations=20 (full 1):
 par new generation   total 109248K, used 96180K [0x00000000e0000000, 0x00000000e8000000, 0x00000000e8000000)
  eden space 87424K, 100% used [0x00000000e0000000, 0x00000000e5560000, 0x00000000e5560000)
  from space 21824K,  40% used [0x00000000e5560000, 0x00000000e5ded2c8, 0x00000000e6ab0000)
  to   space 21824K,   0% used [0x00000000e6ab0000, 0x00000000e6ab0000, 0x00000000e8000000)
 concurrent mark-sweep generation total 393216K, used 138159K [0x00000000e8000000, 0x0000000100000000, 0x0000000100000000)
 Metaspace       used 29565K, capacity 30138K, committed 30588K, reserved 1077248K
  class space    used 3464K, capacity 3633K, committed 3708K, reserved 1048576K
2018-11-12T14:38:16.619+0100: 231.833: [GC (Allocation Failure) 2018-11-12T14:38:16.619+0100: 231.833: [ParNew
Desired survivor size 20112992 bytes, new threshold 8 (max 8)
- age   1:    2014976 bytes,    2014976 total
- age   2:    2505800 bytes,    4520776 total
- age   3:     349496 bytes,    4870272 total
- age   4:     263624 bytes,    5133896 total
- age   5:     433704 bytes,    5567600 total
- age   6:     395392 bytes,    5962992 total
- age   7:     393768 bytes,    6356760 total
- age   8:     573584 bytes,    6930344 total
: 96180K->8359K(109248K), 0.0038567 secs] 234339K->146993K(502464K), 0.0039423 secs] [Times: user=0.00 sys=0.00, real=0.00 secs] 
Heap after GC invocations=21 (full 1):
 par new generation   total 109248K, used 8359K [0x00000000e0000000, 0x00000000e8000000, 0x00000000e8000000)
  eden space 87424K,   0% used [0x00000000e0000000, 0x00000000e0000000, 0x00000000e5560000)
  from space 21824K,  38% used [0x00000000e6ab0000, 0x00000000e72d9f10, 0x00000000e8000000)
  to   space 21824K,   0% used [0x00000000e5560000, 0x00000000e5560000, 0x00000000e6ab0000)
 concurrent mark-sweep generation total 393216K, used 138633K [0x00000000e8000000, 0x0000000100000000, 0x0000000100000000)
 Metaspace       used 29565K, capacity 30138K, committed 30588K, reserved 1077248K
  class space    used 3464K, capacity 3633K, committed 3708K, reserved 1048576K
}
2018-11-12T14:38:16.623+0100: 231.837: Total time for which application threads were stopped: 0.0041691 seconds, Stopping threads took: 0.0000274 seconds
{Heap before GC invocations=21 (full 1):
 par new generation   total 109248K, used 95783K [0x00000000e0000000, 0x00000000e8000000, 0x00000000e8000000)
  eden space 87424K, 100% used [0x00000000e0000000, 0x00000000e5560000, 0x00000000e5560000)
  from space 21824K,  38% used [0x00000000e6ab0000, 0x00000000e72d9f10, 0x00000000e8000000)
  to   space 21824K,   0% used [0x00000000e5560000, 0x00000000e5560000, 0x00000000e6ab0000)
 concurrent mark-sweep generation total 393216K, used 138633K [0x00000000e8000000, 0x0000000100000000, 0x0000000100000000)
 Metaspace       used 29565K, capacity 30138K, committed 30588K, reserved 1077248K
  class space    used 3464K, capacity 3633K, committed 3708K, reserved 1048576K
2018-11-12T14:38:16.712+0100: 231.926: [GC (Allocation Failure) 2018-11-12T14:38:16.712+0100: 231.926: [ParNew
Desired survivor size 20112992 bytes, new threshold 8 (max 8)
- age   1:    1219528 bytes,    1219528 total
- age   2:    1175120 bytes,    2394648 total
- age   3:    2505328 bytes,    4899976 total
- age   4:     349496 bytes,    5249472 total
- age   5:     261632 bytes,    5511104 total
- age   6:     407680 bytes,    5918784 total
- age   7:     395392 bytes,    6314176 total
- age   8:     393768 bytes,    6707944 total
: 95783K->8251K(109248K), 0.0039423 secs] 234417K->147446K(502464K), 0.0040477 secs] [Times: user=0.00 sys=0.00, real=0.00 secs] 
Heap after GC invocations=22 (full 1):
 par new generation   total 109248K, used 8251K [0x00000000e0000000, 0x00000000e8000000, 0x00000000e8000000)
  eden space 87424K,   0% used [0x00000000e0000000, 0x00000000e0000000, 0x00000000e5560000)
  from space 21824K,  37% used [0x00000000e5560000, 0x00000000e5d6ef30, 0x00000000e6ab0000)
  to   space 21824K,   0% used [0x00000000e6ab0000, 0x00000000e6ab0000, 0x00000000e8000000)
 concurrent mark-sweep generation total 393216K, used 139194K [0x00000000e8000000, 0x0000000100000000, 0x0000000100000000)
 Metaspace       used 29565K, capacity 30138K, committed 30588K, reserved 1077248K
  class space    used 3464K, capacity 3633K, committed 3708K, reserved 1048576K
}
2018-11-12T14:38:16.716+0100: 231.930: Total time for which application threads were stopped: 0.0042498 seconds, Stopping threads took: 0.0000274 seconds
{Heap before GC invocations=22 (full 1):
 par new generation   total 109248K, used 95675K [0x00000000e0000000, 0x00000000e8000000, 0x00000000e8000000)
  eden space 87424K, 100% used [0x00000000e0000000, 0x00000000e5560000, 0x00000000e5560000)
  from space 21824K,  37% used [0x00000000e5560000, 0x00000000e5d6ef30, 0x00000000e6ab0000)
  to   space 21824K,   0% used [0x00000000e6ab0000, 0x00000000e6ab0000, 0x00000000e8000000)
 concurrent mark-sweep generation total 393216K, used 139194K [0x00000000e8000000, 0x0000000100000000, 0x0000000100000000)
 Metaspace       used 29567K, capacity 30138K, committed 30588K, reserved 1077248K
  class space    used 3464K, capacity 3633K, committed 3708K, reserved 1048576K
2018-11-12T14:38:16.898+0100: 232.112: [GC (Allocation Failure) 2018-11-12T14:38:16.898+0100: 232.112: [ParNew
Desired survivor size 20112992 bytes, new threshold 8 (max 8)
- age   1:    2685256 bytes,    2685256 total
- age   2:     162104 bytes,    2847360 total
- age   3:     674336 bytes,    3521696 total
- age   4:    1356992 bytes,    4878688 total
- age   5:     293792 bytes,    5172480 total
- age   6:     206648 bytes,    5379128 total
- age   7:     404368 bytes,    5783496 total
- age   8:     395392 bytes,    6178888 total
: 95675K->7892K(109248K), 0.0032940 secs] 234870K->147471K(502464K), 0.0033747 secs] [Times: user=0.00 sys=0.00, real=0.00 secs] 
Heap after GC invocations=23 (full 1):
 par new generation   total 109248K, used 7892K [0x00000000e0000000, 0x00000000e8000000, 0x00000000e8000000)
  eden space 87424K,   0% used [0x00000000e0000000, 0x00000000e0000000, 0x00000000e5560000)
  from space 21824K,  36% used [0x00000000e6ab0000, 0x00000000e72653f8, 0x00000000e8000000)
  to   space 21824K,   0% used [0x00000000e5560000, 0x00000000e5560000, 0x00000000e6ab0000)
 concurrent mark-sweep generation total 393216K, used 139578K [0x00000000e8000000, 0x0000000100000000, 0x0000000100000000)
 Metaspace       used 29567K, capacity 30138K, committed 30588K, reserved 1077248K
  class space    used 3464K, capacity 3633K, committed 3708K, reserved 1048576K
}
2018-11-12T14:38:16.901+0100: 232.115: Total time for which application threads were stopped: 0.0035564 seconds, Stopping threads took: 0.0000274 seconds
{Heap before GC invocations=23 (full 1):
 par new generation   total 109248K, used 95316K [0x00000000e0000000, 0x00000000e8000000, 0x00000000e8000000)
  eden space 87424K, 100% used [0x00000000e0000000, 0x00000000e5560000, 0x00000000e5560000)
  from space 21824K,  36% used [0x00000000e6ab0000, 0x00000000e72653f8, 0x00000000e8000000)
  to   space 21824K,   0% used [0x00000000e5560000, 0x00000000e5560000, 0x00000000e6ab0000)
 concurrent mark-sweep generation total 393216K, used 139578K [0x00000000e8000000, 0x0000000100000000, 0x0000000100000000)
 Metaspace       used 29567K, capacity 30138K, committed 30588K, reserved 1077248K
  class space    used 3464K, capacity 3633K, committed 3708K, reserved 1048576K
2018-11-12T14:38:17.056+0100: 232.270: [GC (Allocation Failure) 2018-11-12T14:38:17.056+0100: 232.270: [ParNew
Desired survivor size 20112992 bytes, new threshold 8 (max 8)
- age   1:    2763320 bytes,    2763320 total
- age   2:    1012888 bytes,    3776208 total
- age   3:     161568 bytes,    3937776 total
- age   4:     621224 bytes,    4559000 total
- age   5:    1356936 bytes,    5915936 total
- age   6:     293792 bytes,    6209728 total
- age   7:     206648 bytes,    6416376 total
- age   8:     404368 bytes,    6820744 total
: 95316K->7665K(109248K), 0.0037914 secs] 234895K->147621K(502464K), 0.0038886 secs] [Times: user=0.00 sys=0.00, real=0.00 secs] 
Heap after GC invocations=24 (full 1):
 par new generation   total 109248K, used 7665K [0x00000000e0000000, 0x00000000e8000000, 0x00000000e8000000)
  eden space 87424K,   0% used [0x00000000e0000000, 0x00000000e0000000, 0x00000000e5560000)
  from space 21824K,  35% used [0x00000000e5560000, 0x00000000e5cdc560, 0x00000000e6ab0000)
  to   space 21824K,   0% used [0x00000000e6ab0000, 0x00000000e6ab0000, 0x00000000e8000000)
 concurrent mark-sweep generation total 393216K, used 139956K [0x00000000e8000000, 0x0000000100000000, 0x0000000100000000)
 Metaspace       used 29567K, capacity 30138K, committed 30588K, reserved 1077248K
  class space    used 3464K, capacity 3633K, committed 3708K, reserved 1048576K
}
2018-11-12T14:38:17.060+0100: 232.274: Total time for which application threads were stopped: 0.0040863 seconds, Stopping threads took: 0.0000284 seconds
{Heap before GC invocations=24 (full 1):
 par new generation   total 109248K, used 95089K [0x00000000e0000000, 0x00000000e8000000, 0x00000000e8000000)
  eden space 87424K, 100% used [0x00000000e0000000, 0x00000000e5560000, 0x00000000e5560000)
  from space 21824K,  35% used [0x00000000e5560000, 0x00000000e5cdc560, 0x00000000e6ab0000)
  to   space 21824K,   0% used [0x00000000e6ab0000, 0x00000000e6ab0000, 0x00000000e8000000)
 concurrent mark-sweep generation total 393216K, used 139956K [0x00000000e8000000, 0x0000000100000000, 0x0000000100000000)
 Metaspace       used 29582K, capacity 30138K, committed 30588K, reserved 1077248K
  class space    used 3464K, capacity 3633K, committed 3708K, reserved 1048576K
2018-11-12T14:38:17.180+0100: 232.394: [GC (Allocation Failure) 2018-11-12T14:38:17.180+0100: 232.394: [ParNew
Desired survivor size 20112992 bytes, new threshold 8 (max 8)
- age   1:    1906616 bytes,    1906616 total
- age   2:    1705696 bytes,    3612312 total
- age   3:     980584 bytes,    4592896 total
- age   4:     116480 bytes,    4709376 total
- age   5:     427704 bytes,    5137080 total
- age   6:    1356624 bytes,    6493704 total
- age   7:     293792 bytes,    6787496 total
- age   8:     206648 bytes,    6994144 total
: 95089K->10264K(109248K), 0.0039430 secs] 235045K->150616K(502464K), 0.0040258 secs] [Times: user=0.00 sys=0.00, real=0.00 secs] 
Heap after GC invocations=25 (full 1):
 par new generation   total 109248K, used 10264K [0x00000000e0000000, 0x00000000e8000000, 0x00000000e8000000)
  eden space 87424K,   0% used [0x00000000e0000000, 0x00000000e0000000, 0x00000000e5560000)
  from space 21824K,  47% used [0x00000000e6ab0000, 0x00000000e74b63a0, 0x00000000e8000000)
  to   space 21824K,   0% used [0x00000000e5560000, 0x00000000e5560000, 0x00000000e6ab0000)
 concurrent mark-sweep generation total 393216K, used 140351K [0x00000000e8000000, 0x0000000100000000, 0x0000000100000000)
 Metaspace       used 29582K, capacity 30138K, committed 30588K, reserved 1077248K
  class space    used 3464K, capacity 3633K, committed 3708K, reserved 1048576K
}
2018-11-12T14:38:17.184+0100: 232.398: Total time for which application threads were stopped: 0.0042772 seconds, Stopping threads took: 0.0000246 seconds
{Heap before GC invocations=25 (full 1):
 par new generation   total 109248K, used 97688K [0x00000000e0000000, 0x00000000e8000000, 0x00000000e8000000)
  eden space 87424K, 100% used [0x00000000e0000000, 0x00000000e5560000, 0x00000000e5560000)
  from space 21824K,  47% used [0x00000000e6ab0000, 0x00000000e74b63a0, 0x00000000e8000000)
  to   space 21824K,   0% used [0x00000000e5560000, 0x00000000e5560000, 0x00000000e6ab0000)
 concurrent mark-sweep generation total 393216K, used 140351K [0x00000000e8000000, 0x0000000100000000, 0x0000000100000000)
 Metaspace       used 29603K, capacity 30138K, committed 30588K, reserved 1077248K
  class space    used 3464K, capacity 3633K, committed 3708K, reserved 1048576K
2018-11-12T14:38:17.490+0100: 232.705: [GC (Allocation Failure) 2018-11-12T14:38:17.490+0100: 232.705: [ParNew
Desired survivor size 20112992 bytes, new threshold 8 (max 8)
- age   1:    2816968 bytes,    2816968 total
- age   2:    1518312 bytes,    4335280 total
- age   3:     296760 bytes,    4632040 total
- age   4:     580856 bytes,    5212896 total
- age   5:     116480 bytes,    5329376 total
- age   6:     427704 bytes,    5757080 total
- age   7:    1356624 bytes,    7113704 total
- age   8:     293712 bytes,    7407416 total
: 97688K->7623K(109248K), 0.0053183 secs] 238040K->148172K(502464K), 0.0054380 secs] [Times: user=0.00 sys=0.00, real=0.01 secs] 
Heap after GC invocations=26 (full 1):
 par new generation   total 109248K, used 7623K [0x00000000e0000000, 0x00000000e8000000, 0x00000000e8000000)
  eden space 87424K,   0% used [0x00000000e0000000, 0x00000000e0000000, 0x00000000e5560000)
  from space 21824K,  34% used [0x00000000e5560000, 0x00000000e5cd1ce0, 0x00000000e6ab0000)
  to   space 21824K,   0% used [0x00000000e6ab0000, 0x00000000e6ab0000, 0x00000000e8000000)
 concurrent mark-sweep generation total 393216K, used 140549K [0x00000000e8000000, 0x0000000100000000, 0x0000000100000000)
 Metaspace       used 29603K, capacity 30138K, committed 30588K, reserved 1077248K
  class space    used 3464K, capacity 3633K, committed 3708K, reserved 1048576K
}
2018-11-12T14:38:17.496+0100: 232.710: Total time for which application threads were stopped: 0.0057162 seconds, Stopping threads took: 0.0000424 seconds
{Heap before GC invocations=26 (full 1):
 par new generation   total 109248K, used 95047K [0x00000000e0000000, 0x00000000e8000000, 0x00000000e8000000)
  eden space 87424K, 100% used [0x00000000e0000000, 0x00000000e5560000, 0x00000000e5560000)
  from space 21824K,  34% used [0x00000000e5560000, 0x00000000e5cd1ce0, 0x00000000e6ab0000)
  to   space 21824K,   0% used [0x00000000e6ab0000, 0x00000000e6ab0000, 0x00000000e8000000)
 concurrent mark-sweep generation total 393216K, used 140549K [0x00000000e8000000, 0x0000000100000000, 0x0000000100000000)
 Metaspace       used 29617K, capacity 30138K, committed 30588K, reserved 1077248K
  class space    used 3464K, capacity 3633K, committed 3708K, reserved 1048576K
2018-11-12T14:38:17.717+0100: 232.931: [GC (Allocation Failure) 2018-11-12T14:38:17.717+0100: 232.931: [ParNew
Desired survivor size 20112992 bytes, new threshold 8 (max 8)
- age   1:    2962840 bytes,    2962840 total
- age   2:     589728 bytes,    3552568 total
- age   3:    1516880 bytes,    5069448 total
- age   4:     296760 bytes,    5366208 total
- age   5:     580856 bytes,    5947064 total
- age   6:     116480 bytes,    6063544 total
- age   7:     427704 bytes,    6491248 total
- age   8:    1356624 bytes,    7847872 total
: 95047K->10830K(109248K), 0.0038410 secs] 235596K->151666K(502464K), 0.0039272 secs] [Times: user=0.00 sys=0.00, real=0.00 secs] 
Heap after GC invocations=27 (full 1):
 par new generation   total 109248K, used 10830K [0x00000000e0000000, 0x00000000e8000000, 0x00000000e8000000)
  eden space 87424K,   0% used [0x00000000e0000000, 0x00000000e0000000, 0x00000000e5560000)
  from space 21824K,  49% used [0x00000000e6ab0000, 0x00000000e7543920, 0x00000000e8000000)
  to   space 21824K,   0% used [0x00000000e5560000, 0x00000000e5560000, 0x00000000e6ab0000)
 concurrent mark-sweep generation total 393216K, used 140836K [0x00000000e8000000, 0x0000000100000000, 0x0000000100000000)
 Metaspace       used 29617K, capacity 30138K, committed 30588K, reserved 1077248K
  class space    used 3464K, capacity 3633K, committed 3708K, reserved 1048576K
}
2018-11-12T14:38:17.721+0100: 232.935: Total time for which application threads were stopped: 0.0041216 seconds, Stopping threads took: 0.0000260 seconds
{Heap before GC invocations=27 (full 1):
 par new generation   total 109248K, used 98254K [0x00000000e0000000, 0x00000000e8000000, 0x00000000e8000000)
  eden space 87424K, 100% used [0x00000000e0000000, 0x00000000e5560000, 0x00000000e5560000)
  from space 21824K,  49% used [0x00000000e6ab0000, 0x00000000e7543920, 0x00000000e8000000)
  to   space 21824K,   0% used [0x00000000e5560000, 0x00000000e5560000, 0x00000000e6ab0000)
 concurrent mark-sweep generation total 393216K, used 140836K [0x00000000e8000000, 0x0000000100000000, 0x0000000100000000)
 Metaspace       used 29628K, capacity 30138K, committed 30588K, reserved 1077248K
  class space    used 3464K, capacity 3633K, committed 3708K, reserved 1048576K
2018-11-12T14:38:17.936+0100: 233.150: [GC (Allocation Failure) 2018-11-12T14:38:17.937+0100: 233.150: [ParNew
Desired survivor size 20112992 bytes, new threshold 8 (max 8)
- age   1:    1068304 bytes,    1068304 total
- age   2:    2620904 bytes,    3689208 total
- age   3:     589728 bytes,    4278936 total
- age   4:    1408664 bytes,    5687600 total
- age   5:     296760 bytes,    5984360 total
- age   6:     580856 bytes,    6565216 total
- age   7:     116480 bytes,    6681696 total
- age   8:     427704 bytes,    7109400 total
: 98254K->9167K(109248K), 0.0042317 secs] 239090K->151328K(502464K), 0.0043313 secs] [Times: user=0.02 sys=0.00, real=0.00 secs] 
Heap after GC invocations=28 (full 1):
 par new generation   total 109248K, used 9167K [0x00000000e0000000, 0x00000000e8000000, 0x00000000e8000000)
  eden space 87424K,   0% used [0x00000000e0000000, 0x00000000e0000000, 0x00000000e5560000)
  from space 21824K,  42% used [0x00000000e5560000, 0x00000000e5e53e80, 0x00000000e6ab0000)
  to   space 21824K,   0% used [0x00000000e6ab0000, 0x00000000e6ab0000, 0x00000000e8000000)
 concurrent mark-sweep generation total 393216K, used 142161K [0x00000000e8000000, 0x0000000100000000, 0x0000000100000000)
 Metaspace       used 29628K, capacity 30138K, committed 30588K, reserved 1077248K
  class space    used 3464K, capacity 3633K, committed 3708K, reserved 1048576K
}
2018-11-12T14:38:17.941+0100: 233.155: Total time for which application threads were stopped: 0.0045136 seconds, Stopping threads took: 0.0000257 seconds
{Heap before GC invocations=28 (full 1):
 par new generation   total 109248K, used 96591K [0x00000000e0000000, 0x00000000e8000000, 0x00000000e8000000)
  eden space 87424K, 100% used [0x00000000e0000000, 0x00000000e5560000, 0x00000000e5560000)
  from space 21824K,  42% used [0x00000000e5560000, 0x00000000e5e53e80, 0x00000000e6ab0000)
  to   space 21824K,   0% used [0x00000000e6ab0000, 0x00000000e6ab0000, 0x00000000e8000000)
 concurrent mark-sweep generation total 393216K, used 142161K [0x00000000e8000000, 0x0000000100000000, 0x0000000100000000)
 Metaspace       used 29638K, capacity 30138K, committed 30588K, reserved 1077248K
  class space    used 3464K, capacity 3633K, committed 3708K, reserved 1048576K
2018-11-12T14:38:18.212+0100: 233.427: [GC (Allocation Failure) 2018-11-12T14:38:18.212+0100: 233.427: [ParNew
Desired survivor size 20112992 bytes, new threshold 8 (max 8)
- age   1:    3406952 bytes,    3406952 total
- age   2:     622264 bytes,    4029216 total
- age   3:     571608 bytes,    4600824 total
- age   4:     589728 bytes,    5190552 total
- age   5:    1407128 bytes,    6597680 total
- age   6:     296704 bytes,    6894384 total
- age   7:     575904 bytes,    7470288 total
- age   8:     116480 bytes,    7586768 total
: 96591K->8687K(109248K), 0.0040093 secs] 238752K->151266K(502464K), 0.0040986 secs] [Times: user=0.00 sys=0.00, real=0.01 secs] 
Heap after GC invocations=29 (full 1):
 par new generation   total 109248K, used 8687K [0x00000000e0000000, 0x00000000e8000000, 0x00000000e8000000)
  eden space 87424K,   0% used [0x00000000e0000000, 0x00000000e0000000, 0x00000000e5560000)
  from space 21824K,  39% used [0x00000000e6ab0000, 0x00000000e732bcf0, 0x00000000e8000000)
  to   space 21824K,   0% used [0x00000000e5560000, 0x00000000e5560000, 0x00000000e6ab0000)
 concurrent mark-sweep generation total 393216K, used 142578K [0x00000000e8000000, 0x0000000100000000, 0x0000000100000000)
 Metaspace       used 29638K, capacity 30138K, committed 30588K, reserved 1077248K
  class space    used 3464K, capacity 3633K, committed 3708K, reserved 1048576K
}
2018-11-12T14:38:18.217+0100: 233.431: Total time for which application threads were stopped: 0.0042954 seconds, Stopping threads took: 0.0000260 seconds
{Heap before GC invocations=29 (full 1):
 par new generation   total 109248K, used 96111K [0x00000000e0000000, 0x00000000e8000000, 0x00000000e8000000)
  eden space 87424K, 100% used [0x00000000e0000000, 0x00000000e5560000, 0x00000000e5560000)
  from space 21824K,  39% used [0x00000000e6ab0000, 0x00000000e732bcf0, 0x00000000e8000000)
  to   space 21824K,   0% used [0x00000000e5560000, 0x00000000e5560000, 0x00000000e6ab0000)
 concurrent mark-sweep generation total 393216K, used 142578K [0x00000000e8000000, 0x0000000100000000, 0x0000000100000000)
 Metaspace       used 29670K, capacity 30142K, committed 30588K, reserved 1077248K
  class space    used 3464K, capacity 3633K, committed 3708K, reserved 1048576K
2018-11-12T14:38:18.464+0100: 233.678: [GC (Allocation Failure) 2018-11-12T14:38:18.464+0100: 233.678: [ParNew
Desired survivor size 20112992 bytes, new threshold 8 (max 8)
- age   1:    1097080 bytes,    1097080 total
- age   2:    3119632 bytes,    4216712 total
- age   3:     498792 bytes,    4715504 total
- age   4:     562312 bytes,    5277816 total
- age   5:     589728 bytes,    5867544 total
- age   6:    1407128 bytes,    7274672 total
- age   7:     296704 bytes,    7571376 total
- age   8:     575904 bytes,    8147280 total
: 96111K->9982K(109248K), 0.0046631 secs] 238690K->152674K(502464K), 0.0047695 secs] [Times: user=0.00 sys=0.00, real=0.00 secs] 
Heap after GC invocations=30 (full 1):
 par new generation   total 109248K, used 9982K [0x00000000e0000000, 0x00000000e8000000, 0x00000000e8000000)
  eden space 87424K,   0% used [0x00000000e0000000, 0x00000000e0000000, 0x00000000e5560000)
  from space 21824K,  45% used [0x00000000e5560000, 0x00000000e5f1f900, 0x00000000e6ab0000)
  to   space 21824K,   0% used [0x00000000e6ab0000, 0x00000000e6ab0000, 0x00000000e8000000)
 concurrent mark-sweep generation total 393216K, used 142692K [0x00000000e8000000, 0x0000000100000000, 0x0000000100000000)
 Metaspace       used 29670K, capacity 30142K, committed 30588K, reserved 1077248K
  class space    used 3464K, capacity 3633K, committed 3708K, reserved 1048576K
}
2018-11-12T14:38:18.468+0100: 233.683: Total time for which application threads were stopped: 0.0049851 seconds, Stopping threads took: 0.0000304 seconds
{Heap before GC invocations=30 (full 1):
 par new generation   total 109248K, used 97406K [0x00000000e0000000, 0x00000000e8000000, 0x00000000e8000000)
  eden space 87424K, 100% used [0x00000000e0000000, 0x00000000e5560000, 0x00000000e5560000)
  from space 21824K,  45% used [0x00000000e5560000, 0x00000000e5f1f900, 0x00000000e6ab0000)
  to   space 21824K,   0% used [0x00000000e6ab0000, 0x00000000e6ab0000, 0x00000000e8000000)
 concurrent mark-sweep generation total 393216K, used 142692K [0x00000000e8000000, 0x0000000100000000, 0x0000000100000000)
 Metaspace       used 29683K, capacity 30142K, committed 30588K, reserved 1077248K
  class space    used 3464K, capacity 3633K, committed 3708K, reserved 1048576K
2018-11-12T14:38:18.723+0100: 233.937: [GC (Allocation Failure) 2018-11-12T14:38:18.723+0100: 233.937: [ParNew
Desired survivor size 20112992 bytes, new threshold 8 (max 8)
- age   1:    4593984 bytes,    4593984 total
- age   2:     724136 bytes,    5318120 total
- age   3:     549424 bytes,    5867544 total
- age   4:     498792 bytes,    6366336 total
- age   5:     562312 bytes,    6928648 total
- age   6:     589728 bytes,    7518376 total
- age   7:    1406632 bytes,    8925008 total
- age   8:     296704 bytes,    9221712 total
: 97406K->11288K(109248K), 0.0042067 secs] 240098K->154543K(502464K), 0.0043063 secs] [Times: user=0.00 sys=0.00, real=0.00 secs] 
Heap after GC invocations=31 (full 1):
 par new generation   total 109248K, used 11288K [0x00000000e0000000, 0x00000000e8000000, 0x00000000e8000000)
  eden space 87424K,   0% used [0x00000000e0000000, 0x00000000e0000000, 0x00000000e5560000)
  from space 21824K,  51% used [0x00000000e6ab0000, 0x00000000e75b6228, 0x00000000e8000000)
  to   space 21824K,   0% used [0x00000000e5560000, 0x00000000e5560000, 0x00000000e6ab0000)
 concurrent mark-sweep generation total 393216K, used 143254K [0x00000000e8000000, 0x0000000100000000, 0x0000000100000000)
 Metaspace       used 29683K, capacity 30142K, committed 30588K, reserved 1077248K
  class space    used 3464K, capacity 3633K, committed 3708K, reserved 1048576K
}
2018-11-12T14:38:18.727+0100: 233.942: Total time for which application threads were stopped: 0.0045266 seconds, Stopping threads took: 0.0000257 seconds
{Heap before GC invocations=31 (full 1):
 par new generation   total 109248K, used 98712K [0x00000000e0000000, 0x00000000e8000000, 0x00000000e8000000)
  eden space 87424K, 100% used [0x00000000e0000000, 0x00000000e5560000, 0x00000000e5560000)
  from space 21824K,  51% used [0x00000000e6ab0000, 0x00000000e75b6228, 0x00000000e8000000)
  to   space 21824K,   0% used [0x00000000e5560000, 0x00000000e5560000, 0x00000000e6ab0000)
 concurrent mark-sweep generation total 393216K, used 143254K [0x00000000e8000000, 0x0000000100000000, 0x0000000100000000)
 Metaspace       used 29791K, capacity 30270K, committed 30588K, reserved 1077248K
  class space    used 3464K, capacity 3633K, committed 3708K, reserved 1048576K
2018-11-12T14:38:18.974+0100: 234.188: [GC (Allocation Failure) 2018-11-12T14:38:18.974+0100: 234.188: [ParNew
Desired survivor size 20112992 bytes, new threshold 8 (max 8)
- age   1:    1396520 bytes,    1396520 total
- age   2:    4165128 bytes,    5561648 total
- age   3:     713640 bytes,    6275288 total
- age   4:     549424 bytes,    6824712 total
- age   5:     498792 bytes,    7323504 total
- age   6:     562312 bytes,    7885816 total
- age   7:     589624 bytes,    8475440 total
- age   8:    1406672 bytes,    9882112 total
: 98712K->11398K(109248K), 0.0042495 secs] 241967K->154943K(502464K), 0.0043388 secs] [Times: user=0.00 sys=0.00, real=0.00 secs] 
Heap after GC invocations=32 (full 1):
 par new generation   total 109248K, used 11398K [0x00000000e0000000, 0x00000000e8000000, 0x00000000e8000000)
  eden space 87424K,   0% used [0x00000000e0000000, 0x00000000e0000000, 0x00000000e5560000)
  from space 21824K,  52% used [0x00000000e5560000, 0x00000000e6081990, 0x00000000e6ab0000)
  to   space 21824K,   0% used [0x00000000e6ab0000, 0x00000000e6ab0000, 0x00000000e8000000)
 concurrent mark-sweep generation total 393216K, used 143544K [0x00000000e8000000, 0x0000000100000000, 0x0000000100000000)
 Metaspace       used 29791K, capacity 30270K, committed 30588K, reserved 1077248K
  class space    used 3464K, capacity 3633K, committed 3708K, reserved 1048576K
}
2018-11-12T14:38:18.978+0100: 234.192: Total time for which application threads were stopped: 0.0045718 seconds, Stopping threads took: 0.0000257 seconds
2018-11-12T14:38:19.155+0100: 234.370: Total time for which application threads were stopped: 0.0000903 seconds, Stopping threads took: 0.0000233 seconds
{Heap before GC invocations=32 (full 1):
 par new generation   total 109248K, used 98822K [0x00000000e0000000, 0x00000000e8000000, 0x00000000e8000000)
  eden space 87424K, 100% used [0x00000000e0000000, 0x00000000e5560000, 0x00000000e5560000)
  from space 21824K,  52% used [0x00000000e5560000, 0x00000000e6081990, 0x00000000e6ab0000)
  to   space 21824K,   0% used [0x00000000e6ab0000, 0x00000000e6ab0000, 0x00000000e8000000)
 concurrent mark-sweep generation total 393216K, used 143544K [0x00000000e8000000, 0x0000000100000000, 0x0000000100000000)
 Metaspace       used 29797K, capacity 30270K, committed 30588K, reserved 1077248K
  class space    used 3464K, capacity 3633K, committed 3708K, reserved 1048576K
2018-11-12T14:38:19.193+0100: 234.408: [GC (Allocation Failure) 2018-11-12T14:38:19.193+0100: 234.408: [ParNew
Desired survivor size 20112992 bytes, new threshold 8 (max 8)
- age   1:    3130456 bytes,    3130456 total
- age   2:     849944 bytes,    3980400 total
- age   3:    2079864 bytes,    6060264 total
- age   4:     713640 bytes,    6773904 total
- age   5:     549368 bytes,    7323272 total
- age   6:     498792 bytes,    7822064 total
- age   7:     562312 bytes,    8384376 total
- age   8:     589624 bytes,    8974000 total
: 98822K->11955K(109248K), 0.0094621 secs] 242367K->156900K(502464K), 0.0095558 secs] [Times: user=0.00 sys=0.00, real=0.01 secs] 
Heap after GC invocations=33 (full 1):
 par new generation   total 109248K, used 11955K [0x00000000e0000000, 0x00000000e8000000, 0x00000000e8000000)
  eden space 87424K,   0% used [0x00000000e0000000, 0x00000000e0000000, 0x00000000e5560000)
  from space 21824K,  54% used [0x00000000e6ab0000, 0x00000000e765cfc0, 0x00000000e8000000)
  to   space 21824K,   0% used [0x00000000e5560000, 0x00000000e5560000, 0x00000000e6ab0000)
 concurrent mark-sweep generation total 393216K, used 144944K [0x00000000e8000000, 0x0000000100000000, 0x0000000100000000)
 Metaspace       used 29797K, capacity 30270K, committed 30588K, reserved 1077248K
  class space    used 3464K, capacity 3633K, committed 3708K, reserved 1048576K
}
2018-11-12T14:38:19.203+0100: 234.417: Total time for which application threads were stopped: 0.0097330 seconds, Stopping threads took: 0.0000226 seconds
{Heap before GC invocations=33 (full 1):
 par new generation   total 109248K, used 99379K [0x00000000e0000000, 0x00000000e8000000, 0x00000000e8000000)
  eden space 87424K, 100% used [0x00000000e0000000, 0x00000000e5560000, 0x00000000e5560000)
  from space 21824K,  54% used [0x00000000e6ab0000, 0x00000000e765cfc0, 0x00000000e8000000)
  to   space 21824K,   0% used [0x00000000e5560000, 0x00000000e5560000, 0x00000000e6ab0000)
 concurrent mark-sweep generation total 393216K, used 144944K [0x00000000e8000000, 0x0000000100000000, 0x0000000100000000)
 Metaspace       used 29799K, capacity 30270K, committed 30588K, reserved 1077248K
  class space    used 3464K, capacity 3633K, committed 3708K, reserved 1048576K
2018-11-12T14:38:19.447+0100: 234.662: [GC (Allocation Failure) 2018-11-12T14:38:19.447+0100: 234.662: [ParNew
Desired survivor size 20112992 bytes, new threshold 8 (max 8)
- age   1:    1718416 bytes,    1718416 total
- age   2:    2900416 bytes,    4618832 total
- age   3:     849944 bytes,    5468776 total
- age   4:    1571600 bytes,    7040376 total
- age   5:     574792 bytes,    7615168 total
- age   6:     549392 bytes,    8164560 total
- age   7:     498792 bytes,    8663352 total
- age   8:     562336 bytes,    9225688 total
: 99379K->11632K(109248K), 0.0033932 secs] 244324K->157152K(502464K), 0.0034780 secs] [Times: user=0.00 sys=0.00, real=0.00 secs] 
Heap after GC invocations=34 (full 1):
 par new generation   total 109248K, used 11632K [0x00000000e0000000, 0x00000000e8000000, 0x00000000e8000000)
  eden space 87424K,   0% used [0x00000000e0000000, 0x00000000e0000000, 0x00000000e5560000)
  from space 21824K,  53% used [0x00000000e5560000, 0x00000000e60bc120, 0x00000000e6ab0000)
  to   space 21824K,   0% used [0x00000000e6ab0000, 0x00000000e6ab0000, 0x00000000e8000000)
 concurrent mark-sweep generation total 393216K, used 145520K [0x00000000e8000000, 0x0000000100000000, 0x0000000100000000)
 Metaspace       used 29799K, capacity 30270K, committed 30588K, reserved 1077248K
  class space    used 3464K, capacity 3633K, committed 3708K, reserved 1048576K
}
2018-11-12T14:38:19.451+0100: 234.666: Total time for which application threads were stopped: 0.0036693 seconds, Stopping threads took: 0.0000274 seconds
{Heap before GC invocations=34 (full 1):
 par new generation   total 109248K, used 99056K [0x00000000e0000000, 0x00000000e8000000, 0x00000000e8000000)
  eden space 87424K, 100% used [0x00000000e0000000, 0x00000000e5560000, 0x00000000e5560000)
  from space 21824K,  53% used [0x00000000e5560000, 0x00000000e60bc120, 0x00000000e6ab0000)
  to   space 21824K,   0% used [0x00000000e6ab0000, 0x00000000e6ab0000, 0x00000000e8000000)
 concurrent mark-sweep generation total 393216K, used 145520K [0x00000000e8000000, 0x0000000100000000, 0x0000000100000000)
 Metaspace       used 29805K, capacity 30270K, committed 30588K, reserved 1077248K
  class space    used 3464K, capacity 3633K, committed 3708K, reserved 1048576K
2018-11-12T14:38:19.680+0100: 234.894: [GC (Allocation Failure) 2018-11-12T14:38:19.680+0100: 234.894: [ParNew
Desired survivor size 20112992 bytes, new threshold 8 (max 8)
- age   1:    3598200 bytes,    3598200 total
- age   2:    1217928 bytes,    4816128 total
- age   3:     554504 bytes,    5370632 total
- age   4:     838168 bytes,    6208800 total
- age   5:    1571528 bytes,    7780328 total
- age   6:     574768 bytes,    8355096 total
- age   7:     549368 bytes,    8904464 total
- age   8:     498792 bytes,    9403256 total
: 99056K->11113K(109248K), 0.0035440 secs] 244576K->157182K(502464K), 0.0036416 secs] [Times: user=0.00 sys=0.00, real=0.00 secs] 
Heap after GC invocations=35 (full 1):
 par new generation   total 109248K, used 11113K [0x00000000e0000000, 0x00000000e8000000, 0x00000000e8000000)
  eden space 87424K,   0% used [0x00000000e0000000, 0x00000000e0000000, 0x00000000e5560000)
  from space 21824K,  50% used [0x00000000e6ab0000, 0x00000000e758a578, 0x00000000e8000000)
  to   space 21824K,   0% used [0x00000000e5560000, 0x00000000e5560000, 0x00000000e6ab0000)
 concurrent mark-sweep generation total 393216K, used 146069K [0x00000000e8000000, 0x0000000100000000, 0x0000000100000000)
 Metaspace       used 29805K, capacity 30270K, committed 30588K, reserved 1077248K
  class space    used 3464K, capacity 3633K, committed 3708K, reserved 1048576K
}
2018-11-12T14:38:19.684+0100: 234.898: Total time for which application threads were stopped: 0.0038509 seconds, Stopping threads took: 0.0000304 seconds
{Heap before GC invocations=35 (full 1):
 par new generation   total 109248K, used 98537K [0x00000000e0000000, 0x00000000e8000000, 0x00000000e8000000)
  eden space 87424K, 100% used [0x00000000e0000000, 0x00000000e5560000, 0x00000000e5560000)
  from space 21824K,  50% used [0x00000000e6ab0000, 0x00000000e758a578, 0x00000000e8000000)
  to   space 21824K,   0% used [0x00000000e5560000, 0x00000000e5560000, 0x00000000e6ab0000)
 concurrent mark-sweep generation total 393216K, used 146069K [0x00000000e8000000, 0x0000000100000000, 0x0000000100000000)
 Metaspace       used 29820K, capacity 30334K, committed 30588K, reserved 1077248K
  class space    used 3464K, capacity 3633K, committed 3708K, reserved 1048576K
2018-11-12T14:38:19.972+0100: 235.186: [GC (Allocation Failure) 2018-11-12T14:38:19.972+0100: 235.186: [ParNew
Desired survivor size 20112992 bytes, new threshold 8 (max 8)
- age   1:     984760 bytes,     984760 total
- age   2:    3180848 bytes,    4165608 total
- age   3:    1216816 bytes,    5382424 total
- age   4:     554504 bytes,    5936928 total
- age   5:     838168 bytes,    6775096 total
- age   6:    1571528 bytes,    8346624 total
- age   7:     574768 bytes,    8921392 total
- age   8:     541944 bytes,    9463336 total
: 98537K->11398K(109248K), 0.0035653 secs] 244606K->157954K(502464K), 0.0036795 secs] [Times: user=0.05 sys=0.00, real=0.00 secs] 
Heap after GC invocations=36 (full 1):
 par new generation   total 109248K, used 11398K [0x00000000e0000000, 0x00000000e8000000, 0x00000000e8000000)
  eden space 87424K,   0% used [0x00000000e0000000, 0x00000000e0000000, 0x00000000e5560000)
  from space 21824K,  52% used [0x00000000e5560000, 0x00000000e6081860, 0x00000000e6ab0000)
  to   space 21824K,   0% used [0x00000000e6ab0000, 0x00000000e6ab0000, 0x00000000e8000000)
 concurrent mark-sweep generation total 393216K, used 146556K [0x00000000e8000000, 0x0000000100000000, 0x0000000100000000)
 Metaspace       used 29820K, capacity 30334K, committed 30588K, reserved 1077248K
  class space    used 3464K, capacity 3633K, committed 3708K, reserved 1048576K
}
2018-11-12T14:38:19.976+0100: 235.190: Total time for which application threads were stopped: 0.0039464 seconds, Stopping threads took: 0.0000366 seconds
{Heap before GC invocations=36 (full 1):
 par new generation   total 109248K, used 98822K [0x00000000e0000000, 0x00000000e8000000, 0x00000000e8000000)
  eden space 87424K, 100% used [0x00000000e0000000, 0x00000000e5560000, 0x00000000e5560000)
  from space 21824K,  52% used [0x00000000e5560000, 0x00000000e6081860, 0x00000000e6ab0000)
  to   space 21824K,   0% used [0x00000000e6ab0000, 0x00000000e6ab0000, 0x00000000e8000000)
 concurrent mark-sweep generation total 393216K, used 146556K [0x00000000e8000000, 0x0000000100000000, 0x0000000100000000)
 Metaspace       used 29823K, capacity 30334K, committed 30588K, reserved 1077248K
  class space    used 3464K, capacity 3633K, committed 3708K, reserved 1048576K
2018-11-12T14:38:20.337+0100: 235.552: [GC (Allocation Failure) 2018-11-12T14:38:20.337+0100: 235.552: [ParNew
Desired survivor size 20112992 bytes, new threshold 8 (max 8)
- age   1:    1397592 bytes,    1397592 total
- age   2:     529920 bytes,    1927512 total
- age   3:    3180848 bytes,    5108360 total
- age   4:     646016 bytes,    5754376 total
- age   5:     554448 bytes,    6308824 total
- age   6:     838168 bytes,    7146992 total
- age   7:    1571528 bytes,    8718520 total
- age   8:     574768 bytes,    9293288 total
: 98822K->11244K(109248K), 0.0031031 secs] 245378K->158330K(502464K), 0.0031783 secs] [Times: user=0.00 sys=0.00, real=0.00 secs] 
Heap after GC invocations=37 (full 1):
 par new generation   total 109248K, used 11244K [0x00000000e0000000, 0x00000000e8000000, 0x00000000e8000000)
  eden space 87424K,   0% used [0x00000000e0000000, 0x00000000e0000000, 0x00000000e5560000)
  from space 21824K,  51% used [0x00000000e6ab0000, 0x00000000e75ab088, 0x00000000e8000000)
  to   space 21824K,   0% used [0x00000000e5560000, 0x00000000e5560000, 0x00000000e6ab0000)
 concurrent mark-sweep generation total 393216K, used 147086K [0x00000000e8000000, 0x0000000100000000, 0x0000000100000000)
 Metaspace       used 29823K, capacity 30334K, committed 30588K, reserved 1077248K
  class space    used 3464K, capacity 3633K, committed 3708K, reserved 1048576K
}
2018-11-12T14:38:20.341+0100: 235.555: Total time for which application threads were stopped: 0.0033542 seconds, Stopping threads took: 0.0000284 seconds
{Heap before GC invocations=37 (full 1):
 par new generation   total 109248K, used 98668K [0x00000000e0000000, 0x00000000e8000000, 0x00000000e8000000)
  eden space 87424K, 100% used [0x00000000e0000000, 0x00000000e5560000, 0x00000000e5560000)
  from space 21824K,  51% used [0x00000000e6ab0000, 0x00000000e75ab088, 0x00000000e8000000)
  to   space 21824K,   0% used [0x00000000e5560000, 0x00000000e5560000, 0x00000000e6ab0000)
 concurrent mark-sweep generation total 393216K, used 147086K [0x00000000e8000000, 0x0000000100000000, 0x0000000100000000)
 Metaspace       used 29845K, capacity 30398K, committed 30844K, reserved 1077248K
  class space    used 3464K, capacity 3633K, committed 3708K, reserved 1048576K
2018-11-12T14:38:20.675+0100: 235.889: [GC (Allocation Failure) 2018-11-12T14:38:20.675+0100: 235.889: [ParNew
Desired survivor size 20112992 bytes, new threshold 8 (max 8)
- age   1:    4212496 bytes,    4212496 total
- age   2:    1214376 bytes,    5426872 total
- age   3:     529920 bytes,    5956792 total
- age   4:     528392 bytes,    6485184 total
- age   5:     489784 bytes,    6974968 total
- age   6:     554448 bytes,    7529416 total
- age   7:     838168 bytes,    8367584 total
- age   8:    1571528 bytes,    9939112 total
: 98668K->11061K(109248K), 0.0035088 secs] 245754K->158708K(502464K), 0.0035919 secs] [Times: user=0.00 sys=0.00, real=0.00 secs] 
Heap after GC invocations=38 (full 1):
 par new generation   total 109248K, used 11061K [0x00000000e0000000, 0x00000000e8000000, 0x00000000e8000000)
  eden space 87424K,   0% used [0x00000000e0000000, 0x00000000e0000000, 0x00000000e5560000)
  from space 21824K,  50% used [0x00000000e5560000, 0x00000000e602d490, 0x00000000e6ab0000)
  to   space 21824K,   0% used [0x00000000e6ab0000, 0x00000000e6ab0000, 0x00000000e8000000)
 concurrent mark-sweep generation total 393216K, used 147647K [0x00000000e8000000, 0x0000000100000000, 0x0000000100000000)
 Metaspace       used 29845K, capacity 30398K, committed 30844K, reserved 1077248K
  class space    used 3464K, capacity 3633K, committed 3708K, reserved 1048576K
}
2018-11-12T14:38:20.679+0100: 235.893: Total time for which application threads were stopped: 0.0037866 seconds, Stopping threads took: 0.0000267 seconds
{Heap before GC invocations=38 (full 1):
 par new generation   total 109248K, used 98485K [0x00000000e0000000, 0x00000000e8000000, 0x00000000e8000000)
  eden space 87424K, 100% used [0x00000000e0000000, 0x00000000e5560000, 0x00000000e5560000)
  from space 21824K,  50% used [0x00000000e5560000, 0x00000000e602d490, 0x00000000e6ab0000)
  to   space 21824K,   0% used [0x00000000e6ab0000, 0x00000000e6ab0000, 0x00000000e8000000)
 concurrent mark-sweep generation total 393216K, used 147647K [0x00000000e8000000, 0x0000000100000000, 0x0000000100000000)
 Metaspace       used 29855K, capacity 30402K, committed 30844K, reserved 1077248K
  class space    used 3464K, capacity 3633K, committed 3708K, reserved 1048576K
2018-11-12T14:38:21.024+0100: 236.239: [GC (Allocation Failure) 2018-11-12T14:38:21.024+0100: 236.239: [ParNew
Desired survivor size 20112992 bytes, new threshold 8 (max 8)
- age   1:     785336 bytes,     785336 total
- age   2:    3678088 bytes,    4463424 total
- age   3:    1214320 bytes,    5677744 total
- age   4:     528664 bytes,    6206408 total
- age   5:     528392 bytes,    6734800 total
- age   6:     489784 bytes,    7224584 total
- age   7:     554448 bytes,    7779032 total
- age   8:     838168 bytes,    8617200 total
: 98485K->10578K(109248K), 0.0036970 secs] 246132K->159760K(502464K), 0.0037815 secs] [Times: user=0.00 sys=0.00, real=0.00 secs] 
Heap after GC invocations=39 (full 1):
 par new generation   total 109248K, used 10578K [0x00000000e0000000, 0x00000000e8000000, 0x00000000e8000000)
  eden space 87424K,   0% used [0x00000000e0000000, 0x00000000e0000000, 0x00000000e5560000)
  from space 21824K,  48% used [0x00000000e6ab0000, 0x00000000e7504ba8, 0x00000000e8000000)
  to   space 21824K,   0% used [0x00000000e5560000, 0x00000000e5560000, 0x00000000e6ab0000)
 concurrent mark-sweep generation total 393216K, used 149181K [0x00000000e8000000, 0x0000000100000000, 0x0000000100000000)
 Metaspace       used 29855K, capacity 30402K, committed 30844K, reserved 1077248K
  class space    used 3464K, capacity 3633K, committed 3708K, reserved 1048576K
}
2018-11-12T14:38:21.028+0100: 236.243: Total time for which application threads were stopped: 0.0040141 seconds, Stopping threads took: 0.0000239 seconds
{Heap before GC invocations=39 (full 1):
 par new generation   total 109248K, used 98002K [0x00000000e0000000, 0x00000000e8000000, 0x00000000e8000000)
  eden space 87424K, 100% used [0x00000000e0000000, 0x00000000e5560000, 0x00000000e5560000)
  from space 21824K,  48% used [0x00000000e6ab0000, 0x00000000e7504ba8, 0x00000000e8000000)
  to   space 21824K,   0% used [0x00000000e5560000, 0x00000000e5560000, 0x00000000e6ab0000)
 concurrent mark-sweep generation total 393216K, used 149181K [0x00000000e8000000, 0x0000000100000000, 0x0000000100000000)
 Metaspace       used 29950K, capacity 30470K, committed 30844K, reserved 1077248K
  class space    used 3464K, capacity 3633K, committed 3708K, reserved 1048576K
2018-11-12T14:38:21.395+0100: 236.609: [GC (Allocation Failure) 2018-11-12T14:38:21.395+0100: 236.609: [ParNew
Desired survivor size 20112992 bytes, new threshold 8 (max 8)
- age   1:    1698808 bytes,    1698808 total
- age   2:     590760 bytes,    2289568 total
- age   3:    3678088 bytes,    5967656 total
- age   4:     572176 bytes,    6539832 total
- age   5:     528664 bytes,    7068496 total
- age   6:     528392 bytes,    7596888 total
- age   7:     489784 bytes,    8086672 total
- age   8:     554448 bytes,    8641120 total
: 98002K->10103K(109248K), 0.0065735 secs] 247184K->160103K(502464K), 0.0068804 secs] [Times: user=0.00 sys=0.00, real=0.01 secs] 
Heap after GC invocations=40 (full 1):
 par new generation   total 109248K, used 10103K [0x00000000e0000000, 0x00000000e8000000, 0x00000000e8000000)
  eden space 87424K,   0% used [0x00000000e0000000, 0x00000000e0000000, 0x00000000e5560000)
  from space 21824K,  46% used [0x00000000e5560000, 0x00000000e5f3dce0, 0x00000000e6ab0000)
  to   space 21824K,   0% used [0x00000000e6ab0000, 0x00000000e6ab0000, 0x00000000e8000000)
 concurrent mark-sweep generation total 393216K, used 150000K [0x00000000e8000000, 0x0000000100000000, 0x0000000100000000)
 Metaspace       used 29950K, capacity 30470K, committed 30844K, reserved 1077248K
  class space    used 3464K, capacity 3633K, committed 3708K, reserved 1048576K
}
2018-11-12T14:38:21.402+0100: 236.616: Total time for which application threads were stopped: 0.0073768 seconds, Stopping threads took: 0.0001382 seconds
{Heap before GC invocations=40 (full 1):
 par new generation   total 109248K, used 97527K [0x00000000e0000000, 0x00000000e8000000, 0x00000000e8000000)
  eden space 87424K, 100% used [0x00000000e0000000, 0x00000000e5560000, 0x00000000e5560000)
  from space 21824K,  46% used [0x00000000e5560000, 0x00000000e5f3dce0, 0x00000000e6ab0000)
  to   space 21824K,   0% used [0x00000000e6ab0000, 0x00000000e6ab0000, 0x00000000e8000000)
 concurrent mark-sweep generation total 393216K, used 150000K [0x00000000e8000000, 0x0000000100000000, 0x0000000100000000)
 Metaspace       used 29951K, capacity 30470K, committed 30844K, reserved 1077248K
  class space    used 3464K, capacity 3633K, committed 3708K, reserved 1048576K
2018-11-12T14:38:21.643+0100: 236.857: [GC (Allocation Failure) 2018-11-12T14:38:21.643+0100: 236.857: [ParNew
Desired survivor size 20112992 bytes, new threshold 8 (max 8)
- age   1:    4997104 bytes,    4997104 total
- age   2:    1257888 bytes,    6254992 total
- age   3:     590760 bytes,    6845752 total
- age   4:     533256 bytes,    7379008 total
- age   5:     572176 bytes,    7951184 total
- age   6:     528664 bytes,    8479848 total
- age   7:     528392 bytes,    9008240 total
- age   8:     489784 bytes,    9498024 total
: 97527K->11810K(109248K), 0.0038684 secs] 247527K->162352K(502464K), 0.0039529 secs] [Times: user=0.06 sys=0.00, real=0.00 secs] 
Heap after GC invocations=41 (full 1):
 par new generation   total 109248K, used 11810K [0x00000000e0000000, 0x00000000e8000000, 0x00000000e8000000)
  eden space 87424K,   0% used [0x00000000e0000000, 0x00000000e0000000, 0x00000000e5560000)
  from space 21824K,  54% used [0x00000000e6ab0000, 0x00000000e76388b8, 0x00000000e8000000)
  to   space 21824K,   0% used [0x00000000e5560000, 0x00000000e5560000, 0x00000000e6ab0000)
 concurrent mark-sweep generation total 393216K, used 150542K [0x00000000e8000000, 0x0000000100000000, 0x0000000100000000)
 Metaspace       used 29951K, capacity 30470K, committed 30844K, reserved 1077248K
  class space    used 3464K, capacity 3633K, committed 3708K, reserved 1048576K
}
2018-11-12T14:38:21.647+0100: 236.861: Total time for which application threads were stopped: 0.0041455 seconds, Stopping threads took: 0.0000325 seconds
{Heap before GC invocations=41 (full 1):
 par new generation   total 109248K, used 99234K [0x00000000e0000000, 0x00000000e8000000, 0x00000000e8000000)
  eden space 87424K, 100% used [0x00000000e0000000, 0x00000000e5560000, 0x00000000e5560000)
  from space 21824K,  54% used [0x00000000e6ab0000, 0x00000000e76388b8, 0x00000000e8000000)
  to   space 21824K,   0% used [0x00000000e5560000, 0x00000000e5560000, 0x00000000e6ab0000)
 concurrent mark-sweep generation total 393216K, used 150542K [0x00000000e8000000, 0x0000000100000000, 0x0000000100000000)
 Metaspace       used 29951K, capacity 30470K, committed 30844K, reserved 1077248K
  class space    used 3464K, capacity 3633K, committed 3708K, reserved 1048576K
2018-11-12T14:38:21.859+0100: 237.073: [GC (Allocation Failure) 2018-11-12T14:38:21.859+0100: 237.073: [ParNew
Desired survivor size 20112992 bytes, new threshold 8 (max 8)
- age   1:    1014576 bytes,    1014576 total
- age   2:    4588240 bytes,    5602816 total
- age   3:    1257888 bytes,    6860704 total
- age   4:     574024 bytes,    7434728 total
- age   5:     533256 bytes,    7967984 total
- age   6:     572176 bytes,    8540160 total
- age   7:     528664 bytes,    9068824 total
- age   8:     528392 bytes,    9597216 total
: 99234K->11247K(109248K), 0.0036871 secs] 249776K->162268K(502464K), 0.0038307 secs] [Times: user=0.00 sys=0.00, real=0.00 secs] 
Heap after GC invocations=42 (full 1):
 par new generation   total 109248K, used 11247K [0x00000000e0000000, 0x00000000e8000000, 0x00000000e8000000)
  eden space 87424K,   0% used [0x00000000e0000000, 0x00000000e0000000, 0x00000000e5560000)
  from space 21824K,  51% used [0x00000000e5560000, 0x00000000e605bd50, 0x00000000e6ab0000)
  to   space 21824K,   0% used [0x00000000e6ab0000, 0x00000000e6ab0000, 0x00000000e8000000)
 concurrent mark-sweep generation total 393216K, used 151020K [0x00000000e8000000, 0x0000000100000000, 0x0000000100000000)
 Metaspace       used 29951K, capacity 30470K, committed 30844K, reserved 1077248K
  class space    used 3464K, capacity 3633K, committed 3708K, reserved 1048576K
}
2018-11-12T14:38:21.863+0100: 237.077: Total time for which application threads were stopped: 0.0040463 seconds, Stopping threads took: 0.0000356 seconds
{Heap before GC invocations=42 (full 1):
 par new generation   total 109248K, used 98671K [0x00000000e0000000, 0x00000000e8000000, 0x00000000e8000000)
  eden space 87424K, 100% used [0x00000000e0000000, 0x00000000e5560000, 0x00000000e5560000)
  from space 21824K,  51% used [0x00000000e5560000, 0x00000000e605bd50, 0x00000000e6ab0000)
  to   space 21824K,   0% used [0x00000000e6ab0000, 0x00000000e6ab0000, 0x00000000e8000000)
 concurrent mark-sweep generation total 393216K, used 151020K [0x00000000e8000000, 0x0000000100000000, 0x0000000100000000)
 Metaspace       used 29960K, capacity 30470K, committed 30844K, reserved 1077248K
  class space    used 3464K, capacity 3633K, committed 3708K, reserved 1048576K
2018-11-12T14:38:22.130+0100: 237.344: [GC (Allocation Failure) 2018-11-12T14:38:22.130+0100: 237.344: [ParNew
Desired survivor size 20112992 bytes, new threshold 8 (max 8)
- age   1:    1813112 bytes,    1813112 total
- age   2:     584456 bytes,    2397568 total
- age   3:    4588240 bytes,    6985808 total
- age   4:     535496 bytes,    7521304 total
- age   5:     572552 bytes,    8093856 total
- age   6:     533256 bytes,    8627112 total
- age   7:     572176 bytes,    9199288 total
- age   8:     528664 bytes,    9727952 total
: 98671K->11637K(109248K), 0.0033330 secs] 249692K->163174K(502464K), 0.0034127 secs] [Times: user=0.00 sys=0.00, real=0.00 secs] 
Heap after GC invocations=43 (full 1):
 par new generation   total 109248K, used 11637K [0x00000000e0000000, 0x00000000e8000000, 0x00000000e8000000)
  eden space 87424K,   0% used [0x00000000e0000000, 0x00000000e0000000, 0x00000000e5560000)
  from space 21824K,  53% used [0x00000000e6ab0000, 0x00000000e760d760, 0x00000000e8000000)
  to   space 21824K,   0% used [0x00000000e5560000, 0x00000000e5560000, 0x00000000e6ab0000)
 concurrent mark-sweep generation total 393216K, used 151536K [0x00000000e8000000, 0x0000000100000000, 0x0000000100000000)
 Metaspace       used 29960K, capacity 30470K, committed 30844K, reserved 1077248K
  class space    used 3464K, capacity 3633K, committed 3708K, reserved 1048576K
}
2018-11-12T14:38:22.133+0100: 237.348: Total time for which application threads were stopped: 0.0036060 seconds, Stopping threads took: 0.0000359 seconds
{Heap before GC invocations=43 (full 1):
 par new generation   total 109248K, used 99061K [0x00000000e0000000, 0x00000000e8000000, 0x00000000e8000000)
  eden space 87424K, 100% used [0x00000000e0000000, 0x00000000e5560000, 0x00000000e5560000)
  from space 21824K,  53% used [0x00000000e6ab0000, 0x00000000e760d760, 0x00000000e8000000)
  to   space 21824K,   0% used [0x00000000e5560000, 0x00000000e5560000, 0x00000000e6ab0000)
 concurrent mark-sweep generation total 393216K, used 151536K [0x00000000e8000000, 0x0000000100000000, 0x0000000100000000)
 Metaspace       used 29962K, capacity 30470K, committed 30844K, reserved 1077248K
  class space    used 3464K, capacity 3633K, committed 3708K, reserved 1048576K
2018-11-12T14:38:22.399+0100: 237.613: [GC (Allocation Failure) 2018-11-12T14:38:22.399+0100: 237.613: [ParNew
Desired survivor size 20112992 bytes, new threshold 8 (max 8)
- age   1:    4582576 bytes,    4582576 total
- age   2:    1337912 bytes,    5920488 total
- age   3:     584456 bytes,    6504944 total
- age   4:     770912 bytes,    7275856 total
- age   5:     535496 bytes,    7811352 total
- age   6:     572552 bytes,    8383904 total
- age   7:     533256 bytes,    8917160 total
- age   8:     572176 bytes,    9489336 total
: 99061K->11686K(109248K), 0.0035037 secs] 250598K->163740K(502464K), 0.0035841 secs] [Times: user=0.00 sys=0.00, real=0.00 secs] 
Heap after GC invocations=44 (full 1):
 par new generation   total 109248K, used 11686K [0x00000000e0000000, 0x00000000e8000000, 0x00000000e8000000)
  eden space 87424K,   0% used [0x00000000e0000000, 0x00000000e0000000, 0x00000000e5560000)
  from space 21824K,  53% used [0x00000000e5560000, 0x00000000e60c9a70, 0x00000000e6ab0000)
  to   space 21824K,   0% used [0x00000000e6ab0000, 0x00000000e6ab0000, 0x00000000e8000000)
 concurrent mark-sweep generation total 393216K, used 152053K [0x00000000e8000000, 0x0000000100000000, 0x0000000100000000)
 Metaspace       used 29962K, capacity 30470K, committed 30844K, reserved 1077248K
  class space    used 3464K, capacity 3633K, committed 3708K, reserved 1048576K
}
2018-11-12T14:38:22.403+0100: 237.617: Total time for which application threads were stopped: 0.0037719 seconds, Stopping threads took: 0.0000322 seconds
{Heap before GC invocations=44 (full 1):
 par new generation   total 109248K, used 99110K [0x00000000e0000000, 0x00000000e8000000, 0x00000000e8000000)
  eden space 87424K, 100% used [0x00000000e0000000, 0x00000000e5560000, 0x00000000e5560000)
  from space 21824K,  53% used [0x00000000e5560000, 0x00000000e60c9a70, 0x00000000e6ab0000)
  to   space 21824K,   0% used [0x00000000e6ab0000, 0x00000000e6ab0000, 0x00000000e8000000)
 concurrent mark-sweep generation total 393216K, used 152053K [0x00000000e8000000, 0x0000000100000000, 0x0000000100000000)
 Metaspace       used 29962K, capacity 30470K, committed 30844K, reserved 1077248K
  class space    used 3464K, capacity 3633K, committed 3708K, reserved 1048576K
2018-11-12T14:38:22.648+0100: 237.862: [GC (Allocation Failure) 2018-11-12T14:38:22.649+0100: 237.862: [ParNew
Desired survivor size 20112992 bytes, new threshold 8 (max 8)
- age   1:     958016 bytes,     958016 total
- age   2:    4783720 bytes,    5741736 total
- age   3:    1337912 bytes,    7079648 total
- age   4:     584456 bytes,    7664104 total
- age   5:     770912 bytes,    8435016 total
- age   6:     535496 bytes,    8970512 total
- age   7:     572552 bytes,    9543064 total
- age   8:     533256 bytes,   10076320 total
: 99110K->11097K(109248K), 0.0044695 secs] 251164K->163709K(502464K), 0.0045783 secs] [Times: user=0.00 sys=0.00, real=0.01 secs] 
Heap after GC invocations=45 (full 1):
 par new generation   total 109248K, used 11097K [0x00000000e0000000, 0x00000000e8000000, 0x00000000e8000000)
  eden space 87424K,   0% used [0x00000000e0000000, 0x00000000e0000000, 0x00000000e5560000)
  from space 21824K,  50% used [0x00000000e6ab0000, 0x00000000e7586608, 0x00000000e8000000)
  to   space 21824K,   0% used [0x00000000e5560000, 0x00000000e5560000, 0x00000000e6ab0000)
 concurrent mark-sweep generation total 393216K, used 152612K [0x00000000e8000000, 0x0000000100000000, 0x0000000100000000)
 Metaspace       used 29962K, capacity 30470K, committed 30844K, reserved 1077248K
  class space    used 3464K, capacity 3633K, committed 3708K, reserved 1048576K
}
2018-11-12T14:38:22.653+0100: 237.867: Total time for which application threads were stopped: 0.0047743 seconds, Stopping threads took: 0.0000250 seconds
{Heap before GC invocations=45 (full 1):
 par new generation   total 109248K, used 98521K [0x00000000e0000000, 0x00000000e8000000, 0x00000000e8000000)
  eden space 87424K, 100% used [0x00000000e0000000, 0x00000000e5560000, 0x00000000e5560000)
  from space 21824K,  50% used [0x00000000e6ab0000, 0x00000000e7586608, 0x00000000e8000000)
  to   space 21824K,   0% used [0x00000000e5560000, 0x00000000e5560000, 0x00000000e6ab0000)
 concurrent mark-sweep generation total 393216K, used 152612K [0x00000000e8000000, 0x0000000100000000, 0x0000000100000000)
 Metaspace       used 29965K, capacity 30470K, committed 30844K, reserved 1077248K
  class space    used 3464K, capacity 3633K, committed 3708K, reserved 1048576K
2018-11-12T14:38:22.901+0100: 238.115: [GC (Allocation Failure) 2018-11-12T14:38:22.901+0100: 238.116: [ParNew
Desired survivor size 20112992 bytes, new threshold 8 (max 8)
- age   1:    1260672 bytes,    1260672 total
- age   2:     529280 bytes,    1789952 total
- age   3:    4783720 bytes,    6573672 total
- age   4:    1336320 bytes,    7909992 total
- age   5:     565640 bytes,    8475632 total
- age   6:     573184 bytes,    9048816 total
- age   7:     535496 bytes,    9584312 total
- age   8:     572552 bytes,   10156864 total
: 98521K->10777K(109248K), 0.0044377 secs] 251133K->163910K(502464K), 0.0045208 secs] [Times: user=0.00 sys=0.00, real=0.00 secs] 
Heap after GC invocations=46 (full 1):
 par new generation   total 109248K, used 10777K [0x00000000e0000000, 0x00000000e8000000, 0x00000000e8000000)
  eden space 87424K,   0% used [0x00000000e0000000, 0x00000000e0000000, 0x00000000e5560000)
  from space 21824K,  49% used [0x00000000e5560000, 0x00000000e5fe6608, 0x00000000e6ab0000)
  to   space 21824K,   0% used [0x00000000e6ab0000, 0x00000000e6ab0000, 0x00000000e8000000)
 concurrent mark-sweep generation total 393216K, used 153133K [0x00000000e8000000, 0x0000000100000000, 0x0000000100000000)
 Metaspace       used 29965K, capacity 30470K, committed 30844K, reserved 1077248K
  class space    used 3464K, capacity 3633K, committed 3708K, reserved 1048576K
}
2018-11-12T14:38:22.906+0100: 238.120: Total time for which application threads were stopped: 0.0047302 seconds, Stopping threads took: 0.0000263 seconds
{Heap before GC invocations=46 (full 1):
 par new generation   total 109248K, used 98201K [0x00000000e0000000, 0x00000000e8000000, 0x00000000e8000000)
  eden space 87424K, 100% used [0x00000000e0000000, 0x00000000e5560000, 0x00000000e5560000)
  from space 21824K,  49% used [0x00000000e5560000, 0x00000000e5fe6608, 0x00000000e6ab0000)
  to   space 21824K,   0% used [0x00000000e6ab0000, 0x00000000e6ab0000, 0x00000000e8000000)
 concurrent mark-sweep generation total 393216K, used 153133K [0x00000000e8000000, 0x0000000100000000, 0x0000000100000000)
 Metaspace       used 29965K, capacity 30470K, committed 30844K, reserved 1077248K
  class space    used 3464K, capacity 3633K, committed 3708K, reserved 1048576K
2018-11-12T14:38:23.155+0100: 238.370: [GC (Allocation Failure) 2018-11-12T14:38:23.155+0100: 238.370: [ParNew
Desired survivor size 20112992 bytes, new threshold 8 (max 8)
- age   1:    3940168 bytes,    3940168 total
- age   2:     842280 bytes,    4782448 total
- age   3:     529280 bytes,    5311728 total
- age   4:    4783720 bytes,   10095448 total
- age   5:     523544 bytes,   10618992 total
- age   6:     565640 bytes,   11184632 total
- age   7:     573184 bytes,   11757816 total
- age   8:     535496 bytes,   12293312 total
: 98201K->13996K(109248K), 0.0037678 secs] 251334K->167689K(502464K), 0.0038554 secs] [Times: user=0.06 sys=0.00, real=0.00 secs] 
Heap after GC invocations=47 (full 1):
 par new generation   total 109248K, used 13996K [0x00000000e0000000, 0x00000000e8000000, 0x00000000e8000000)
  eden space 87424K,   0% used [0x00000000e0000000, 0x00000000e0000000, 0x00000000e5560000)
  from space 21824K,  64% used [0x00000000e6ab0000, 0x00000000e785b2f8, 0x00000000e8000000)
  to   space 21824K,   0% used [0x00000000e5560000, 0x00000000e5560000, 0x00000000e6ab0000)
 concurrent mark-sweep generation total 393216K, used 153693K [0x00000000e8000000, 0x0000000100000000, 0x0000000100000000)
 Metaspace       used 29965K, capacity 30470K, committed 30844K, reserved 1077248K
  class space    used 3464K, capacity 3633K, committed 3708K, reserved 1048576K
}
2018-11-12T14:38:23.159+0100: 238.374: Total time for which application threads were stopped: 0.0040367 seconds, Stopping threads took: 0.0000274 seconds
{Heap before GC invocations=47 (full 1):
 par new generation   total 109248K, used 101420K [0x00000000e0000000, 0x00000000e8000000, 0x00000000e8000000)
  eden space 87424K, 100% used [0x00000000e0000000, 0x00000000e5560000, 0x00000000e5560000)
  from space 21824K,  64% used [0x00000000e6ab0000, 0x00000000e785b2f8, 0x00000000e8000000)
  to   space 21824K,   0% used [0x00000000e5560000, 0x00000000e5560000, 0x00000000e6ab0000)
 concurrent mark-sweep generation total 393216K, used 153693K [0x00000000e8000000, 0x0000000100000000, 0x0000000100000000)
 Metaspace       used 29966K, capacity 30470K, committed 30844K, reserved 1077248K
  class space    used 3464K, capacity 3633K, committed 3708K, reserved 1048576K
2018-11-12T14:38:23.413+0100: 238.627: [GC (Allocation Failure) 2018-11-12T14:38:23.413+0100: 238.627: [ParNew
Desired survivor size 20112992 bytes, new threshold 8 (max 8)
- age   1:    5161584 bytes,    5161584 total
- age   2:    3506736 bytes,    8668320 total
- age   3:     842280 bytes,    9510600 total
- age   4:     529280 bytes,   10039880 total
- age   5:     489208 bytes,   10529088 total
- age   6:     523544 bytes,   11052632 total
- age   7:     565640 bytes,   11618272 total
- age   8:     573184 bytes,   12191456 total
: 101420K->13913K(109248K), 0.0039149 secs] 255113K->168129K(502464K), 0.0039980 secs] [Times: user=0.00 sys=0.00, real=0.00 secs] 
Heap after GC invocations=48 (full 1):
 par new generation   total 109248K, used 13913K [0x00000000e0000000, 0x00000000e8000000, 0x00000000e8000000)
  eden space 87424K,   0% used [0x00000000e0000000, 0x00000000e0000000, 0x00000000e5560000)
  from space 21824K,  63% used [0x00000000e5560000, 0x00000000e62f64d0, 0x00000000e6ab0000)
  to   space 21824K,   0% used [0x00000000e6ab0000, 0x00000000e6ab0000, 0x00000000e8000000)
 concurrent mark-sweep generation total 393216K, used 154216K [0x00000000e8000000, 0x0000000100000000, 0x0000000100000000)
 Metaspace       used 29966K, capacity 30470K, committed 30844K, reserved 1077248K
  class space    used 3464K, capacity 3633K, committed 3708K, reserved 1048576K
}
2018-11-12T14:38:23.417+0100: 238.631: Total time for which application threads were stopped: 0.0041797 seconds, Stopping threads took: 0.0000291 seconds
{Heap before GC invocations=48 (full 1):
 par new generation   total 109248K, used 101337K [0x00000000e0000000, 0x00000000e8000000, 0x00000000e8000000)
  eden space 87424K, 100% used [0x00000000e0000000, 0x00000000e5560000, 0x00000000e5560000)
  from space 21824K,  63% used [0x00000000e5560000, 0x00000000e62f64d0, 0x00000000e6ab0000)
  to   space 21824K,   0% used [0x00000000e6ab0000, 0x00000000e6ab0000, 0x00000000e8000000)
 concurrent mark-sweep generation total 393216K, used 154216K [0x00000000e8000000, 0x0000000100000000, 0x0000000100000000)
 Metaspace       used 29973K, capacity 30470K, committed 30844K, reserved 1077248K
  class space    used 3464K, capacity 3633K, committed 3708K, reserved 1048576K
2018-11-12T14:38:23.678+0100: 238.892: [GC (Allocation Failure) 2018-11-12T14:38:23.678+0100: 238.892: [ParNew
Desired survivor size 20112992 bytes, new threshold 8 (max 8)
- age   1:    1021408 bytes,    1021408 total
- age   2:    4718112 bytes,    5739520 total
- age   3:    3506736 bytes,    9246256 total
- age   4:     842280 bytes,   10088536 total
- age   5:     529280 bytes,   10617816 total
- age   6:     489208 bytes,   11107024 total
- age   7:     523544 bytes,   11630568 total
- age   8:     565640 bytes,   12196208 total
: 101337K->13067K(109248K), 0.0039245 secs] 255553K->167844K(502464K), 0.0040141 secs] [Times: user=0.00 sys=0.00, real=0.00 secs] 
Heap after GC invocations=49 (full 1):
 par new generation   total 109248K, used 13067K [0x00000000e0000000, 0x00000000e8000000, 0x00000000e8000000)
  eden space 87424K,   0% used [0x00000000e0000000, 0x00000000e0000000, 0x00000000e5560000)
  from space 21824K,  59% used [0x00000000e6ab0000, 0x00000000e7772f10, 0x00000000e8000000)
  to   space 21824K,   0% used [0x00000000e5560000, 0x00000000e5560000, 0x00000000e6ab0000)
 concurrent mark-sweep generation total 393216K, used 154776K [0x00000000e8000000, 0x0000000100000000, 0x0000000100000000)
 Metaspace       used 29973K, capacity 30470K, committed 30844K, reserved 1077248K
  class space    used 3464K, capacity 3633K, committed 3708K, reserved 1048576K
}
2018-11-12T14:38:23.682+0100: 238.896: Total time for which application threads were stopped: 0.0042399 seconds, Stopping threads took: 0.0000352 seconds
{Heap before GC invocations=49 (full 1):
 par new generation   total 109248K, used 100491K [0x00000000e0000000, 0x00000000e8000000, 0x00000000e8000000)
  eden space 87424K, 100% used [0x00000000e0000000, 0x00000000e5560000, 0x00000000e5560000)
  from space 21824K,  59% used [0x00000000e6ab0000, 0x00000000e7772f10, 0x00000000e8000000)
  to   space 21824K,   0% used [0x00000000e5560000, 0x00000000e5560000, 0x00000000e6ab0000)
 concurrent mark-sweep generation total 393216K, used 154776K [0x00000000e8000000, 0x0000000100000000, 0x0000000100000000)
 Metaspace       used 30242K, capacity 30726K, committed 31100K, reserved 1077248K
  class space    used 3464K, capacity 3633K, committed 3708K, reserved 1048576K
2018-11-12T14:38:23.961+0100: 239.175: [GC (Allocation Failure) 2018-11-12T14:38:23.961+0100: 239.175: [ParNew
Desired survivor size 20112992 bytes, new threshold 8 (max 8)
- age   1:     946896 bytes,     946896 total
- age   2:     530776 bytes,    1477672 total
- age   3:    5322016 bytes,    6799688 total
- age   4:    3506736 bytes,   10306424 total
- age   5:     842280 bytes,   11148704 total
- age   6:     529280 bytes,   11677984 total
- age   7:     489208 bytes,   12167192 total
- age   8:     523544 bytes,   12690736 total
: 100491K->13850K(109248K), 0.0038150 secs] 255268K->169179K(502464K), 0.0038999 secs] [Times: user=0.00 sys=0.00, real=0.00 secs] 
Heap after GC invocations=50 (full 1):
 par new generation   total 109248K, used 13850K [0x00000000e0000000, 0x00000000e8000000, 0x00000000e8000000)
  eden space 87424K,   0% used [0x00000000e0000000, 0x00000000e0000000, 0x00000000e5560000)
  from space 21824K,  63% used [0x00000000e5560000, 0x00000000e62e6b40, 0x00000000e6ab0000)
  to   space 21824K,   0% used [0x00000000e6ab0000, 0x00000000e6ab0000, 0x00000000e8000000)
 concurrent mark-sweep generation total 393216K, used 155329K [0x00000000e8000000, 0x0000000100000000, 0x0000000100000000)
 Metaspace       used 30242K, capacity 30726K, committed 31100K, reserved 1077248K
  class space    used 3464K, capacity 3633K, committed 3708K, reserved 1048576K
}
2018-11-12T14:38:23.965+0100: 239.179: Total time for which application threads were stopped: 0.0041140 seconds, Stopping threads took: 0.0000253 seconds
{Heap before GC invocations=50 (full 1):
 par new generation   total 109248K, used 101274K [0x00000000e0000000, 0x00000000e8000000, 0x00000000e8000000)
  eden space 87424K, 100% used [0x00000000e0000000, 0x00000000e5560000, 0x00000000e5560000)
  from space 21824K,  63% used [0x00000000e5560000, 0x00000000e62e6b40, 0x00000000e6ab0000)
  to   space 21824K,   0% used [0x00000000e6ab0000, 0x00000000e6ab0000, 0x00000000e8000000)
 concurrent mark-sweep generation total 393216K, used 155329K [0x00000000e8000000, 0x0000000100000000, 0x0000000100000000)
 Metaspace       used 30242K, capacity 30726K, committed 31100K, reserved 1077248K
  class space    used 3464K, capacity 3633K, committed 3708K, reserved 1048576K
2018-11-12T14:38:24.236+0100: 239.450: [GC (Allocation Failure) 2018-11-12T14:38:24.236+0100: 239.450: [ParNew
Desired survivor size 20112992 bytes, new threshold 8 (max 8)
- age   1:    1092752 bytes,    1092752 total
- age   2:     550408 bytes,    1643160 total
- age   3:     530776 bytes,    2173936 total
- age   4:    4718112 bytes,    6892048 total
- age   5:    3506680 bytes,   10398728 total
- age   6:     596792 bytes,   10995520 total
- age   7:     529280 bytes,   11524800 total
- age   8:     489208 bytes,   12014008 total
: 101274K->13926K(109248K), 0.0041530 secs] 256603K->169766K(502464K), 0.0042454 secs] [Times: user=0.06 sys=0.00, real=0.00 secs] 
Heap after GC invocations=51 (full 1):
 par new generation   total 109248K, used 13926K [0x00000000e0000000, 0x00000000e8000000, 0x00000000e8000000)
  eden space 87424K,   0% used [0x00000000e0000000, 0x00000000e0000000, 0x00000000e5560000)
  from space 21824K,  63% used [0x00000000e6ab0000, 0x00000000e78498f8, 0x00000000e8000000)
  to   space 21824K,   0% used [0x00000000e5560000, 0x00000000e5560000, 0x00000000e6ab0000)
 concurrent mark-sweep generation total 393216K, used 155840K [0x00000000e8000000, 0x0000000100000000, 0x0000000100000000)
 Metaspace       used 30242K, capacity 30726K, committed 31100K, reserved 1077248K
  class space    used 3464K, capacity 3633K, committed 3708K, reserved 1048576K
}
2018-11-12T14:38:24.241+0100: 239.455: Total time for which application threads were stopped: 0.0044613 seconds, Stopping threads took: 0.0000270 seconds
{Heap before GC invocations=51 (full 1):
 par new generation   total 109248K, used 101350K [0x00000000e0000000, 0x00000000e8000000, 0x00000000e8000000)
  eden space 87424K, 100% used [0x00000000e0000000, 0x00000000e5560000, 0x00000000e5560000)
  from space 21824K,  63% used [0x00000000e6ab0000, 0x00000000e78498f8, 0x00000000e8000000)
  to   space 21824K,   0% used [0x00000000e5560000, 0x00000000e5560000, 0x00000000e6ab0000)
 concurrent mark-sweep generation total 393216K, used 155840K [0x00000000e8000000, 0x0000000100000000, 0x0000000100000000)
 Metaspace       used 30247K, capacity 30726K, committed 31100K, reserved 1077248K
  class space    used 3464K, capacity 3633K, committed 3708K, reserved 1048576K
2018-11-12T14:38:24.498+0100: 239.713: [GC (Allocation Failure) 2018-11-12T14:38:24.498+0100: 239.713: [ParNew
Desired survivor size 20112992 bytes, new threshold 8 (max 8)
- age   1:    2707144 bytes,    2707144 total
- age   2:     799024 bytes,    3506168 total
- age   3:     550408 bytes,    4056576 total
- age   4:     530776 bytes,    4587352 total
- age   5:    4718112 bytes,    9305464 total
- age   6:    2592376 bytes,   11897840 total
- age   7:     596792 bytes,   12494632 total
- age   8:     529280 bytes,   13023912 total
: 101350K->14405K(109248K), 0.0055109 secs] 257190K->170724K(502464K), 0.0056005 secs] [Times: user=0.06 sys=0.00, real=0.01 secs] 
Heap after GC invocations=52 (full 1):
 par new generation   total 109248K, used 14405K [0x00000000e0000000, 0x00000000e8000000, 0x00000000e8000000)
  eden space 87424K,   0% used [0x00000000e0000000, 0x00000000e0000000, 0x00000000e5560000)
  from space 21824K,  66% used [0x00000000e5560000, 0x00000000e6371660, 0x00000000e6ab0000)
  to   space 21824K,   0% used [0x00000000e6ab0000, 0x00000000e6ab0000, 0x00000000e8000000)
 concurrent mark-sweep generation total 393216K, used 156318K [0x00000000e8000000, 0x0000000100000000, 0x0000000100000000)
 Metaspace       used 30247K, capacity 30726K, committed 31100K, reserved 1077248K
  class space    used 3464K, capacity 3633K, committed 3708K, reserved 1048576K
}
2018-11-12T14:38:24.504+0100: 239.719: Total time for which application threads were stopped: 0.0058151 seconds, Stopping threads took: 0.0000257 seconds
{Heap before GC invocations=52 (full 1):
 par new generation   total 109248K, used 101829K [0x00000000e0000000, 0x00000000e8000000, 0x00000000e8000000)
  eden space 87424K, 100% used [0x00000000e0000000, 0x00000000e5560000, 0x00000000e5560000)
  from space 21824K,  66% used [0x00000000e5560000, 0x00000000e6371660, 0x00000000e6ab0000)
  to   space 21824K,   0% used [0x00000000e6ab0000, 0x00000000e6ab0000, 0x00000000e8000000)
 concurrent mark-sweep generation total 393216K, used 156318K [0x00000000e8000000, 0x0000000100000000, 0x0000000100000000)
 Metaspace       used 30248K, capacity 30726K, committed 31100K, reserved 1077248K
  class space    used 3464K, capacity 3633K, committed 3708K, reserved 1048576K
2018-11-12T14:38:24.745+0100: 239.959: [GC (Allocation Failure) 2018-11-12T14:38:24.745+0100: 239.960: [ParNew
Desired survivor size 20112992 bytes, new threshold 8 (max 8)
- age   1:    5699432 bytes,    5699432 total
- age   2:    2176904 bytes,    7876336 total
- age   3:     794912 bytes,    8671248 total
- age   4:     550408 bytes,    9221656 total
- age   5:     530776 bytes,    9752432 total
- age   6:     490736 bytes,   10243168 total
- age   7:    2592376 bytes,   12835544 total
- age   8:     596792 bytes,   13432336 total
: 101829K->14356K(109248K), 0.0039635 secs] 258148K->171192K(502464K), 0.0040429 secs] [Times: user=0.00 sys=0.00, real=0.00 secs] 
Heap after GC invocations=53 (full 1):
 par new generation   total 109248K, used 14356K [0x00000000e0000000, 0x00000000e8000000, 0x00000000e8000000)
  eden space 87424K,   0% used [0x00000000e0000000, 0x00000000e0000000, 0x00000000e5560000)
  from space 21824K,  65% used [0x00000000e6ab0000, 0x00000000e78b5290, 0x00000000e8000000)
  to   space 21824K,   0% used [0x00000000e5560000, 0x00000000e5560000, 0x00000000e6ab0000)
 concurrent mark-sweep generation total 393216K, used 156835K [0x00000000e8000000, 0x0000000100000000, 0x0000000100000000)
 Metaspace       used 30248K, capacity 30726K, committed 31100K, reserved 1077248K
  class space    used 3464K, capacity 3633K, committed 3708K, reserved 1048576K
}
2018-11-12T14:38:24.749+0100: 239.964: Total time for which application threads were stopped: 0.0042256 seconds, Stopping threads took: 0.0000335 seconds
{Heap before GC invocations=53 (full 1):
 par new generation   total 109248K, used 101780K [0x00000000e0000000, 0x00000000e8000000, 0x00000000e8000000)
  eden space 87424K, 100% used [0x00000000e0000000, 0x00000000e5560000, 0x00000000e5560000)
  from space 21824K,  65% used [0x00000000e6ab0000, 0x00000000e78b5290, 0x00000000e8000000)
  to   space 21824K,   0% used [0x00000000e5560000, 0x00000000e5560000, 0x00000000e6ab0000)
 concurrent mark-sweep generation total 393216K, used 156835K [0x00000000e8000000, 0x0000000100000000, 0x0000000100000000)
 Metaspace       used 30248K, capacity 30726K, committed 31100K, reserved 1077248K
  class space    used 3464K, capacity 3633K, committed 3708K, reserved 1048576K
2018-11-12T14:38:25.045+0100: 240.260: [GC (Allocation Failure) 2018-11-12T14:38:25.045+0100: 240.260: [ParNew
Desired survivor size 20112992 bytes, new threshold 8 (max 8)
- age   1:     948632 bytes,     948632 total
- age   2:    5283112 bytes,    6231744 total
- age   3:    2176904 bytes,    8408648 total
- age   4:     794856 bytes,    9203504 total
- age   5:     550408 bytes,    9753912 total
- age   6:     530776 bytes,   10284688 total
- age   7:     490736 bytes,   10775424 total
- age   8:    2592376 bytes,   13367800 total
: 101780K->17053K(109248K), 0.0048496 secs] 258616K->174472K(502464K), 0.0049652 secs] [Times: user=0.00 sys=0.03, real=0.00 secs] 
Heap after GC invocations=54 (full 1):
 par new generation   total 109248K, used 17053K [0x00000000e0000000, 0x00000000e8000000, 0x00000000e8000000)
  eden space 87424K,   0% used [0x00000000e0000000, 0x00000000e0000000, 0x00000000e5560000)
  from space 21824K,  78% used [0x00000000e5560000, 0x00000000e66076a8, 0x00000000e6ab0000)
  to   space 21824K,   0% used [0x00000000e6ab0000, 0x00000000e6ab0000, 0x00000000e8000000)
 concurrent mark-sweep generation total 393216K, used 157418K [0x00000000e8000000, 0x0000000100000000, 0x0000000100000000)
 Metaspace       used 30248K, capacity 30726K, committed 31100K, reserved 1077248K
  class space    used 3464K, capacity 3633K, committed 3708K, reserved 1048576K
}
2018-11-12T14:38:25.050+0100: 240.265: Total time for which application threads were stopped: 0.0052406 seconds, Stopping threads took: 0.0000452 seconds
{Heap before GC invocations=54 (full 1):
 par new generation   total 109248K, used 104477K [0x00000000e0000000, 0x00000000e8000000, 0x00000000e8000000)
  eden space 87424K, 100% used [0x00000000e0000000, 0x00000000e5560000, 0x00000000e5560000)
  from space 21824K,  78% used [0x00000000e5560000, 0x00000000e66076a8, 0x00000000e6ab0000)
  to   space 21824K,   0% used [0x00000000e6ab0000, 0x00000000e6ab0000, 0x00000000e8000000)
 concurrent mark-sweep generation total 393216K, used 157418K [0x00000000e8000000, 0x0000000100000000, 0x0000000100000000)
 Metaspace       used 30248K, capacity 30726K, committed 31100K, reserved 1077248K
  class space    used 3464K, capacity 3633K, committed 3708K, reserved 1048576K
2018-11-12T14:38:25.360+0100: 240.574: [GC (Allocation Failure) 2018-11-12T14:38:25.360+0100: 240.574: [ParNew
Desired survivor size 20112992 bytes, new threshold 8 (max 8)
- age   1:     952048 bytes,     952048 total
- age   2:     516344 bytes,    1468392 total
- age   3:    5283112 bytes,    6751504 total
- age   4:    2323840 bytes,    9075344 total
- age   5:     792840 bytes,    9868184 total
- age   6:     550408 bytes,   10418592 total
- age   7:     530776 bytes,   10949368 total
- age   8:     490736 bytes,   11440104 total
: 104477K->13247K(109248K), 0.0046573 secs] 261896K->173198K(502464K), 0.0047493 secs] [Times: user=0.06 sys=0.00, real=0.01 secs] 
Heap after GC invocations=55 (full 1):
 par new generation   total 109248K, used 13247K [0x00000000e0000000, 0x00000000e8000000, 0x00000000e8000000)
  eden space 87424K,   0% used [0x00000000e0000000, 0x00000000e0000000, 0x00000000e5560000)
  from space 21824K,  60% used [0x00000000e6ab0000, 0x00000000e779ff80, 0x00000000e8000000)
  to   space 21824K,   0% used [0x00000000e5560000, 0x00000000e5560000, 0x00000000e6ab0000)
 concurrent mark-sweep generation total 393216K, used 159950K [0x00000000e8000000, 0x0000000100000000, 0x0000000100000000)
 Metaspace       used 30248K, capacity 30726K, committed 31100K, reserved 1077248K
  class space    used 3464K, capacity 3633K, committed 3708K, reserved 1048576K
}
2018-11-12T14:38:25.365+0100: 240.578: Total time for which application threads were stopped: 0.0049673 seconds, Stopping threads took: 0.0000274 seconds
{Heap before GC invocations=55 (full 1):
 par new generation   total 109248K, used 100671K [0x00000000e0000000, 0x00000000e8000000, 0x00000000e8000000)
  eden space 87424K, 100% used [0x00000000e0000000, 0x00000000e5560000, 0x00000000e5560000)
  from space 21824K,  60% used [0x00000000e6ab0000, 0x00000000e779ff80, 0x00000000e8000000)
  to   space 21824K,   0% used [0x00000000e5560000, 0x00000000e5560000, 0x00000000e6ab0000)
 concurrent mark-sweep generation total 393216K, used 159950K [0x00000000e8000000, 0x0000000100000000, 0x0000000100000000)
 Metaspace       used 30248K, capacity 30726K, committed 31100K, reserved 1077248K
  class space    used 3464K, capacity 3633K, committed 3708K, reserved 1048576K
2018-11-12T14:38:25.641+0100: 240.856: [GC (Allocation Failure) 2018-11-12T14:38:25.641+0100: 240.856: [ParNew
Desired survivor size 20112992 bytes, new threshold 8 (max 8)
- age   1:     975440 bytes,     975440 total
- age   2:     538288 bytes,    1513728 total
- age   3:     516344 bytes,    2030072 total
- age   4:    5283112 bytes,    7313184 total
- age   5:    2176904 bytes,    9490088 total
- age   6:     768984 bytes,   10259072 total
- age   7:     550408 bytes,   10809480 total
- age   8:     530776 bytes,   11340256 total
: 100671K->12076K(109248K), 0.0034459 secs] 260622K->172506K(502464K), 0.0035328 secs] [Times: user=0.05 sys=0.00, real=0.00 secs] 
Heap after GC invocations=56 (full 1):
 par new generation   total 109248K, used 12076K [0x00000000e0000000, 0x00000000e8000000, 0x00000000e8000000)
  eden space 87424K,   0% used [0x00000000e0000000, 0x00000000e0000000, 0x00000000e5560000)
  from space 21824K,  55% used [0x00000000e5560000, 0x00000000e612b368, 0x00000000e6ab0000)
  to   space 21824K,   0% used [0x00000000e6ab0000, 0x00000000e6ab0000, 0x00000000e8000000)
 concurrent mark-sweep generation total 393216K, used 160429K [0x00000000e8000000, 0x0000000100000000, 0x0000000100000000)
 Metaspace       used 30248K, capacity 30726K, committed 31100K, reserved 1077248K
  class space    used 3464K, capacity 3633K, committed 3708K, reserved 1048576K
}
2018-11-12T14:38:25.644+0100: 240.859: Total time for which application threads were stopped: 0.0037404 seconds, Stopping threads took: 0.0000469 seconds
{Heap before GC invocations=56 (full 1):
 par new generation   total 109248K, used 99500K [0x00000000e0000000, 0x00000000e8000000, 0x00000000e8000000)
  eden space 87424K, 100% used [0x00000000e0000000, 0x00000000e5560000, 0x00000000e5560000)
  from space 21824K,  55% used [0x00000000e5560000, 0x00000000e612b368, 0x00000000e6ab0000)
  to   space 21824K,   0% used [0x00000000e6ab0000, 0x00000000e6ab0000, 0x00000000e8000000)
 concurrent mark-sweep generation total 393216K, used 160429K [0x00000000e8000000, 0x0000000100000000, 0x0000000100000000)
 Metaspace       used 30248K, capacity 30726K, committed 31100K, reserved 1077248K
  class space    used 3464K, capacity 3633K, committed 3708K, reserved 1048576K
2018-11-12T14:38:25.887+0100: 241.101: [GC (Allocation Failure) 2018-11-12T14:38:25.887+0100: 241.101: [ParNew
Desired survivor size 20112992 bytes, new threshold 8 (max 8)
- age   1:    2351408 bytes,    2351408 total
- age   2:     556960 bytes,    2908368 total
- age   3:     538288 bytes,    3446656 total
- age   4:     516344 bytes,    3963000 total
- age   5:    5283112 bytes,    9246112 total
- age   6:    1148304 bytes,   10394416 total
- age   7:     518728 bytes,   10913144 total
- age   8:     550408 bytes,   11463552 total
: 99500K->14493K(109248K), 0.0038920 secs] 259930K->175442K(502464K), 0.0039751 secs] [Times: user=0.00 sys=0.00, real=0.00 secs] 
Heap after GC invocations=57 (full 1):
 par new generation   total 109248K, used 14493K [0x00000000e0000000, 0x00000000e8000000, 0x00000000e8000000)
  eden space 87424K,   0% used [0x00000000e0000000, 0x00000000e0000000, 0x00000000e5560000)
  from space 21824K,  66% used [0x00000000e6ab0000, 0x00000000e78d7700, 0x00000000e8000000)
  to   space 21824K,   0% used [0x00000000e5560000, 0x00000000e5560000, 0x00000000e6ab0000)
 concurrent mark-sweep generation total 393216K, used 160948K [0x00000000e8000000, 0x0000000100000000, 0x0000000100000000)
 Metaspace       used 30248K, capacity 30726K, committed 31100K, reserved 1077248K
  class space    used 3464K, capacity 3633K, committed 3708K, reserved 1048576K
}
2018-11-12T14:38:25.891+0100: 241.105: Total time for which application threads were stopped: 0.0041602 seconds, Stopping threads took: 0.0000257 seconds
{Heap before GC invocations=57 (full 1):
 par new generation   total 109248K, used 101917K [0x00000000e0000000, 0x00000000e8000000, 0x00000000e8000000)
  eden space 87424K, 100% used [0x00000000e0000000, 0x00000000e5560000, 0x00000000e5560000)
  from space 21824K,  66% used [0x00000000e6ab0000, 0x00000000e78d7700, 0x00000000e8000000)
  to   space 21824K,   0% used [0x00000000e5560000, 0x00000000e5560000, 0x00000000e6ab0000)
 concurrent mark-sweep generation total 393216K, used 160948K [0x00000000e8000000, 0x0000000100000000, 0x0000000100000000)
 Metaspace       used 30248K, capacity 30726K, committed 31100K, reserved 1077248K
  class space    used 3464K, capacity 3633K, committed 3708K, reserved 1048576K
2018-11-12T14:38:26.135+0100: 241.349: [GC (Allocation Failure) 2018-11-12T14:38:26.135+0100: 241.349: [ParNew
Desired survivor size 20112992 bytes, new threshold 8 (max 8)
- age   1:    6316456 bytes,    6316456 total
- age   2:    1929072 bytes,    8245528 total
- age   3:     556960 bytes,    8802488 total
- age   4:     538288 bytes,    9340776 total
- age   5:     516288 bytes,    9857064 total
- age   6:     527320 bytes,   10384384 total
- age   7:    1148304 bytes,   11532688 total
- age   8:     518728 bytes,   12051416 total
: 101917K->15172K(109248K), 0.0038492 secs] 262866K->176658K(502464K), 0.0039423 secs] [Times: user=0.00 sys=0.00, real=0.00 secs] 
Heap after GC invocations=58 (full 1):
 par new generation   total 109248K, used 15172K [0x00000000e0000000, 0x00000000e8000000, 0x00000000e8000000)
  eden space 87424K,   0% used [0x00000000e0000000, 0x00000000e0000000, 0x00000000e5560000)
  from space 21824K,  69% used [0x00000000e5560000, 0x00000000e6431260, 0x00000000e6ab0000)
  to   space 21824K,   0% used [0x00000000e6ab0000, 0x00000000e6ab0000, 0x00000000e8000000)
 concurrent mark-sweep generation total 393216K, used 161485K [0x00000000e8000000, 0x0000000100000000, 0x0000000100000000)
 Metaspace       used 30248K, capacity 30726K, committed 31100K, reserved 1077248K
  class space    used 3464K, capacity 3633K, committed 3708K, reserved 1048576K
}
2018-11-12T14:38:26.139+0100: 241.353: Total time for which application threads were stopped: 0.0041503 seconds, Stopping threads took: 0.0000257 seconds
{Heap before GC invocations=58 (full 1):
 par new generation   total 109248K, used 102596K [0x00000000e0000000, 0x00000000e8000000, 0x00000000e8000000)
  eden space 87424K, 100% used [0x00000000e0000000, 0x00000000e5560000, 0x00000000e5560000)
  from space 21824K,  69% used [0x00000000e5560000, 0x00000000e6431260, 0x00000000e6ab0000)
  to   space 21824K,   0% used [0x00000000e6ab0000, 0x00000000e6ab0000, 0x00000000e8000000)
 concurrent mark-sweep generation total 393216K, used 161485K [0x00000000e8000000, 0x0000000100000000, 0x0000000100000000)
 Metaspace       used 30248K, capacity 30726K, committed 31100K, reserved 1077248K
  class space    used 3464K, capacity 3633K, committed 3708K, reserved 1048576K
2018-11-12T14:38:26.375+0100: 241.589: [GC (Allocation Failure) 2018-11-12T14:38:26.375+0100: 241.589: [ParNew
Desired survivor size 20112992 bytes, new threshold 8 (max 8)
- age   1:     973408 bytes,     973408 total
- age   2:    5827136 bytes,    6800544 total
- age   3:    1929072 bytes,    8729616 total
- age   4:     556960 bytes,    9286576 total
- age   5:     538288 bytes,    9824864 total
- age   6:     516288 bytes,   10341152 total
- age   7:     527320 bytes,   10868472 total
- age   8:    1148304 bytes,   12016776 total
: 102596K->13180K(109248K), 0.0042697 secs] 264082K->175173K(502464K), 0.0043696 secs] [Times: user=0.05 sys=0.00, real=0.00 secs] 
Heap after GC invocations=59 (full 1):
 par new generation   total 109248K, used 13180K [0x00000000e0000000, 0x00000000e8000000, 0x00000000e8000000)
  eden space 87424K,   0% used [0x00000000e0000000, 0x00000000e0000000, 0x00000000e5560000)
  from space 21824K,  60% used [0x00000000e6ab0000, 0x00000000e778f2e0, 0x00000000e8000000)
  to   space 21824K,   0% used [0x00000000e5560000, 0x00000000e5560000, 0x00000000e6ab0000)
 concurrent mark-sweep generation total 393216K, used 161992K [0x00000000e8000000, 0x0000000100000000, 0x0000000100000000)
 Metaspace       used 30248K, capacity 30726K, committed 31100K, reserved 1077248K
  class space    used 3464K, capacity 3633K, committed 3708K, reserved 1048576K
}
2018-11-12T14:38:26.379+0100: 241.593: Total time for which application threads were stopped: 0.0046481 seconds, Stopping threads took: 0.0000517 seconds
{Heap before GC invocations=59 (full 1):
 par new generation   total 109248K, used 100604K [0x00000000e0000000, 0x00000000e8000000, 0x00000000e8000000)
  eden space 87424K, 100% used [0x00000000e0000000, 0x00000000e5560000, 0x00000000e5560000)
  from space 21824K,  60% used [0x00000000e6ab0000, 0x00000000e778f2e0, 0x00000000e8000000)
  to   space 21824K,   0% used [0x00000000e5560000, 0x00000000e5560000, 0x00000000e6ab0000)
 concurrent mark-sweep generation total 393216K, used 161992K [0x00000000e8000000, 0x0000000100000000, 0x0000000100000000)
 Metaspace       used 30260K, capacity 30726K, committed 31100K, reserved 1077248K
  class space    used 3464K, capacity 3633K, committed 3708K, reserved 1048576K
2018-11-12T14:38:26.839+0100: 242.054: [GC (Allocation Failure) 2018-11-12T14:38:26.839+0100: 242.054: [ParNew
Desired survivor size 20112992 bytes, new threshold 8 (max 8)
- age   1:     942624 bytes,     942624 total
- age   2:     532936 bytes,    1475560 total
- age   3:    5827136 bytes,    7302696 total
- age   4:    1929072 bytes,    9231768 total
- age   5:     556960 bytes,    9788728 total
- age   6:     538288 bytes,   10327016 total
- age   7:     516288 bytes,   10843304 total
- age   8:     527320 bytes,   11370624 total
: 100604K->13687K(109248K), 0.0062732 secs] 262597K->176801K(502464K), 0.0063669 secs] [Times: user=0.00 sys=0.00, real=0.01 secs] 
Heap after GC invocations=60 (full 1):
 par new generation   total 109248K, used 13687K [0x00000000e0000000, 0x00000000e8000000, 0x00000000e8000000)
  eden space 87424K,   0% used [0x00000000e0000000, 0x00000000e0000000, 0x00000000e5560000)
  from space 21824K,  62% used [0x00000000e5560000, 0x00000000e62bde40, 0x00000000e6ab0000)
  to   space 21824K,   0% used [0x00000000e6ab0000, 0x00000000e6ab0000, 0x00000000e8000000)
 concurrent mark-sweep generation total 393216K, used 163114K [0x00000000e8000000, 0x0000000100000000, 0x0000000100000000)
 Metaspace       used 30260K, capacity 30726K, committed 31100K, reserved 1077248K
  class space    used 3464K, capacity 3633K, committed 3708K, reserved 1048576K
}
2018-11-12T14:38:26.846+0100: 242.060: Total time for which application threads were stopped: 0.0066389 seconds, Stopping threads took: 0.0000411 seconds
{Heap before GC invocations=60 (full 1):
 par new generation   total 109248K, used 101111K [0x00000000e0000000, 0x00000000e8000000, 0x00000000e8000000)
  eden space 87424K, 100% used [0x00000000e0000000, 0x00000000e5560000, 0x00000000e5560000)
  from space 21824K,  62% used [0x00000000e5560000, 0x00000000e62bde40, 0x00000000e6ab0000)
  to   space 21824K,   0% used [0x00000000e6ab0000, 0x00000000e6ab0000, 0x00000000e8000000)
 concurrent mark-sweep generation total 393216K, used 163114K [0x00000000e8000000, 0x0000000100000000, 0x0000000100000000)
 Metaspace       used 30260K, capacity 30726K, committed 31100K, reserved 1077248K
  class space    used 3464K, capacity 3633K, committed 3708K, reserved 1048576K
2018-11-12T14:38:27.205+0100: 242.419: [GC (Allocation Failure) 2018-11-12T14:38:27.205+0100: 242.419: [ParNew
Desired survivor size 20112992 bytes, new threshold 8 (max 8)
- age   1:     996368 bytes,     996368 total
- age   2:     560656 bytes,    1557024 total
- age   3:     532936 bytes,    2089960 total
- age   4:    5827080 bytes,    7917040 total
- age   5:    1929096 bytes,    9846136 total
- age   6:     556960 bytes,   10403096 total
- age   7:     536016 bytes,   10939112 total
- age   8:     516288 bytes,   11455400 total
: 101111K->14060K(109248K), 0.0039686 secs] 264225K->177689K(502464K), 0.0040374 secs] [Times: user=0.06 sys=0.00, real=0.00 secs] 
Heap after GC invocations=61 (full 1):
 par new generation   total 109248K, used 14060K [0x00000000e0000000, 0x00000000e8000000, 0x00000000e8000000)
  eden space 87424K,   0% used [0x00000000e0000000, 0x00000000e0000000, 0x00000000e5560000)
  from space 21824K,  64% used [0x00000000e6ab0000, 0x00000000e786b038, 0x00000000e8000000)
  to   space 21824K,   0% used [0x00000000e5560000, 0x00000000e5560000, 0x00000000e6ab0000)
 concurrent mark-sweep generation total 393216K, used 163629K [0x00000000e8000000, 0x0000000100000000, 0x0000000100000000)
 Metaspace       used 30260K, capacity 30726K, committed 31100K, reserved 1077248K
  class space    used 3464K, capacity 3633K, committed 3708K, reserved 1048576K
}
2018-11-12T14:38:27.209+0100: 242.423: Total time for which application threads were stopped: 0.0042512 seconds, Stopping threads took: 0.0000253 seconds
2018-11-12T14:38:27.285+0100: 242.499: Total time for which application threads were stopped: 0.0001632 seconds, Stopping threads took: 0.0000811 seconds
2018-11-12T14:38:27.285+0100: 242.500: Total time for which application threads were stopped: 0.0000876 seconds, Stopping threads took: 0.0000397 seconds
2018-11-12T14:38:27.286+0100: 242.500: Total time for which application threads were stopped: 0.0000701 seconds, Stopping threads took: 0.0000311 seconds
2018-11-12T14:38:27.288+0100: 242.503: Total time for which application threads were stopped: 0.0000684 seconds, Stopping threads took: 0.0000219 seconds
2018-11-12T14:38:27.291+0100: 242.505: Total time for which application threads were stopped: 0.0000835 seconds, Stopping threads took: 0.0000229 seconds
2018-11-12T14:38:27.292+0100: 242.506: Total time for which application threads were stopped: 0.0000715 seconds, Stopping threads took: 0.0000222 seconds
2018-11-12T14:38:27.300+0100: 242.515: Total time for which application threads were stopped: 0.0001731 seconds, Stopping threads took: 0.0000684 seconds
2018-11-12T14:38:27.307+0100: 242.522: Total time for which application threads were stopped: 0.0002022 seconds, Stopping threads took: 0.0000725 seconds
2018-11-12T14:38:27.308+0100: 242.523: Total time for which application threads were stopped: 0.0001615 seconds, Stopping threads took: 0.0000523 seconds
2018-11-12T14:38:27.339+0100: 242.554: Total time for which application threads were stopped: 0.0001451 seconds, Stopping threads took: 0.0000479 seconds
2018-11-12T14:38:27.340+0100: 242.554: Total time for which application threads were stopped: 0.0000883 seconds, Stopping threads took: 0.0000222 seconds
2018-11-12T14:38:27.340+0100: 242.554: Total time for which application threads were stopped: 0.0000718 seconds, Stopping threads took: 0.0000301 seconds
2018-11-12T14:38:27.371+0100: 242.585: Total time for which application threads were stopped: 0.0004773 seconds, Stopping threads took: 0.0003828 seconds
{Heap before GC invocations=61 (full 1):
 par new generation   total 109248K, used 101484K [0x00000000e0000000, 0x00000000e8000000, 0x00000000e8000000)
  eden space 87424K, 100% used [0x00000000e0000000, 0x00000000e5560000, 0x00000000e5560000)
  from space 21824K,  64% used [0x00000000e6ab0000, 0x00000000e786b038, 0x00000000e8000000)
  to   space 21824K,   0% used [0x00000000e5560000, 0x00000000e5560000, 0x00000000e6ab0000)
 concurrent mark-sweep generation total 393216K, used 163629K [0x00000000e8000000, 0x0000000100000000, 0x0000000100000000)
 Metaspace       used 30338K, capacity 30790K, committed 31100K, reserved 1077248K
  class space    used 3474K, capacity 3633K, committed 3708K, reserved 1048576K
2018-11-12T14:38:27.506+0100: 242.720: [GC (Allocation Failure) 2018-11-12T14:38:27.506+0100: 242.720: [ParNew
Desired survivor size 20112992 bytes, new threshold 8 (max 8)
- age   1:    1593184 bytes,    1593184 total
- age   2:     533840 bytes,    2127024 total
- age   3:     593200 bytes,    2720224 total
- age   4:     532600 bytes,    3252824 total
- age   5:    5826792 bytes,    9079616 total
- age   6:    1928832 bytes,   11008448 total
- age   7:     556576 bytes,   11565024 total
- age   8:     535728 bytes,   12100752 total
: 101484K->13299K(109248K), 0.0037787 secs] 265113K->177432K(502464K), 0.0038725 secs] [Times: user=0.00 sys=0.00, real=0.00 secs] 
Heap after GC invocations=62 (full 1):
 par new generation   total 109248K, used 13299K [0x00000000e0000000, 0x00000000e8000000, 0x00000000e8000000)
  eden space 87424K,   0% used [0x00000000e0000000, 0x00000000e0000000, 0x00000000e5560000)
  from space 21824K,  60% used [0x00000000e5560000, 0x00000000e625cc60, 0x00000000e6ab0000)
  to   space 21824K,   0% used [0x00000000e6ab0000, 0x00000000e6ab0000, 0x00000000e8000000)
 concurrent mark-sweep generation total 393216K, used 164133K [0x00000000e8000000, 0x0000000100000000, 0x0000000100000000)
 Metaspace       used 30338K, capacity 30790K, committed 31100K, reserved 1077248K
  class space    used 3474K, capacity 3633K, committed 3708K, reserved 1048576K
}
2018-11-12T14:38:27.510+0100: 242.724: Total time for which application threads were stopped: 0.0041322 seconds, Stopping threads took: 0.0000517 seconds
2018-11-12T14:38:27.795+0100: 243.010: Total time for which application threads were stopped: 0.0002768 seconds, Stopping threads took: 0.0000534 seconds
{Heap before GC invocations=62 (full 1):
 par new generation   total 109248K, used 100723K [0x00000000e0000000, 0x00000000e8000000, 0x00000000e8000000)
  eden space 87424K, 100% used [0x00000000e0000000, 0x00000000e5560000, 0x00000000e5560000)
  from space 21824K,  60% used [0x00000000e5560000, 0x00000000e625cc60, 0x00000000e6ab0000)
  to   space 21824K,   0% used [0x00000000e6ab0000, 0x00000000e6ab0000, 0x00000000e8000000)
 concurrent mark-sweep generation total 393216K, used 164133K [0x00000000e8000000, 0x0000000100000000, 0x0000000100000000)
 Metaspace       used 30634K, capacity 31142K, committed 31356K, reserved 1077248K
  class space    used 3497K, capacity 3665K, committed 3708K, reserved 1048576K
2018-11-12T14:38:27.914+0100: 243.128: [GC (Allocation Failure) 2018-11-12T14:38:27.914+0100: 243.128: [ParNew
Desired survivor size 20112992 bytes, new threshold 8 (max 8)
- age   1:    1583816 bytes,    1583816 total
- age   2:     898584 bytes,    2482400 total
- age   3:     533840 bytes,    3016240 total
- age   4:     560416 bytes,    3576656 total
- age   5:     532600 bytes,    4109256 total
- age   6:    6591112 bytes,   10700368 total
- age   7:    1928832 bytes,   12629200 total
- age   8:     556576 bytes,   13185776 total
: 100723K->14984K(109248K), 0.0040357 secs] 264856K->179641K(502464K), 0.0041448 secs] [Times: user=0.00 sys=0.00, real=0.00 secs] 
Heap after GC invocations=63 (full 1):
 par new generation   total 109248K, used 14984K [0x00000000e0000000, 0x00000000e8000000, 0x00000000e8000000)
  eden space 87424K,   0% used [0x00000000e0000000, 0x00000000e0000000, 0x00000000e5560000)
  from space 21824K,  68% used [0x00000000e6ab0000, 0x00000000e79520a0, 0x00000000e8000000)
  to   space 21824K,   0% used [0x00000000e5560000, 0x00000000e5560000, 0x00000000e6ab0000)
 concurrent mark-sweep generation total 393216K, used 164656K [0x00000000e8000000, 0x0000000100000000, 0x0000000100000000)
 Metaspace       used 30634K, capacity 31142K, committed 31356K, reserved 1077248K
  class space    used 3497K, capacity 3665K, committed 3708K, reserved 1048576K
}
2018-11-12T14:38:27.919+0100: 243.133: Total time for which application threads were stopped: 0.0052287 seconds, Stopping threads took: 0.0008420 seconds
2018-11-12T14:38:27.938+0100: 243.152: Total time for which application threads were stopped: 0.0001632 seconds, Stopping threads took: 0.0000493 seconds
{Heap before GC invocations=63 (full 1):
 par new generation   total 109248K, used 102408K [0x00000000e0000000, 0x00000000e8000000, 0x00000000e8000000)
  eden space 87424K, 100% used [0x00000000e0000000, 0x00000000e5560000, 0x00000000e5560000)
  from space 21824K,  68% used [0x00000000e6ab0000, 0x00000000e79520a0, 0x00000000e8000000)
  to   space 21824K,   0% used [0x00000000e5560000, 0x00000000e5560000, 0x00000000e6ab0000)
 concurrent mark-sweep generation total 393216K, used 164656K [0x00000000e8000000, 0x0000000100000000, 0x0000000100000000)
 Metaspace       used 30661K, capacity 31142K, committed 31356K, reserved 1077248K
  class space    used 3497K, capacity 3665K, committed 3708K, reserved 1048576K
2018-11-12T14:38:28.117+0100: 243.331: [GC (Allocation Failure) 2018-11-12T14:38:28.117+0100: 243.331: [ParNew
Desired survivor size 20112992 bytes, new threshold 8 (max 8)
- age   1:    1093960 bytes,    1093960 total
- age   2:     620176 bytes,    1714136 total
- age   3:     898384 bytes,    2612520 total
- age   4:     533784 bytes,    3146304 total
- age   5:     560416 bytes,    3706720 total
- age   6:     532600 bytes,    4239320 total
- age   7:    6591112 bytes,   10830432 total
- age   8:    1928832 bytes,   12759264 total
: 102408K->13922K(109248K), 0.0046005 secs] 267065K->179123K(502464K), 0.0046850 secs] [Times: user=0.00 sys=0.00, real=0.00 secs] 
Heap after GC invocations=64 (full 1):
 par new generation   total 109248K, used 13922K [0x00000000e0000000, 0x00000000e8000000, 0x00000000e8000000)
  eden space 87424K,   0% used [0x00000000e0000000, 0x00000000e0000000, 0x00000000e5560000)
  from space 21824K,  63% used [0x00000000e5560000, 0x00000000e62f8be8, 0x00000000e6ab0000)
  to   space 21824K,   0% used [0x00000000e6ab0000, 0x00000000e6ab0000, 0x00000000e8000000)
 concurrent mark-sweep generation total 393216K, used 165200K [0x00000000e8000000, 0x0000000100000000, 0x0000000100000000)
 Metaspace       used 30661K, capacity 31142K, committed 31356K, reserved 1077248K
  class space    used 3497K, capacity 3665K, committed 3708K, reserved 1048576K
}
2018-11-12T14:38:28.121+0100: 243.335: Total time for which application threads were stopped: 0.0049950 seconds, Stopping threads took: 0.0000801 seconds
{Heap before GC invocations=64 (full 1):
 par new generation   total 109248K, used 101346K [0x00000000e0000000, 0x00000000e8000000, 0x00000000e8000000)
  eden space 87424K, 100% used [0x00000000e0000000, 0x00000000e5560000, 0x00000000e5560000)
  from space 21824K,  63% used [0x00000000e5560000, 0x00000000e62f8be8, 0x00000000e6ab0000)
  to   space 21824K,   0% used [0x00000000e6ab0000, 0x00000000e6ab0000, 0x00000000e8000000)
 concurrent mark-sweep generation total 393216K, used 165200K [0x00000000e8000000, 0x0000000100000000, 0x0000000100000000)
 Metaspace       used 30662K, capacity 31142K, committed 31356K, reserved 1077248K
  class space    used 3497K, capacity 3665K, committed 3708K, reserved 1048576K
2018-11-12T14:38:28.284+0100: 243.498: [GC (Allocation Failure) 2018-11-12T14:38:28.284+0100: 243.498: [ParNew
Desired survivor size 20112992 bytes, new threshold 8 (max 8)
- age   1:    1204024 bytes,    1204024 total
- age   2:     561512 bytes,    1765536 total
- age   3:     566712 bytes,    2332248 total
- age   4:     898384 bytes,    3230632 total
- age   5:     533784 bytes,    3764416 total
- age   6:     560416 bytes,    4324832 total
- age   7:     532600 bytes,    4857432 total
- age   8:    5826792 bytes,   10684224 total
: 101346K->11235K(109248K), 0.0037644 secs] 266547K->178319K(502464K), 0.0038571 secs] [Times: user=0.06 sys=0.00, real=0.00 secs] 
Heap after GC invocations=65 (full 1):
 par new generation   total 109248K, used 11235K [0x00000000e0000000, 0x00000000e8000000, 0x00000000e8000000)
  eden space 87424K,   0% used [0x00000000e0000000, 0x00000000e0000000, 0x00000000e5560000)
  from space 21824K,  51% used [0x00000000e6ab0000, 0x00000000e75a8d90, 0x00000000e8000000)
  to   space 21824K,   0% used [0x00000000e5560000, 0x00000000e5560000, 0x00000000e6ab0000)
 concurrent mark-sweep generation total 393216K, used 167084K [0x00000000e8000000, 0x0000000100000000, 0x0000000100000000)
 Metaspace       used 30662K, capacity 31142K, committed 31356K, reserved 1077248K
  class space    used 3497K, capacity 3665K, committed 3708K, reserved 1048576K
}
2018-11-12T14:38:28.288+0100: 243.502: Total time for which application threads were stopped: 0.0041277 seconds, Stopping threads took: 0.0000407 seconds
{Heap before GC invocations=65 (full 1):
 par new generation   total 109248K, used 98659K [0x00000000e0000000, 0x00000000e8000000, 0x00000000e8000000)
  eden space 87424K, 100% used [0x00000000e0000000, 0x00000000e5560000, 0x00000000e5560000)
  from space 21824K,  51% used [0x00000000e6ab0000, 0x00000000e75a8d90, 0x00000000e8000000)
  to   space 21824K,   0% used [0x00000000e5560000, 0x00000000e5560000, 0x00000000e6ab0000)
 concurrent mark-sweep generation total 393216K, used 167084K [0x00000000e8000000, 0x0000000100000000, 0x0000000100000000)
 Metaspace       used 30663K, capacity 31142K, committed 31356K, reserved 1077248K
  class space    used 3497K, capacity 3665K, committed 3708K, reserved 1048576K
2018-11-12T14:38:28.456+0100: 243.670: [GC (Allocation Failure) 2018-11-12T14:38:28.456+0100: 243.670: [ParNew
Desired survivor size 20112992 bytes, new threshold 8 (max 8)
- age   1:    1139448 bytes,    1139448 total
- age   2:     331488 bytes,    1470936 total
- age   3:     528968 bytes,    1999904 total
- age   4:     566344 bytes,    2566248 total
- age   5:     898384 bytes,    3464632 total
- age   6:     533784 bytes,    3998416 total
- age   7:     560416 bytes,    4558832 total
- age   8:     532600 bytes,    5091432 total
: 98659K->8158K(109248K), 0.0051294 secs] 265743K->180933K(502464K), 0.0052139 secs] [Times: user=0.06 sys=0.00, real=0.01 secs] 
Heap after GC invocations=66 (full 1):
 par new generation   total 109248K, used 8158K [0x00000000e0000000, 0x00000000e8000000, 0x00000000e8000000)
  eden space 87424K,   0% used [0x00000000e0000000, 0x00000000e0000000, 0x00000000e5560000)
  from space 21824K,  37% used [0x00000000e5560000, 0x00000000e5d57b28, 0x00000000e6ab0000)
  to   space 21824K,   0% used [0x00000000e6ab0000, 0x00000000e6ab0000, 0x00000000e8000000)
 concurrent mark-sweep generation total 393216K, used 172774K [0x00000000e8000000, 0x0000000100000000, 0x0000000100000000)
 Metaspace       used 30663K, capacity 31142K, committed 31356K, reserved 1077248K
  class space    used 3497K, capacity 3665K, committed 3708K, reserved 1048576K
}
2018-11-12T14:38:28.462+0100: 243.675: Total time for which application threads were stopped: 0.0055239 seconds, Stopping threads took: 0.0000650 seconds
{Heap before GC invocations=66 (full 1):
 par new generation   total 109248K, used 95582K [0x00000000e0000000, 0x00000000e8000000, 0x00000000e8000000)
  eden space 87424K, 100% used [0x00000000e0000000, 0x00000000e5560000, 0x00000000e5560000)
  from space 21824K,  37% used [0x00000000e5560000, 0x00000000e5d57b28, 0x00000000e6ab0000)
  to   space 21824K,   0% used [0x00000000e6ab0000, 0x00000000e6ab0000, 0x00000000e8000000)
 concurrent mark-sweep generation total 393216K, used 172774K [0x00000000e8000000, 0x0000000100000000, 0x0000000100000000)
 Metaspace       used 30663K, capacity 31142K, committed 31356K, reserved 1077248K
  class space    used 3497K, capacity 3665K, committed 3708K, reserved 1048576K
2018-11-12T14:38:28.627+0100: 243.842: [GC (Allocation Failure) 2018-11-12T14:38:28.627+0100: 243.842: [ParNew
Desired survivor size 20112992 bytes, new threshold 8 (max 8)
- age   1:    1368680 bytes,    1368680 total
- age   2:     267656 bytes,    1636336 total
- age   3:     284720 bytes,    1921056 total
- age   4:     528968 bytes,    2450024 total
- age   5:     566072 bytes,    3016096 total
- age   6:     898328 bytes,    3914424 total
- age   7:     533784 bytes,    4448208 total
- age   8:     560416 bytes,    5008624 total
: 95582K->6468K(109248K), 0.0034548 secs] 268357K->179763K(502464K), 0.0035420 secs] [Times: user=0.06 sys=0.00, real=0.00 secs] 
Heap after GC invocations=67 (full 1):
 par new generation   total 109248K, used 6468K [0x00000000e0000000, 0x00000000e8000000, 0x00000000e8000000)
  eden space 87424K,   0% used [0x00000000e0000000, 0x00000000e0000000, 0x00000000e5560000)
  from space 21824K,  29% used [0x00000000e6ab0000, 0x00000000e7101108, 0x00000000e8000000)
  to   space 21824K,   0% used [0x00000000e5560000, 0x00000000e5560000, 0x00000000e6ab0000)
 concurrent mark-sweep generation total 393216K, used 173294K [0x00000000e8000000, 0x0000000100000000, 0x0000000100000000)
 Metaspace       used 30663K, capacity 31142K, committed 31356K, reserved 1077248K
  class space    used 3497K, capacity 3665K, committed 3708K, reserved 1048576K
}
2018-11-12T14:38:28.631+0100: 243.845: Total time for which application threads were stopped: 0.0046809 seconds, Stopping threads took: 0.0008964 seconds
2018-11-12T14:38:28.745+0100: 243.959: Total time for which application threads were stopped: 0.0001475 seconds, Stopping threads took: 0.0000469 seconds
{Heap before GC invocations=67 (full 1):
 par new generation   total 109248K, used 93892K [0x00000000e0000000, 0x00000000e8000000, 0x00000000e8000000)
  eden space 87424K, 100% used [0x00000000e0000000, 0x00000000e5560000, 0x00000000e5560000)
  from space 21824K,  29% used [0x00000000e6ab0000, 0x00000000e7101108, 0x00000000e8000000)
  to   space 21824K,   0% used [0x00000000e5560000, 0x00000000e5560000, 0x00000000e6ab0000)
 concurrent mark-sweep generation total 393216K, used 173294K [0x00000000e8000000, 0x0000000100000000, 0x0000000100000000)
 Metaspace       used 30698K, capacity 31206K, committed 31612K, reserved 1077248K
  class space    used 3500K, capacity 3665K, committed 3708K, reserved 1048576K
2018-11-12T14:38:28.981+0100: 244.196: [GC (Allocation Failure) 2018-11-12T14:38:28.981+0100: 244.196: [ParNew
Desired survivor size 20112992 bytes, new threshold 8 (max 8)
- age   1:    1924312 bytes,    1924312 total
- age   2:     250632 bytes,    2174944 total
- age   3:     246544 bytes,    2421488 total
- age   4:     266264 bytes,    2687752 total
- age   5:     325264 bytes,    3013016 total
- age   6:     509136 bytes,    3522152 total
- age   7:     891376 bytes,    4413528 total
- age   8:     533448 bytes,    4946976 total
: 93892K->6424K(109248K), 0.0030812 secs] 267187K->180266K(502464K), 0.0031934 secs] [Times: user=0.00 sys=0.00, real=0.00 secs] 
Heap after GC invocations=68 (full 1):
 par new generation   total 109248K, used 6424K [0x00000000e0000000, 0x00000000e8000000, 0x00000000e8000000)
  eden space 87424K,   0% used [0x00000000e0000000, 0x00000000e0000000, 0x00000000e5560000)
  from space 21824K,  29% used [0x00000000e5560000, 0x00000000e5ba62c8, 0x00000000e6ab0000)
  to   space 21824K,   0% used [0x00000000e6ab0000, 0x00000000e6ab0000, 0x00000000e8000000)
 concurrent mark-sweep generation total 393216K, used 173841K [0x00000000e8000000, 0x0000000100000000, 0x0000000100000000)
 Metaspace       used 30698K, capacity 31206K, committed 31612K, reserved 1077248K
  class space    used 3500K, capacity 3665K, committed 3708K, reserved 1048576K
}
2018-11-12T14:38:28.984+0100: 244.199: Total time for which application threads were stopped: 0.0034582 seconds, Stopping threads took: 0.0000390 seconds
2018-11-12T14:38:29.056+0100: 244.270: Total time for which application threads were stopped: 0.0001317 seconds, Stopping threads took: 0.0000565 seconds
2018-11-12T14:38:29.057+0100: 244.271: Total time for which application threads were stopped: 0.0001150 seconds, Stopping threads took: 0.0000397 seconds
2018-11-12T14:38:29.058+0100: 244.273: Total time for which application threads were stopped: 0.0001194 seconds, Stopping threads took: 0.0000431 seconds
2018-11-12T14:38:29.074+0100: 244.288: Total time for which application threads were stopped: 0.0001406 seconds, Stopping threads took: 0.0000380 seconds
2018-11-12T14:38:29.075+0100: 244.289: Total time for which application threads were stopped: 0.0001351 seconds, Stopping threads took: 0.0000404 seconds
2018-11-12T14:38:29.075+0100: 244.289: Total time for which application threads were stopped: 0.0000941 seconds, Stopping threads took: 0.0000294 seconds
2018-11-12T14:38:29.152+0100: 244.366: Total time for which application threads were stopped: 0.0033812 seconds, Stopping threads took: 0.0031906 seconds
2018-11-12T14:38:29.190+0100: 244.404: Total time for which application threads were stopped: 0.0006555 seconds, Stopping threads took: 0.0000541 seconds
2018-11-12T14:38:29.194+0100: 244.408: Total time for which application threads were stopped: 0.0001478 seconds, Stopping threads took: 0.0000667 seconds
2018-11-12T14:38:29.231+0100: 244.446: Total time for which application threads were stopped: 0.0002398 seconds, Stopping threads took: 0.0001334 seconds
2018-11-12T14:38:29.232+0100: 244.446: Total time for which application threads were stopped: 0.0001030 seconds, Stopping threads took: 0.0000366 seconds
2018-11-12T14:38:29.232+0100: 244.446: Total time for which application threads were stopped: 0.0000602 seconds, Stopping threads took: 0.0000216 seconds
2018-11-12T14:38:29.233+0100: 244.447: Total time for which application threads were stopped: 0.0001228 seconds, Stopping threads took: 0.0000513 seconds
{Heap before GC invocations=68 (full 1):
 par new generation   total 109248K, used 93848K [0x00000000e0000000, 0x00000000e8000000, 0x00000000e8000000)
  eden space 87424K, 100% used [0x00000000e0000000, 0x00000000e5560000, 0x00000000e5560000)
  from space 21824K,  29% used [0x00000000e5560000, 0x00000000e5ba62c8, 0x00000000e6ab0000)
  to   space 21824K,   0% used [0x00000000e6ab0000, 0x00000000e6ab0000, 0x00000000e8000000)
 concurrent mark-sweep generation total 393216K, used 173841K [0x00000000e8000000, 0x0000000100000000, 0x0000000100000000)
 Metaspace       used 30975K, capacity 31430K, committed 31612K, reserved 1077248K
  class space    used 3528K, capacity 3697K, committed 3708K, reserved 1048576K
2018-11-12T14:38:29.263+0100: 244.478: [GC (Allocation Failure) 2018-11-12T14:38:29.264+0100: 244.478: [ParNew
Desired survivor size 20112992 bytes, new threshold 8 (max 8)
- age   1:    2659840 bytes,    2659840 total
- age   2:     112776 bytes,    2772616 total
- age   3:      51192 bytes,    2823808 total
- age   4:      48792 bytes,    2872600 total
- age   5:      35520 bytes,    2908120 total
- age   6:      62104 bytes,    2970224 total
- age   7:      80824 bytes,    3051048 total
- age   8:     410904 bytes,    3461952 total
: 93848K->4389K(109248K), 0.0032030 secs] 267690K->178752K(502464K), 0.0033843 secs] [Times: user=0.00 sys=0.00, real=0.00 secs] 
Heap after GC invocations=69 (full 1):
 par new generation   total 109248K, used 4389K [0x00000000e0000000, 0x00000000e8000000, 0x00000000e8000000)
  eden space 87424K,   0% used [0x00000000e0000000, 0x00000000e0000000, 0x00000000e5560000)
  from space 21824K,  20% used [0x00000000e6ab0000, 0x00000000e6ef94c0, 0x00000000e8000000)
  to   space 21824K,   0% used [0x00000000e5560000, 0x00000000e5560000, 0x00000000e6ab0000)
 concurrent mark-sweep generation total 393216K, used 174362K [0x00000000e8000000, 0x0000000100000000, 0x0000000100000000)
 Metaspace       used 30975K, capacity 31430K, committed 31612K, reserved 1077248K
  class space    used 3528K, capacity 3697K, committed 3708K, reserved 1048576K
}
2018-11-12T14:38:29.267+0100: 244.481: Total time for which application threads were stopped: 0.0036327 seconds, Stopping threads took: 0.0000465 seconds
2018-11-12T14:38:29.586+0100: 244.800: Total time for which application threads were stopped: 0.0001365 seconds, Stopping threads took: 0.0000315 seconds
{Heap before GC invocations=69 (full 1):
 par new generation   total 109248K, used 91787K [0x00000000e0000000, 0x00000000e8000000, 0x00000000e8000000)
  eden space 87424K,  99% used [0x00000000e0000000, 0x00000000e5559980, 0x00000000e5560000)
  from space 21824K,  20% used [0x00000000e6ab0000, 0x00000000e6ef94c0, 0x00000000e8000000)
  to   space 21824K,   0% used [0x00000000e5560000, 0x00000000e5560000, 0x00000000e6ab0000)
 concurrent mark-sweep generation total 393216K, used 174362K [0x00000000e8000000, 0x0000000100000000, 0x0000000100000000)
 Metaspace       used 30975K, capacity 31430K, committed 31612K, reserved 1077248K
  class space    used 3528K, capacity 3697K, committed 3708K, reserved 1048576K
2018-11-12T14:38:29.614+0100: 244.828: [GC (Allocation Failure) 2018-11-12T14:38:29.614+0100: 244.828: [ParNew
Desired survivor size 20112992 bytes, new threshold 8 (max 8)
- age   1:    1511584 bytes,    1511584 total
- age   2:    1897448 bytes,    3409032 total
- age   3:      76640 bytes,    3485672 total
- age   4:      51192 bytes,    3536864 total
- age   5:      48792 bytes,    3585656 total
- age   6:      35520 bytes,    3621176 total
- age   7:      62104 bytes,    3683280 total
- age   8:      80824 bytes,    3764104 total
: 91787K->4541K(109248K), 0.0039727 secs] 266150K->179305K(502464K), 0.0042266 secs] [Times: user=0.00 sys=0.00, real=0.00 secs] 
Heap after GC invocations=70 (full 1):
 par new generation   total 109248K, used 4541K [0x00000000e0000000, 0x00000000e8000000, 0x00000000e8000000)
  eden space 87424K,   0% used [0x00000000e0000000, 0x00000000e0000000, 0x00000000e5560000)
  from space 21824K,  20% used [0x00000000e5560000, 0x00000000e59cf460, 0x00000000e6ab0000)
  to   space 21824K,   0% used [0x00000000e6ab0000, 0x00000000e6ab0000, 0x00000000e8000000)
 concurrent mark-sweep generation total 393216K, used 174764K [0x00000000e8000000, 0x0000000100000000, 0x0000000100000000)
 Metaspace       used 30975K, capacity 31430K, committed 31612K, reserved 1077248K
  class space    used 3528K, capacity 3697K, committed 3708K, reserved 1048576K
}
2018-11-12T14:38:29.618+0100: 244.832: Total time for which application threads were stopped: 0.0045971 seconds, Stopping threads took: 0.0000890 seconds
{Heap before GC invocations=70 (full 1):
 par new generation   total 109248K, used 91965K [0x00000000e0000000, 0x00000000e8000000, 0x00000000e8000000)
  eden space 87424K, 100% used [0x00000000e0000000, 0x00000000e5560000, 0x00000000e5560000)
  from space 21824K,  20% used [0x00000000e5560000, 0x00000000e59cf460, 0x00000000e6ab0000)
  to   space 21824K,   0% used [0x00000000e6ab0000, 0x00000000e6ab0000, 0x00000000e8000000)
 concurrent mark-sweep generation total 393216K, used 174764K [0x00000000e8000000, 0x0000000100000000, 0x0000000100000000)
 Metaspace       used 30975K, capacity 31430K, committed 31612K, reserved 1077248K
  class space    used 3528K, capacity 3697K, committed 3708K, reserved 1048576K
2018-11-12T14:38:29.905+0100: 245.119: [GC (Allocation Failure) 2018-11-12T14:38:29.905+0100: 245.119: [ParNew
Desired survivor size 20112992 bytes, new threshold 8 (max 8)
- age   1:    1613504 bytes,    1613504 total
- age   2:     610200 bytes,    2223704 total
- age   3:    1853280 bytes,    4076984 total
- age   4:      76640 bytes,    4153624 total
- age   5:      51192 bytes,    4204816 total
- age   6:      48792 bytes,    4253608 total
- age   7:      35520 bytes,    4289128 total
- age   8:      62104 bytes,    4351232 total
: 91965K->6421K(109248K), 0.0041205 secs] 266729K->181265K(502464K), 0.0042269 secs] [Times: user=0.00 sys=0.00, real=0.00 secs] 
Heap after GC invocations=71 (full 1):
 par new generation   total 109248K, used 6421K [0x00000000e0000000, 0x00000000e8000000, 0x00000000e8000000)
  eden space 87424K,   0% used [0x00000000e0000000, 0x00000000e0000000, 0x00000000e5560000)
  from space 21824K,  29% used [0x00000000e6ab0000, 0x00000000e70f57c0, 0x00000000e8000000)
  to   space 21824K,   0% used [0x00000000e5560000, 0x00000000e5560000, 0x00000000e6ab0000)
 concurrent mark-sweep generation total 393216K, used 174843K [0x00000000e8000000, 0x0000000100000000, 0x0000000100000000)
 Metaspace       used 30975K, capacity 31430K, committed 31612K, reserved 1077248K
  class space    used 3528K, capacity 3697K, committed 3708K, reserved 1048576K
}
2018-11-12T14:38:29.910+0100: 245.123: Total time for which application threads were stopped: 0.0045143 seconds, Stopping threads took: 0.0000369 seconds
{Heap before GC invocations=71 (full 1):
 par new generation   total 109248K, used 93845K [0x00000000e0000000, 0x00000000e8000000, 0x00000000e8000000)
  eden space 87424K, 100% used [0x00000000e0000000, 0x00000000e5560000, 0x00000000e5560000)
  from space 21824K,  29% used [0x00000000e6ab0000, 0x00000000e70f57c0, 0x00000000e8000000)
  to   space 21824K,   0% used [0x00000000e5560000, 0x00000000e5560000, 0x00000000e6ab0000)
 concurrent mark-sweep generation total 393216K, used 174843K [0x00000000e8000000, 0x0000000100000000, 0x0000000100000000)
 Metaspace       used 30975K, capacity 31430K, committed 31612K, reserved 1077248K
  class space    used 3528K, capacity 3697K, committed 3708K, reserved 1048576K
2018-11-12T14:38:30.265+0100: 245.479: [GC (Allocation Failure) 2018-11-12T14:38:30.265+0100: 245.479: [ParNew
Desired survivor size 20112992 bytes, new threshold 8 (max 8)
- age   1:    1580056 bytes,    1580056 total
- age   2:     798280 bytes,    2378336 total
- age   3:     609848 bytes,    2988184 total
- age   4:    1853224 bytes,    4841408 total
- age   5:      76640 bytes,    4918048 total
- age   6:      51192 bytes,    4969240 total
- age   7:      48792 bytes,    5018032 total
- age   8:      35520 bytes,    5053552 total
: 93845K->5582K(109248K), 0.0042714 secs] 268689K->180486K(502464K), 0.0044247 secs] [Times: user=0.05 sys=0.00, real=0.00 secs] 
Heap after GC invocations=72 (full 1):
 par new generation   total 109248K, used 5582K [0x00000000e0000000, 0x00000000e8000000, 0x00000000e8000000)
  eden space 87424K,   0% used [0x00000000e0000000, 0x00000000e0000000, 0x00000000e5560000)
  from space 21824K,  25% used [0x00000000e5560000, 0x00000000e5ad39b0, 0x00000000e6ab0000)
  to   space 21824K,   0% used [0x00000000e6ab0000, 0x00000000e6ab0000, 0x00000000e8000000)
 concurrent mark-sweep generation total 393216K, used 174904K [0x00000000e8000000, 0x0000000100000000, 0x0000000100000000)
 Metaspace       used 30975K, capacity 31430K, committed 31612K, reserved 1077248K
  class space    used 3528K, capacity 3697K, committed 3708K, reserved 1048576K
}
2018-11-12T14:38:30.270+0100: 245.483: Total time for which application threads were stopped: 0.0048510 seconds, Stopping threads took: 0.0000565 seconds
{Heap before GC invocations=72 (full 1):
 par new generation   total 109248K, used 93006K [0x00000000e0000000, 0x00000000e8000000, 0x00000000e8000000)
  eden space 87424K, 100% used [0x00000000e0000000, 0x00000000e5560000, 0x00000000e5560000)
  from space 21824K,  25% used [0x00000000e5560000, 0x00000000e5ad39b0, 0x00000000e6ab0000)
  to   space 21824K,   0% used [0x00000000e6ab0000, 0x00000000e6ab0000, 0x00000000e8000000)
 concurrent mark-sweep generation total 393216K, used 174904K [0x00000000e8000000, 0x0000000100000000, 0x0000000100000000)
 Metaspace       used 30976K, capacity 31430K, committed 31612K, reserved 1077248K
  class space    used 3528K, capacity 3697K, committed 3708K, reserved 1048576K
2018-11-12T14:38:30.555+0100: 245.769: [GC (Allocation Failure) 2018-11-12T14:38:30.555+0100: 245.769: [ParNew
Desired survivor size 20112992 bytes, new threshold 8 (max 8)
- age   1:    2338688 bytes,    2338688 total
- age   2:     530504 bytes,    2869192 total
- age   3:     601624 bytes,    3470816 total
- age   4:     609848 bytes,    4080664 total
- age   5:    1849208 bytes,    5929872 total
- age   6:      76640 bytes,    6006512 total
- age   7:      51192 bytes,    6057704 total
- age   8:      48792 bytes,    6106496 total
: 93006K->8266K(109248K), 0.0033124 secs] 267910K->183205K(502464K), 0.0034069 secs] [Times: user=0.00 sys=0.00, real=0.00 secs] 
Heap after GC invocations=73 (full 1):
 par new generation   total 109248K, used 8266K [0x00000000e0000000, 0x00000000e8000000, 0x00000000e8000000)
  eden space 87424K,   0% used [0x00000000e0000000, 0x00000000e0000000, 0x00000000e5560000)
  from space 21824K,  37% used [0x00000000e6ab0000, 0x00000000e72c2980, 0x00000000e8000000)
  to   space 21824K,   0% used [0x00000000e5560000, 0x00000000e5560000, 0x00000000e6ab0000)
 concurrent mark-sweep generation total 393216K, used 174938K [0x00000000e8000000, 0x0000000100000000, 0x0000000100000000)
 Metaspace       used 30976K, capacity 31430K, committed 31612K, reserved 1077248K
  class space    used 3528K, capacity 3697K, committed 3708K, reserved 1048576K
}
2018-11-12T14:38:30.558+0100: 245.773: Total time for which application threads were stopped: 0.0036655 seconds, Stopping threads took: 0.0000304 seconds
{Heap before GC invocations=73 (full 1):
 par new generation   total 109248K, used 95690K [0x00000000e0000000, 0x00000000e8000000, 0x00000000e8000000)
  eden space 87424K, 100% used [0x00000000e0000000, 0x00000000e5560000, 0x00000000e5560000)
  from space 21824K,  37% used [0x00000000e6ab0000, 0x00000000e72c2980, 0x00000000e8000000)
  to   space 21824K,   0% used [0x00000000e5560000, 0x00000000e5560000, 0x00000000e6ab0000)
 concurrent mark-sweep generation total 393216K, used 174938K [0x00000000e8000000, 0x0000000100000000, 0x0000000100000000)
 Metaspace       used 30976K, capacity 31430K, committed 31612K, reserved 1077248K
  class space    used 3528K, capacity 3697K, committed 3708K, reserved 1048576K
2018-11-12T14:38:30.855+0100: 246.070: [GC (Allocation Failure) 2018-11-12T14:38:30.855+0100: 246.070: [ParNew
Desired survivor size 20112992 bytes, new threshold 8 (max 8)
- age   1:    1967536 bytes,    1967536 total
- age   2:     927536 bytes,    2895072 total
- age   3:     530504 bytes,    3425576 total
- age   4:     584680 bytes,    4010256 total
- age   5:     609848 bytes,    4620104 total
- age   6:    1848656 bytes,    6468760 total
- age   7:      76640 bytes,    6545400 total
- age   8:      51192 bytes,    6596592 total
: 95690K->8173K(109248K), 0.0031407 secs] 270629K->183159K(502464K), 0.0032392 secs] [Times: user=0.00 sys=0.00, real=0.00 secs] 
Heap after GC invocations=74 (full 1):
 par new generation   total 109248K, used 8173K [0x00000000e0000000, 0x00000000e8000000, 0x00000000e8000000)
  eden space 87424K,   0% used [0x00000000e0000000, 0x00000000e0000000, 0x00000000e5560000)
  from space 21824K,  37% used [0x00000000e5560000, 0x00000000e5d5b430, 0x00000000e6ab0000)
  to   space 21824K,   0% used [0x00000000e6ab0000, 0x00000000e6ab0000, 0x00000000e8000000)
 concurrent mark-sweep generation total 393216K, used 174986K [0x00000000e8000000, 0x0000000100000000, 0x0000000100000000)
 Metaspace       used 30976K, capacity 31430K, committed 31612K, reserved 1077248K
  class space    used 3528K, capacity 3697K, committed 3708K, reserved 1048576K
}
2018-11-12T14:38:30.859+0100: 246.073: Total time for which application threads were stopped: 0.0035088 seconds, Stopping threads took: 0.0000287 seconds
{Heap before GC invocations=74 (full 1):
 par new generation   total 109248K, used 95597K [0x00000000e0000000, 0x00000000e8000000, 0x00000000e8000000)
  eden space 87424K, 100% used [0x00000000e0000000, 0x00000000e5560000, 0x00000000e5560000)
  from space 21824K,  37% used [0x00000000e5560000, 0x00000000e5d5b430, 0x00000000e6ab0000)
  to   space 21824K,   0% used [0x00000000e6ab0000, 0x00000000e6ab0000, 0x00000000e8000000)
 concurrent mark-sweep generation total 393216K, used 174986K [0x00000000e8000000, 0x0000000100000000, 0x0000000100000000)
 Metaspace       used 31012K, capacity 31558K, committed 31868K, reserved 1077248K
  class space    used 3528K, capacity 3697K, committed 3708K, reserved 1048576K
2018-11-12T14:38:31.110+0100: 246.324: [GC (Allocation Failure) 2018-11-12T14:38:31.110+0100: 246.324: [ParNew
Desired survivor size 20112992 bytes, new threshold 8 (max 8)
- age   1:    2064328 bytes,    2064328 total
- age   2:     584600 bytes,    2648928 total
- age   3:     925168 bytes,    3574096 total
- age   4:     529392 bytes,    4103488 total
- age   5:     584680 bytes,    4688168 total
- age   6:     609848 bytes,    5298016 total
- age   7:    1848600 bytes,    7146616 total
- age   8:      76640 bytes,    7223256 total
: 95597K->11249K(109248K), 0.0035341 secs] 270583K->186285K(502464K), 0.0036532 secs] [Times: user=0.06 sys=0.00, real=0.00 secs] 
Heap after GC invocations=75 (full 1):
 par new generation   total 109248K, used 11249K [0x00000000e0000000, 0x00000000e8000000, 0x00000000e8000000)
  eden space 87424K,   0% used [0x00000000e0000000, 0x00000000e0000000, 0x00000000e5560000)
  from space 21824K,  51% used [0x00000000e6ab0000, 0x00000000e75ac680, 0x00000000e8000000)
  to   space 21824K,   0% used [0x00000000e5560000, 0x00000000e5560000, 0x00000000e6ab0000)
 concurrent mark-sweep generation total 393216K, used 175036K [0x00000000e8000000, 0x0000000100000000, 0x0000000100000000)
 Metaspace       used 31012K, capacity 31558K, committed 31868K, reserved 1077248K
  class space    used 3528K, capacity 3697K, committed 3708K, reserved 1048576K
}
2018-11-12T14:38:31.114+0100: 246.328: Total time for which application threads were stopped: 0.0039296 seconds, Stopping threads took: 0.0000294 seconds
{Heap before GC invocations=75 (full 1):
 par new generation   total 109248K, used 98673K [0x00000000e0000000, 0x00000000e8000000, 0x00000000e8000000)
  eden space 87424K, 100% used [0x00000000e0000000, 0x00000000e5560000, 0x00000000e5560000)
  from space 21824K,  51% used [0x00000000e6ab0000, 0x00000000e75ac680, 0x00000000e8000000)
  to   space 21824K,   0% used [0x00000000e5560000, 0x00000000e5560000, 0x00000000e6ab0000)
 concurrent mark-sweep generation total 393216K, used 175036K [0x00000000e8000000, 0x0000000100000000, 0x0000000100000000)
 Metaspace       used 31012K, capacity 31558K, committed 31868K, reserved 1077248K
  class space    used 3528K, capacity 3697K, committed 3708K, reserved 1048576K
2018-11-12T14:38:31.355+0100: 246.569: [GC (Allocation Failure) 2018-11-12T14:38:31.355+0100: 246.569: [ParNew
Desired survivor size 20112992 bytes, new threshold 8 (max 8)
- age   1:    2220792 bytes,    2220792 total
- age   2:     577248 bytes,    2798040 total
- age   3:     584600 bytes,    3382640 total
- age   4:     925168 bytes,    4307808 total
- age   5:     529392 bytes,    4837200 total
- age   6:     584680 bytes,    5421880 total
- age   7:     609848 bytes,    6031728 total
- age   8:    1848544 bytes,    7880272 total
: 98673K->9865K(109248K), 0.0033278 secs] 273709K->184976K(502464K), 0.0034188 secs] [Times: user=0.00 sys=0.00, real=0.00 secs] 
Heap after GC invocations=76 (full 1):
 par new generation   total 109248K, used 9865K [0x00000000e0000000, 0x00000000e8000000, 0x00000000e8000000)
  eden space 87424K,   0% used [0x00000000e0000000, 0x00000000e0000000, 0x00000000e5560000)
  from space 21824K,  45% used [0x00000000e5560000, 0x00000000e5f025f0, 0x00000000e6ab0000)
  to   space 21824K,   0% used [0x00000000e6ab0000, 0x00000000e6ab0000, 0x00000000e8000000)
 concurrent mark-sweep generation total 393216K, used 175111K [0x00000000e8000000, 0x0000000100000000, 0x0000000100000000)
 Metaspace       used 31012K, capacity 31558K, committed 31868K, reserved 1077248K
  class space    used 3528K, capacity 3697K, committed 3708K, reserved 1048576K
}
2018-11-12T14:38:31.359+0100: 246.572: Total time for which application threads were stopped: 0.0036070 seconds, Stopping threads took: 0.0000274 seconds
2018-11-12T14:38:31.436+0100: 246.650: Total time for which application threads were stopped: 0.0000831 seconds, Stopping threads took: 0.0000229 seconds
{Heap before GC invocations=76 (full 1):
 par new generation   total 109248K, used 97289K [0x00000000e0000000, 0x00000000e8000000, 0x00000000e8000000)
  eden space 87424K, 100% used [0x00000000e0000000, 0x00000000e5560000, 0x00000000e5560000)
  from space 21824K,  45% used [0x00000000e5560000, 0x00000000e5f025f0, 0x00000000e6ab0000)
  to   space 21824K,   0% used [0x00000000e6ab0000, 0x00000000e6ab0000, 0x00000000e8000000)
 concurrent mark-sweep generation total 393216K, used 175111K [0x00000000e8000000, 0x0000000100000000, 0x0000000100000000)
 Metaspace       used 31012K, capacity 31558K, committed 31868K, reserved 1077248K
  class space    used 3528K, capacity 3697K, committed 3708K, reserved 1048576K
2018-11-12T14:38:31.624+0100: 246.839: [GC (Allocation Failure) 2018-11-12T14:38:31.624+0100: 246.839: [ParNew
Desired survivor size 20112992 bytes, new threshold 8 (max 8)
- age   1:    2951448 bytes,    2951448 total
- age   2:     645000 bytes,    3596448 total
- age   3:     577248 bytes,    4173696 total
- age   4:     584600 bytes,    4758296 total
- age   5:     597456 bytes,    5355752 total
- age   6:     529392 bytes,    5885144 total
- age   7:     584680 bytes,    6469824 total
- age   8:     609848 bytes,    7079672 total
: 97289K->8105K(109248K), 0.0046987 secs] 272400K->185023K(502464K), 0.0047883 secs] [Times: user=0.06 sys=0.00, real=0.00 secs] 
Heap after GC invocations=77 (full 1):
 par new generation   total 109248K, used 8105K [0x00000000e0000000, 0x00000000e8000000, 0x00000000e8000000)
  eden space 87424K,   0% used [0x00000000e0000000, 0x00000000e0000000, 0x00000000e5560000)
  from space 21824K,  37% used [0x00000000e6ab0000, 0x00000000e729a6f0, 0x00000000e8000000)
  to   space 21824K,   0% used [0x00000000e5560000, 0x00000000e5560000, 0x00000000e6ab0000)
 concurrent mark-sweep generation total 393216K, used 176918K [0x00000000e8000000, 0x0000000100000000, 0x0000000100000000)
 Metaspace       used 31012K, capacity 31558K, committed 31868K, reserved 1077248K
  class space    used 3528K, capacity 3697K, committed 3708K, reserved 1048576K
}
2018-11-12T14:38:31.629+0100: 246.844: Total time for which application threads were stopped: 0.0050097 seconds, Stopping threads took: 0.0000325 seconds
{Heap before GC invocations=77 (full 1):
 par new generation   total 109248K, used 95529K [0x00000000e0000000, 0x00000000e8000000, 0x00000000e8000000)
  eden space 87424K, 100% used [0x00000000e0000000, 0x00000000e5560000, 0x00000000e5560000)
  from space 21824K,  37% used [0x00000000e6ab0000, 0x00000000e729a6f0, 0x00000000e8000000)
  to   space 21824K,   0% used [0x00000000e5560000, 0x00000000e5560000, 0x00000000e6ab0000)
 concurrent mark-sweep generation total 393216K, used 176918K [0x00000000e8000000, 0x0000000100000000, 0x0000000100000000)
 Metaspace       used 31012K, capacity 31558K, committed 31868K, reserved 1077248K
  class space    used 3528K, capacity 3697K, committed 3708K, reserved 1048576K
2018-11-12T14:38:31.882+0100: 247.096: [GC (Allocation Failure) 2018-11-12T14:38:31.882+0100: 247.096: [ParNew
Desired survivor size 20112992 bytes, new threshold 8 (max 8)
- age   1:    2548832 bytes,    2548832 total
- age   2:    1210792 bytes,    3759624 total
- age   3:     558264 bytes,    4317888 total
- age   4:     577248 bytes,    4895136 total
- age   5:     583544 bytes,    5478680 total
- age   6:     597456 bytes,    6076136 total
- age   7:     529392 bytes,    6605528 total
- age   8:     584680 bytes,    7190208 total
: 95529K->11307K(109248K), 0.0033292 secs] 272447K->188821K(502464K), 0.0034188 secs] [Times: user=0.00 sys=0.00, real=0.00 secs] 
Heap after GC invocations=78 (full 1):
 par new generation   total 109248K, used 11307K [0x00000000e0000000, 0x00000000e8000000, 0x00000000e8000000)
  eden space 87424K,   0% used [0x00000000e0000000, 0x00000000e0000000, 0x00000000e5560000)
  from space 21824K,  51% used [0x00000000e5560000, 0x00000000e606af90, 0x00000000e6ab0000)
  to   space 21824K,   0% used [0x00000000e6ab0000, 0x00000000e6ab0000, 0x00000000e8000000)
 concurrent mark-sweep generation total 393216K, used 177513K [0x00000000e8000000, 0x0000000100000000, 0x0000000100000000)
 Metaspace       used 31012K, capacity 31558K, committed 31868K, reserved 1077248K
  class space    used 3528K, capacity 3697K, committed 3708K, reserved 1048576K
}
2018-11-12T14:38:31.885+0100: 247.100: Total time for which application threads were stopped: 0.0036282 seconds, Stopping threads took: 0.0000267 seconds
{Heap before GC invocations=78 (full 1):
 par new generation   total 109248K, used 98731K [0x00000000e0000000, 0x00000000e8000000, 0x00000000e8000000)
  eden space 87424K, 100% used [0x00000000e0000000, 0x00000000e5560000, 0x00000000e5560000)
  from space 21824K,  51% used [0x00000000e5560000, 0x00000000e606af90, 0x00000000e6ab0000)
  to   space 21824K,   0% used [0x00000000e6ab0000, 0x00000000e6ab0000, 0x00000000e8000000)
 concurrent mark-sweep generation total 393216K, used 177513K [0x00000000e8000000, 0x0000000100000000, 0x0000000100000000)
 Metaspace       used 31012K, capacity 31558K, committed 31868K, reserved 1077248K
  class space    used 3528K, capacity 3697K, committed 3708K, reserved 1048576K
2018-11-12T14:38:32.139+0100: 247.353: [GC (Allocation Failure) 2018-11-12T14:38:32.139+0100: 247.353: [ParNew
Desired survivor size 20112992 bytes, new threshold 8 (max 8)
- age   1:    2692232 bytes,    2692232 total
- age   2:     631360 bytes,    3323592 total
- age   3:    1210792 bytes,    4534384 total
- age   4:     558264 bytes,    5092648 total
- age   5:     573880 bytes,    5666528 total
- age   6:     583544 bytes,    6250072 total
- age   7:     597456 bytes,    6847528 total
- age   8:     529392 bytes,    7376920 total
: 98731K->9606K(109248K), 0.0031598 secs] 276245K->187691K(502464K), 0.0032543 secs] [Times: user=0.00 sys=0.00, real=0.00 secs] 
Heap after GC invocations=79 (full 1):
 par new generation   total 109248K, used 9606K [0x00000000e0000000, 0x00000000e8000000, 0x00000000e8000000)
  eden space 87424K,   0% used [0x00000000e0000000, 0x00000000e0000000, 0x00000000e5560000)
  from space 21824K,  44% used [0x00000000e6ab0000, 0x00000000e7411a38, 0x00000000e8000000)
  to   space 21824K,   0% used [0x00000000e5560000, 0x00000000e5560000, 0x00000000e6ab0000)
 concurrent mark-sweep generation total 393216K, used 178084K [0x00000000e8000000, 0x0000000100000000, 0x0000000100000000)
 Metaspace       used 31012K, capacity 31558K, committed 31868K, reserved 1077248K
  class space    used 3528K, capacity 3697K, committed 3708K, reserved 1048576K
}
2018-11-12T14:38:32.142+0100: 247.356: Total time for which application threads were stopped: 0.0034975 seconds, Stopping threads took: 0.0000287 seconds
{Heap before GC invocations=79 (full 1):
 par new generation   total 109248K, used 97030K [0x00000000e0000000, 0x00000000e8000000, 0x00000000e8000000)
  eden space 87424K, 100% used [0x00000000e0000000, 0x00000000e5560000, 0x00000000e5560000)
  from space 21824K,  44% used [0x00000000e6ab0000, 0x00000000e7411a38, 0x00000000e8000000)
  to   space 21824K,   0% used [0x00000000e5560000, 0x00000000e5560000, 0x00000000e6ab0000)
 concurrent mark-sweep generation total 393216K, used 178084K [0x00000000e8000000, 0x0000000100000000, 0x0000000100000000)
 Metaspace       used 31012K, capacity 31558K, committed 31868K, reserved 1077248K
  class space    used 3528K, capacity 3697K, committed 3708K, reserved 1048576K
2018-11-12T14:38:32.410+0100: 247.623: [GC (Allocation Failure) 2018-11-12T14:38:32.410+0100: 247.624: [ParNew
Desired survivor size 20112992 bytes, new threshold 8 (max 8)
- age   1:    2578984 bytes,    2578984 total
- age   2:     889616 bytes,    3468600 total
- age   3:     533816 bytes,    4002416 total
- age   4:    1210792 bytes,    5213208 total
- age   5:     557872 bytes,    5771080 total
- age   6:     573880 bytes,    6344960 total
- age   7:     583544 bytes,    6928504 total
- age   8:     597456 bytes,    7525960 total
: 97030K->9340K(109248K), 0.0034568 secs] 275115K->187942K(502464K), 0.0035403 secs] [Times: user=0.00 sys=0.00, real=0.00 secs] 
Heap after GC invocations=80 (full 1):
 par new generation   total 109248K, used 9340K [0x00000000e0000000, 0x00000000e8000000, 0x00000000e8000000)
  eden space 87424K,   0% used [0x00000000e0000000, 0x00000000e0000000, 0x00000000e5560000)
  from space 21824K,  42% used [0x00000000e5560000, 0x00000000e5e7f278, 0x00000000e6ab0000)
  to   space 21824K,   0% used [0x00000000e6ab0000, 0x00000000e6ab0000, 0x00000000e8000000)
 concurrent mark-sweep generation total 393216K, used 178601K [0x00000000e8000000, 0x0000000100000000, 0x0000000100000000)
 Metaspace       used 31012K, capacity 31558K, committed 31868K, reserved 1077248K
  class space    used 3528K, capacity 3697K, committed 3708K, reserved 1048576K
}
2018-11-12T14:38:32.413+0100: 247.627: Total time for which application threads were stopped: 0.0037367 seconds, Stopping threads took: 0.0000246 seconds
{Heap before GC invocations=80 (full 1):
 par new generation   total 109248K, used 96764K [0x00000000e0000000, 0x00000000e8000000, 0x00000000e8000000)
  eden space 87424K, 100% used [0x00000000e0000000, 0x00000000e5560000, 0x00000000e5560000)
  from space 21824K,  42% used [0x00000000e5560000, 0x00000000e5e7f278, 0x00000000e6ab0000)
  to   space 21824K,   0% used [0x00000000e6ab0000, 0x00000000e6ab0000, 0x00000000e8000000)
 concurrent mark-sweep generation total 393216K, used 178601K [0x00000000e8000000, 0x0000000100000000, 0x0000000100000000)
 Metaspace       used 31012K, capacity 31558K, committed 31868K, reserved 1077248K
  class space    used 3528K, capacity 3697K, committed 3708K, reserved 1048576K
2018-11-12T14:38:32.674+0100: 247.888: [GC (Allocation Failure) 2018-11-12T14:38:32.674+0100: 247.888: [ParNew
Desired survivor size 20112992 bytes, new threshold 8 (max 8)
- age   1:    1275168 bytes,    1275168 total
- age   2:    2141504 bytes,    3416672 total
- age   3:     567064 bytes,    3983736 total
- age   4:     533816 bytes,    4517552 total
- age   5:    1210792 bytes,    5728344 total
- age   6:     557872 bytes,    6286216 total
- age   7:     571800 bytes,    6858016 total
- age   8:     583544 bytes,    7441560 total
: 96764K->8998K(109248K), 0.0037216 secs] 275366K->188183K(502464K), 0.0038130 secs] [Times: user=0.06 sys=0.00, real=0.00 secs] 
Heap after GC invocations=81 (full 1):
 par new generation   total 109248K, used 8998K [0x00000000e0000000, 0x00000000e8000000, 0x00000000e8000000)
  eden space 87424K,   0% used [0x00000000e0000000, 0x00000000e0000000, 0x00000000e5560000)
  from space 21824K,  41% used [0x00000000e6ab0000, 0x00000000e7379960, 0x00000000e8000000)
  to   space 21824K,   0% used [0x00000000e5560000, 0x00000000e5560000, 0x00000000e6ab0000)
 concurrent mark-sweep generation total 393216K, used 179185K [0x00000000e8000000, 0x0000000100000000, 0x0000000100000000)
 Metaspace       used 31012K, capacity 31558K, committed 31868K, reserved 1077248K
  class space    used 3528K, capacity 3697K, committed 3708K, reserved 1048576K
}
2018-11-12T14:38:32.678+0100: 247.892: Total time for which application threads were stopped: 0.0040189 seconds, Stopping threads took: 0.0000263 seconds
{Heap before GC invocations=81 (full 1):
 par new generation   total 109248K, used 96422K [0x00000000e0000000, 0x00000000e8000000, 0x00000000e8000000)
  eden space 87424K, 100% used [0x00000000e0000000, 0x00000000e5560000, 0x00000000e5560000)
  from space 21824K,  41% used [0x00000000e6ab0000, 0x00000000e7379960, 0x00000000e8000000)
  to   space 21824K,   0% used [0x00000000e5560000, 0x00000000e5560000, 0x00000000e6ab0000)
 concurrent mark-sweep generation total 393216K, used 179185K [0x00000000e8000000, 0x0000000100000000, 0x0000000100000000)
 Metaspace       used 31012K, capacity 31558K, committed 31868K, reserved 1077248K
  class space    used 3528K, capacity 3697K, committed 3708K, reserved 1048576K
2018-11-12T14:38:32.945+0100: 248.159: [GC (Allocation Failure) 2018-11-12T14:38:32.945+0100: 248.159: [ParNew
Desired survivor size 20112992 bytes, new threshold 8 (max 8)
- age   1:    2810976 bytes,    2810976 total
- age   2:     882192 bytes,    3693168 total
- age   3:     563080 bytes,    4256248 total
- age   4:     567064 bytes,    4823312 total
- age   5:     533816 bytes,    5357128 total
- age   6:    1210792 bytes,    6567920 total
- age   7:     557872 bytes,    7125792 total
- age   8:     571800 bytes,    7697592 total
: 96422K->10553K(109248K), 0.0035991 secs] 275607K->190307K(502464K), 0.0037302 secs] [Times: user=0.00 sys=0.00, real=0.00 secs] 
Heap after GC invocations=82 (full 1):
 par new generation   total 109248K, used 10553K [0x00000000e0000000, 0x00000000e8000000, 0x00000000e8000000)
  eden space 87424K,   0% used [0x00000000e0000000, 0x00000000e0000000, 0x00000000e5560000)
  from space 21824K,  48% used [0x00000000e5560000, 0x00000000e5fae450, 0x00000000e6ab0000)
  to   space 21824K,   0% used [0x00000000e6ab0000, 0x00000000e6ab0000, 0x00000000e8000000)
 concurrent mark-sweep generation total 393216K, used 179754K [0x00000000e8000000, 0x0000000100000000, 0x0000000100000000)
 Metaspace       used 31012K, capacity 31558K, committed 31868K, reserved 1077248K
  class space    used 3528K, capacity 3697K, committed 3708K, reserved 1048576K
}
2018-11-12T14:38:32.949+0100: 248.163: Total time for which application threads were stopped: 0.0040760 seconds, Stopping threads took: 0.0000554 seconds
{Heap before GC invocations=82 (full 1):
 par new generation   total 109248K, used 97977K [0x00000000e0000000, 0x00000000e8000000, 0x00000000e8000000)
  eden space 87424K, 100% used [0x00000000e0000000, 0x00000000e5560000, 0x00000000e5560000)
  from space 21824K,  48% used [0x00000000e5560000, 0x00000000e5fae450, 0x00000000e6ab0000)
  to   space 21824K,   0% used [0x00000000e6ab0000, 0x00000000e6ab0000, 0x00000000e8000000)
 concurrent mark-sweep generation total 393216K, used 179754K [0x00000000e8000000, 0x0000000100000000, 0x0000000100000000)
 Metaspace       used 31012K, capacity 31558K, committed 31868K, reserved 1077248K
  class space    used 3528K, capacity 3697K, committed 3708K, reserved 1048576K
2018-11-12T14:38:33.159+0100: 248.372: [GC (Allocation Failure) 2018-11-12T14:38:33.159+0100: 248.372: [ParNew
Desired survivor size 20112992 bytes, new threshold 8 (max 8)
- age   1:    3349744 bytes,    3349744 total
- age   2:     660160 bytes,    4009904 total
- age   3:     525872 bytes,    4535776 total
- age   4:     563080 bytes,    5098856 total
- age   5:     562056 bytes,    5660912 total
- age   6:     533816 bytes,    6194728 total
- age   7:    1210792 bytes,    7405520 total
- age   8:     557872 bytes,    7963392 total
: 97977K->10339K(109248K), 0.0035837 secs] 277731K->190652K(502464K), 0.0036771 secs] [Times: user=0.06 sys=0.00, real=0.00 secs] 
Heap after GC invocations=83 (full 1):
 par new generation   total 109248K, used 10339K [0x00000000e0000000, 0x00000000e8000000, 0x00000000e8000000)
  eden space 87424K,   0% used [0x00000000e0000000, 0x00000000e0000000, 0x00000000e5560000)
  from space 21824K,  47% used [0x00000000e6ab0000, 0x00000000e74c8f48, 0x00000000e8000000)
  to   space 21824K,   0% used [0x00000000e5560000, 0x00000000e5560000, 0x00000000e6ab0000)
 concurrent mark-sweep generation total 393216K, used 180312K [0x00000000e8000000, 0x0000000100000000, 0x0000000100000000)
 Metaspace       used 31012K, capacity 31558K, committed 31868K, reserved 1077248K
  class space    used 3528K, capacity 3697K, committed 3708K, reserved 1048576K
}
2018-11-12T14:38:33.162+0100: 248.376: Total time for which application threads were stopped: 0.0039135 seconds, Stopping threads took: 0.0000332 seconds
{Heap before GC invocations=83 (full 1):
 par new generation   total 109248K, used 97763K [0x00000000e0000000, 0x00000000e8000000, 0x00000000e8000000)
  eden space 87424K, 100% used [0x00000000e0000000, 0x00000000e5560000, 0x00000000e5560000)
  from space 21824K,  47% used [0x00000000e6ab0000, 0x00000000e74c8f48, 0x00000000e8000000)
  to   space 21824K,   0% used [0x00000000e5560000, 0x00000000e5560000, 0x00000000e6ab0000)
 concurrent mark-sweep generation total 393216K, used 180312K [0x00000000e8000000, 0x0000000100000000, 0x0000000100000000)
 Metaspace       used 31012K, capacity 31558K, committed 31868K, reserved 1077248K
  class space    used 3528K, capacity 3697K, committed 3708K, reserved 1048576K
2018-11-12T14:38:33.397+0100: 248.612: [GC (Allocation Failure) 2018-11-12T14:38:33.397+0100: 248.612: [ParNew
Desired survivor size 20112992 bytes, new threshold 8 (max 8)
- age   1:    1463328 bytes,    1463328 total
- age   2:    2493568 bytes,    3956896 total
- age   3:     654032 bytes,    4610928 total
- age   4:     525872 bytes,    5136800 total
- age   5:     563080 bytes,    5699880 total
- age   6:     562056 bytes,    6261936 total
- age   7:     533816 bytes,    6795752 total
- age   8:    1210792 bytes,    8006544 total
: 97763K->10088K(109248K), 0.0034257 secs] 278076K->190946K(502464K), 0.0035068 secs] [Times: user=0.00 sys=0.00, real=0.00 secs] 
Heap after GC invocations=84 (full 1):
 par new generation   total 109248K, used 10088K [0x00000000e0000000, 0x00000000e8000000, 0x00000000e8000000)
  eden space 87424K,   0% used [0x00000000e0000000, 0x00000000e0000000, 0x00000000e5560000)
  from space 21824K,  46% used [0x00000000e5560000, 0x00000000e5f3a250, 0x00000000e6ab0000)
  to   space 21824K,   0% used [0x00000000e6ab0000, 0x00000000e6ab0000, 0x00000000e8000000)
 concurrent mark-sweep generation total 393216K, used 180857K [0x00000000e8000000, 0x0000000100000000, 0x0000000100000000)
 Metaspace       used 31012K, capacity 31558K, committed 31868K, reserved 1077248K
  class space    used 3528K, capacity 3697K, committed 3708K, reserved 1048576K
}
2018-11-12T14:38:33.401+0100: 248.615: Total time for which application threads were stopped: 0.0037076 seconds, Stopping threads took: 0.0000356 seconds
{Heap before GC invocations=84 (full 1):
 par new generation   total 109248K, used 97512K [0x00000000e0000000, 0x00000000e8000000, 0x00000000e8000000)
  eden space 87424K, 100% used [0x00000000e0000000, 0x00000000e5560000, 0x00000000e5560000)
  from space 21824K,  46% used [0x00000000e5560000, 0x00000000e5f3a250, 0x00000000e6ab0000)
  to   space 21824K,   0% used [0x00000000e6ab0000, 0x00000000e6ab0000, 0x00000000e8000000)
 concurrent mark-sweep generation total 393216K, used 180857K [0x00000000e8000000, 0x0000000100000000, 0x0000000100000000)
 Metaspace       used 31012K, capacity 31558K, committed 31868K, reserved 1077248K
  class space    used 3528K, capacity 3697K, committed 3708K, reserved 1048576K
2018-11-12T14:38:33.652+0100: 248.867: [GC (Allocation Failure) 2018-11-12T14:38:33.652+0100: 248.867: [ParNew
Desired survivor size 20112992 bytes, new threshold 8 (max 8)
- age   1:    4465832 bytes,    4465832 total
- age   2:    1016912 bytes,    5482744 total
- age   3:     636344 bytes,    6119088 total
- age   4:     530560 bytes,    6649648 total
- age   5:     525872 bytes,    7175520 total
- age   6:     563080 bytes,    7738600 total
- age   7:     562056 bytes,    8300656 total
- age   8:     533816 bytes,    8834472 total
: 97512K->10958K(109248K), 0.0040665 secs] 278370K->192486K(502464K), 0.0041869 secs] [Times: user=0.00 sys=0.00, real=0.01 secs] 
Heap after GC invocations=85 (full 1):
 par new generation   total 109248K, used 10958K [0x00000000e0000000, 0x00000000e8000000, 0x00000000e8000000)
  eden space 87424K,   0% used [0x00000000e0000000, 0x00000000e0000000, 0x00000000e5560000)
  from space 21824K,  50% used [0x00000000e6ab0000, 0x00000000e75638b0, 0x00000000e8000000)
  to   space 21824K,   0% used [0x00000000e5560000, 0x00000000e5560000, 0x00000000e6ab0000)
 concurrent mark-sweep generation total 393216K, used 181528K [0x00000000e8000000, 0x0000000100000000, 0x0000000100000000)
 Metaspace       used 31012K, capacity 31558K, committed 31868K, reserved 1077248K
  class space    used 3528K, capacity 3697K, committed 3708K, reserved 1048576K
}
2018-11-12T14:38:33.657+0100: 248.871: Total time for which application threads were stopped: 0.0044425 seconds, Stopping threads took: 0.0000260 seconds
{Heap before GC invocations=85 (full 1):
 par new generation   total 109248K, used 98382K [0x00000000e0000000, 0x00000000e8000000, 0x00000000e8000000)
  eden space 87424K, 100% used [0x00000000e0000000, 0x00000000e5560000, 0x00000000e5560000)
  from space 21824K,  50% used [0x00000000e6ab0000, 0x00000000e75638b0, 0x00000000e8000000)
  to   space 21824K,   0% used [0x00000000e5560000, 0x00000000e5560000, 0x00000000e6ab0000)
 concurrent mark-sweep generation total 393216K, used 181528K [0x00000000e8000000, 0x0000000100000000, 0x0000000100000000)
 Metaspace       used 31012K, capacity 31558K, committed 31868K, reserved 1077248K
  class space    used 3528K, capacity 3697K, committed 3708K, reserved 1048576K
2018-11-12T14:38:33.881+0100: 249.095: [GC (Allocation Failure) 2018-11-12T14:38:33.881+0100: 249.095: [ParNew
Desired survivor size 20112992 bytes, new threshold 8 (max 8)
- age   1:    1039784 bytes,    1039784 total
- age   2:    3796544 bytes,    4836328 total
- age   3:    1016040 bytes,    5852368 total
- age   4:     636344 bytes,    6488712 total
- age   5:     530560 bytes,    7019272 total
- age   6:     525872 bytes,    7545144 total
- age   7:     562520 bytes,    8107664 total
- age   8:     562056 bytes,    8669720 total
: 98382K->9692K(109248K), 0.0036012 secs] 279910K->191741K(502464K), 0.0037168 secs] [Times: user=0.00 sys=0.00, real=0.00 secs] 
Heap after GC invocations=86 (full 1):
 par new generation   total 109248K, used 9692K [0x00000000e0000000, 0x00000000e8000000, 0x00000000e8000000)
  eden space 87424K,   0% used [0x00000000e0000000, 0x00000000e0000000, 0x00000000e5560000)
  from space 21824K,  44% used [0x00000000e5560000, 0x00000000e5ed7000, 0x00000000e6ab0000)
  to   space 21824K,   0% used [0x00000000e6ab0000, 0x00000000e6ab0000, 0x00000000e8000000)
 concurrent mark-sweep generation total 393216K, used 182049K [0x00000000e8000000, 0x0000000100000000, 0x0000000100000000)
 Metaspace       used 31012K, capacity 31558K, committed 31868K, reserved 1077248K
  class space    used 3528K, capacity 3697K, committed 3708K, reserved 1048576K
}
2018-11-12T14:38:33.885+0100: 249.099: Total time for which application threads were stopped: 0.0039864 seconds, Stopping threads took: 0.0000325 seconds
{Heap before GC invocations=86 (full 1):
 par new generation   total 109248K, used 97116K [0x00000000e0000000, 0x00000000e8000000, 0x00000000e8000000)
  eden space 87424K, 100% used [0x00000000e0000000, 0x00000000e5560000, 0x00000000e5560000)
  from space 21824K,  44% used [0x00000000e5560000, 0x00000000e5ed7000, 0x00000000e6ab0000)
  to   space 21824K,   0% used [0x00000000e6ab0000, 0x00000000e6ab0000, 0x00000000e8000000)
 concurrent mark-sweep generation total 393216K, used 182049K [0x00000000e8000000, 0x0000000100000000, 0x0000000100000000)
 Metaspace       used 31062K, capacity 31558K, committed 31868K, reserved 1077248K
  class space    used 3528K, capacity 3697K, committed 3708K, reserved 1048576K
2018-11-12T14:38:34.124+0100: 249.337: [GC (Allocation Failure) 2018-11-12T14:38:34.124+0100: 249.337: [ParNew
Desired survivor size 20112992 bytes, new threshold 8 (max 8)
- age   1:    4275080 bytes,    4275080 total
- age   2:     570768 bytes,    4845848 total
- age   3:    1707152 bytes,    6553000 total
- age   4:     565024 bytes,    7118024 total
- age   5:     636288 bytes,    7754312 total
- age   6:     530560 bytes,    8284872 total
- age   7:     525872 bytes,    8810744 total
- age   8:     562520 bytes,    9373264 total
: 97116K->12417K(109248K), 0.0038205 secs] 279165K->195015K(502464K), 0.0038964 secs] [Times: user=0.00 sys=0.00, real=0.00 secs] 
Heap after GC invocations=87 (full 1):
 par new generation   total 109248K, used 12417K [0x00000000e0000000, 0x00000000e8000000, 0x00000000e8000000)
  eden space 87424K,   0% used [0x00000000e0000000, 0x00000000e0000000, 0x00000000e5560000)
  from space 21824K,  56% used [0x00000000e6ab0000, 0x00000000e76d0450, 0x00000000e8000000)
  to   space 21824K,   0% used [0x00000000e5560000, 0x00000000e5560000, 0x00000000e6ab0000)
 concurrent mark-sweep generation total 393216K, used 182598K [0x00000000e8000000, 0x0000000100000000, 0x0000000100000000)
 Metaspace       used 31062K, capacity 31558K, committed 31868K, reserved 1077248K
  class space    used 3528K, capacity 3697K, committed 3708K, reserved 1048576K
}
2018-11-12T14:38:34.128+0100: 249.341: Total time for which application threads were stopped: 0.0041226 seconds, Stopping threads took: 0.0000253 seconds
{Heap before GC invocations=87 (full 1):
 par new generation   total 109248K, used 99841K [0x00000000e0000000, 0x00000000e8000000, 0x00000000e8000000)
  eden space 87424K, 100% used [0x00000000e0000000, 0x00000000e5560000, 0x00000000e5560000)
  from space 21824K,  56% used [0x00000000e6ab0000, 0x00000000e76d0450, 0x00000000e8000000)
  to   space 21824K,   0% used [0x00000000e5560000, 0x00000000e5560000, 0x00000000e6ab0000)
 concurrent mark-sweep generation total 393216K, used 182598K [0x00000000e8000000, 0x0000000100000000, 0x0000000100000000)
 Metaspace       used 31062K, capacity 31558K, committed 31868K, reserved 1077248K
  class space    used 3528K, capacity 3697K, committed 3708K, reserved 1048576K
2018-11-12T14:38:34.345+0100: 249.559: [GC (Allocation Failure) 2018-11-12T14:38:34.345+0100: 249.559: [ParNew
Desired survivor size 20112992 bytes, new threshold 8 (max 8)
- age   1:    1353200 bytes,    1353200 total
- age   2:    3662120 bytes,    5015320 total
- age   3:     562528 bytes,    5577848 total
- age   4:    1564152 bytes,    7142000 total
- age   5:     565024 bytes,    7707024 total
- age   6:     636288 bytes,    8343312 total
- age   7:     530560 bytes,    8873872 total
- age   8:     525872 bytes,    9399744 total
: 99841K->12858K(109248K), 0.0037493 secs] 282439K->196006K(502464K), 0.0038383 secs] [Times: user=0.06 sys=0.00, real=0.00 secs] 
Heap after GC invocations=88 (full 1):
 par new generation   total 109248K, used 12858K [0x00000000e0000000, 0x00000000e8000000, 0x00000000e8000000)
  eden space 87424K,   0% used [0x00000000e0000000, 0x00000000e0000000, 0x00000000e5560000)
  from space 21824K,  58% used [0x00000000e5560000, 0x00000000e61eeb70, 0x00000000e6ab0000)
  to   space 21824K,   0% used [0x00000000e6ab0000, 0x00000000e6ab0000, 0x00000000e8000000)
 concurrent mark-sweep generation total 393216K, used 183147K [0x00000000e8000000, 0x0000000100000000, 0x0000000100000000)
 Metaspace       used 31062K, capacity 31558K, committed 31868K, reserved 1077248K
  class space    used 3528K, capacity 3697K, committed 3708K, reserved 1048576K
}
2018-11-12T14:38:34.349+0100: 249.563: Total time for which application threads were stopped: 0.0040268 seconds, Stopping threads took: 0.0000253 seconds
{Heap before GC invocations=88 (full 1):
 par new generation   total 109248K, used 100282K [0x00000000e0000000, 0x00000000e8000000, 0x00000000e8000000)
  eden space 87424K, 100% used [0x00000000e0000000, 0x00000000e5560000, 0x00000000e5560000)
  from space 21824K,  58% used [0x00000000e5560000, 0x00000000e61eeb70, 0x00000000e6ab0000)
  to   space 21824K,   0% used [0x00000000e6ab0000, 0x00000000e6ab0000, 0x00000000e8000000)
 concurrent mark-sweep generation total 393216K, used 183147K [0x00000000e8000000, 0x0000000100000000, 0x0000000100000000)
 Metaspace       used 31062K, capacity 31558K, committed 31868K, reserved 1077248K
  class space    used 3528K, capacity 3697K, committed 3708K, reserved 1048576K
2018-11-12T14:38:34.580+0100: 249.794: [GC (Allocation Failure) 2018-11-12T14:38:34.580+0100: 249.794: [ParNew
Desired survivor size 20112992 bytes, new threshold 8 (max 8)
- age   1:    4227736 bytes,    4227736 total
- age   2:     715072 bytes,    4942808 total
- age   3:     808880 bytes,    5751688 total
- age   4:     562528 bytes,    6314216 total
- age   5:    1564152 bytes,    7878368 total
- age   6:     565024 bytes,    8443392 total
- age   7:     636288 bytes,    9079680 total
- age   8:     530560 bytes,    9610240 total
: 100282K->10797K(109248K), 0.0037018 secs] 283430K->194459K(502464K), 0.0037948 secs] [Times: user=0.06 sys=0.00, real=0.00 secs] 
Heap after GC invocations=89 (full 1):
 par new generation   total 109248K, used 10797K [0x00000000e0000000, 0x00000000e8000000, 0x00000000e8000000)
  eden space 87424K,   0% used [0x00000000e0000000, 0x00000000e0000000, 0x00000000e5560000)
  from space 21824K,  49% used [0x00000000e6ab0000, 0x00000000e753b650, 0x00000000e8000000)
  to   space 21824K,   0% used [0x00000000e5560000, 0x00000000e5560000, 0x00000000e6ab0000)
 concurrent mark-sweep generation total 393216K, used 183661K [0x00000000e8000000, 0x0000000100000000, 0x0000000100000000)
 Metaspace       used 31062K, capacity 31558K, committed 31868K, reserved 1077248K
  class space    used 3528K, capacity 3697K, committed 3708K, reserved 1048576K
}
2018-11-12T14:38:34.584+0100: 249.798: Total time for which application threads were stopped: 0.0040299 seconds, Stopping threads took: 0.0000369 seconds
2018-11-12T14:38:34.756+0100: 249.970: Total time for which application threads were stopped: 0.0000982 seconds, Stopping threads took: 0.0000233 seconds
{Heap before GC invocations=89 (full 1):
 par new generation   total 109248K, used 98221K [0x00000000e0000000, 0x00000000e8000000, 0x00000000e8000000)
  eden space 87424K, 100% used [0x00000000e0000000, 0x00000000e5560000, 0x00000000e5560000)
  from space 21824K,  49% used [0x00000000e6ab0000, 0x00000000e753b650, 0x00000000e8000000)
  to   space 21824K,   0% used [0x00000000e5560000, 0x00000000e5560000, 0x00000000e6ab0000)
 concurrent mark-sweep generation total 393216K, used 183661K [0x00000000e8000000, 0x0000000100000000, 0x0000000100000000)
 Metaspace       used 31062K, capacity 31558K, committed 31868K, reserved 1077248K
  class space    used 3528K, capacity 3697K, committed 3708K, reserved 1048576K
2018-11-12T14:38:34.796+0100: 250.010: [GC (Allocation Failure) 2018-11-12T14:38:34.796+0100: 250.010: [ParNew
Desired survivor size 20112992 bytes, new threshold 8 (max 8)
- age   1:    1007640 bytes,    1007640 total
- age   2:    3778704 bytes,    4786344 total
- age   3:     710424 bytes,    5496768 total
- age   4:     804232 bytes,    6301000 total
- age   5:     562528 bytes,    6863528 total
- age   6:    1564152 bytes,    8427680 total
- age   7:     565024 bytes,    8992704 total
- age   8:     636288 bytes,    9628992 total
: 98221K->12800K(109248K), 0.0035550 secs] 281883K->196980K(502464K), 0.0036487 secs] [Times: user=0.00 sys=0.00, real=0.00 secs] 
Heap after GC invocations=90 (full 1):
 par new generation   total 109248K, used 12800K [0x00000000e0000000, 0x00000000e8000000, 0x00000000e8000000)
  eden space 87424K,   0% used [0x00000000e0000000, 0x00000000e0000000, 0x00000000e5560000)
  from space 21824K,  58% used [0x00000000e5560000, 0x00000000e61e00a8, 0x00000000e6ab0000)
  to   space 21824K,   0% used [0x00000000e6ab0000, 0x00000000e6ab0000, 0x00000000e8000000)
 concurrent mark-sweep generation total 393216K, used 184179K [0x00000000e8000000, 0x0000000100000000, 0x0000000100000000)
 Metaspace       used 31062K, capacity 31558K, committed 31868K, reserved 1077248K
  class space    used 3528K, capacity 3697K, committed 3708K, reserved 1048576K
}
2018-11-12T14:38:34.800+0100: 250.013: Total time for which application threads were stopped: 0.0038728 seconds, Stopping threads took: 0.0000243 seconds
{Heap before GC invocations=90 (full 1):
 par new generation   total 109248K, used 100224K [0x00000000e0000000, 0x00000000e8000000, 0x00000000e8000000)
  eden space 87424K, 100% used [0x00000000e0000000, 0x00000000e5560000, 0x00000000e5560000)
  from space 21824K,  58% used [0x00000000e5560000, 0x00000000e61e00a8, 0x00000000e6ab0000)
  to   space 21824K,   0% used [0x00000000e6ab0000, 0x00000000e6ab0000, 0x00000000e8000000)
 concurrent mark-sweep generation total 393216K, used 184179K [0x00000000e8000000, 0x0000000100000000, 0x0000000100000000)
 Metaspace       used 31062K, capacity 31558K, committed 31868K, reserved 1077248K
  class space    used 3528K, capacity 3697K, committed 3708K, reserved 1048576K
2018-11-12T14:38:35.032+0100: 250.246: [GC (Allocation Failure) 2018-11-12T14:38:35.032+0100: 250.246: [ParNew
Desired survivor size 20112992 bytes, new threshold 8 (max 8)
- age   1:     878808 bytes,     878808 total
- age   2:     536624 bytes,    1415432 total
- age   3:    3776640 bytes,    5192072 total
- age   4:     709312 bytes,    5901384 total
- age   5:     804176 bytes,    6705560 total
- age   6:     562528 bytes,    7268088 total
- age   7:    1564152 bytes,    8832240 total
- age   8:     565024 bytes,    9397264 total
: 100224K->11175K(109248K), 0.0034219 secs] 284404K->195970K(502464K), 0.0035027 secs] [Times: user=0.05 sys=0.02, real=0.00 secs] 
Heap after GC invocations=91 (full 1):
 par new generation   total 109248K, used 11175K [0x00000000e0000000, 0x00000000e8000000, 0x00000000e8000000)
  eden space 87424K,   0% used [0x00000000e0000000, 0x00000000e0000000, 0x00000000e5560000)
  from space 21824K,  51% used [0x00000000e6ab0000, 0x00000000e7599ff8, 0x00000000e8000000)
  to   space 21824K,   0% used [0x00000000e5560000, 0x00000000e5560000, 0x00000000e6ab0000)
 concurrent mark-sweep generation total 393216K, used 184794K [0x00000000e8000000, 0x0000000100000000, 0x0000000100000000)
 Metaspace       used 31062K, capacity 31558K, committed 31868K, reserved 1077248K
  class space    used 3528K, capacity 3697K, committed 3708K, reserved 1048576K
}
2018-11-12T14:38:35.036+0100: 250.250: Total time for which application threads were stopped: 0.0036925 seconds, Stopping threads took: 0.0000229 seconds
{Heap before GC invocations=91 (full 1):
 par new generation   total 109248K, used 98599K [0x00000000e0000000, 0x00000000e8000000, 0x00000000e8000000)
  eden space 87424K, 100% used [0x00000000e0000000, 0x00000000e5560000, 0x00000000e5560000)
  from space 21824K,  51% used [0x00000000e6ab0000, 0x00000000e7599ff8, 0x00000000e8000000)
  to   space 21824K,   0% used [0x00000000e5560000, 0x00000000e5560000, 0x00000000e6ab0000)
 concurrent mark-sweep generation total 393216K, used 184794K [0x00000000e8000000, 0x0000000100000000, 0x0000000100000000)
 Metaspace       used 31062K, capacity 31558K, committed 31868K, reserved 1077248K
  class space    used 3528K, capacity 3697K, committed 3708K, reserved 1048576K
2018-11-12T14:38:35.269+0100: 250.484: [GC (Allocation Failure) 2018-11-12T14:38:35.269+0100: 250.484: [ParNew
Desired survivor size 20112992 bytes, new threshold 8 (max 8)
- age   1:    4748224 bytes,    4748224 total
- age   2:     587528 bytes,    5335752 total
- age   3:     536624 bytes,    5872376 total
- age   4:     566680 bytes,    6439056 total
- age   5:     553080 bytes,    6992136 total
- age   6:     804176 bytes,    7796312 total
- age   7:     562528 bytes,    8358840 total
- age   8:    1564152 bytes,    9922992 total
: 98599K->11735K(109248K), 0.0037014 secs] 283394K->197081K(502464K), 0.0038054 secs] [Times: user=0.00 sys=0.00, real=0.00 secs] 
Heap after GC invocations=92 (full 1):
 par new generation   total 109248K, used 11735K [0x00000000e0000000, 0x00000000e8000000, 0x00000000e8000000)
  eden space 87424K,   0% used [0x00000000e0000000, 0x00000000e0000000, 0x00000000e5560000)
  from space 21824K,  53% used [0x00000000e5560000, 0x00000000e60d5df0, 0x00000000e6ab0000)
  to   space 21824K,   0% used [0x00000000e6ab0000, 0x00000000e6ab0000, 0x00000000e8000000)
 concurrent mark-sweep generation total 393216K, used 185346K [0x00000000e8000000, 0x0000000100000000, 0x0000000100000000)
 Metaspace       used 31062K, capacity 31558K, committed 31868K, reserved 1077248K
  class space    used 3528K, capacity 3697K, committed 3708K, reserved 1048576K
}
2018-11-12T14:38:35.273+0100: 250.487: Total time for which application threads were stopped: 0.0040610 seconds, Stopping threads took: 0.0000397 seconds
{Heap before GC invocations=92 (full 1):
 par new generation   total 109248K, used 99159K [0x00000000e0000000, 0x00000000e8000000, 0x00000000e8000000)
  eden space 87424K, 100% used [0x00000000e0000000, 0x00000000e5560000, 0x00000000e5560000)
  from space 21824K,  53% used [0x00000000e5560000, 0x00000000e60d5df0, 0x00000000e6ab0000)
  to   space 21824K,   0% used [0x00000000e6ab0000, 0x00000000e6ab0000, 0x00000000e8000000)
 concurrent mark-sweep generation total 393216K, used 185346K [0x00000000e8000000, 0x0000000100000000, 0x0000000100000000)
 Metaspace       used 31062K, capacity 31558K, committed 31868K, reserved 1077248K
  class space    used 3528K, capacity 3697K, committed 3708K, reserved 1048576K
2018-11-12T14:38:35.547+0100: 250.761: [GC (Allocation Failure) 2018-11-12T14:38:35.547+0100: 250.761: [ParNew
Desired survivor size 20112992 bytes, new threshold 8 (max 8)
- age   1:    1088912 bytes,    1088912 total
- age   2:    4264856 bytes,    5353768 total
- age   3:     583416 bytes,    5937184 total
- age   4:     526128 bytes,    6463312 total
- age   5:     566680 bytes,    7029992 total
- age   6:     553080 bytes,    7583072 total
- age   7:     804176 bytes,    8387248 total
- age   8:     561856 bytes,    8949104 total
: 99159K->10426K(109248K), 0.0045413 secs] 284505K->197300K(502464K), 0.0046464 secs] [Times: user=0.03 sys=0.02, real=0.00 secs] 
Heap after GC invocations=93 (full 1):
 par new generation   total 109248K, used 10426K [0x00000000e0000000, 0x00000000e8000000, 0x00000000e8000000)
  eden space 87424K,   0% used [0x00000000e0000000, 0x00000000e0000000, 0x00000000e5560000)
  from space 21824K,  47% used [0x00000000e6ab0000, 0x00000000e74de920, 0x00000000e8000000)
  to   space 21824K,   0% used [0x00000000e5560000, 0x00000000e5560000, 0x00000000e6ab0000)
 concurrent mark-sweep generation total 393216K, used 186873K [0x00000000e8000000, 0x0000000100000000, 0x0000000100000000)
 Metaspace       used 31062K, capacity 31558K, committed 31868K, reserved 1077248K
  class space    used 3528K, capacity 3697K, committed 3708K, reserved 1048576K
}
2018-11-12T14:38:35.551+0100: 250.765: Total time for which application threads were stopped: 0.0049245 seconds, Stopping threads took: 0.0000469 seconds
{Heap before GC invocations=93 (full 1):
 par new generation   total 109248K, used 97850K [0x00000000e0000000, 0x00000000e8000000, 0x00000000e8000000)
  eden space 87424K, 100% used [0x00000000e0000000, 0x00000000e5560000, 0x00000000e5560000)
  from space 21824K,  47% used [0x00000000e6ab0000, 0x00000000e74de920, 0x00000000e8000000)
  to   space 21824K,   0% used [0x00000000e5560000, 0x00000000e5560000, 0x00000000e6ab0000)
 concurrent mark-sweep generation total 393216K, used 186873K [0x00000000e8000000, 0x0000000100000000, 0x0000000100000000)
 Metaspace       used 31062K, capacity 31558K, committed 31868K, reserved 1077248K
  class space    used 3528K, capacity 3697K, committed 3708K, reserved 1048576K
2018-11-12T14:38:35.818+0100: 251.032: [GC (Allocation Failure) 2018-11-12T14:38:35.818+0100: 251.032: [ParNew
Desired survivor size 20112992 bytes, new threshold 8 (max 8)
- age   1:     946664 bytes,     946664 total
- age   2:     617880 bytes,    1564544 total
- age   3:    4264856 bytes,    5829400 total
- age   4:     582160 bytes,    6411560 total
- age   5:     526128 bytes,    6937688 total
- age   6:     566680 bytes,    7504368 total
- age   7:     553080 bytes,    8057448 total
- age   8:     804176 bytes,    8861624 total
: 97850K->12886K(109248K), 0.0035848 secs] 284724K->200308K(502464K), 0.0036703 secs] [Times: user=0.00 sys=0.00, real=0.00 secs] 
Heap after GC invocations=94 (full 1):
 par new generation   total 109248K, used 12886K [0x00000000e0000000, 0x00000000e8000000, 0x00000000e8000000)
  eden space 87424K,   0% used [0x00000000e0000000, 0x00000000e0000000, 0x00000000e5560000)
  from space 21824K,  59% used [0x00000000e5560000, 0x00000000e61f5810, 0x00000000e6ab0000)
  to   space 21824K,   0% used [0x00000000e6ab0000, 0x00000000e6ab0000, 0x00000000e8000000)
 concurrent mark-sweep generation total 393216K, used 187422K [0x00000000e8000000, 0x0000000100000000, 0x0000000100000000)
 Metaspace       used 31062K, capacity 31558K, committed 31868K, reserved 1077248K
  class space    used 3528K, capacity 3697K, committed 3708K, reserved 1048576K
}
2018-11-12T14:38:35.822+0100: 251.036: Total time for which application threads were stopped: 0.0038581 seconds, Stopping threads took: 0.0000246 seconds
{Heap before GC invocations=94 (full 1):
 par new generation   total 109248K, used 100310K [0x00000000e0000000, 0x00000000e8000000, 0x00000000e8000000)
  eden space 87424K, 100% used [0x00000000e0000000, 0x00000000e5560000, 0x00000000e5560000)
  from space 21824K,  59% used [0x00000000e5560000, 0x00000000e61f5810, 0x00000000e6ab0000)
  to   space 21824K,   0% used [0x00000000e6ab0000, 0x00000000e6ab0000, 0x00000000e8000000)
 concurrent mark-sweep generation total 393216K, used 187422K [0x00000000e8000000, 0x0000000100000000, 0x0000000100000000)
 Metaspace       used 31062K, capacity 31558K, committed 31868K, reserved 1077248K
  class space    used 3528K, capacity 3697K, committed 3708K, reserved 1048576K
2018-11-12T14:38:36.012+0100: 251.226: [GC (Allocation Failure) 2018-11-12T14:38:36.012+0100: 251.226: [ParNew
Desired survivor size 20112992 bytes, new threshold 8 (max 8)
- age   1:    5052400 bytes,    5052400 total
- age   2:     536608 bytes,    5589008 total
- age   3:     617880 bytes,    6206888 total
- age   4:     653656 bytes,    6860544 total
- age   5:     582160 bytes,    7442704 total
- age   6:     526128 bytes,    7968832 total
- age   7:     566680 bytes,    8535512 total
- age   8:     553080 bytes,    9088592 total
: 100310K->10793K(109248K), 0.0037452 secs] 287732K->199001K(502464K), 0.0038554 secs] [Times: user=0.00 sys=0.00, real=0.00 secs] 
Heap after GC invocations=95 (full 1):
 par new generation   total 109248K, used 10793K [0x00000000e0000000, 0x00000000e8000000, 0x00000000e8000000)
  eden space 87424K,   0% used [0x00000000e0000000, 0x00000000e0000000, 0x00000000e5560000)
  from space 21824K,  49% used [0x00000000e6ab0000, 0x00000000e753a6d8, 0x00000000e8000000)
  to   space 21824K,   0% used [0x00000000e5560000, 0x00000000e5560000, 0x00000000e6ab0000)
 concurrent mark-sweep generation total 393216K, used 188208K [0x00000000e8000000, 0x0000000100000000, 0x0000000100000000)
 Metaspace       used 31062K, capacity 31558K, committed 31868K, reserved 1077248K
  class space    used 3528K, capacity 3697K, committed 3708K, reserved 1048576K
}
2018-11-12T14:38:36.015+0100: 251.230: Total time for which application threads were stopped: 0.0040908 seconds, Stopping threads took: 0.0000236 seconds
{Heap before GC invocations=95 (full 1):
 par new generation   total 109248K, used 98217K [0x00000000e0000000, 0x00000000e8000000, 0x00000000e8000000)
  eden space 87424K, 100% used [0x00000000e0000000, 0x00000000e5560000, 0x00000000e5560000)
  from space 21824K,  49% used [0x00000000e6ab0000, 0x00000000e753a6d8, 0x00000000e8000000)
  to   space 21824K,   0% used [0x00000000e5560000, 0x00000000e5560000, 0x00000000e6ab0000)
 concurrent mark-sweep generation total 393216K, used 188208K [0x00000000e8000000, 0x0000000100000000, 0x0000000100000000)
 Metaspace       used 31062K, capacity 31558K, committed 31868K, reserved 1077248K
  class space    used 3528K, capacity 3697K, committed 3708K, reserved 1048576K
2018-11-12T14:38:36.231+0100: 251.445: [GC (Allocation Failure) 2018-11-12T14:38:36.231+0100: 251.445: [ParNew
Desired survivor size 20112992 bytes, new threshold 8 (max 8)
- age   1:    1241016 bytes,    1241016 total
- age   2:    4537160 bytes,    5778176 total
- age   3:     536608 bytes,    6314784 total
- age   4:     606104 bytes,    6920888 total
- age   5:     477880 bytes,    7398768 total
- age   6:     582104 bytes,    7980872 total
- age   7:     526128 bytes,    8507000 total
- age   8:     566680 bytes,    9073680 total
: 98217K->10096K(109248K), 0.0035280 secs] 286425K->198845K(502464K), 0.0036070 secs] [Times: user=0.00 sys=0.00, real=0.00 secs] 
Heap after GC invocations=96 (full 1):
 par new generation   total 109248K, used 10096K [0x00000000e0000000, 0x00000000e8000000, 0x00000000e8000000)
  eden space 87424K,   0% used [0x00000000e0000000, 0x00000000e0000000, 0x00000000e5560000)
  from space 21824K,  46% used [0x00000000e5560000, 0x00000000e5f3c370, 0x00000000e6ab0000)
  to   space 21824K,   0% used [0x00000000e6ab0000, 0x00000000e6ab0000, 0x00000000e8000000)
 concurrent mark-sweep generation total 393216K, used 188748K [0x00000000e8000000, 0x0000000100000000, 0x0000000100000000)
 Metaspace       used 31062K, capacity 31558K, committed 31868K, reserved 1077248K
  class space    used 3528K, capacity 3697K, committed 3708K, reserved 1048576K
}
2018-11-12T14:38:36.234+0100: 251.448: Total time for which application threads were stopped: 0.0038047 seconds, Stopping threads took: 0.0000325 seconds
2018-11-12T14:38:36.343+0100: 251.557: Total time for which application threads were stopped: 0.0000876 seconds, Stopping threads took: 0.0000226 seconds
{Heap before GC invocations=96 (full 1):
 par new generation   total 109248K, used 97520K [0x00000000e0000000, 0x00000000e8000000, 0x00000000e8000000)
  eden space 87424K, 100% used [0x00000000e0000000, 0x00000000e5560000, 0x00000000e5560000)
  from space 21824K,  46% used [0x00000000e5560000, 0x00000000e5f3c370, 0x00000000e6ab0000)
  to   space 21824K,   0% used [0x00000000e6ab0000, 0x00000000e6ab0000, 0x00000000e8000000)
 concurrent mark-sweep generation total 393216K, used 188748K [0x00000000e8000000, 0x0000000100000000, 0x0000000100000000)
 Metaspace       used 31062K, capacity 31558K, committed 31868K, reserved 1077248K
  class space    used 3528K, capacity 3697K, committed 3708K, reserved 1048576K
2018-11-12T14:38:36.476+0100: 251.689: [GC (Allocation Failure) 2018-11-12T14:38:36.476+0100: 251.689: [ParNew
Desired survivor size 20112992 bytes, new threshold 8 (max 8)
- age   1:     978512 bytes,     978512 total
- age   2:     817232 bytes,    1795744 total
- age   3:    4640352 bytes,    6436096 total
- age   4:     535192 bytes,    6971288 total
- age   5:     606104 bytes,    7577392 total
- age   6:     477880 bytes,    8055272 total
- age   7:     582104 bytes,    8637376 total
- age   8:     526128 bytes,    9163504 total
: 97520K->12545K(109248K), 0.0034897 secs] 286269K->201847K(502464K), 0.0036138 secs] [Times: user=0.00 sys=0.00, real=0.00 secs] 
Heap after GC invocations=97 (full 1):
 par new generation   total 109248K, used 12545K [0x00000000e0000000, 0x00000000e8000000, 0x00000000e8000000)
  eden space 87424K,   0% used [0x00000000e0000000, 0x00000000e0000000, 0x00000000e5560000)
  from space 21824K,  57% used [0x00000000e6ab0000, 0x00000000e76f0508, 0x00000000e8000000)
  to   space 21824K,   0% used [0x00000000e5560000, 0x00000000e5560000, 0x00000000e6ab0000)
 concurrent mark-sweep generation total 393216K, used 189302K [0x00000000e8000000, 0x0000000100000000, 0x0000000100000000)
 Metaspace       used 31062K, capacity 31558K, committed 31868K, reserved 1077248K
  class space    used 3528K, capacity 3697K, committed 3708K, reserved 1048576K
}
2018-11-12T14:38:36.479+0100: 251.693: Total time for which application threads were stopped: 0.0038328 seconds, Stopping threads took: 0.0000359 seconds
{Heap before GC invocations=97 (full 1):
 par new generation   total 109248K, used 99969K [0x00000000e0000000, 0x00000000e8000000, 0x00000000e8000000)
  eden space 87424K, 100% used [0x00000000e0000000, 0x00000000e5560000, 0x00000000e5560000)
  from space 21824K,  57% used [0x00000000e6ab0000, 0x00000000e76f0508, 0x00000000e8000000)
  to   space 21824K,   0% used [0x00000000e5560000, 0x00000000e5560000, 0x00000000e6ab0000)
 concurrent mark-sweep generation total 393216K, used 189302K [0x00000000e8000000, 0x0000000100000000, 0x0000000100000000)
 Metaspace       used 31062K, capacity 31558K, committed 31868K, reserved 1077248K
  class space    used 3528K, capacity 3697K, committed 3708K, reserved 1048576K
2018-11-12T14:38:36.712+0100: 251.926: [GC (Allocation Failure) 2018-11-12T14:38:36.712+0100: 251.926: [ParNew
Desired survivor size 20112992 bytes, new threshold 8 (max 8)
- age   1:    1863592 bytes,    1863592 total
- age   2:     535392 bytes,    2398984 total
- age   3:     817232 bytes,    3216216 total
- age   4:    3814768 bytes,    7030984 total
- age   5:     535192 bytes,    7566176 total
- age   6:     606104 bytes,    8172280 total
- age   7:     477880 bytes,    8650160 total
- age   8:     582104 bytes,    9232264 total
: 99969K->10754K(109248K), 0.0035625 secs] 289271K->200570K(502464K), 0.0036484 secs] [Times: user=0.00 sys=0.00, real=0.00 secs] 
Heap after GC invocations=98 (full 1):
 par new generation   total 109248K, used 10754K [0x00000000e0000000, 0x00000000e8000000, 0x00000000e8000000)
  eden space 87424K,   0% used [0x00000000e0000000, 0x00000000e0000000, 0x00000000e5560000)
  from space 21824K,  49% used [0x00000000e5560000, 0x00000000e5fe0ab8, 0x00000000e6ab0000)
  to   space 21824K,   0% used [0x00000000e6ab0000, 0x00000000e6ab0000, 0x00000000e8000000)
 concurrent mark-sweep generation total 393216K, used 189815K [0x00000000e8000000, 0x0000000100000000, 0x0000000100000000)
 Metaspace       used 31062K, capacity 31558K, committed 31868K, reserved 1077248K
  class space    used 3528K, capacity 3697K, committed 3708K, reserved 1048576K
}
2018-11-12T14:38:36.715+0100: 251.929: Total time for which application threads were stopped: 0.0038612 seconds, Stopping threads took: 0.0000281 seconds
{Heap before GC invocations=98 (full 1):
 par new generation   total 109248K, used 98178K [0x00000000e0000000, 0x00000000e8000000, 0x00000000e8000000)
  eden space 87424K, 100% used [0x00000000e0000000, 0x00000000e5560000, 0x00000000e5560000)
  from space 21824K,  49% used [0x00000000e5560000, 0x00000000e5fe0ab8, 0x00000000e6ab0000)
  to   space 21824K,   0% used [0x00000000e6ab0000, 0x00000000e6ab0000, 0x00000000e8000000)
 concurrent mark-sweep generation total 393216K, used 189815K [0x00000000e8000000, 0x0000000100000000, 0x0000000100000000)
 Metaspace       used 31121K, capacity 31622K, committed 31868K, reserved 1077248K
  class space    used 3529K, capacity 3697K, committed 3708K, reserved 1048576K
2018-11-12T14:38:36.954+0100: 252.169: [GC (Allocation Failure) 2018-11-12T14:38:36.954+0100: 252.169: [ParNew
Desired survivor size 20112992 bytes, new threshold 8 (max 8)
- age   1:    4723848 bytes,    4723848 total
- age   2:    1378312 bytes,    6102160 total
- age   3:     535392 bytes,    6637552 total
- age   4:     803936 bytes,    7441488 total
- age   5:     474600 bytes,    7916088 total
- age   6:     535192 bytes,    8451280 total
- age   7:     606104 bytes,    9057384 total
- age   8:     477880 bytes,    9535264 total
: 98178K->11707K(109248K), 0.0037373 secs] 287994K->202092K(502464K), 0.0038184 secs] [Times: user=0.06 sys=0.00, real=0.00 secs] 
Heap after GC invocations=99 (full 1):
 par new generation   total 109248K, used 11707K [0x00000000e0000000, 0x00000000e8000000, 0x00000000e8000000)
  eden space 87424K,   0% used [0x00000000e0000000, 0x00000000e0000000, 0x00000000e5560000)
  from space 21824K,  53% used [0x00000000e6ab0000, 0x00000000e761efa0, 0x00000000e8000000)
  to   space 21824K,   0% used [0x00000000e5560000, 0x00000000e5560000, 0x00000000e6ab0000)
 concurrent mark-sweep generation total 393216K, used 190384K [0x00000000e8000000, 0x0000000100000000, 0x0000000100000000)
 Metaspace       used 31121K, capacity 31622K, committed 31868K, reserved 1077248K
  class space    used 3529K, capacity 3697K, committed 3708K, reserved 1048576K
}
2018-11-12T14:38:36.958+0100: 252.173: Total time for which application threads were stopped: 0.0040439 seconds, Stopping threads took: 0.0000229 seconds
{Heap before GC invocations=99 (full 1):
 par new generation   total 109248K, used 99131K [0x00000000e0000000, 0x00000000e8000000, 0x00000000e8000000)
  eden space 87424K, 100% used [0x00000000e0000000, 0x00000000e5560000, 0x00000000e5560000)
  from space 21824K,  53% used [0x00000000e6ab0000, 0x00000000e761efa0, 0x00000000e8000000)
  to   space 21824K,   0% used [0x00000000e5560000, 0x00000000e5560000, 0x00000000e6ab0000)
 concurrent mark-sweep generation total 393216K, used 190384K [0x00000000e8000000, 0x0000000100000000, 0x0000000100000000)
 Metaspace       used 31121K, capacity 31622K, committed 31868K, reserved 1077248K
  class space    used 3529K, capacity 3697K, committed 3708K, reserved 1048576K
2018-11-12T14:38:37.172+0100: 252.386: [GC (Allocation Failure) 2018-11-12T14:38:37.172+0100: 252.386: [ParNew
Desired survivor size 20112992 bytes, new threshold 8 (max 8)
- age   1:    1010504 bytes,    1010504 total
- age   2:    4296096 bytes,    5306600 total
- age   3:    1378312 bytes,    6684912 total
- age   4:     531280 bytes,    7216192 total
- age   5:     803880 bytes,    8020072 total
- age   6:     474600 bytes,    8494672 total
- age   7:     535192 bytes,    9029864 total
- age   8:     606104 bytes,    9635968 total
: 99131K->11401K(109248K), 0.0040613 secs] 289516K->202253K(502464K), 0.0041411 secs] [Times: user=0.06 sys=0.00, real=0.00 secs] 
Heap after GC invocations=100 (full 1):
 par new generation   total 109248K, used 11401K [0x00000000e0000000, 0x00000000e8000000, 0x00000000e8000000)
  eden space 87424K,   0% used [0x00000000e0000000, 0x00000000e0000000, 0x00000000e5560000)
  from space 21824K,  52% used [0x00000000e5560000, 0x00000000e6082788, 0x00000000e6ab0000)
  to   space 21824K,   0% used [0x00000000e6ab0000, 0x00000000e6ab0000, 0x00000000e8000000)
 concurrent mark-sweep generation total 393216K, used 190851K [0x00000000e8000000, 0x0000000100000000, 0x0000000100000000)
 Metaspace       used 31121K, capacity 31622K, committed 31868K, reserved 1077248K
  class space    used 3529K, capacity 3697K, committed 3708K, reserved 1048576K
}
2018-11-12T14:38:37.176+0100: 252.390: Total time for which application threads were stopped: 0.0043313 seconds, Stopping threads took: 0.0000253 seconds
{Heap before GC invocations=100 (full 1):
 par new generation   total 109248K, used 98825K [0x00000000e0000000, 0x00000000e8000000, 0x00000000e8000000)
  eden space 87424K, 100% used [0x00000000e0000000, 0x00000000e5560000, 0x00000000e5560000)
  from space 21824K,  52% used [0x00000000e5560000, 0x00000000e6082788, 0x00000000e6ab0000)
  to   space 21824K,   0% used [0x00000000e6ab0000, 0x00000000e6ab0000, 0x00000000e8000000)
 concurrent mark-sweep generation total 393216K, used 190851K [0x00000000e8000000, 0x0000000100000000, 0x0000000100000000)
 Metaspace       used 31122K, capacity 31622K, committed 31868K, reserved 1077248K
  class space    used 3529K, capacity 3697K, committed 3708K, reserved 1048576K
2018-11-12T14:38:37.407+0100: 252.621: [GC (Allocation Failure) 2018-11-12T14:38:37.407+0100: 252.621: [ParNew
Desired survivor size 20112992 bytes, new threshold 8 (max 8)
- age   1:    1109712 bytes,    1109712 total
- age   2:     608344 bytes,    1718056 total
- age   3:    4360576 bytes,    6078632 total
- age   4:    1378312 bytes,    7456944 total
- age   5:     529688 bytes,    7986632 total
- age   6:     790720 bytes,    8777352 total
- age   7:     474600 bytes,    9251952 total
- age   8:     535192 bytes,    9787144 total
: 98825K->10865K(109248K), 0.0036169 secs] 289677K->202309K(502464K), 0.0037165 secs] [Times: user=0.06 sys=0.00, real=0.00 secs] 
Heap after GC invocations=101 (full 1):
 par new generation   total 109248K, used 10865K [0x00000000e0000000, 0x00000000e8000000, 0x00000000e8000000)
  eden space 87424K,   0% used [0x00000000e0000000, 0x00000000e0000000, 0x00000000e5560000)
  from space 21824K,  49% used [0x00000000e6ab0000, 0x00000000e754c6a8, 0x00000000e8000000)
  to   space 21824K,   0% used [0x00000000e5560000, 0x00000000e5560000, 0x00000000e6ab0000)
 concurrent mark-sweep generation total 393216K, used 191443K [0x00000000e8000000, 0x0000000100000000, 0x0000000100000000)
 Metaspace       used 31122K, capacity 31622K, committed 31868K, reserved 1077248K
  class space    used 3529K, capacity 3697K, committed 3708K, reserved 1048576K
}
2018-11-12T14:38:37.411+0100: 252.625: Total time for which application threads were stopped: 0.0039498 seconds, Stopping threads took: 0.0000322 seconds
{Heap before GC invocations=101 (full 1):
 par new generation   total 109248K, used 98150K [0x00000000e0000000, 0x00000000e8000000, 0x00000000e8000000)
  eden space 87424K,  99% used [0x00000000e0000000, 0x00000000e553d390, 0x00000000e5560000)
  from space 21824K,  49% used [0x00000000e6ab0000, 0x00000000e754c6a8, 0x00000000e8000000)
  to   space 21824K,   0% used [0x00000000e5560000, 0x00000000e5560000, 0x00000000e6ab0000)
 concurrent mark-sweep generation total 393216K, used 191443K [0x00000000e8000000, 0x0000000100000000, 0x0000000100000000)
 Metaspace       used 31122K, capacity 31622K, committed 31868K, reserved 1077248K
  class space    used 3529K, capacity 3697K, committed 3708K, reserved 1048576K
2018-11-12T14:38:37.646+0100: 252.860: [GC (Allocation Failure) 2018-11-12T14:38:37.646+0100: 252.860: [ParNew
Desired survivor size 20112992 bytes, new threshold 8 (max 8)
- age   1:    5707136 bytes,    5707136 total
- age   2:     567088 bytes,    6274224 total
- age   3:     528264 bytes,    6802488 total
- age   4:    4296096 bytes,   11098584 total
- age   5:    1378312 bytes,   12476896 total
- age   6:     529688 bytes,   13006584 total
- age   7:     592992 bytes,   13599576 total
- age   8:     474600 bytes,   14074176 total
: 98150K->16157K(109248K), 0.0043987 secs] 289594K->208123K(502464K), 0.0045051 secs] [Times: user=0.00 sys=0.00, real=0.01 secs] 
Heap after GC invocations=102 (full 1):
 par new generation   total 109248K, used 16157K [0x00000000e0000000, 0x00000000e8000000, 0x00000000e8000000)
  eden space 87424K,   0% used [0x00000000e0000000, 0x00000000e0000000, 0x00000000e5560000)
  from space 21824K,  74% used [0x00000000e5560000, 0x00000000e6527400, 0x00000000e6ab0000)
  to   space 21824K,   0% used [0x00000000e6ab0000, 0x00000000e6ab0000, 0x00000000e8000000)
 concurrent mark-sweep generation total 393216K, used 191966K [0x00000000e8000000, 0x0000000100000000, 0x0000000100000000)
 Metaspace       used 31122K, capacity 31622K, committed 31868K, reserved 1077248K
  class space    used 3529K, capacity 3697K, committed 3708K, reserved 1048576K
}
2018-11-12T14:38:37.651+0100: 252.865: Total time for which application threads were stopped: 0.0047107 seconds, Stopping threads took: 0.0000246 seconds
2018-11-12T14:38:37.672+0100: 252.887: Total time for which application threads were stopped: 0.0001009 seconds, Stopping threads took: 0.0000233 seconds
{Heap before GC invocations=102 (full 1):
 par new generation   total 109248K, used 103581K [0x00000000e0000000, 0x00000000e8000000, 0x00000000e8000000)
  eden space 87424K, 100% used [0x00000000e0000000, 0x00000000e5560000, 0x00000000e5560000)
  from space 21824K,  74% used [0x00000000e5560000, 0x00000000e6527400, 0x00000000e6ab0000)
  to   space 21824K,   0% used [0x00000000e6ab0000, 0x00000000e6ab0000, 0x00000000e8000000)
 concurrent mark-sweep generation total 393216K, used 191966K [0x00000000e8000000, 0x0000000100000000, 0x0000000100000000)
 Metaspace       used 31122K, capacity 31622K, committed 31868K, reserved 1077248K
  class space    used 3529K, capacity 3697K, committed 3708K, reserved 1048576K
2018-11-12T14:38:37.849+0100: 253.063: [GC (Allocation Failure) 2018-11-12T14:38:37.849+0100: 253.063: [ParNew
Desired survivor size 20112992 bytes, new threshold 8 (max 8)
- age   1:    3683144 bytes,    3683144 total
- age   2:    5248368 bytes,    8931512 total
- age   3:     567088 bytes,    9498600 total
- age   4:     528264 bytes,   10026864 total
- age   5:     523496 bytes,   10550360 total
- age   6:     565592 bytes,   11115952 total
- age   7:     529688 bytes,   11645640 total
- age   8:     592992 bytes,   12238632 total
: 103581K->14945K(109248K), 0.0047907 secs] 295547K->207375K(502464K), 0.0048708 secs] [Times: user=0.00 sys=0.00, real=0.01 secs] 
Heap after GC invocations=103 (full 1):
 par new generation   total 109248K, used 14945K [0x00000000e0000000, 0x00000000e8000000, 0x00000000e8000000)
  eden space 87424K,   0% used [0x00000000e0000000, 0x00000000e0000000, 0x00000000e5560000)
  from space 21824K,  68% used [0x00000000e6ab0000, 0x00000000e79484a0, 0x00000000e8000000)
  to   space 21824K,   0% used [0x00000000e5560000, 0x00000000e5560000, 0x00000000e6ab0000)
 concurrent mark-sweep generation total 393216K, used 192429K [0x00000000e8000000, 0x0000000100000000, 0x0000000100000000)
 Metaspace       used 31122K, capacity 31622K, committed 31868K, reserved 1077248K
  class space    used 3529K, capacity 3697K, committed 3708K, reserved 1048576K
}
2018-11-12T14:38:37.854+0100: 253.068: Total time for which application threads were stopped: 0.0050597 seconds, Stopping threads took: 0.0000229 seconds
{Heap before GC invocations=103 (full 1):
 par new generation   total 109248K, used 102369K [0x00000000e0000000, 0x00000000e8000000, 0x00000000e8000000)
  eden space 87424K, 100% used [0x00000000e0000000, 0x00000000e5560000, 0x00000000e5560000)
  from space 21824K,  68% used [0x00000000e6ab0000, 0x00000000e79484a0, 0x00000000e8000000)
  to   space 21824K,   0% used [0x00000000e5560000, 0x00000000e5560000, 0x00000000e6ab0000)
 concurrent mark-sweep generation total 393216K, used 192429K [0x00000000e8000000, 0x0000000100000000, 0x0000000100000000)
 Metaspace       used 31123K, capacity 31622K, committed 31868K, reserved 1077248K
  class space    used 3529K, capacity 3697K, committed 3708K, reserved 1048576K
2018-11-12T14:38:38.061+0100: 253.275: [GC (Allocation Failure) 2018-11-12T14:38:38.061+0100: 253.276: [ParNew
Desired survivor size 20112992 bytes, new threshold 8 (max 8)
- age   1:    1054616 bytes,    1054616 total
- age   2:    3274456 bytes,    4329072 total
- age   3:    5248368 bytes,    9577440 total
- age   4:     567088 bytes,   10144528 total
- age   5:     528208 bytes,   10672736 total
- age   6:     523496 bytes,   11196232 total
- age   7:     565592 bytes,   11761824 total
- age   8:     529688 bytes,   12291512 total
: 102369K->13643K(109248K), 0.0042464 secs] 294799K->206653K(502464K), 0.0043350 secs] [Times: user=0.00 sys=0.00, real=0.00 secs] 
Heap after GC invocations=104 (full 1):
 par new generation   total 109248K, used 13643K [0x00000000e0000000, 0x00000000e8000000, 0x00000000e8000000)
  eden space 87424K,   0% used [0x00000000e0000000, 0x00000000e0000000, 0x00000000e5560000)
  from space 21824K,  62% used [0x00000000e5560000, 0x00000000e62b2f80, 0x00000000e6ab0000)
  to   space 21824K,   0% used [0x00000000e6ab0000, 0x00000000e6ab0000, 0x00000000e8000000)
 concurrent mark-sweep generation total 393216K, used 193009K [0x00000000e8000000, 0x0000000100000000, 0x0000000100000000)
 Metaspace       used 31123K, capacity 31622K, committed 31868K, reserved 1077248K
  class space    used 3529K, capacity 3697K, committed 3708K, reserved 1048576K
}
2018-11-12T14:38:38.065+0100: 253.280: Total time for which application threads were stopped: 0.0045359 seconds, Stopping threads took: 0.0000356 seconds
{Heap before GC invocations=104 (full 1):
 par new generation   total 109248K, used 101067K [0x00000000e0000000, 0x00000000e8000000, 0x00000000e8000000)
  eden space 87424K, 100% used [0x00000000e0000000, 0x00000000e5560000, 0x00000000e5560000)
  from space 21824K,  62% used [0x00000000e5560000, 0x00000000e62b2f80, 0x00000000e6ab0000)
  to   space 21824K,   0% used [0x00000000e6ab0000, 0x00000000e6ab0000, 0x00000000e8000000)
 concurrent mark-sweep generation total 393216K, used 193009K [0x00000000e8000000, 0x0000000100000000, 0x0000000100000000)
 Metaspace       used 31123K, capacity 31622K, committed 31868K, reserved 1077248K
  class space    used 3529K, capacity 3697K, committed 3708K, reserved 1048576K
2018-11-12T14:38:38.295+0100: 253.509: [GC (Allocation Failure) 2018-11-12T14:38:38.295+0100: 253.509: [ParNew
Desired survivor size 20112992 bytes, new threshold 8 (max 8)
- age   1:    1009008 bytes,    1009008 total
- age   2:     564072 bytes,    1573080 total
- age   3:    3274456 bytes,    4847536 total
- age   4:    5248368 bytes,   10095904 total
- age   5:     565296 bytes,   10661200 total
- age   6:     528208 bytes,   11189408 total
- age   7:     523496 bytes,   11712904 total
- age   8:     565592 bytes,   12278496 total
: 101067K->15132K(109248K), 0.0036323 secs] 294077K->208658K(502464K), 0.0037165 secs] [Times: user=0.00 sys=0.00, real=0.00 secs] 
Heap after GC invocations=105 (full 1):
 par new generation   total 109248K, used 15132K [0x00000000e0000000, 0x00000000e8000000, 0x00000000e8000000)
  eden space 87424K,   0% used [0x00000000e0000000, 0x00000000e0000000, 0x00000000e5560000)
  from space 21824K,  69% used [0x00000000e6ab0000, 0x00000000e79770f8, 0x00000000e8000000)
  to   space 21824K,   0% used [0x00000000e5560000, 0x00000000e5560000, 0x00000000e6ab0000)
 concurrent mark-sweep generation total 393216K, used 193526K [0x00000000e8000000, 0x0000000100000000, 0x0000000100000000)
 Metaspace       used 31123K, capacity 31622K, committed 31868K, reserved 1077248K
  class space    used 3529K, capacity 3697K, committed 3708K, reserved 1048576K
}
2018-11-12T14:38:38.299+0100: 253.513: Total time for which application threads were stopped: 0.0039194 seconds, Stopping threads took: 0.0000260 seconds
2018-11-12T14:38:38.388+0100: 253.602: Total time for which application threads were stopped: 0.0001143 seconds, Stopping threads took: 0.0000298 seconds
{Heap before GC invocations=105 (full 1):
 par new generation   total 109248K, used 102556K [0x00000000e0000000, 0x00000000e8000000, 0x00000000e8000000)
  eden space 87424K, 100% used [0x00000000e0000000, 0x00000000e5560000, 0x00000000e5560000)
  from space 21824K,  69% used [0x00000000e6ab0000, 0x00000000e79770f8, 0x00000000e8000000)
  to   space 21824K,   0% used [0x00000000e5560000, 0x00000000e5560000, 0x00000000e6ab0000)
 concurrent mark-sweep generation total 393216K, used 193526K [0x00000000e8000000, 0x0000000100000000, 0x0000000100000000)
 Metaspace       used 31123K, capacity 31622K, committed 31868K, reserved 1077248K
  class space    used 3529K, capacity 3697K, committed 3708K, reserved 1048576K
2018-11-12T14:38:38.522+0100: 253.736: [GC (Allocation Failure) 2018-11-12T14:38:38.522+0100: 253.736: [ParNew
Desired survivor size 20112992 bytes, new threshold 8 (max 8)
- age   1:    1181728 bytes,    1181728 total
- age   2:     568144 bytes,    1749872 total
- age   3:     564072 bytes,    2313944 total
- age   4:    3274456 bytes,    5588400 total
- age   5:    5248368 bytes,   10836768 total
- age   6:     565296 bytes,   11402064 total
- age   7:     528208 bytes,   11930272 total
- age   8:     523496 bytes,   12453768 total
: 102556K->13599K(109248K), 0.0042355 secs] 296082K->207678K(502464K), 0.0043046 secs] [Times: user=0.00 sys=0.00, real=0.00 secs] 
Heap after GC invocations=106 (full 1):
 par new generation   total 109248K, used 13599K [0x00000000e0000000, 0x00000000e8000000, 0x00000000e8000000)
  eden space 87424K,   0% used [0x00000000e0000000, 0x00000000e0000000, 0x00000000e5560000)
  from space 21824K,  62% used [0x00000000e5560000, 0x00000000e62a7de0, 0x00000000e6ab0000)
  to   space 21824K,   0% used [0x00000000e6ab0000, 0x00000000e6ab0000, 0x00000000e8000000)
 concurrent mark-sweep generation total 393216K, used 194079K [0x00000000e8000000, 0x0000000100000000, 0x0000000100000000)
 Metaspace       used 31123K, capacity 31622K, committed 31868K, reserved 1077248K
  class space    used 3529K, capacity 3697K, committed 3708K, reserved 1048576K
}
2018-11-12T14:38:38.526+0100: 253.741: Total time for which application threads were stopped: 0.0044965 seconds, Stopping threads took: 0.0000322 seconds
{Heap before GC invocations=106 (full 1):
 par new generation   total 109248K, used 101023K [0x00000000e0000000, 0x00000000e8000000, 0x00000000e8000000)
  eden space 87424K, 100% used [0x00000000e0000000, 0x00000000e5560000, 0x00000000e5560000)
  from space 21824K,  62% used [0x00000000e5560000, 0x00000000e62a7de0, 0x00000000e6ab0000)
  to   space 21824K,   0% used [0x00000000e6ab0000, 0x00000000e6ab0000, 0x00000000e8000000)
 concurrent mark-sweep generation total 393216K, used 194079K [0x00000000e8000000, 0x0000000100000000, 0x0000000100000000)
 Metaspace       used 31123K, capacity 31622K, committed 31868K, reserved 1077248K
  class space    used 3529K, capacity 3697K, committed 3708K, reserved 1048576K
2018-11-12T14:38:38.787+0100: 254.001: [GC (Allocation Failure) 2018-11-12T14:38:38.788+0100: 254.002: [ParNew
Desired survivor size 20112992 bytes, new threshold 8 (max 8)
- age   1:    7280824 bytes,    7280824 total
- age   2:     537232 bytes,    7818056 total
- age   3:     568144 bytes,    8386200 total
- age   4:     564072 bytes,    8950272 total
- age   5:     548440 bytes,    9498712 total
- age   6:    2832704 bytes,   12331416 total
- age   7:     565296 bytes,   12896712 total
- age   8:     528208 bytes,   13424920 total
: 101023K->15096K(109248K), 0.0089544 secs] 295102K->209687K(502464K), 0.0092835 secs] [Times: user=0.00 sys=0.00, real=0.01 secs] 
Heap after GC invocations=107 (full 1):
 par new generation   total 109248K, used 15096K [0x00000000e0000000, 0x00000000e8000000, 0x00000000e8000000)
  eden space 87424K,   0% used [0x00000000e0000000, 0x00000000e0000000, 0x00000000e5560000)
  from space 21824K,  69% used [0x00000000e6ab0000, 0x00000000e796e1a0, 0x00000000e8000000)
  to   space 21824K,   0% used [0x00000000e5560000, 0x00000000e5560000, 0x00000000e6ab0000)
 concurrent mark-sweep generation total 393216K, used 194590K [0x00000000e8000000, 0x0000000100000000, 0x0000000100000000)
 Metaspace       used 31123K, capacity 31622K, committed 31868K, reserved 1077248K
  class space    used 3529K, capacity 3697K, committed 3708K, reserved 1048576K
}
2018-11-12T14:38:38.797+0100: 254.011: Total time for which application threads were stopped: 0.0098501 seconds, Stopping threads took: 0.0000838 seconds
2018-11-12T14:38:38.897+0100: 254.111: Total time for which application threads were stopped: 0.0001030 seconds, Stopping threads took: 0.0000246 seconds
{Heap before GC invocations=107 (full 1):
 par new generation   total 109248K, used 102520K [0x00000000e0000000, 0x00000000e8000000, 0x00000000e8000000)
  eden space 87424K, 100% used [0x00000000e0000000, 0x00000000e5560000, 0x00000000e5560000)
  from space 21824K,  69% used [0x00000000e6ab0000, 0x00000000e796e1a0, 0x00000000e8000000)
  to   space 21824K,   0% used [0x00000000e5560000, 0x00000000e5560000, 0x00000000e6ab0000)
 concurrent mark-sweep generation total 393216K, used 194590K [0x00000000e8000000, 0x0000000100000000, 0x0000000100000000)
 Metaspace       used 31124K, capacity 31622K, committed 31868K, reserved 1077248K
  class space    used 3529K, capacity 3697K, committed 3708K, reserved 1048576K
2018-11-12T14:38:39.064+0100: 254.278: [GC (Allocation Failure) 2018-11-12T14:38:39.064+0100: 254.278: [ParNew
Desired survivor size 20112992 bytes, new threshold 8 (max 8)
- age   1:     800752 bytes,     800752 total
- age   2:    6834608 bytes,    7635360 total
- age   3:     537232 bytes,    8172592 total
- age   4:     568144 bytes,    8740736 total
- age   5:     564016 bytes,    9304752 total
- age   6:     531704 bytes,    9836456 total
- age   7:    2832704 bytes,   12669160 total
- age   8:     565296 bytes,   13234456 total
: 102520K->15598K(109248K), 0.0041848 secs] 297111K->210705K(502464K), 0.0042817 secs] [Times: user=0.06 sys=0.00, real=0.01 secs] 
Heap after GC invocations=108 (full 1):
 par new generation   total 109248K, used 15598K [0x00000000e0000000, 0x00000000e8000000, 0x00000000e8000000)
  eden space 87424K,   0% used [0x00000000e0000000, 0x00000000e0000000, 0x00000000e5560000)
  from space 21824K,  71% used [0x00000000e5560000, 0x00000000e649b9c8, 0x00000000e6ab0000)
  to   space 21824K,   0% used [0x00000000e6ab0000, 0x00000000e6ab0000, 0x00000000e8000000)
 concurrent mark-sweep generation total 393216K, used 195106K [0x00000000e8000000, 0x0000000100000000, 0x0000000100000000)
 Metaspace       used 31124K, capacity 31622K, committed 31868K, reserved 1077248K
  class space    used 3529K, capacity 3697K, committed 3708K, reserved 1048576K
}
2018-11-12T14:38:39.069+0100: 254.283: Total time for which application threads were stopped: 0.0045102 seconds, Stopping threads took: 0.0000335 seconds
{Heap before GC invocations=108 (full 1):
 par new generation   total 109248K, used 103022K [0x00000000e0000000, 0x00000000e8000000, 0x00000000e8000000)
  eden space 87424K, 100% used [0x00000000e0000000, 0x00000000e5560000, 0x00000000e5560000)
  from space 21824K,  71% used [0x00000000e5560000, 0x00000000e649b9c8, 0x00000000e6ab0000)
  to   space 21824K,   0% used [0x00000000e6ab0000, 0x00000000e6ab0000, 0x00000000e8000000)
 concurrent mark-sweep generation total 393216K, used 195106K [0x00000000e8000000, 0x0000000100000000, 0x0000000100000000)
 Metaspace       used 31124K, capacity 31622K, committed 31868K, reserved 1077248K
  class space    used 3529K, capacity 3697K, committed 3708K, reserved 1048576K
2018-11-12T14:38:39.348+0100: 254.562: [GC (Allocation Failure) 2018-11-12T14:38:39.348+0100: 254.562: [ParNew
Desired survivor size 20112992 bytes, new threshold 8 (max 8)
- age   1:    1206208 bytes,    1206208 total
- age   2:     553336 bytes,    1759544 total
- age   3:    6834608 bytes,    8594152 total
- age   4:     537232 bytes,    9131384 total
- age   5:     568144 bytes,    9699528 total
- age   6:     564016 bytes,   10263544 total
- age   7:     531704 bytes,   10795248 total
- age   8:    2610224 bytes,   13405472 total
: 103022K->14887K(109248K), 0.0043528 secs] 298129K->210545K(502464K), 0.0044544 secs] [Times: user=0.00 sys=0.00, real=0.00 secs] 
Heap after GC invocations=109 (full 1):
 par new generation   total 109248K, used 14887K [0x00000000e0000000, 0x00000000e8000000, 0x00000000e8000000)
  eden space 87424K,   0% used [0x00000000e0000000, 0x00000000e0000000, 0x00000000e5560000)
  from space 21824K,  68% used [0x00000000e6ab0000, 0x00000000e7939c10, 0x00000000e8000000)
  to   space 21824K,   0% used [0x00000000e5560000, 0x00000000e5560000, 0x00000000e6ab0000)
 concurrent mark-sweep generation total 393216K, used 195658K [0x00000000e8000000, 0x0000000100000000, 0x0000000100000000)
 Metaspace       used 31124K, capacity 31622K, committed 31868K, reserved 1077248K
  class space    used 3529K, capacity 3697K, committed 3708K, reserved 1048576K
}
2018-11-12T14:38:39.352+0100: 254.566: Total time for which application threads were stopped: 0.0046679 seconds, Stopping threads took: 0.0000267 seconds
{Heap before GC invocations=109 (full 1):
 par new generation   total 109248K, used 102311K [0x00000000e0000000, 0x00000000e8000000, 0x00000000e8000000)
  eden space 87424K, 100% used [0x00000000e0000000, 0x00000000e5560000, 0x00000000e5560000)
  from space 21824K,  68% used [0x00000000e6ab0000, 0x00000000e7939c10, 0x00000000e8000000)
  to   space 21824K,   0% used [0x00000000e5560000, 0x00000000e5560000, 0x00000000e6ab0000)
 concurrent mark-sweep generation total 393216K, used 195658K [0x00000000e8000000, 0x0000000100000000, 0x0000000100000000)
 Metaspace       used 31134K, capacity 31622K, committed 31868K, reserved 1077248K
  class space    used 3529K, capacity 3697K, committed 3708K, reserved 1048576K
2018-11-12T14:38:39.643+0100: 254.857: [GC (Allocation Failure) 2018-11-12T14:38:39.643+0100: 254.857: [ParNew
Desired survivor size 20112992 bytes, new threshold 8 (max 8)
- age   1:     867440 bytes,     867440 total
- age   2:     766232 bytes,    1633672 total
- age   3:     553144 bytes,    2186816 total
- age   4:    6834608 bytes,    9021424 total
- age   5:     537232 bytes,    9558656 total
- age   6:     566128 bytes,   10124784 total
- age   7:     564016 bytes,   10688800 total
- age   8:     531704 bytes,   11220504 total
: 102311K->12685K(109248K), 0.0048650 secs] 297969K->210893K(502464K), 0.0049447 secs] [Times: user=0.06 sys=0.00, real=0.01 secs] 
Heap after GC invocations=110 (full 1):
 par new generation   total 109248K, used 12685K [0x00000000e0000000, 0x00000000e8000000, 0x00000000e8000000)
  eden space 87424K,   0% used [0x00000000e0000000, 0x00000000e0000000, 0x00000000e5560000)
  from space 21824K,  58% used [0x00000000e5560000, 0x00000000e61c3790, 0x00000000e6ab0000)
  to   space 21824K,   0% used [0x00000000e6ab0000, 0x00000000e6ab0000, 0x00000000e8000000)
 concurrent mark-sweep generation total 393216K, used 198207K [0x00000000e8000000, 0x0000000100000000, 0x0000000100000000)
 Metaspace       used 31134K, capacity 31622K, committed 31868K, reserved 1077248K
  class space    used 3529K, capacity 3697K, committed 3708K, reserved 1048576K
}
2018-11-12T14:38:39.648+0100: 254.862: Total time for which application threads were stopped: 0.0051780 seconds, Stopping threads took: 0.0000257 seconds
2018-11-12T14:38:39.648+0100: 254.862: [GC (CMS Initial Mark) [1 CMS-initial-mark: 198207K(393216K)] 211158K(502464K), 0.0006459 secs] [Times: user=0.00 sys=0.00, real=0.00 secs] 
2018-11-12T14:38:39.649+0100: 254.863: Total time for which application threads were stopped: 0.0007906 seconds, Stopping threads took: 0.0000404 seconds
2018-11-12T14:38:39.649+0100: 254.863: [CMS-concurrent-mark-start]
2018-11-12T14:38:39.705+0100: 254.919: [CMS-concurrent-mark: 0.057/0.057 secs] [Times: user=0.19 sys=0.00, real=0.06 secs] 
2018-11-12T14:38:39.705+0100: 254.919: [CMS-concurrent-preclean-start]
2018-11-12T14:38:39.706+0100: 254.920: [CMS-concurrent-preclean: 0.001/0.001 secs] [Times: user=0.00 sys=0.00, real=0.00 secs] 
2018-11-12T14:38:39.707+0100: 254.920: [GC (CMS Final Remark) [YG occupancy: 12950 K (109248 K)]{Heap before GC invocations=110 (full 2):
 par new generation   total 109248K, used 12950K [0x00000000e0000000, 0x00000000e8000000, 0x00000000e8000000)
  eden space 87424K,   0% used [0x00000000e0000000, 0x00000000e0042450, 0x00000000e5560000)
  from space 21824K,  58% used [0x00000000e5560000, 0x00000000e61c3790, 0x00000000e6ab0000)
  to   space 21824K,   0% used [0x00000000e6ab0000, 0x00000000e6ab0000, 0x00000000e8000000)
 concurrent mark-sweep generation total 393216K, used 198207K [0x00000000e8000000, 0x0000000100000000, 0x0000000100000000)
 Metaspace       used 31134K, capacity 31622K, committed 31868K, reserved 1077248K
  class space    used 3529K, capacity 3697K, committed 3708K, reserved 1048576K
2018-11-12T14:38:39.707+0100: 254.921: [GC (CMS Final Remark) 2018-11-12T14:38:39.707+0100: 254.921: [ParNew
Desired survivor size 20112992 bytes, new threshold 8 (max 8)
- age   1:       6496 bytes,       6496 total
- age   2:     861568 bytes,     868064 total
- age   3:     766232 bytes,    1634296 total
- age   4:     553144 bytes,    2187440 total
- age   5:    6834608 bytes,    9022048 total
- age   6:     537232 bytes,    9559280 total
- age   7:     566128 bytes,   10125408 total
- age   8:     564016 bytes,   10689424 total
: 12950K->12369K(109248K), 0.0037397 secs] 211158K->211097K(502464K), 0.0038427 secs] [Times: user=0.00 sys=0.00, real=0.00 secs] 
Heap after GC invocations=111 (full 2):
 par new generation   total 109248K, used 12369K [0x00000000e0000000, 0x00000000e8000000, 0x00000000e8000000)
  eden space 87424K,   0% used [0x00000000e0000000, 0x00000000e0000000, 0x00000000e5560000)
  from space 21824K,  56% used [0x00000000e6ab0000, 0x00000000e76c46e0, 0x00000000e8000000)
  to   space 21824K,   0% used [0x00000000e5560000, 0x00000000e5560000, 0x00000000e6ab0000)
 concurrent mark-sweep generation total 393216K, used 198727K [0x00000000e8000000, 0x0000000100000000, 0x0000000100000000)
 Metaspace       used 31134K, capacity 31622K, committed 31868K, reserved 1077248K
  class space    used 3529K, capacity 3697K, committed 3708K, reserved 1048576K
}
2018-11-12T14:38:39.711+0100: 254.925: [Rescan (parallel) , 0.0009022 secs]2018-11-12T14:38:39.712+0100: 254.925: [weak refs processing, 0.0141006 secs]2018-11-12T14:38:39.726+0100: 254.940: [class unloading, 0.0118255 secs]2018-11-12T14:38:39.738+0100: 254.951: [scrub symbol table, 0.0038516 secs]2018-11-12T14:38:39.741+0100: 254.955: [scrub string table, 0.0008970 secs][1 CMS-remark: 198727K(393216K)] 211097K(502464K), 0.0365592 secs] [Times: user=0.08 sys=0.00, real=0.04 secs] 
2018-11-12T14:38:39.743+0100: 254.957: Total time for which application threads were stopped: 0.0367563 seconds, Stopping threads took: 0.0000527 seconds
2018-11-12T14:38:39.743+0100: 254.957: [CMS-concurrent-sweep-start]
2018-11-12T14:38:39.744+0100: 254.957: Total time for which application threads were stopped: 0.0001420 seconds, Stopping threads took: 0.0000476 seconds
2018-11-12T14:38:39.744+0100: 254.958: Total time for which application threads were stopped: 0.0001020 seconds, Stopping threads took: 0.0000322 seconds
2018-11-12T14:38:39.744+0100: 254.958: Total time for which application threads were stopped: 0.0001020 seconds, Stopping threads took: 0.0000366 seconds
2018-11-12T14:38:39.794+0100: 255.008: [CMS-concurrent-sweep: 0.050/0.050 secs] [Times: user=0.08 sys=0.00, real=0.05 secs] 
2018-11-12T14:38:39.794+0100: 255.008: [CMS-concurrent-reset-start]
2018-11-12T14:38:39.794+0100: 255.008: [CMS-concurrent-reset: 0.001/0.001 secs] [Times: user=0.00 sys=0.00, real=0.00 secs] 
{Heap before GC invocations=111 (full 2):
 par new generation   total 109248K, used 99793K [0x00000000e0000000, 0x00000000e8000000, 0x00000000e8000000)
  eden space 87424K, 100% used [0x00000000e0000000, 0x00000000e5560000, 0x00000000e5560000)
  from space 21824K,  56% used [0x00000000e6ab0000, 0x00000000e76c46e0, 0x00000000e8000000)
  to   space 21824K,   0% used [0x00000000e5560000, 0x00000000e5560000, 0x00000000e6ab0000)
 concurrent mark-sweep generation total 393216K, used 143842K [0x00000000e8000000, 0x0000000100000000, 0x0000000100000000)
 Metaspace       used 31133K, capacity 31620K, committed 31868K, reserved 1077248K
  class space    used 3529K, capacity 3696K, committed 3708K, reserved 1048576K
2018-11-12T14:38:40.049+0100: 255.263: [GC (Allocation Failure) 2018-11-12T14:38:40.049+0100: 255.263: [ParNew
Desired survivor size 20112992 bytes, new threshold 8 (max 8)
- age   1:    1078736 bytes,    1078736 total
- age   3:     575088 bytes,    1653824 total
- age   4:     766232 bytes,    2420056 total
- age   5:     534272 bytes,    2954328 total
- age   6:    6834608 bytes,    9788936 total
- age   7:     537232 bytes,   10326168 total
- age   8:     566128 bytes,   10892296 total
: 99793K->12075K(109248K), 0.0032122 secs] 243635K->156469K(502464K), 0.0033029 secs] [Times: user=0.06 sys=0.00, real=0.00 secs] 
Heap after GC invocations=112 (full 2):
 par new generation   total 109248K, used 12075K [0x00000000e0000000, 0x00000000e8000000, 0x00000000e8000000)
  eden space 87424K,   0% used [0x00000000e0000000, 0x00000000e0000000, 0x00000000e5560000)
  from space 21824K,  55% used [0x00000000e5560000, 0x00000000e612aff8, 0x00000000e6ab0000)
  to   space 21824K,   0% used [0x00000000e6ab0000, 0x00000000e6ab0000, 0x00000000e8000000)
 concurrent mark-sweep generation total 393216K, used 144393K [0x00000000e8000000, 0x0000000100000000, 0x0000000100000000)
 Metaspace       used 31133K, capacity 31620K, committed 31868K, reserved 1077248K
  class space    used 3529K, capacity 3696K, committed 3708K, reserved 1048576K
}
2018-11-12T14:38:40.052+0100: 255.266: Total time for which application threads were stopped: 0.0035813 seconds, Stopping threads took: 0.0000229 seconds
2018-11-12T14:38:40.069+0100: 255.283: Total time for which application threads were stopped: 0.0000965 seconds, Stopping threads took: 0.0000236 seconds
{Heap before GC invocations=112 (full 2):
 par new generation   total 109248K, used 99499K [0x00000000e0000000, 0x00000000e8000000, 0x00000000e8000000)
  eden space 87424K, 100% used [0x00000000e0000000, 0x00000000e5560000, 0x00000000e5560000)
  from space 21824K,  55% used [0x00000000e5560000, 0x00000000e612aff8, 0x00000000e6ab0000)
  to   space 21824K,   0% used [0x00000000e6ab0000, 0x00000000e6ab0000, 0x00000000e8000000)
 concurrent mark-sweep generation total 393216K, used 144393K [0x00000000e8000000, 0x0000000100000000, 0x0000000100000000)
 Metaspace       used 31133K, capacity 31620K, committed 31868K, reserved 1077248K
  class space    used 3529K, capacity 3696K, committed 3708K, reserved 1048576K
2018-11-12T14:38:40.290+0100: 255.504: [GC (Allocation Failure) 2018-11-12T14:38:40.290+0100: 255.504: [ParNew
Desired survivor size 20112992 bytes, new threshold 8 (max 8)
- age   1:    7314928 bytes,    7314928 total
- age   2:     689584 bytes,    8004512 total
- age   4:     575088 bytes,    8579600 total
- age   5:     766232 bytes,    9345832 total
- age   6:     534272 bytes,    9880104 total
- age   7:    1050216 bytes,   10930320 total
- age   8:     537232 bytes,   11467552 total
: 99499K->12536K(109248K), 0.0033268 secs] 243893K->157482K(502464K), 0.0034257 secs] [Times: user=0.00 sys=0.00, real=0.00 secs] 
Heap after GC invocations=113 (full 2):
 par new generation   total 109248K, used 12536K [0x00000000e0000000, 0x00000000e8000000, 0x00000000e8000000)
  eden space 87424K,   0% used [0x00000000e0000000, 0x00000000e0000000, 0x00000000e5560000)
  from space 21824K,  57% used [0x00000000e6ab0000, 0x00000000e76ee058, 0x00000000e8000000)
  to   space 21824K,   0% used [0x00000000e5560000, 0x00000000e5560000, 0x00000000e6ab0000)
 concurrent mark-sweep generation total 393216K, used 144946K [0x00000000e8000000, 0x0000000100000000, 0x0000000100000000)
 Metaspace       used 31133K, capacity 31620K, committed 31868K, reserved 1077248K
  class space    used 3529K, capacity 3696K, committed 3708K, reserved 1048576K
}
2018-11-12T14:38:40.293+0100: 255.507: Total time for which application threads were stopped: 0.0036443 seconds, Stopping threads took: 0.0000253 seconds
{Heap before GC invocations=113 (full 2):
 par new generation   total 109248K, used 99960K [0x00000000e0000000, 0x00000000e8000000, 0x00000000e8000000)
  eden space 87424K, 100% used [0x00000000e0000000, 0x00000000e5560000, 0x00000000e5560000)
  from space 21824K,  57% used [0x00000000e6ab0000, 0x00000000e76ee058, 0x00000000e8000000)
  to   space 21824K,   0% used [0x00000000e5560000, 0x00000000e5560000, 0x00000000e6ab0000)
 concurrent mark-sweep generation total 393216K, used 144946K [0x00000000e8000000, 0x0000000100000000, 0x0000000100000000)
 Metaspace       used 31133K, capacity 31620K, committed 31868K, reserved 1077248K
  class space    used 3529K, capacity 3696K, committed 3708K, reserved 1048576K
2018-11-12T14:38:40.546+0100: 255.760: [GC (Allocation Failure) 2018-11-12T14:38:40.546+0100: 255.760: [ParNew
Desired survivor size 20112992 bytes, new threshold 8 (max 8)
- age   1:    1003672 bytes,    1003672 total
- age   2:    7007296 bytes,    8010968 total
- age   3:     668368 bytes,    8679336 total
- age   5:     575088 bytes,    9254424 total
- age   6:     766232 bytes,   10020656 total
- age   7:     534272 bytes,   10554928 total
- age   8:    1050216 bytes,   11605144 total
: 99960K->13638K(109248K), 0.0033535 secs] 244906K->159109K(502464K), 0.0034373 secs] [Times: user=0.00 sys=0.00, real=0.00 secs] 
Heap after GC invocations=114 (full 2):
 par new generation   total 109248K, used 13638K [0x00000000e0000000, 0x00000000e8000000, 0x00000000e8000000)
  eden space 87424K,   0% used [0x00000000e0000000, 0x00000000e0000000, 0x00000000e5560000)
  from space 21824K,  62% used [0x00000000e5560000, 0x00000000e62b1ae0, 0x00000000e6ab0000)
  to   space 21824K,   0% used [0x00000000e6ab0000, 0x00000000e6ab0000, 0x00000000e8000000)
 concurrent mark-sweep generation total 393216K, used 145470K [0x00000000e8000000, 0x0000000100000000, 0x0000000100000000)
 Metaspace       used 31133K, capacity 31620K, committed 31868K, reserved 1077248K
  class space    used 3529K, capacity 3696K, committed 3708K, reserved 1048576K
}
2018-11-12T14:38:40.550+0100: 255.764: Total time for which application threads were stopped: 0.0036402 seconds, Stopping threads took: 0.0000250 seconds
{Heap before GC invocations=114 (full 2):
 par new generation   total 109248K, used 101062K [0x00000000e0000000, 0x00000000e8000000, 0x00000000e8000000)
  eden space 87424K, 100% used [0x00000000e0000000, 0x00000000e5560000, 0x00000000e5560000)
  from space 21824K,  62% used [0x00000000e5560000, 0x00000000e62b1ae0, 0x00000000e6ab0000)
  to   space 21824K,   0% used [0x00000000e6ab0000, 0x00000000e6ab0000, 0x00000000e8000000)
 concurrent mark-sweep generation total 393216K, used 145470K [0x00000000e8000000, 0x0000000100000000, 0x0000000100000000)
 Metaspace       used 31133K, capacity 31620K, committed 31868K, reserved 1077248K
  class space    used 3529K, capacity 3696K, committed 3708K, reserved 1048576K
2018-11-12T14:38:40.871+0100: 256.086: [GC (Allocation Failure) 2018-11-12T14:38:40.871+0100: 256.086: [ParNew
Desired survivor size 20112992 bytes, new threshold 8 (max 8)
- age   1:     834216 bytes,     834216 total
- age   2:     575480 bytes,    1409696 total
- age   3:    7007296 bytes,    8416992 total
- age   4:     668368 bytes,    9085360 total
- age   6:     575088 bytes,    9660448 total
- age   7:     766232 bytes,   10426680 total
- age   8:     534272 bytes,   10960952 total
: 101062K->13173K(109248K), 0.0048116 secs] 246533K->159669K(502464K), 0.0049491 secs] [Times: user=0.00 sys=0.00, real=0.00 secs] 
Heap after GC invocations=115 (full 2):
 par new generation   total 109248K, used 13173K [0x00000000e0000000, 0x00000000e8000000, 0x00000000e8000000)
  eden space 87424K,   0% used [0x00000000e0000000, 0x00000000e0000000, 0x00000000e5560000)
  from space 21824K,  60% used [0x00000000e6ab0000, 0x00000000e778d430, 0x00000000e8000000)
  to   space 21824K,   0% used [0x00000000e5560000, 0x00000000e5560000, 0x00000000e6ab0000)
 concurrent mark-sweep generation total 393216K, used 146496K [0x00000000e8000000, 0x0000000100000000, 0x0000000100000000)
 Metaspace       used 31133K, capacity 31620K, committed 31868K, reserved 1077248K
  class space    used 3529K, capacity 3696K, committed 3708K, reserved 1048576K
}
2018-11-12T14:38:40.876+0100: 256.091: Total time for which application threads were stopped: 0.0052598 seconds, Stopping threads took: 0.0000479 seconds
{Heap before GC invocations=115 (full 2):
 par new generation   total 109248K, used 100597K [0x00000000e0000000, 0x00000000e8000000, 0x00000000e8000000)
  eden space 87424K, 100% used [0x00000000e0000000, 0x00000000e5560000, 0x00000000e5560000)
  from space 21824K,  60% used [0x00000000e6ab0000, 0x00000000e778d430, 0x00000000e8000000)
  to   space 21824K,   0% used [0x00000000e5560000, 0x00000000e5560000, 0x00000000e6ab0000)
 concurrent mark-sweep generation total 393216K, used 146496K [0x00000000e8000000, 0x0000000100000000, 0x0000000100000000)
 Metaspace       used 31133K, capacity 31620K, committed 31868K, reserved 1077248K
  class space    used 3529K, capacity 3696K, committed 3708K, reserved 1048576K
2018-11-12T14:38:41.222+0100: 256.436: [GC (Allocation Failure) 2018-11-12T14:38:41.222+0100: 256.436: [ParNew
Desired survivor size 20112992 bytes, new threshold 8 (max 8)
- age   1:    1027392 bytes,    1027392 total
- age   2:     518256 bytes,    1545648 total
- age   3:     575480 bytes,    2121128 total
- age   4:    7007296 bytes,    9128424 total
- age   5:     668312 bytes,    9796736 total
- age   7:     572816 bytes,   10369552 total
- age   8:     766232 bytes,   11135784 total
: 100597K->11939K(109248K), 0.0034394 secs] 247093K->158957K(502464K), 0.0035393 secs] [Times: user=0.00 sys=0.00, real=0.00 secs] 
Heap after GC invocations=116 (full 2):
 par new generation   total 109248K, used 11939K [0x00000000e0000000, 0x00000000e8000000, 0x00000000e8000000)
  eden space 87424K,   0% used [0x00000000e0000000, 0x00000000e0000000, 0x00000000e5560000)
  from space 21824K,  54% used [0x00000000e5560000, 0x00000000e6108c50, 0x00000000e6ab0000)
  to   space 21824K,   0% used [0x00000000e6ab0000, 0x00000000e6ab0000, 0x00000000e8000000)
 concurrent mark-sweep generation total 393216K, used 147018K [0x00000000e8000000, 0x0000000100000000, 0x0000000100000000)
 Metaspace       used 31133K, capacity 31620K, committed 31868K, reserved 1077248K
  class space    used 3529K, capacity 3696K, committed 3708K, reserved 1048576K
}
2018-11-12T14:38:41.226+0100: 256.440: Total time for which application threads were stopped: 0.0037982 seconds, Stopping threads took: 0.0000376 seconds
2018-11-12T14:38:41.346+0100: 256.560: Total time for which application threads were stopped: 0.0001064 seconds, Stopping threads took: 0.0000250 seconds
{Heap before GC invocations=116 (full 2):
 par new generation   total 109248K, used 99363K [0x00000000e0000000, 0x00000000e8000000, 0x00000000e8000000)
  eden space 87424K, 100% used [0x00000000e0000000, 0x00000000e5560000, 0x00000000e5560000)
  from space 21824K,  54% used [0x00000000e5560000, 0x00000000e6108c50, 0x00000000e6ab0000)
  to   space 21824K,   0% used [0x00000000e6ab0000, 0x00000000e6ab0000, 0x00000000e8000000)
 concurrent mark-sweep generation total 393216K, used 147018K [0x00000000e8000000, 0x0000000100000000, 0x0000000100000000)
 Metaspace       used 31133K, capacity 31620K, committed 31868K, reserved 1077248K
  class space    used 3529K, capacity 3696K, committed 3708K, reserved 1048576K
2018-11-12T14:38:41.509+0100: 256.723: [GC (Allocation Failure) 2018-11-12T14:38:41.509+0100: 256.724: [ParNew
Desired survivor size 20112992 bytes, new threshold 8 (max 8)
- age   1:    1330456 bytes,    1330456 total
- age   2:     529640 bytes,    1860096 total
- age   3:     518256 bytes,    2378352 total
- age   4:     575480 bytes,    2953832 total
- age   5:    7007296 bytes,    9961128 total
- age   6:     668312 bytes,   10629440 total
- age   8:     572816 bytes,   11202256 total
: 99363K->12234K(109248K), 0.0034294 secs] 246381K->159757K(502464K), 0.0035314 secs] [Times: user=0.00 sys=0.00, real=0.00 secs] 
Heap after GC invocations=117 (full 2):
 par new generation   total 109248K, used 12234K [0x00000000e0000000, 0x00000000e8000000, 0x00000000e8000000)
  eden space 87424K,   0% used [0x00000000e0000000, 0x00000000e0000000, 0x00000000e5560000)
  from space 21824K,  56% used [0x00000000e6ab0000, 0x00000000e76a2998, 0x00000000e8000000)
  to   space 21824K,   0% used [0x00000000e5560000, 0x00000000e5560000, 0x00000000e6ab0000)
 concurrent mark-sweep generation total 393216K, used 147522K [0x00000000e8000000, 0x0000000100000000, 0x0000000100000000)
 Metaspace       used 31133K, capacity 31620K, committed 31868K, reserved 1077248K
  class space    used 3529K, capacity 3696K, committed 3708K, reserved 1048576K
}
2018-11-12T14:38:41.513+0100: 256.727: Total time for which application threads were stopped: 0.0037592 seconds, Stopping threads took: 0.0000274 seconds
{Heap before GC invocations=117 (full 2):
 par new generation   total 109248K, used 99658K [0x00000000e0000000, 0x00000000e8000000, 0x00000000e8000000)
  eden space 87424K, 100% used [0x00000000e0000000, 0x00000000e5560000, 0x00000000e5560000)
  from space 21824K,  56% used [0x00000000e6ab0000, 0x00000000e76a2998, 0x00000000e8000000)
  to   space 21824K,   0% used [0x00000000e5560000, 0x00000000e5560000, 0x00000000e6ab0000)
 concurrent mark-sweep generation total 393216K, used 147522K [0x00000000e8000000, 0x0000000100000000, 0x0000000100000000)
 Metaspace       used 31133K, capacity 31620K, committed 31868K, reserved 1077248K
  class space    used 3529K, capacity 3696K, committed 3708K, reserved 1048576K
2018-11-12T14:38:41.747+0100: 256.961: [GC (Allocation Failure) 2018-11-12T14:38:41.747+0100: 256.961: [ParNew
Desired survivor size 20112992 bytes, new threshold 8 (max 8)
- age   1:    6977200 bytes,    6977200 total
- age   2:     810216 bytes,    7787416 total
- age   3:     529640 bytes,    8317056 total
- age   4:     518256 bytes,    8835312 total
- age   5:     575480 bytes,    9410792 total
- age   6:    1656984 bytes,   11067776 total
- age   7:     668312 bytes,   11736088 total
: 99658K->13578K(109248K), 0.0035851 secs] 247181K->161661K(502464K), 0.0036679 secs] [Times: user=0.00 sys=0.00, real=0.00 secs] 
Heap after GC invocations=118 (full 2):
 par new generation   total 109248K, used 13578K [0x00000000e0000000, 0x00000000e8000000, 0x00000000e8000000)
  eden space 87424K,   0% used [0x00000000e0000000, 0x00000000e0000000, 0x00000000e5560000)
  from space 21824K,  62% used [0x00000000e5560000, 0x00000000e62a2ab0, 0x00000000e6ab0000)
  to   space 21824K,   0% used [0x00000000e6ab0000, 0x00000000e6ab0000, 0x00000000e8000000)
 concurrent mark-sweep generation total 393216K, used 148082K [0x00000000e8000000, 0x0000000100000000, 0x0000000100000000)
 Metaspace       used 31133K, capacity 31620K, committed 31868K, reserved 1077248K
  class space    used 3529K, capacity 3696K, committed 3708K, reserved 1048576K
}
2018-11-12T14:38:41.751+0100: 256.965: Total time for which application threads were stopped: 0.0038632 seconds, Stopping threads took: 0.0000243 seconds
2018-11-12T14:38:41.898+0100: 257.113: Total time for which application threads were stopped: 0.0001259 seconds, Stopping threads took: 0.0000373 seconds
{Heap before GC invocations=118 (full 2):
 par new generation   total 109248K, used 101002K [0x00000000e0000000, 0x00000000e8000000, 0x00000000e8000000)
  eden space 87424K, 100% used [0x00000000e0000000, 0x00000000e5560000, 0x00000000e5560000)
  from space 21824K,  62% used [0x00000000e5560000, 0x00000000e62a2ab0, 0x00000000e6ab0000)
  to   space 21824K,   0% used [0x00000000e6ab0000, 0x00000000e6ab0000, 0x00000000e8000000)
 concurrent mark-sweep generation total 393216K, used 148082K [0x00000000e8000000, 0x0000000100000000, 0x0000000100000000)
 Metaspace       used 31133K, capacity 31620K, committed 31868K, reserved 1077248K
  class space    used 3529K, capacity 3696K, committed 3708K, reserved 1048576K
2018-11-12T14:38:41.986+0100: 257.199: [GC (Allocation Failure) 2018-11-12T14:38:41.986+0100: 257.199: [ParNew
Desired survivor size 20112992 bytes, new threshold 8 (max 8)
- age   1:    2297992 bytes,    2297992 total
- age   2:    6524664 bytes,    8822656 total
- age   3:     810216 bytes,    9632872 total
- age   4:     529640 bytes,   10162512 total
- age   5:     518256 bytes,   10680768 total
- age   6:     575480 bytes,   11256248 total
- age   7:     499808 bytes,   11756056 total
- age   8:     668288 bytes,   12424344 total
: 101002K->13931K(109248K), 0.0034120 secs] 249085K->162014K(502464K), 0.0035020 secs] [Times: user=0.06 sys=0.00, real=0.00 secs] 
Heap after GC invocations=119 (full 2):
 par new generation   total 109248K, used 13931K [0x00000000e0000000, 0x00000000e8000000, 0x00000000e8000000)
  eden space 87424K,   0% used [0x00000000e0000000, 0x00000000e0000000, 0x00000000e5560000)
  from space 21824K,  63% used [0x00000000e6ab0000, 0x00000000e784afd0, 0x00000000e8000000)
  to   space 21824K,   0% used [0x00000000e5560000, 0x00000000e5560000, 0x00000000e6ab0000)
 concurrent mark-sweep generation total 393216K, used 148082K [0x00000000e8000000, 0x0000000100000000, 0x0000000100000000)
 Metaspace       used 31133K, capacity 31620K, committed 31868K, reserved 1077248K
  class space    used 3529K, capacity 3696K, committed 3708K, reserved 1048576K
}
2018-11-12T14:38:41.989+0100: 257.203: Total time for which application threads were stopped: 0.0037124 seconds, Stopping threads took: 0.0000284 seconds
{Heap before GC invocations=119 (full 2):
 par new generation   total 109248K, used 101355K [0x00000000e0000000, 0x00000000e8000000, 0x00000000e8000000)
  eden space 87424K, 100% used [0x00000000e0000000, 0x00000000e5560000, 0x00000000e5560000)
  from space 21824K,  63% used [0x00000000e6ab0000, 0x00000000e784afd0, 0x00000000e8000000)
  to   space 21824K,   0% used [0x00000000e5560000, 0x00000000e5560000, 0x00000000e6ab0000)
 concurrent mark-sweep generation total 393216K, used 148082K [0x00000000e8000000, 0x0000000100000000, 0x0000000100000000)
 Metaspace       used 31134K, capacity 31620K, committed 31868K, reserved 1077248K
  class space    used 3529K, capacity 3696K, committed 3708K, reserved 1048576K
2018-11-12T14:38:42.213+0100: 257.428: [GC (Allocation Failure) 2018-11-12T14:38:42.213+0100: 257.428: [ParNew
Desired survivor size 20112992 bytes, new threshold 8 (max 8)
- age   1:     937232 bytes,     937232 total
- age   2:    1828352 bytes,    2765584 total
- age   3:    6571464 bytes,    9337048 total
- age   4:     872592 bytes,   10209640 total
- age   5:     552464 bytes,   10762104 total
- age   6:     518256 bytes,   11280360 total
- age   7:     563552 bytes,   11843912 total
- age   8:     499808 bytes,   12343720 total
: 101355K->13284K(109248K), 0.0045283 secs] 249438K->162020K(502464K), 0.0046135 secs] [Times: user=0.00 sys=0.00, real=0.00 secs] 
Heap after GC invocations=120 (full 2):
 par new generation   total 109248K, used 13284K [0x00000000e0000000, 0x00000000e8000000, 0x00000000e8000000)
  eden space 87424K,   0% used [0x00000000e0000000, 0x00000000e0000000, 0x00000000e5560000)
  from space 21824K,  60% used [0x00000000e5560000, 0x00000000e6259338, 0x00000000e6ab0000)
  to   space 21824K,   0% used [0x00000000e6ab0000, 0x00000000e6ab0000, 0x00000000e8000000)
 concurrent mark-sweep generation total 393216K, used 148735K [0x00000000e8000000, 0x0000000100000000, 0x0000000100000000)
 Metaspace       used 31134K, capacity 31620K, committed 31868K, reserved 1077248K
  class space    used 3529K, capacity 3696K, committed 3708K, reserved 1048576K
}
2018-11-12T14:38:42.218+0100: 257.432: Total time for which application threads were stopped: 0.0048181 seconds, Stopping threads took: 0.0000253 seconds
2018-11-12T14:38:42.321+0100: 257.535: Total time for which application threads were stopped: 0.0001615 seconds, Stopping threads took: 0.0000499 seconds
2018-11-12T14:38:42.325+0100: 257.540: Total time for which application threads were stopped: 0.0002388 seconds, Stopping threads took: 0.0000835 seconds
2018-11-12T14:38:42.326+0100: 257.541: Total time for which application threads were stopped: 0.0001895 seconds, Stopping threads took: 0.0000725 seconds
2018-11-12T14:38:42.341+0100: 257.556: Total time for which application threads were stopped: 0.0001389 seconds, Stopping threads took: 0.0000523 seconds
2018-11-12T14:38:42.341+0100: 257.556: Total time for which application threads were stopped: 0.0000869 seconds, Stopping threads took: 0.0000250 seconds
2018-11-12T14:38:42.341+0100: 257.556: Total time for which application threads were stopped: 0.0000770 seconds, Stopping threads took: 0.0000246 seconds
2018-11-12T14:38:42.369+0100: 257.584: Total time for which application threads were stopped: 0.0001889 seconds, Stopping threads took: 0.0000708 seconds
{Heap before GC invocations=120 (full 2):
 par new generation   total 109248K, used 100708K [0x00000000e0000000, 0x00000000e8000000, 0x00000000e8000000)
  eden space 87424K, 100% used [0x00000000e0000000, 0x00000000e5560000, 0x00000000e5560000)
  from space 21824K,  60% used [0x00000000e5560000, 0x00000000e6259338, 0x00000000e6ab0000)
  to   space 21824K,   0% used [0x00000000e6ab0000, 0x00000000e6ab0000, 0x00000000e8000000)
 concurrent mark-sweep generation total 393216K, used 148735K [0x00000000e8000000, 0x0000000100000000, 0x0000000100000000)
 Metaspace       used 31134K, capacity 31620K, committed 31868K, reserved 1077248K
  class space    used 3529K, capacity 3696K, committed 3708K, reserved 1048576K
2018-11-12T14:38:42.508+0100: 257.722: [GC (Allocation Failure) 2018-11-12T14:38:42.508+0100: 257.722: [ParNew
Desired survivor size 20112992 bytes, new threshold 8 (max 8)
- age   1:    1549888 bytes,    1549888 total
- age   2:     586832 bytes,    2136720 total
- age   3:    1827968 bytes,    3964688 total
- age   4:    6589848 bytes,   10554536 total
- age   5:     896104 bytes,   11450640 total
- age   6:     610320 bytes,   12060960 total
- age   7:     599984 bytes,   12660944 total
- age   8:     641528 bytes,   13302472 total
: 100708K->14242K(109248K), 0.0056837 secs] 249444K->163465K(502464K), 0.0058072 secs] [Times: user=0.00 sys=0.00, real=0.01 secs] 
Heap after GC invocations=121 (full 2):
 par new generation   total 109248K, used 14242K [0x00000000e0000000, 0x00000000e8000000, 0x00000000e8000000)
  eden space 87424K,   0% used [0x00000000e0000000, 0x00000000e0000000, 0x00000000e5560000)
  from space 21824K,  65% used [0x00000000e6ab0000, 0x00000000e7898840, 0x00000000e8000000)
  to   space 21824K,   0% used [0x00000000e5560000, 0x00000000e5560000, 0x00000000e6ab0000)
 concurrent mark-sweep generation total 393216K, used 149223K [0x00000000e8000000, 0x0000000100000000, 0x0000000100000000)
 Metaspace       used 31134K, capacity 31620K, committed 31868K, reserved 1077248K
  class space    used 3529K, capacity 3696K, committed 3708K, reserved 1048576K
}
2018-11-12T14:38:42.513+0100: 257.728: Total time for which application threads were stopped: 0.0060723 seconds, Stopping threads took: 0.0000503 seconds
2018-11-12T14:38:42.774+0100: 257.989: Total time for which application threads were stopped: 0.0002545 seconds, Stopping threads took: 0.0000633 seconds
{Heap before GC invocations=121 (full 2):
 par new generation   total 109248K, used 101666K [0x00000000e0000000, 0x00000000e8000000, 0x00000000e8000000)
  eden space 87424K, 100% used [0x00000000e0000000, 0x00000000e5560000, 0x00000000e5560000)
  from space 21824K,  65% used [0x00000000e6ab0000, 0x00000000e7898840, 0x00000000e8000000)
  to   space 21824K,   0% used [0x00000000e5560000, 0x00000000e5560000, 0x00000000e6ab0000)
 concurrent mark-sweep generation total 393216K, used 149223K [0x00000000e8000000, 0x0000000100000000, 0x0000000100000000)
 Metaspace       used 31135K, capacity 31620K, committed 31868K, reserved 1077248K
  class space    used 3529K, capacity 3696K, committed 3708K, reserved 1048576K
2018-11-12T14:38:42.830+0100: 258.044: [GC (Allocation Failure) 2018-11-12T14:38:42.830+0100: 258.044: [ParNew
Desired survivor size 20112992 bytes, new threshold 8 (max 8)
- age   1:    1484528 bytes,    1484528 total
- age   2:     899872 bytes,    2384400 total
- age   3:     586832 bytes,    2971232 total
- age   4:    1827968 bytes,    4799200 total
- age   5:    6524328 bytes,   11323528 total
- age   6:     809784 bytes,   12133312 total
- age   7:     529200 bytes,   12662512 total
- age   8:     517824 bytes,   13180336 total
: 101666K->15151K(109248K), 0.0043446 secs] 250889K->164913K(502464K), 0.0044445 secs] [Times: user=0.06 sys=0.00, real=0.00 secs] 
Heap after GC invocations=122 (full 2):
 par new generation   total 109248K, used 15151K [0x00000000e0000000, 0x00000000e8000000, 0x00000000e8000000)
  eden space 87424K,   0% used [0x00000000e0000000, 0x00000000e0000000, 0x00000000e5560000)
  from space 21824K,  69% used [0x00000000e5560000, 0x00000000e642bd90, 0x00000000e6ab0000)
  to   space 21824K,   0% used [0x00000000e6ab0000, 0x00000000e6ab0000, 0x00000000e8000000)
 concurrent mark-sweep generation total 393216K, used 149761K [0x00000000e8000000, 0x0000000100000000, 0x0000000100000000)
 Metaspace       used 31135K, capacity 31620K, committed 31868K, reserved 1077248K
  class space    used 3529K, capacity 3696K, committed 3708K, reserved 1048576K
}
2018-11-12T14:38:42.834+0100: 258.049: Total time for which application threads were stopped: 0.0047736 seconds, Stopping threads took: 0.0000578 seconds
{Heap before GC invocations=122 (full 2):
 par new generation   total 109248K, used 102575K [0x00000000e0000000, 0x00000000e8000000, 0x00000000e8000000)
  eden space 87424K, 100% used [0x00000000e0000000, 0x00000000e5560000, 0x00000000e5560000)
  from space 21824K,  69% used [0x00000000e5560000, 0x00000000e642bd90, 0x00000000e6ab0000)
  to   space 21824K,   0% used [0x00000000e6ab0000, 0x00000000e6ab0000, 0x00000000e8000000)
 concurrent mark-sweep generation total 393216K, used 149761K [0x00000000e8000000, 0x0000000100000000, 0x0000000100000000)
 Metaspace       used 31135K, capacity 31620K, committed 31868K, reserved 1077248K
  class space    used 3529K, capacity 3696K, committed 3708K, reserved 1048576K
2018-11-12T14:38:42.982+0100: 258.196: [GC (Allocation Failure) 2018-11-12T14:38:42.982+0100: 258.196: [ParNew
Desired survivor size 20112992 bytes, new threshold 8 (max 8)
- age   1:    1214808 bytes,    1214808 total
- age   2:     580944 bytes,    1795752 total
- age   3:     899872 bytes,    2695624 total
- age   4:     586832 bytes,    3282456 total
- age   5:    1827968 bytes,    5110424 total
- age   6:    6524280 bytes,   11634704 total
- age   7:     809784 bytes,   12444488 total
- age   8:     529176 bytes,   12973664 total
: 102575K->14531K(109248K), 0.0041397 secs] 252337K->164799K(502464K), 0.0042280 secs] [Times: user=0.00 sys=0.00, real=0.00 secs] 
Heap after GC invocations=123 (full 2):
 par new generation   total 109248K, used 14531K [0x00000000e0000000, 0x00000000e8000000, 0x00000000e8000000)
  eden space 87424K,   0% used [0x00000000e0000000, 0x00000000e0000000, 0x00000000e5560000)
  from space 21824K,  66% used [0x00000000e6ab0000, 0x00000000e78e0f68, 0x00000000e8000000)
  to   space 21824K,   0% used [0x00000000e5560000, 0x00000000e5560000, 0x00000000e6ab0000)
 concurrent mark-sweep generation total 393216K, used 150267K [0x00000000e8000000, 0x0000000100000000, 0x0000000100000000)
 Metaspace       used 31135K, capacity 31620K, committed 31868K, reserved 1077248K
  class space    used 3529K, capacity 3696K, committed 3708K, reserved 1048576K
}
2018-11-12T14:38:42.986+0100: 258.201: Total time for which application threads were stopped: 0.0045157 seconds, Stopping threads took: 0.0000452 seconds
2018-11-12T14:38:43.116+0100: 258.330: Total time for which application threads were stopped: 0.0005354 seconds, Stopping threads took: 0.0004362 seconds
{Heap before GC invocations=123 (full 2):
 par new generation   total 109248K, used 101955K [0x00000000e0000000, 0x00000000e8000000, 0x00000000e8000000)
  eden space 87424K, 100% used [0x00000000e0000000, 0x00000000e5560000, 0x00000000e5560000)
  from space 21824K,  66% used [0x00000000e6ab0000, 0x00000000e78e0f68, 0x00000000e8000000)
  to   space 21824K,   0% used [0x00000000e5560000, 0x00000000e5560000, 0x00000000e6ab0000)
 concurrent mark-sweep generation total 393216K, used 150267K [0x00000000e8000000, 0x0000000100000000, 0x0000000100000000)
 Metaspace       used 31135K, capacity 31620K, committed 31868K, reserved 1077248K
  class space    used 3529K, capacity 3696K, committed 3708K, reserved 1048576K
2018-11-12T14:38:43.128+0100: 258.343: [GC (Allocation Failure) 2018-11-12T14:38:43.129+0100: 258.343: [ParNew
Desired survivor size 20112992 bytes, new threshold 8 (max 8)
- age   1:    1031912 bytes,    1031912 total
- age   2:     499944 bytes,    1531856 total
- age   3:     571144 bytes,    2103000 total
- age   4:     899792 bytes,    3002792 total
- age   5:     586776 bytes,    3589568 total
- age   6:    1827968 bytes,    5417536 total
- age   7:    6524256 bytes,   11941792 total
- age   8:     809784 bytes,   12751576 total
: 101955K->14421K(109248K), 0.0036481 secs] 252223K->165205K(502464K), 0.0038085 secs] [Times: user=0.00 sys=0.00, real=0.00 secs] 
Heap after GC invocations=124 (full 2):
 par new generation   total 109248K, used 14421K [0x00000000e0000000, 0x00000000e8000000, 0x00000000e8000000)
  eden space 87424K,   0% used [0x00000000e0000000, 0x00000000e0000000, 0x00000000e5560000)
  from space 21824K,  66% used [0x00000000e5560000, 0x00000000e63756c0, 0x00000000e6ab0000)
  to   space 21824K,   0% used [0x00000000e6ab0000, 0x00000000e6ab0000, 0x00000000e8000000)
 concurrent mark-sweep generation total 393216K, used 150784K [0x00000000e8000000, 0x0000000100000000, 0x0000000100000000)
 Metaspace       used 31135K, capacity 31620K, committed 31868K, reserved 1077248K
  class space    used 3529K, capacity 3696K, committed 3708K, reserved 1048576K
}
2018-11-12T14:38:43.132+0100: 258.347: Total time for which application threads were stopped: 0.0041715 seconds, Stopping threads took: 0.0001283 seconds
{Heap before GC invocations=124 (full 2):
 par new generation   total 109248K, used 101845K [0x00000000e0000000, 0x00000000e8000000, 0x00000000e8000000)
  eden space 87424K, 100% used [0x00000000e0000000, 0x00000000e5560000, 0x00000000e5560000)
  from space 21824K,  66% used [0x00000000e5560000, 0x00000000e63756c0, 0x00000000e6ab0000)
  to   space 21824K,   0% used [0x00000000e6ab0000, 0x00000000e6ab0000, 0x00000000e8000000)
 concurrent mark-sweep generation total 393216K, used 150784K [0x00000000e8000000, 0x0000000100000000, 0x0000000100000000)
 Metaspace       used 31135K, capacity 31620K, committed 31868K, reserved 1077248K
  class space    used 3529K, capacity 3696K, committed 3708K, reserved 1048576K
2018-11-12T14:38:43.261+0100: 258.475: [GC (Allocation Failure) 2018-11-12T14:38:43.261+0100: 258.475: [ParNew
Desired survivor size 20112992 bytes, new threshold 8 (max 8)
- age   1:    1025768 bytes,    1025768 total
- age   2:     349808 bytes,    1375576 total
- age   3:     456776 bytes,    1832352 total
- age   4:     571144 bytes,    2403496 total
- age   5:     899792 bytes,    3303288 total
- age   6:     586776 bytes,    3890064 total
- age   7:    1827968 bytes,    5718032 total
- age   8:    6524256 bytes,   12242288 total
: 101845K->13640K(109248K), 0.0036949 secs] 252629K->165215K(502464K), 0.0037815 secs] [Times: user=0.00 sys=0.00, real=0.00 secs] 
Heap after GC invocations=125 (full 2):
 par new generation   total 109248K, used 13640K [0x00000000e0000000, 0x00000000e8000000, 0x00000000e8000000)
  eden space 87424K,   0% used [0x00000000e0000000, 0x00000000e0000000, 0x00000000e5560000)
  from space 21824K,  62% used [0x00000000e6ab0000, 0x00000000e7802328, 0x00000000e8000000)
  to   space 21824K,   0% used [0x00000000e5560000, 0x00000000e5560000, 0x00000000e6ab0000)
 concurrent mark-sweep generation total 393216K, used 151575K [0x00000000e8000000, 0x0000000100000000, 0x0000000100000000)
 Metaspace       used 31135K, capacity 31620K, committed 31868K, reserved 1077248K
  class space    used 3529K, capacity 3696K, committed 3708K, reserved 1048576K
}
2018-11-12T14:38:43.265+0100: 258.479: Total time for which application threads were stopped: 0.0041513 seconds, Stopping threads took: 0.0000554 seconds
2018-11-12T14:38:43.330+0100: 258.544: Total time for which application threads were stopped: 0.0001314 seconds, Stopping threads took: 0.0000404 seconds
{Heap before GC invocations=125 (full 2):
 par new generation   total 109248K, used 101064K [0x00000000e0000000, 0x00000000e8000000, 0x00000000e8000000)
  eden space 87424K, 100% used [0x00000000e0000000, 0x00000000e5560000, 0x00000000e5560000)
  from space 21824K,  62% used [0x00000000e6ab0000, 0x00000000e7802328, 0x00000000e8000000)
  to   space 21824K,   0% used [0x00000000e5560000, 0x00000000e5560000, 0x00000000e6ab0000)
 concurrent mark-sweep generation total 393216K, used 151575K [0x00000000e8000000, 0x0000000100000000, 0x0000000100000000)
 Metaspace       used 31168K, capacity 31690K, committed 31868K, reserved 1077248K
  class space    used 3529K, capacity 3697K, committed 3708K, reserved 1048576K
2018-11-12T14:38:43.440+0100: 258.654: [GC (Allocation Failure) 2018-11-12T14:38:43.440+0100: 258.654: [ParNew
Desired survivor size 20112992 bytes, new threshold 8 (max 8)
- age   1:    1418064 bytes,    1418064 total
- age   2:     158400 bytes,    1576464 total
- age   3:     233136 bytes,    1809600 total
- age   4:     406016 bytes,    2215616 total
- age   5:     513776 bytes,    2729392 total
- age   6:     892672 bytes,    3622064 total
- age   7:     586248 bytes,    4208312 total
- age   8:    1827488 bytes,    6035800 total
: 101064K->8027K(109248K), 0.0035102 secs] 252639K->165974K(502464K), 0.0037613 secs] [Times: user=0.06 sys=0.00, real=0.00 secs] 
Heap after GC invocations=126 (full 2):
 par new generation   total 109248K, used 8027K [0x00000000e0000000, 0x00000000e8000000, 0x00000000e8000000)
  eden space 87424K,   0% used [0x00000000e0000000, 0x00000000e0000000, 0x00000000e5560000)
  from space 21824K,  36% used [0x00000000e5560000, 0x00000000e5d36fa0, 0x00000000e6ab0000)
  to   space 21824K,   0% used [0x00000000e6ab0000, 0x00000000e6ab0000, 0x00000000e8000000)
 concurrent mark-sweep generation total 393216K, used 157946K [0x00000000e8000000, 0x0000000100000000, 0x0000000100000000)
 Metaspace       used 31168K, capacity 31690K, committed 31868K, reserved 1077248K
  class space    used 3529K, capacity 3697K, committed 3708K, reserved 1048576K
}
2018-11-12T14:38:43.443+0100: 258.657: Total time for which application threads were stopped: 0.0040911 seconds, Stopping threads took: 0.0000373 seconds
2018-11-12T14:38:43.576+0100: 258.790: Total time for which application threads were stopped: 0.0001420 seconds, Stopping threads took: 0.0000482 seconds
2018-11-12T14:38:43.577+0100: 258.791: Total time for which application threads were stopped: 0.0000763 seconds, Stopping threads took: 0.0000270 seconds
2018-11-12T14:38:43.577+0100: 258.791: Total time for which application threads were stopped: 0.0000896 seconds, Stopping threads took: 0.0000356 seconds
2018-11-12T14:38:43.661+0100: 258.875: Total time for which application threads were stopped: 0.0001865 seconds, Stopping threads took: 0.0000520 seconds
2018-11-12T14:38:43.678+0100: 258.892: Total time for which application threads were stopped: 0.0068726 seconds, Stopping threads took: 0.0066327 seconds
{Heap before GC invocations=126 (full 2):
 par new generation   total 109248K, used 95451K [0x00000000e0000000, 0x00000000e8000000, 0x00000000e8000000)
  eden space 87424K, 100% used [0x00000000e0000000, 0x00000000e5560000, 0x00000000e5560000)
  from space 21824K,  36% used [0x00000000e5560000, 0x00000000e5d36fa0, 0x00000000e6ab0000)
  to   space 21824K,   0% used [0x00000000e6ab0000, 0x00000000e6ab0000, 0x00000000e8000000)
 concurrent mark-sweep generation total 393216K, used 157946K [0x00000000e8000000, 0x0000000100000000, 0x0000000100000000)
 Metaspace       used 31182K, capacity 31690K, committed 31868K, reserved 1077248K
  class space    used 3529K, capacity 3697K, committed 3708K, reserved 1048576K
2018-11-12T14:38:43.720+0100: 258.934: [GC (Allocation Failure) 2018-11-12T14:38:43.721+0100: 258.934: [ParNew
Desired survivor size 20112992 bytes, new threshold 8 (max 8)
- age   1:    2017832 bytes,    2017832 total
- age   2:     163968 bytes,    2181800 total
- age   3:      26696 bytes,    2208496 total
- age   4:      35408 bytes,    2243904 total
- age   5:      40056 bytes,    2283960 total
- age   6:      87440 bytes,    2371400 total
- age   7:     383640 bytes,    2755040 total
- age   8:     586224 bytes,    3341264 total
: 95451K->4865K(109248K), 0.0026231 secs] 253398K->164595K(502464K), 0.0027514 secs] [Times: user=0.06 sys=0.00, real=0.00 secs] 
Heap after GC invocations=127 (full 2):
 par new generation   total 109248K, used 4865K [0x00000000e0000000, 0x00000000e8000000, 0x00000000e8000000)
  eden space 87424K,   0% used [0x00000000e0000000, 0x00000000e0000000, 0x00000000e5560000)
  from space 21824K,  22% used [0x00000000e6ab0000, 0x00000000e6f70400, 0x00000000e8000000)
  to   space 21824K,   0% used [0x00000000e5560000, 0x00000000e5560000, 0x00000000e6ab0000)
 concurrent mark-sweep generation total 393216K, used 159730K [0x00000000e8000000, 0x0000000100000000, 0x0000000100000000)
 Metaspace       used 31182K, capacity 31690K, committed 31868K, reserved 1077248K
  class space    used 3529K, capacity 3697K, committed 3708K, reserved 1048576K
}
2018-11-12T14:38:43.723+0100: 258.937: Total time for which application threads were stopped: 0.0030319 seconds, Stopping threads took: 0.0000356 seconds
{Heap before GC invocations=127 (full 2):
 par new generation   total 109248K, used 92289K [0x00000000e0000000, 0x00000000e8000000, 0x00000000e8000000)
  eden space 87424K, 100% used [0x00000000e0000000, 0x00000000e5560000, 0x00000000e5560000)
  from space 21824K,  22% used [0x00000000e6ab0000, 0x00000000e6f70400, 0x00000000e8000000)
  to   space 21824K,   0% used [0x00000000e5560000, 0x00000000e5560000, 0x00000000e6ab0000)
 concurrent mark-sweep generation total 393216K, used 159730K [0x00000000e8000000, 0x0000000100000000, 0x0000000100000000)
 Metaspace       used 31182K, capacity 31690K, committed 31868K, reserved 1077248K
  class space    used 3529K, capacity 3697K, committed 3708K, reserved 1048576K
2018-11-12T14:38:44.041+0100: 259.256: [GC (Allocation Failure) 2018-11-12T14:38:44.042+0100: 259.256: [ParNew
Desired survivor size 20112992 bytes, new threshold 8 (max 8)
- age   1:    1384504 bytes,    1384504 total
- age   2:    1476360 bytes,    2860864 total
- age   3:     148528 bytes,    3009392 total
- age   4:      26696 bytes,    3036088 total
- age   5:      35080 bytes,    3071168 total
- age   6:      40056 bytes,    3111224 total
- age   7:      87416 bytes,    3198640 total
- age   8:     383640 bytes,    3582280 total
: 92289K->4185K(109248K), 0.0023781 secs] 252019K->164488K(502464K), 0.0024664 secs] [Times: user=0.00 sys=0.00, real=0.00 secs] 
Heap after GC invocations=128 (full 2):
 par new generation   total 109248K, used 4185K [0x00000000e0000000, 0x00000000e8000000, 0x00000000e8000000)
  eden space 87424K,   0% used [0x00000000e0000000, 0x00000000e0000000, 0x00000000e5560000)
  from space 21824K,  19% used [0x00000000e5560000, 0x00000000e5976588, 0x00000000e6ab0000)
  to   space 21824K,   0% used [0x00000000e6ab0000, 0x00000000e6ab0000, 0x00000000e8000000)
 concurrent mark-sweep generation total 393216K, used 160303K [0x00000000e8000000, 0x0000000100000000, 0x0000000100000000)
 Metaspace       used 31182K, capacity 31690K, committed 31868K, reserved 1077248K
  class space    used 3529K, capacity 3697K, committed 3708K, reserved 1048576K
}
2018-11-12T14:38:44.044+0100: 259.259: Total time for which application threads were stopped: 0.0026816 seconds, Stopping threads took: 0.0000298 seconds
2018-11-12T14:38:44.072+0100: 259.286: Total time for which application threads were stopped: 0.0001519 seconds, Stopping threads took: 0.0000315 seconds
{Heap before GC invocations=128 (full 2):
 par new generation   total 109248K, used 91609K [0x00000000e0000000, 0x00000000e8000000, 0x00000000e8000000)
  eden space 87424K, 100% used [0x00000000e0000000, 0x00000000e5560000, 0x00000000e5560000)
  from space 21824K,  19% used [0x00000000e5560000, 0x00000000e5976588, 0x00000000e6ab0000)
  to   space 21824K,   0% used [0x00000000e6ab0000, 0x00000000e6ab0000, 0x00000000e8000000)
 concurrent mark-sweep generation total 393216K, used 160303K [0x00000000e8000000, 0x0000000100000000, 0x0000000100000000)
 Metaspace       used 31182K, capacity 31690K, committed 31868K, reserved 1077248K
  class space    used 3529K, capacity 3697K, committed 3708K, reserved 1048576K
2018-11-12T14:38:44.269+0100: 259.484: [GC (Allocation Failure) 2018-11-12T14:38:44.269+0100: 259.484: [ParNew
Desired survivor size 20112992 bytes, new threshold 8 (max 8)
- age   1:    1685600 bytes,    1685600 total
- age   2:     566608 bytes,    2252208 total
- age   3:    1476144 bytes,    3728352 total
- age   4:     148528 bytes,    3876880 total
- age   5:      26696 bytes,    3903576 total
- age   6:      35080 bytes,    3938656 total
- age   7:      40056 bytes,    3978712 total
- age   8:      87416 bytes,    4066128 total
: 91609K->5266K(109248K), 0.0025509 secs] 251912K->165945K(502464K), 0.0026422 secs] [Times: user=0.00 sys=0.00, real=0.00 secs] 
Heap after GC invocations=129 (full 2):
 par new generation   total 109248K, used 5266K [0x00000000e0000000, 0x00000000e8000000, 0x00000000e8000000)
  eden space 87424K,   0% used [0x00000000e0000000, 0x00000000e0000000, 0x00000000e5560000)
  from space 21824K,  24% used [0x00000000e6ab0000, 0x00000000e6fd4bd0, 0x00000000e8000000)
  to   space 21824K,   0% used [0x00000000e5560000, 0x00000000e5560000, 0x00000000e6ab0000)
 concurrent mark-sweep generation total 393216K, used 160678K [0x00000000e8000000, 0x0000000100000000, 0x0000000100000000)
 Metaspace       used 31182K, capacity 31690K, committed 31868K, reserved 1077248K
  class space    used 3529K, capacity 3697K, committed 3708K, reserved 1048576K
}
2018-11-12T14:38:44.272+0100: 259.486: Total time for which application threads were stopped: 0.0028475 seconds, Stopping threads took: 0.0000239 seconds
{Heap before GC invocations=129 (full 2):
 par new generation   total 109248K, used 92690K [0x00000000e0000000, 0x00000000e8000000, 0x00000000e8000000)
  eden space 87424K, 100% used [0x00000000e0000000, 0x00000000e5560000, 0x00000000e5560000)
  from space 21824K,  24% used [0x00000000e6ab0000, 0x00000000e6fd4bd0, 0x00000000e8000000)
  to   space 21824K,   0% used [0x00000000e5560000, 0x00000000e5560000, 0x00000000e6ab0000)
 concurrent mark-sweep generation total 393216K, used 160678K [0x00000000e8000000, 0x0000000100000000, 0x0000000100000000)
 Metaspace       used 31182K, capacity 31690K, committed 31868K, reserved 1077248K
  class space    used 3529K, capacity 3697K, committed 3708K, reserved 1048576K
2018-11-12T14:38:44.506+0100: 259.720: [GC (Allocation Failure) 2018-11-12T14:38:44.506+0100: 259.720: [ParNew
Desired survivor size 20112992 bytes, new threshold 8 (max 8)
- age   1:    1532840 bytes,    1532840 total
- age   2:     793280 bytes,    2326120 total
- age   3:     566336 bytes,    2892456 total
- age   4:    1476144 bytes,    4368600 total
- age   5:     148528 bytes,    4517128 total
- age   6:      26696 bytes,    4543824 total
- age   7:      35080 bytes,    4578904 total
- age   8:      40056 bytes,    4618960 total
: 92690K->5731K(109248K), 0.0025598 secs] 253369K->166495K(502464K), 0.0026371 secs] [Times: user=0.00 sys=0.00, real=0.00 secs] 
Heap after GC invocations=130 (full 2):
 par new generation   total 109248K, used 5731K [0x00000000e0000000, 0x00000000e8000000, 0x00000000e8000000)
  eden space 87424K,   0% used [0x00000000e0000000, 0x00000000e0000000, 0x00000000e5560000)
  from space 21824K,  26% used [0x00000000e5560000, 0x00000000e5af8f10, 0x00000000e6ab0000)
  to   space 21824K,   0% used [0x00000000e6ab0000, 0x00000000e6ab0000, 0x00000000e8000000)
 concurrent mark-sweep generation total 393216K, used 160763K [0x00000000e8000000, 0x0000000100000000, 0x0000000100000000)
 Metaspace       used 31182K, capacity 31690K, committed 31868K, reserved 1077248K
  class space    used 3529K, capacity 3697K, committed 3708K, reserved 1048576K
}
2018-11-12T14:38:44.508+0100: 259.723: Total time for which application threads were stopped: 0.0028581 seconds, Stopping threads took: 0.0000339 seconds
2018-11-12T14:38:44.570+0100: 259.784: Total time for which application threads were stopped: 0.0001314 seconds, Stopping threads took: 0.0000335 seconds
2018-11-12T14:38:44.742+0100: 259.956: Total time for which application threads were stopped: 0.0001054 seconds, Stopping threads took: 0.0000263 seconds
{Heap before GC invocations=130 (full 2):
 par new generation   total 109248K, used 93155K [0x00000000e0000000, 0x00000000e8000000, 0x00000000e8000000)
  eden space 87424K, 100% used [0x00000000e0000000, 0x00000000e5560000, 0x00000000e5560000)
  from space 21824K,  26% used [0x00000000e5560000, 0x00000000e5af8f10, 0x00000000e6ab0000)
  to   space 21824K,   0% used [0x00000000e6ab0000, 0x00000000e6ab0000, 0x00000000e8000000)
 concurrent mark-sweep generation total 393216K, used 160763K [0x00000000e8000000, 0x0000000100000000, 0x0000000100000000)
 Metaspace       used 31182K, capacity 31690K, committed 31868K, reserved 1077248K
  class space    used 3529K, capacity 3697K, committed 3708K, reserved 1048576K
2018-11-12T14:38:44.771+0100: 259.986: [GC (Allocation Failure) 2018-11-12T14:38:44.771+0100: 259.986: [ParNew
Desired survivor size 20112992 bytes, new threshold 8 (max 8)
- age   1:    2139816 bytes,    2139816 total
- age   2:     529000 bytes,    2668816 total
- age   3:     612464 bytes,    3281280 total
- age   4:     566336 bytes,    3847616 total
- age   5:    1476144 bytes,    5323760 total
- age   6:     148528 bytes,    5472288 total
- age   7:      26672 bytes,    5498960 total
- age   8:      35080 bytes,    5534040 total
: 93155K->7950K(109248K), 0.0026275 secs] 253919K->168753K(502464K), 0.0027349 secs] [Times: user=0.00 sys=0.00, real=0.00 secs] 
Heap after GC invocations=131 (full 2):
 par new generation   total 109248K, used 7950K [0x00000000e0000000, 0x00000000e8000000, 0x00000000e8000000)
  eden space 87424K,   0% used [0x00000000e0000000, 0x00000000e0000000, 0x00000000e5560000)
  from space 21824K,  36% used [0x00000000e6ab0000, 0x00000000e7273b90, 0x00000000e8000000)
  to   space 21824K,   0% used [0x00000000e5560000, 0x00000000e5560000, 0x00000000e6ab0000)
 concurrent mark-sweep generation total 393216K, used 160802K [0x00000000e8000000, 0x0000000100000000, 0x0000000100000000)
 Metaspace       used 31182K, capacity 31690K, committed 31868K, reserved 1077248K
  class space    used 3529K, capacity 3697K, committed 3708K, reserved 1048576K
}
2018-11-12T14:38:44.774+0100: 259.988: Total time for which application threads were stopped: 0.0029730 seconds, Stopping threads took: 0.0000250 seconds
{Heap before GC invocations=131 (full 2):
 par new generation   total 109248K, used 95374K [0x00000000e0000000, 0x00000000e8000000, 0x00000000e8000000)
  eden space 87424K, 100% used [0x00000000e0000000, 0x00000000e5560000, 0x00000000e5560000)
  from space 21824K,  36% used [0x00000000e6ab0000, 0x00000000e7273b90, 0x00000000e8000000)
  to   space 21824K,   0% used [0x00000000e5560000, 0x00000000e5560000, 0x00000000e6ab0000)
 concurrent mark-sweep generation total 393216K, used 160802K [0x00000000e8000000, 0x0000000100000000, 0x0000000100000000)
 Metaspace       used 31182K, capacity 31690K, committed 31868K, reserved 1077248K
  class space    used 3529K, capacity 3697K, committed 3708K, reserved 1048576K
2018-11-12T14:38:45.033+0100: 260.247: [GC (Allocation Failure) 2018-11-12T14:38:45.033+0100: 260.247: [ParNew
Desired survivor size 20112992 bytes, new threshold 8 (max 8)
- age   1:    1919832 bytes,    1919832 total
- age   2:     953176 bytes,    2873008 total
- age   3:     527520 bytes,    3400528 total
- age   4:     612464 bytes,    4012992 total
- age   5:     565728 bytes,    4578720 total
- age   6:    1477184 bytes,    6055904 total
- age   7:     148528 bytes,    6204432 total
- age   8:      26672 bytes,    6231104 total
: 95374K->7391K(109248K), 0.0028379 secs] 256177K->168228K(502464K), 0.0029358 secs] [Times: user=0.06 sys=0.00, real=0.00 secs] 
Heap after GC invocations=132 (full 2):
 par new generation   total 109248K, used 7391K [0x00000000e0000000, 0x00000000e8000000, 0x00000000e8000000)
  eden space 87424K,   0% used [0x00000000e0000000, 0x00000000e0000000, 0x00000000e5560000)
  from space 21824K,  33% used [0x00000000e5560000, 0x00000000e5c97cc0, 0x00000000e6ab0000)
  to   space 21824K,   0% used [0x00000000e6ab0000, 0x00000000e6ab0000, 0x00000000e8000000)
 concurrent mark-sweep generation total 393216K, used 160836K [0x00000000e8000000, 0x0000000100000000, 0x0000000100000000)
 Metaspace       used 31182K, capacity 31690K, committed 31868K, reserved 1077248K
  class space    used 3529K, capacity 3697K, committed 3708K, reserved 1048576K
}
2018-11-12T14:38:45.036+0100: 260.250: Total time for which application threads were stopped: 0.0031612 seconds, Stopping threads took: 0.0000267 seconds
{Heap before GC invocations=132 (full 2):
 par new generation   total 109248K, used 94815K [0x00000000e0000000, 0x00000000e8000000, 0x00000000e8000000)
  eden space 87424K, 100% used [0x00000000e0000000, 0x00000000e5560000, 0x00000000e5560000)
  from space 21824K,  33% used [0x00000000e5560000, 0x00000000e5c97cc0, 0x00000000e6ab0000)
  to   space 21824K,   0% used [0x00000000e6ab0000, 0x00000000e6ab0000, 0x00000000e8000000)
 concurrent mark-sweep generation total 393216K, used 160836K [0x00000000e8000000, 0x0000000100000000, 0x0000000100000000)
 Metaspace       used 31182K, capacity 31690K, committed 31868K, reserved 1077248K
  class space    used 3529K, capacity 3697K, committed 3708K, reserved 1048576K
2018-11-12T14:38:45.278+0100: 260.492: [GC (Allocation Failure) 2018-11-12T14:38:45.278+0100: 260.492: [ParNew
Desired survivor size 20112992 bytes, new threshold 8 (max 8)
- age   1:    2230920 bytes,    2230920 total
- age   2:     490920 bytes,    2721840 total
- age   3:     953024 bytes,    3674864 total
- age   4:     526464 bytes,    4201328 total
- age   5:     612464 bytes,    4813792 total
- age   6:     565728 bytes,    5379520 total
- age   7:    1476144 bytes,    6855664 total
- age   8:     148528 bytes,    7004192 total
: 94815K->8347K(109248K), 0.0045256 secs] 255652K->169210K(502464K), 0.0046248 secs] [Times: user=0.00 sys=0.00, real=0.00 secs] 
Heap after GC invocations=133 (full 2):
 par new generation   total 109248K, used 8347K [0x00000000e0000000, 0x00000000e8000000, 0x00000000e8000000)
  eden space 87424K,   0% used [0x00000000e0000000, 0x00000000e0000000, 0x00000000e5560000)
  from space 21824K,  38% used [0x00000000e6ab0000, 0x00000000e72d6f30, 0x00000000e8000000)
  to   space 21824K,   0% used [0x00000000e5560000, 0x00000000e5560000, 0x00000000e6ab0000)
 concurrent mark-sweep generation total 393216K, used 160862K [0x00000000e8000000, 0x0000000100000000, 0x0000000100000000)
 Metaspace       used 31182K, capacity 31690K, committed 31868K, reserved 1077248K
  class space    used 3529K, capacity 3697K, committed 3708K, reserved 1048576K
}
2018-11-12T14:38:45.283+0100: 260.497: Total time for which application threads were stopped: 0.0048763 seconds, Stopping threads took: 0.0000253 seconds
{Heap before GC invocations=133 (full 2):
 par new generation   total 109248K, used 95771K [0x00000000e0000000, 0x00000000e8000000, 0x00000000e8000000)
  eden space 87424K, 100% used [0x00000000e0000000, 0x00000000e5560000, 0x00000000e5560000)
  from space 21824K,  38% used [0x00000000e6ab0000, 0x00000000e72d6f30, 0x00000000e8000000)
  to   space 21824K,   0% used [0x00000000e5560000, 0x00000000e5560000, 0x00000000e6ab0000)
 concurrent mark-sweep generation total 393216K, used 160862K [0x00000000e8000000, 0x0000000100000000, 0x0000000100000000)
 Metaspace       used 31182K, capacity 31690K, committed 31868K, reserved 1077248K
  class space    used 3529K, capacity 3697K, committed 3708K, reserved 1048576K
2018-11-12T14:38:45.546+0100: 260.760: [GC (Allocation Failure) 2018-11-12T14:38:45.546+0100: 260.760: [ParNew
Desired survivor size 20112992 bytes, new threshold 8 (max 8)
- age   1:    2237584 bytes,    2237584 total
- age   2:     563672 bytes,    2801256 total
- age   3:     488704 bytes,    3289960 total
- age   4:     953024 bytes,    4242984 total
- age   5:     526464 bytes,    4769448 total
- age   6:     612464 bytes,    5381912 total
- age   7:     565728 bytes,    5947640 total
- age   8:    1476144 bytes,    7423784 total
: 95771K->10515K(109248K), 0.0035766 secs] 256634K->171524K(502464K), 0.0037192 secs] [Times: user=0.00 sys=0.00, real=0.00 secs] 
Heap after GC invocations=134 (full 2):
 par new generation   total 109248K, used 10515K [0x00000000e0000000, 0x00000000e8000000, 0x00000000e8000000)
  eden space 87424K,   0% used [0x00000000e0000000, 0x00000000e0000000, 0x00000000e5560000)
  from space 21824K,  48% used [0x00000000e5560000, 0x00000000e5fa4ec8, 0x00000000e6ab0000)
  to   space 21824K,   0% used [0x00000000e6ab0000, 0x00000000e6ab0000, 0x00000000e8000000)
 concurrent mark-sweep generation total 393216K, used 161008K [0x00000000e8000000, 0x0000000100000000, 0x0000000100000000)
 Metaspace       used 31182K, capacity 31690K, committed 31868K, reserved 1077248K
  class space    used 3529K, capacity 3697K, committed 3708K, reserved 1048576K
}
2018-11-12T14:38:45.550+0100: 260.763: Total time for which application threads were stopped: 0.0040025 seconds, Stopping threads took: 0.0000284 seconds
{Heap before GC invocations=134 (full 2):
 par new generation   total 109248K, used 97939K [0x00000000e0000000, 0x00000000e8000000, 0x00000000e8000000)
  eden space 87424K, 100% used [0x00000000e0000000, 0x00000000e5560000, 0x00000000e5560000)
  from space 21824K,  48% used [0x00000000e5560000, 0x00000000e5fa4ec8, 0x00000000e6ab0000)
  to   space 21824K,   0% used [0x00000000e6ab0000, 0x00000000e6ab0000, 0x00000000e8000000)
 concurrent mark-sweep generation total 393216K, used 161008K [0x00000000e8000000, 0x0000000100000000, 0x0000000100000000)
 Metaspace       used 31182K, capacity 31690K, committed 31868K, reserved 1077248K
  class space    used 3529K, capacity 3697K, committed 3708K, reserved 1048576K
2018-11-12T14:38:45.845+0100: 261.059: [GC (Allocation Failure) 2018-11-12T14:38:45.845+0100: 261.059: [ParNew
Desired survivor size 20112992 bytes, new threshold 8 (max 8)
- age   1:    2917408 bytes,    2917408 total
- age   2:     643296 bytes,    3560704 total
- age   3:     563672 bytes,    4124376 total
- age   4:     488704 bytes,    4613080 total
- age   5:     625312 bytes,    5238392 total
- age   6:     526464 bytes,    5764856 total
- age   7:     612440 bytes,    6377296 total
- age   8:     565728 bytes,    6943024 total
: 97939K->10009K(109248K), 0.0052105 secs] 258948K->172460K(502464K), 0.0053234 secs] [Times: user=0.05 sys=0.00, real=0.01 secs] 
Heap after GC invocations=135 (full 2):
 par new generation   total 109248K, used 10009K [0x00000000e0000000, 0x00000000e8000000, 0x00000000e8000000)
  eden space 87424K,   0% used [0x00000000e0000000, 0x00000000e0000000, 0x00000000e5560000)
  from space 21824K,  45% used [0x00000000e6ab0000, 0x00000000e7476438, 0x00000000e8000000)
  to   space 21824K,   0% used [0x00000000e5560000, 0x00000000e5560000, 0x00000000e6ab0000)
 concurrent mark-sweep generation total 393216K, used 162451K [0x00000000e8000000, 0x0000000100000000, 0x0000000100000000)
 Metaspace       used 31182K, capacity 31690K, committed 31868K, reserved 1077248K
  class space    used 3529K, capacity 3697K, committed 3708K, reserved 1048576K
}
2018-11-12T14:38:45.851+0100: 261.065: Total time for which application threads were stopped: 0.0055441 seconds, Stopping threads took: 0.0000298 seconds
{Heap before GC invocations=135 (full 2):
 par new generation   total 109248K, used 97433K [0x00000000e0000000, 0x00000000e8000000, 0x00000000e8000000)
  eden space 87424K, 100% used [0x00000000e0000000, 0x00000000e5560000, 0x00000000e5560000)
  from space 21824K,  45% used [0x00000000e6ab0000, 0x00000000e7476438, 0x00000000e8000000)
  to   space 21824K,   0% used [0x00000000e5560000, 0x00000000e5560000, 0x00000000e6ab0000)
 concurrent mark-sweep generation total 393216K, used 162451K [0x00000000e8000000, 0x0000000100000000, 0x0000000100000000)
 Metaspace       used 31182K, capacity 31690K, committed 31868K, reserved 1077248K
  class space    used 3529K, capacity 3697K, committed 3708K, reserved 1048576K
2018-11-12T14:38:46.123+0100: 261.337: [GC (Allocation Failure) 2018-11-12T14:38:46.123+0100: 261.337: [ParNew
Desired survivor size 20112992 bytes, new threshold 8 (max 8)
- age   1:    2616168 bytes,    2616168 total
- age   2:    1210704 bytes,    3826872 total
- age   3:     531824 bytes,    4358696 total
- age   4:     563672 bytes,    4922368 total
- age   5:     488648 bytes,    5411016 total
- age   6:     624256 bytes,    6035272 total
- age   7:     526440 bytes,    6561712 total
- age   8:     612440 bytes,    7174152 total
: 97433K->9498K(109248K), 0.0029693 secs] 259884K->172501K(502464K), 0.0030582 secs] [Times: user=0.00 sys=0.00, real=0.00 secs] 
Heap after GC invocations=136 (full 2):
 par new generation   total 109248K, used 9498K [0x00000000e0000000, 0x00000000e8000000, 0x00000000e8000000)
  eden space 87424K,   0% used [0x00000000e0000000, 0x00000000e0000000, 0x00000000e5560000)
  from space 21824K,  43% used [0x00000000e5560000, 0x00000000e5ea6868, 0x00000000e6ab0000)
  to   space 21824K,   0% used [0x00000000e6ab0000, 0x00000000e6ab0000, 0x00000000e8000000)
 concurrent mark-sweep generation total 393216K, used 163003K [0x00000000e8000000, 0x0000000100000000, 0x0000000100000000)
 Metaspace       used 31182K, capacity 31690K, committed 31868K, reserved 1077248K
  class space    used 3529K, capacity 3697K, committed 3708K, reserved 1048576K
}
2018-11-12T14:38:46.126+0100: 261.340: Total time for which application threads were stopped: 0.0032922 seconds, Stopping threads took: 0.0000301 seconds
{Heap before GC invocations=136 (full 2):
 par new generation   total 109248K, used 96922K [0x00000000e0000000, 0x00000000e8000000, 0x00000000e8000000)
  eden space 87424K, 100% used [0x00000000e0000000, 0x00000000e5560000, 0x00000000e5560000)
  from space 21824K,  43% used [0x00000000e5560000, 0x00000000e5ea6868, 0x00000000e6ab0000)
  to   space 21824K,   0% used [0x00000000e6ab0000, 0x00000000e6ab0000, 0x00000000e8000000)
 concurrent mark-sweep generation total 393216K, used 163003K [0x00000000e8000000, 0x0000000100000000, 0x0000000100000000)
 Metaspace       used 31182K, capacity 31690K, committed 31868K, reserved 1077248K
  class space    used 3529K, capacity 3697K, committed 3708K, reserved 1048576K
2018-11-12T14:38:46.386+0100: 261.600: [GC (Allocation Failure) 2018-11-12T14:38:46.386+0100: 261.600: [ParNew
Desired survivor size 20112992 bytes, new threshold 8 (max 8)
- age   1:    2474632 bytes,    2474632 total
- age   2:     811704 bytes,    3286336 total
- age   3:    1208376 bytes,    4494712 total
- age   4:     528512 bytes,    5023224 total
- age   5:     563672 bytes,    5586896 total
- age   6:     488648 bytes,    6075544 total
- age   7:     624256 bytes,    6699800 total
- age   8:     526440 bytes,    7226240 total
: 96922K->8193K(109248K), 0.0030664 secs] 259925K->171795K(502464K), 0.0031468 secs] [Times: user=0.00 sys=0.00, real=0.00 secs] 
Heap after GC invocations=137 (full 2):
 par new generation   total 109248K, used 8193K [0x00000000e0000000, 0x00000000e8000000, 0x00000000e8000000)
  eden space 87424K,   0% used [0x00000000e0000000, 0x00000000e0000000, 0x00000000e5560000)
  from space 21824K,  37% used [0x00000000e6ab0000, 0x00000000e72b0710, 0x00000000e8000000)
  to   space 21824K,   0% used [0x00000000e5560000, 0x00000000e5560000, 0x00000000e6ab0000)
 concurrent mark-sweep generation total 393216K, used 163601K [0x00000000e8000000, 0x0000000100000000, 0x0000000100000000)
 Metaspace       used 31182K, capacity 31690K, committed 31868K, reserved 1077248K
  class space    used 3529K, capacity 3697K, committed 3708K, reserved 1048576K
}
2018-11-12T14:38:46.389+0100: 261.604: Total time for which application threads were stopped: 0.0033453 seconds, Stopping threads took: 0.0000246 seconds
2018-11-12T14:38:46.429+0100: 261.643: Total time for which application threads were stopped: 0.0001314 seconds, Stopping threads took: 0.0000356 seconds
{Heap before GC invocations=137 (full 2):
 par new generation   total 109248K, used 95617K [0x00000000e0000000, 0x00000000e8000000, 0x00000000e8000000)
  eden space 87424K, 100% used [0x00000000e0000000, 0x00000000e5560000, 0x00000000e5560000)
  from space 21824K,  37% used [0x00000000e6ab0000, 0x00000000e72b0710, 0x00000000e8000000)
  to   space 21824K,   0% used [0x00000000e5560000, 0x00000000e5560000, 0x00000000e6ab0000)
 concurrent mark-sweep generation total 393216K, used 163601K [0x00000000e8000000, 0x0000000100000000, 0x0000000100000000)
 Metaspace       used 31182K, capacity 31690K, committed 31868K, reserved 1077248K
  class space    used 3529K, capacity 3697K, committed 3708K, reserved 1048576K
2018-11-12T14:38:46.628+0100: 261.841: [GC (Allocation Failure) 2018-11-12T14:38:46.628+0100: 261.841: [ParNew
Desired survivor size 20112992 bytes, new threshold 8 (max 8)
- age   1:    1423040 bytes,    1423040 total
- age   2:    1968936 bytes,    3391976 total
- age   3:     529608 bytes,    3921584 total
- age   4:    1208296 bytes,    5129880 total
- age   5:     528200 bytes,    5658080 total
- age   6:     561592 bytes,    6219672 total
- age   7:     488648 bytes,    6708320 total
- age   8:     591472 bytes,    7299792 total
: 95617K->9170K(109248K), 0.0037048 secs] 259219K->173286K(502464K), 0.0038037 secs] [Times: user=0.05 sys=0.00, real=0.00 secs] 
Heap after GC invocations=138 (full 2):
 par new generation   total 109248K, used 9170K [0x00000000e0000000, 0x00000000e8000000, 0x00000000e8000000)
  eden space 87424K,   0% used [0x00000000e0000000, 0x00000000e0000000, 0x00000000e5560000)
  from space 21824K,  42% used [0x00000000e5560000, 0x00000000e5e54910, 0x00000000e6ab0000)
  to   space 21824K,   0% used [0x00000000e6ab0000, 0x00000000e6ab0000, 0x00000000e8000000)
 concurrent mark-sweep generation total 393216K, used 164116K [0x00000000e8000000, 0x0000000100000000, 0x0000000100000000)
 Metaspace       used 31182K, capacity 31690K, committed 31868K, reserved 1077248K
  class space    used 3529K, capacity 3697K, committed 3708K, reserved 1048576K
}
2018-11-12T14:38:46.631+0100: 261.845: Total time for which application threads were stopped: 0.0040429 seconds, Stopping threads took: 0.0000253 seconds
{Heap before GC invocations=138 (full 2):
 par new generation   total 109248K, used 96594K [0x00000000e0000000, 0x00000000e8000000, 0x00000000e8000000)
  eden space 87424K, 100% used [0x00000000e0000000, 0x00000000e5560000, 0x00000000e5560000)
  from space 21824K,  42% used [0x00000000e5560000, 0x00000000e5e54910, 0x00000000e6ab0000)
  to   space 21824K,   0% used [0x00000000e6ab0000, 0x00000000e6ab0000, 0x00000000e8000000)
 concurrent mark-sweep generation total 393216K, used 164116K [0x00000000e8000000, 0x0000000100000000, 0x0000000100000000)
 Metaspace       used 31182K, capacity 31690K, committed 31868K, reserved 1077248K
  class space    used 3529K, capacity 3697K, committed 3708K, reserved 1048576K
2018-11-12T14:38:46.854+0100: 262.069: [GC (Allocation Failure) 2018-11-12T14:38:46.854+0100: 262.069: [ParNew
Desired survivor size 20112992 bytes, new threshold 8 (max 8)
- age   1:    2991104 bytes,    2991104 total
- age   2:     667320 bytes,    3658424 total
- age   3:     537784 bytes,    4196208 total
- age   4:     529608 bytes,    4725816 total
- age   5:    1208296 bytes,    5934112 total
- age   6:     528200 bytes,    6462312 total
- age   7:     561592 bytes,    7023904 total
- age   8:     488648 bytes,    7512552 total
: 96594K->9107K(109248K), 0.0030966 secs] 260710K->173801K(502464K), 0.0031927 secs] [Times: user=0.00 sys=0.00, real=0.00 secs] 
Heap after GC invocations=139 (full 2):
 par new generation   total 109248K, used 9107K [0x00000000e0000000, 0x00000000e8000000, 0x00000000e8000000)
  eden space 87424K,   0% used [0x00000000e0000000, 0x00000000e0000000, 0x00000000e5560000)
  from space 21824K,  41% used [0x00000000e6ab0000, 0x00000000e7394f10, 0x00000000e8000000)
  to   space 21824K,   0% used [0x00000000e5560000, 0x00000000e5560000, 0x00000000e6ab0000)
 concurrent mark-sweep generation total 393216K, used 164693K [0x00000000e8000000, 0x0000000100000000, 0x0000000100000000)
 Metaspace       used 31182K, capacity 31690K, committed 31868K, reserved 1077248K
  class space    used 3529K, capacity 3697K, committed 3708K, reserved 1048576K
}
2018-11-12T14:38:46.858+0100: 262.072: Total time for which application threads were stopped: 0.0034503 seconds, Stopping threads took: 0.0000281 seconds
{Heap before GC invocations=139 (full 2):
 par new generation   total 109248K, used 96531K [0x00000000e0000000, 0x00000000e8000000, 0x00000000e8000000)
  eden space 87424K, 100% used [0x00000000e0000000, 0x00000000e5560000, 0x00000000e5560000)
  from space 21824K,  41% used [0x00000000e6ab0000, 0x00000000e7394f10, 0x00000000e8000000)
  to   space 21824K,   0% used [0x00000000e5560000, 0x00000000e5560000, 0x00000000e6ab0000)
 concurrent mark-sweep generation total 393216K, used 164693K [0x00000000e8000000, 0x0000000100000000, 0x0000000100000000)
 Metaspace       used 31182K, capacity 31690K, committed 31868K, reserved 1077248K
  class space    used 3529K, capacity 3697K, committed 3708K, reserved 1048576K
2018-11-12T14:38:47.101+0100: 262.315: [GC (Allocation Failure) 2018-11-12T14:38:47.101+0100: 262.315: [ParNew
Desired survivor size 20112992 bytes, new threshold 8 (max 8)
- age   1:    2797408 bytes,    2797408 total
- age   2:    1020824 bytes,    3818232 total
- age   3:     667320 bytes,    4485552 total
- age   4:     537784 bytes,    5023336 total
- age   5:     529552 bytes,    5552888 total
- age   6:    1208272 bytes,    6761160 total
- age   7:     528200 bytes,    7289360 total
- age   8:     561592 bytes,    7850952 total
: 96531K->8917K(109248K), 0.0040973 secs] 261225K->174087K(502464K), 0.0042037 secs] [Times: user=0.00 sys=0.00, real=0.00 secs] 
Heap after GC invocations=140 (full 2):
 par new generation   total 109248K, used 8917K [0x00000000e0000000, 0x00000000e8000000, 0x00000000e8000000)
  eden space 87424K,   0% used [0x00000000e0000000, 0x00000000e0000000, 0x00000000e5560000)
  from space 21824K,  40% used [0x00000000e5560000, 0x00000000e5e15660, 0x00000000e6ab0000)
  to   space 21824K,   0% used [0x00000000e6ab0000, 0x00000000e6ab0000, 0x00000000e8000000)
 concurrent mark-sweep generation total 393216K, used 165170K [0x00000000e8000000, 0x0000000100000000, 0x0000000100000000)
 Metaspace       used 31182K, capacity 31690K, committed 31868K, reserved 1077248K
  class space    used 3529K, capacity 3697K, committed 3708K, reserved 1048576K
}
2018-11-12T14:38:47.105+0100: 262.319: Total time for which application threads were stopped: 0.0044818 seconds, Stopping threads took: 0.0000462 seconds
{Heap before GC invocations=140 (full 2):
 par new generation   total 109248K, used 96341K [0x00000000e0000000, 0x00000000e8000000, 0x00000000e8000000)
  eden space 87424K, 100% used [0x00000000e0000000, 0x00000000e5560000, 0x00000000e5560000)
  from space 21824K,  40% used [0x00000000e5560000, 0x00000000e5e15660, 0x00000000e6ab0000)
  to   space 21824K,   0% used [0x00000000e6ab0000, 0x00000000e6ab0000, 0x00000000e8000000)
 concurrent mark-sweep generation total 393216K, used 165170K [0x00000000e8000000, 0x0000000100000000, 0x0000000100000000)
 Metaspace       used 31182K, capacity 31690K, committed 31868K, reserved 1077248K
  class space    used 3529K, capacity 3697K, committed 3708K, reserved 1048576K
2018-11-12T14:38:47.378+0100: 262.592: [GC (Allocation Failure) 2018-11-12T14:38:47.378+0100: 262.592: [ParNew
Desired survivor size 20112992 bytes, new threshold 8 (max 8)
- age   1:    1376632 bytes,    1376632 total
- age   2:    2183072 bytes,    3559704 total
- age   3:     657240 bytes,    4216944 total
- age   4:     667320 bytes,    4884264 total
- age   5:     537784 bytes,    5422048 total
- age   6:     529552 bytes,    5951600 total
- age   7:    1208272 bytes,    7159872 total
- age   8:     528176 bytes,    7688048 total
: 96341K->9982K(109248K), 0.0029087 secs] 261511K->175701K(502464K), 0.0030107 secs] [Times: user=0.06 sys=0.00, real=0.00 secs] 
Heap after GC invocations=141 (full 2):
 par new generation   total 109248K, used 9982K [0x00000000e0000000, 0x00000000e8000000, 0x00000000e8000000)
  eden space 87424K,   0% used [0x00000000e0000000, 0x00000000e0000000, 0x00000000e5560000)
  from space 21824K,  45% used [0x00000000e6ab0000, 0x00000000e746fbf0, 0x00000000e8000000)
  to   space 21824K,   0% used [0x00000000e5560000, 0x00000000e5560000, 0x00000000e6ab0000)
 concurrent mark-sweep generation total 393216K, used 165718K [0x00000000e8000000, 0x0000000100000000, 0x0000000100000000)
 Metaspace       used 31182K, capacity 31690K, committed 31868K, reserved 1077248K
  class space    used 3529K, capacity 3697K, committed 3708K, reserved 1048576K
}
2018-11-12T14:38:47.381+0100: 262.595: Total time for which application threads were stopped: 0.0032974 seconds, Stopping threads took: 0.0000373 seconds
{Heap before GC invocations=141 (full 2):
 par new generation   total 109248K, used 97406K [0x00000000e0000000, 0x00000000e8000000, 0x00000000e8000000)
  eden space 87424K, 100% used [0x00000000e0000000, 0x00000000e5560000, 0x00000000e5560000)
  from space 21824K,  45% used [0x00000000e6ab0000, 0x00000000e746fbf0, 0x00000000e8000000)
  to   space 21824K,   0% used [0x00000000e5560000, 0x00000000e5560000, 0x00000000e6ab0000)
 concurrent mark-sweep generation total 393216K, used 165718K [0x00000000e8000000, 0x0000000100000000, 0x0000000100000000)
 Metaspace       used 31182K, capacity 31690K, committed 31868K, reserved 1077248K
  class space    used 3529K, capacity 3697K, committed 3708K, reserved 1048576K
2018-11-12T14:38:47.621+0100: 262.835: [GC (Allocation Failure) 2018-11-12T14:38:47.621+0100: 262.835: [ParNew
Desired survivor size 20112992 bytes, new threshold 8 (max 8)
- age   1:    2989360 bytes,    2989360 total
- age   2:     935168 bytes,    3924528 total
- age   3:     535448 bytes,    4459976 total
- age   4:     518368 bytes,    4978344 total
- age   5:     667320 bytes,    5645664 total
- age   6:     532832 bytes,    6178496 total
- age   7:     529552 bytes,    6708048 total
- age   8:    1208272 bytes,    7916320 total
: 97406K->9531K(109248K), 0.0030292 secs] 263125K->175766K(502464K), 0.0031072 secs] [Times: user=0.00 sys=0.00, real=0.00 secs] 
Heap after GC invocations=142 (full 2):
 par new generation   total 109248K, used 9531K [0x00000000e0000000, 0x00000000e8000000, 0x00000000e8000000)
  eden space 87424K,   0% used [0x00000000e0000000, 0x00000000e0000000, 0x00000000e5560000)
  from space 21824K,  43% used [0x00000000e5560000, 0x00000000e5eaefe0, 0x00000000e6ab0000)
  to   space 21824K,   0% used [0x00000000e6ab0000, 0x00000000e6ab0000, 0x00000000e8000000)
 concurrent mark-sweep generation total 393216K, used 166234K [0x00000000e8000000, 0x0000000100000000, 0x0000000100000000)
 Metaspace       used 31182K, capacity 31690K, committed 31868K, reserved 1077248K
  class space    used 3529K, capacity 3697K, committed 3708K, reserved 1048576K
}
2018-11-12T14:38:47.625+0100: 262.838: Total time for which application threads were stopped: 0.0033350 seconds, Stopping threads took: 0.0000260 seconds
2018-11-12T14:38:47.819+0100: 263.034: Total time for which application threads were stopped: 0.0000972 seconds, Stopping threads took: 0.0000236 seconds
{Heap before GC invocations=142 (full 2):
 par new generation   total 109248K, used 96952K [0x00000000e0000000, 0x00000000e8000000, 0x00000000e8000000)
  eden space 87424K,  99% used [0x00000000e0000000, 0x00000000e555f128, 0x00000000e5560000)
  from space 21824K,  43% used [0x00000000e5560000, 0x00000000e5eaefe0, 0x00000000e6ab0000)
  to   space 21824K,   0% used [0x00000000e6ab0000, 0x00000000e6ab0000, 0x00000000e8000000)
 concurrent mark-sweep generation total 393216K, used 166234K [0x00000000e8000000, 0x0000000100000000, 0x0000000100000000)
 Metaspace       used 31182K, capacity 31690K, committed 31868K, reserved 1077248K
  class space    used 3529K, capacity 3697K, committed 3708K, reserved 1048576K
2018-11-12T14:38:47.858+0100: 263.072: [GC (Allocation Failure) 2018-11-12T14:38:47.858+0100: 263.072: [ParNew
Desired survivor size 20112992 bytes, new threshold 8 (max 8)
- age   1:    2827168 bytes,    2827168 total
- age   2:    2544928 bytes,    5372096 total
- age   3:     533520 bytes,    5905616 total
- age   4:     531408 bytes,    6437024 total
- age   5:     518392 bytes,    6955416 total
- age   6:     666912 bytes,    7622328 total
- age   7:     532880 bytes,    8155208 total
- age   8:     529552 bytes,    8684760 total
: 96952K->10515K(109248K), 0.0040969 secs] 263186K->177418K(502464K), 0.0041852 secs] [Times: user=0.00 sys=0.00, real=0.00 secs] 
Heap after GC invocations=143 (full 2):
 par new generation   total 109248K, used 10515K [0x00000000e0000000, 0x00000000e8000000, 0x00000000e8000000)
  eden space 87424K,   0% used [0x00000000e0000000, 0x00000000e0000000, 0x00000000e5560000)
  from space 21824K,  48% used [0x00000000e6ab0000, 0x00000000e74f4e90, 0x00000000e8000000)
  to   space 21824K,   0% used [0x00000000e5560000, 0x00000000e5560000, 0x00000000e6ab0000)
 concurrent mark-sweep generation total 393216K, used 166902K [0x00000000e8000000, 0x0000000100000000, 0x0000000100000000)
 Metaspace       used 31182K, capacity 31690K, committed 31868K, reserved 1077248K
  class space    used 3529K, capacity 3697K, committed 3708K, reserved 1048576K
}
2018-11-12T14:38:47.862+0100: 263.076: Total time for which application threads were stopped: 0.0044113 seconds, Stopping threads took: 0.0000332 seconds
{Heap before GC invocations=143 (full 2):
 par new generation   total 109248K, used 97939K [0x00000000e0000000, 0x00000000e8000000, 0x00000000e8000000)
  eden space 87424K, 100% used [0x00000000e0000000, 0x00000000e5560000, 0x00000000e5560000)
  from space 21824K,  48% used [0x00000000e6ab0000, 0x00000000e74f4e90, 0x00000000e8000000)
  to   space 21824K,   0% used [0x00000000e5560000, 0x00000000e5560000, 0x00000000e6ab0000)
 concurrent mark-sweep generation total 393216K, used 166902K [0x00000000e8000000, 0x0000000100000000, 0x0000000100000000)
 Metaspace       used 31182K, capacity 31690K, committed 31868K, reserved 1077248K
  class space    used 3529K, capacity 3697K, committed 3708K, reserved 1048576K
2018-11-12T14:38:48.090+0100: 263.304: [GC (Allocation Failure) 2018-11-12T14:38:48.090+0100: 263.304: [ParNew
Desired survivor size 20112992 bytes, new threshold 8 (max 8)
- age   1:    2844800 bytes,    2844800 total
- age   2:    2357824 bytes,    5202624 total
- age   3:     683088 bytes,    5885712 total
- age   4:     533496 bytes,    6419208 total
- age   5:     531280 bytes,    6950488 total
- age   6:     518368 bytes,    7468856 total
- age   7:     666760 bytes,    8135616 total
- age   8:     532832 bytes,    8668448 total
: 97939K->9999K(109248K), 0.0035540 secs] 264842K->177417K(502464K), 0.0036532 secs] [Times: user=0.00 sys=0.00, real=0.00 secs] 
Heap after GC invocations=144 (full 2):
 par new generation   total 109248K, used 9999K [0x00000000e0000000, 0x00000000e8000000, 0x00000000e8000000)
  eden space 87424K,   0% used [0x00000000e0000000, 0x00000000e0000000, 0x00000000e5560000)
  from space 21824K,  45% used [0x00000000e5560000, 0x00000000e5f23f80, 0x00000000e6ab0000)
  to   space 21824K,   0% used [0x00000000e6ab0000, 0x00000000e6ab0000, 0x00000000e8000000)
 concurrent mark-sweep generation total 393216K, used 167417K [0x00000000e8000000, 0x0000000100000000, 0x0000000100000000)
 Metaspace       used 31182K, capacity 31690K, committed 31868K, reserved 1077248K
  class space    used 3529K, capacity 3697K, committed 3708K, reserved 1048576K
}
2018-11-12T14:38:48.093+0100: 263.308: Total time for which application threads were stopped: 0.0039604 seconds, Stopping threads took: 0.0000328 seconds
{Heap before GC invocations=144 (full 2):
 par new generation   total 109248K, used 97423K [0x00000000e0000000, 0x00000000e8000000, 0x00000000e8000000)
  eden space 87424K, 100% used [0x00000000e0000000, 0x00000000e5560000, 0x00000000e5560000)
  from space 21824K,  45% used [0x00000000e5560000, 0x00000000e5f23f80, 0x00000000e6ab0000)
  to   space 21824K,   0% used [0x00000000e6ab0000, 0x00000000e6ab0000, 0x00000000e8000000)
 concurrent mark-sweep generation total 393216K, used 167417K [0x00000000e8000000, 0x0000000100000000, 0x0000000100000000)
 Metaspace       used 31182K, capacity 31690K, committed 31868K, reserved 1077248K
  class space    used 3529K, capacity 3697K, committed 3708K, reserved 1048576K
2018-11-12T14:38:48.317+0100: 263.531: [GC (Allocation Failure) 2018-11-12T14:38:48.317+0100: 263.531: [ParNew
Desired survivor size 20112992 bytes, new threshold 8 (max 8)
- age   1:    1975976 bytes,    1975976 total
- age   2:    2365496 bytes,    4341472 total
- age   3:    1905936 bytes,    6247408 total
- age   4:     683088 bytes,    6930496 total
- age   5:     533496 bytes,    7463992 total
- age   6:     531280 bytes,    7995272 total
- age   7:     518368 bytes,    8513640 total
- age   8:     666760 bytes,    9180400 total
: 97423K->11070K(109248K), 0.0031937 secs] 264841K->179008K(502464K), 0.0032810 secs] [Times: user=0.00 sys=0.00, real=0.00 secs] 
Heap after GC invocations=145 (full 2):
 par new generation   total 109248K, used 11070K [0x00000000e0000000, 0x00000000e8000000, 0x00000000e8000000)
  eden space 87424K,   0% used [0x00000000e0000000, 0x00000000e0000000, 0x00000000e5560000)
  from space 21824K,  50% used [0x00000000e6ab0000, 0x00000000e757f9d0, 0x00000000e8000000)
  to   space 21824K,   0% used [0x00000000e5560000, 0x00000000e5560000, 0x00000000e6ab0000)
 concurrent mark-sweep generation total 393216K, used 167938K [0x00000000e8000000, 0x0000000100000000, 0x0000000100000000)
 Metaspace       used 31182K, capacity 31690K, committed 31868K, reserved 1077248K
  class space    used 3529K, capacity 3697K, committed 3708K, reserved 1048576K
}
2018-11-12T14:38:48.320+0100: 263.534: Total time for which application threads were stopped: 0.0034753 seconds, Stopping threads took: 0.0000246 seconds
{Heap before GC invocations=145 (full 2):
 par new generation   total 109248K, used 98494K [0x00000000e0000000, 0x00000000e8000000, 0x00000000e8000000)
  eden space 87424K, 100% used [0x00000000e0000000, 0x00000000e5560000, 0x00000000e5560000)
  from space 21824K,  50% used [0x00000000e6ab0000, 0x00000000e757f9d0, 0x00000000e8000000)
  to   space 21824K,   0% used [0x00000000e5560000, 0x00000000e5560000, 0x00000000e6ab0000)
 concurrent mark-sweep generation total 393216K, used 167938K [0x00000000e8000000, 0x0000000100000000, 0x0000000100000000)
 Metaspace       used 31182K, capacity 31690K, committed 31868K, reserved 1077248K
  class space    used 3529K, capacity 3697K, committed 3708K, reserved 1048576K
2018-11-12T14:38:48.540+0100: 263.755: [GC (Allocation Failure) 2018-11-12T14:38:48.540+0100: 263.755: [ParNew
Desired survivor size 20112992 bytes, new threshold 8 (max 8)
- age   1:    3358064 bytes,    3358064 total
- age   2:    1342872 bytes,    4700936 total
- age   3:     578168 bytes,    5279104 total
- age   4:    1607976 bytes,    6887080 total
- age   5:     526856 bytes,    7413936 total
- age   6:     533496 bytes,    7947432 total
- age   7:     531256 bytes,    8478688 total
- age   8:     518368 bytes,    8997056 total
: 98494K->13249K(109248K), 0.0030873 secs] 266432K->181838K(502464K), 0.0031732 secs] [Times: user=0.00 sys=0.00, real=0.00 secs] 
Heap after GC invocations=146 (full 2):
 par new generation   total 109248K, used 13249K [0x00000000e0000000, 0x00000000e8000000, 0x00000000e8000000)
  eden space 87424K,   0% used [0x00000000e0000000, 0x00000000e0000000, 0x00000000e5560000)
  from space 21824K,  60% used [0x00000000e5560000, 0x00000000e6250438, 0x00000000e6ab0000)
  to   space 21824K,   0% used [0x00000000e6ab0000, 0x00000000e6ab0000, 0x00000000e8000000)
 concurrent mark-sweep generation total 393216K, used 168589K [0x00000000e8000000, 0x0000000100000000, 0x0000000100000000)
 Metaspace       used 31182K, capacity 31690K, committed 31868K, reserved 1077248K
  class space    used 3529K, capacity 3697K, committed 3708K, reserved 1048576K
}
2018-11-12T14:38:48.543+0100: 263.758: Total time for which application threads were stopped: 0.0033805 seconds, Stopping threads took: 0.0000263 seconds
{Heap before GC invocations=146 (full 2):
 par new generation   total 109248K, used 100673K [0x00000000e0000000, 0x00000000e8000000, 0x00000000e8000000)
  eden space 87424K, 100% used [0x00000000e0000000, 0x00000000e5560000, 0x00000000e5560000)
  from space 21824K,  60% used [0x00000000e5560000, 0x00000000e6250438, 0x00000000e6ab0000)
  to   space 21824K,   0% used [0x00000000e6ab0000, 0x00000000e6ab0000, 0x00000000e8000000)
 concurrent mark-sweep generation total 393216K, used 168589K [0x00000000e8000000, 0x0000000100000000, 0x0000000100000000)
 Metaspace       used 31182K, capacity 31690K, committed 31868K, reserved 1077248K
  class space    used 3529K, capacity 3697K, committed 3708K, reserved 1048576K
2018-11-12T14:38:48.749+0100: 263.963: [GC (Allocation Failure) 2018-11-12T14:38:48.749+0100: 263.963: [ParNew
Desired survivor size 20112992 bytes, new threshold 8 (max 8)
- age   1:    1699384 bytes,    1699384 total
- age   2:    3003752 bytes,    4703136 total
- age   3:     830424 bytes,    5533560 total
- age   4:     568848 bytes,    6102408 total
- age   5:    1607976 bytes,    7710384 total
- age   6:     526856 bytes,    8237240 total
- age   7:     533496 bytes,    8770736 total
- age   8:     531256 bytes,    9301992 total
: 100673K->10377K(109248K), 0.0031362 secs] 269262K->179473K(502464K), 0.0032286 secs] [Times: user=0.00 sys=0.00, real=0.00 secs] 
Heap after GC invocations=147 (full 2):
 par new generation   total 109248K, used 10377K [0x00000000e0000000, 0x00000000e8000000, 0x00000000e8000000)
  eden space 87424K,   0% used [0x00000000e0000000, 0x00000000e0000000, 0x00000000e5560000)
  from space 21824K,  47% used [0x00000000e6ab0000, 0x00000000e74d25f8, 0x00000000e8000000)
  to   space 21824K,   0% used [0x00000000e5560000, 0x00000000e5560000, 0x00000000e6ab0000)
 concurrent mark-sweep generation total 393216K, used 169095K [0x00000000e8000000, 0x0000000100000000, 0x0000000100000000)
 Metaspace       used 31182K, capacity 31690K, committed 31868K, reserved 1077248K
  class space    used 3529K, capacity 3697K, committed 3708K, reserved 1048576K
}
2018-11-12T14:38:48.752+0100: 263.966: Total time for which application threads were stopped: 0.0034311 seconds, Stopping threads took: 0.0000253 seconds
{Heap before GC invocations=147 (full 2):
 par new generation   total 109248K, used 97801K [0x00000000e0000000, 0x00000000e8000000, 0x00000000e8000000)
  eden space 87424K, 100% used [0x00000000e0000000, 0x00000000e5560000, 0x00000000e5560000)
  from space 21824K,  47% used [0x00000000e6ab0000, 0x00000000e74d25f8, 0x00000000e8000000)
  to   space 21824K,   0% used [0x00000000e5560000, 0x00000000e5560000, 0x00000000e6ab0000)
 concurrent mark-sweep generation total 393216K, used 169095K [0x00000000e8000000, 0x0000000100000000, 0x0000000100000000)
 Metaspace       used 31182K, capacity 31690K, committed 31868K, reserved 1077248K
  class space    used 3529K, capacity 3697K, committed 3708K, reserved 1048576K
2018-11-12T14:38:48.961+0100: 264.175: [GC (Allocation Failure) 2018-11-12T14:38:48.961+0100: 264.175: [ParNew
Desired survivor size 20112992 bytes, new threshold 8 (max 8)
- age   1:    3649504 bytes,    3649504 total
- age   2:    1260528 bytes,    4910032 total
- age   3:     657912 bytes,    5567944 total
- age   4:     830424 bytes,    6398368 total
- age   5:     568872 bytes,    6967240 total
- age   6:    1608000 bytes,    8575240 total
- age   7:     526928 bytes,    9102168 total
- age   8:     533520 bytes,    9635688 total
: 97801K->11377K(109248K), 0.0032218 secs] 266897K->180992K(502464K), 0.0033104 secs] [Times: user=0.00 sys=0.00, real=0.00 secs] 
Heap after GC invocations=148 (full 2):
 par new generation   total 109248K, used 11377K [0x00000000e0000000, 0x00000000e8000000, 0x00000000e8000000)
  eden space 87424K,   0% used [0x00000000e0000000, 0x00000000e0000000, 0x00000000e5560000)
  from space 21824K,  52% used [0x00000000e5560000, 0x00000000e607c6f8, 0x00000000e6ab0000)
  to   space 21824K,   0% used [0x00000000e6ab0000, 0x00000000e6ab0000, 0x00000000e8000000)
 concurrent mark-sweep generation total 393216K, used 169614K [0x00000000e8000000, 0x0000000100000000, 0x0000000100000000)
 Metaspace       used 31182K, capacity 31690K, committed 31868K, reserved 1077248K
  class space    used 3529K, capacity 3697K, committed 3708K, reserved 1048576K
}
2018-11-12T14:38:48.965+0100: 264.179: Total time for which application threads were stopped: 0.0035129 seconds, Stopping threads took: 0.0000226 seconds
{Heap before GC invocations=148 (full 2):
 par new generation   total 109248K, used 98801K [0x00000000e0000000, 0x00000000e8000000, 0x00000000e8000000)
  eden space 87424K, 100% used [0x00000000e0000000, 0x00000000e5560000, 0x00000000e5560000)
  from space 21824K,  52% used [0x00000000e5560000, 0x00000000e607c6f8, 0x00000000e6ab0000)
  to   space 21824K,   0% used [0x00000000e6ab0000, 0x00000000e6ab0000, 0x00000000e8000000)
 concurrent mark-sweep generation total 393216K, used 169614K [0x00000000e8000000, 0x0000000100000000, 0x0000000100000000)
 Metaspace       used 31182K, capacity 31690K, committed 31868K, reserved 1077248K
  class space    used 3529K, capacity 3697K, committed 3708K, reserved 1048576K
2018-11-12T14:38:49.173+0100: 264.387: [GC (Allocation Failure) 2018-11-12T14:38:49.173+0100: 264.387: [ParNew
Desired survivor size 20112992 bytes, new threshold 8 (max 8)
- age   1:    1010840 bytes,    1010840 total
- age   2:    3172008 bytes,    4182848 total
- age   3:    1177880 bytes,    5360728 total
- age   4:     657864 bytes,    6018592 total
- age   5:     830424 bytes,    6849016 total
- age   6:     568792 bytes,    7417808 total
- age   7:    1607976 bytes,    9025784 total
- age   8:     519432 bytes,    9545216 total
: 98801K->10551K(109248K), 0.0033631 secs] 268416K->180687K(502464K), 0.0034462 secs] [Times: user=0.06 sys=0.00, real=0.00 secs] 
Heap after GC invocations=149 (full 2):
 par new generation   total 109248K, used 10551K [0x00000000e0000000, 0x00000000e8000000, 0x00000000e8000000)
  eden space 87424K,   0% used [0x00000000e0000000, 0x00000000e0000000, 0x00000000e5560000)
  from space 21824K,  48% used [0x00000000e6ab0000, 0x00000000e74fdce8, 0x00000000e8000000)
  to   space 21824K,   0% used [0x00000000e5560000, 0x00000000e5560000, 0x00000000e6ab0000)
 concurrent mark-sweep generation total 393216K, used 170135K [0x00000000e8000000, 0x0000000100000000, 0x0000000100000000)
 Metaspace       used 31182K, capacity 31690K, committed 31868K, reserved 1077248K
  class space    used 3529K, capacity 3697K, committed 3708K, reserved 1048576K
}
2018-11-12T14:38:49.176+0100: 264.391: Total time for which application threads were stopped: 0.0036491 seconds, Stopping threads took: 0.0000253 seconds
2018-11-12T14:38:49.247+0100: 264.462: Total time for which application threads were stopped: 0.0000985 seconds, Stopping threads took: 0.0000236 seconds
{Heap before GC invocations=149 (full 2):
 par new generation   total 109248K, used 97975K [0x00000000e0000000, 0x00000000e8000000, 0x00000000e8000000)
  eden space 87424K, 100% used [0x00000000e0000000, 0x00000000e5560000, 0x00000000e5560000)
  from space 21824K,  48% used [0x00000000e6ab0000, 0x00000000e74fdce8, 0x00000000e8000000)
  to   space 21824K,   0% used [0x00000000e5560000, 0x00000000e5560000, 0x00000000e6ab0000)
 concurrent mark-sweep generation total 393216K, used 170135K [0x00000000e8000000, 0x0000000100000000, 0x0000000100000000)
 Metaspace       used 31182K, capacity 31690K, committed 31868K, reserved 1077248K
  class space    used 3529K, capacity 3697K, committed 3708K, reserved 1048576K
2018-11-12T14:38:49.383+0100: 264.598: [GC (Allocation Failure) 2018-11-12T14:38:49.383+0100: 264.598: [ParNew
Desired survivor size 20112992 bytes, new threshold 8 (max 8)
- age   1:    1671568 bytes,    1671568 total
- age   2:     564104 bytes,    2235672 total
- age   3:    3169944 bytes,    5405616 total
- age   4:     596584 bytes,    6002200 total
- age   5:     657864 bytes,    6660064 total
- age   6:     830424 bytes,    7490488 total
- age   7:     568792 bytes,    8059280 total
- age   8:    1607976 bytes,    9667256 total
: 97975K->12284K(109248K), 0.0032946 secs] 268111K->182927K(502464K), 0.0034014 secs] [Times: user=0.00 sys=0.00, real=0.00 secs] 
Heap after GC invocations=150 (full 2):
 par new generation   total 109248K, used 12284K [0x00000000e0000000, 0x00000000e8000000, 0x00000000e8000000)
  eden space 87424K,   0% used [0x00000000e0000000, 0x00000000e0000000, 0x00000000e5560000)
  from space 21824K,  56% used [0x00000000e5560000, 0x00000000e615f0f8, 0x00000000e6ab0000)
  to   space 21824K,   0% used [0x00000000e6ab0000, 0x00000000e6ab0000, 0x00000000e8000000)
 concurrent mark-sweep generation total 393216K, used 170643K [0x00000000e8000000, 0x0000000100000000, 0x0000000100000000)
 Metaspace       used 31182K, capacity 31690K, committed 31868K, reserved 1077248K
  class space    used 3529K, capacity 3697K, committed 3708K, reserved 1048576K
}
2018-11-12T14:38:49.387+0100: 264.601: Total time for which application threads were stopped: 0.0036429 seconds, Stopping threads took: 0.0000253 seconds
{Heap before GC invocations=150 (full 2):
 par new generation   total 109248K, used 99708K [0x00000000e0000000, 0x00000000e8000000, 0x00000000e8000000)
  eden space 87424K, 100% used [0x00000000e0000000, 0x00000000e5560000, 0x00000000e5560000)
  from space 21824K,  56% used [0x00000000e5560000, 0x00000000e615f0f8, 0x00000000e6ab0000)
  to   space 21824K,   0% used [0x00000000e6ab0000, 0x00000000e6ab0000, 0x00000000e8000000)
 concurrent mark-sweep generation total 393216K, used 170643K [0x00000000e8000000, 0x0000000100000000, 0x0000000100000000)
 Metaspace       used 31182K, capacity 31690K, committed 31868K, reserved 1077248K
  class space    used 3529K, capacity 3697K, committed 3708K, reserved 1048576K
2018-11-12T14:38:49.609+0100: 264.823: [GC (Allocation Failure) 2018-11-12T14:38:49.609+0100: 264.823: [ParNew
Desired survivor size 20112992 bytes, new threshold 8 (max 8)
- age   1:    4163664 bytes,    4163664 total
- age   2:    1160392 bytes,    5324056 total
- age   3:     564104 bytes,    5888160 total
- age   4:     530784 bytes,    6418944 total
- age   5:     596584 bytes,    7015528 total
- age   6:     482088 bytes,    7497616 total
- age   7:     830424 bytes,    8328040 total
- age   8:     568792 bytes,    8896832 total
: 99708K->10456K(109248K), 0.0031660 secs] 270351K->182669K(502464K), 0.0032519 secs] [Times: user=0.00 sys=0.00, real=0.00 secs] 
Heap after GC invocations=151 (full 2):
 par new generation   total 109248K, used 10456K [0x00000000e0000000, 0x00000000e8000000, 0x00000000e8000000)
  eden space 87424K,   0% used [0x00000000e0000000, 0x00000000e0000000, 0x00000000e5560000)
  from space 21824K,  47% used [0x00000000e6ab0000, 0x00000000e74e6310, 0x00000000e8000000)
  to   space 21824K,   0% used [0x00000000e5560000, 0x00000000e5560000, 0x00000000e6ab0000)
 concurrent mark-sweep generation total 393216K, used 172213K [0x00000000e8000000, 0x0000000100000000, 0x0000000100000000)
 Metaspace       used 31182K, capacity 31690K, committed 31868K, reserved 1077248K
  class space    used 3529K, capacity 3697K, committed 3708K, reserved 1048576K
}
2018-11-12T14:38:49.612+0100: 264.826: Total time for which application threads were stopped: 0.0034568 seconds, Stopping threads took: 0.0000260 seconds
{Heap before GC invocations=151 (full 2):
 par new generation   total 109248K, used 97880K [0x00000000e0000000, 0x00000000e8000000, 0x00000000e8000000)
  eden space 87424K, 100% used [0x00000000e0000000, 0x00000000e5560000, 0x00000000e5560000)
  from space 21824K,  47% used [0x00000000e6ab0000, 0x00000000e74e6310, 0x00000000e8000000)
  to   space 21824K,   0% used [0x00000000e5560000, 0x00000000e5560000, 0x00000000e6ab0000)
 concurrent mark-sweep generation total 393216K, used 172213K [0x00000000e8000000, 0x0000000100000000, 0x0000000100000000)
 Metaspace       used 31182K, capacity 31690K, committed 31868K, reserved 1077248K
  class space    used 3529K, capacity 3697K, committed 3708K, reserved 1048576K
2018-11-12T14:38:49.827+0100: 265.041: [GC (Allocation Failure) 2018-11-12T14:38:49.827+0100: 265.041: [ParNew
Desired survivor size 20112992 bytes, new threshold 8 (max 8)
- age   1:    1058136 bytes,    1058136 total
- age   2:    3692880 bytes,    4751016 total
- age   3:    1160392 bytes,    5911408 total
- age   4:     562848 bytes,    6474256 total
- age   5:     530784 bytes,    7005040 total
- age   6:     596584 bytes,    7601624 total
- age   7:     482088 bytes,    8083712 total
- age   8:     830424 bytes,    8914136 total
: 97880K->11762K(109248K), 0.0032225 secs] 270093K->184531K(502464K), 0.0033124 secs] [Times: user=0.00 sys=0.00, real=0.00 secs] 
Heap after GC invocations=152 (full 2):
 par new generation   total 109248K, used 11762K [0x00000000e0000000, 0x00000000e8000000, 0x00000000e8000000)
  eden space 87424K,   0% used [0x00000000e0000000, 0x00000000e0000000, 0x00000000e5560000)
  from space 21824K,  53% used [0x00000000e5560000, 0x00000000e60dc8f8, 0x00000000e6ab0000)
  to   space 21824K,   0% used [0x00000000e6ab0000, 0x00000000e6ab0000, 0x00000000e8000000)
 concurrent mark-sweep generation total 393216K, used 172768K [0x00000000e8000000, 0x0000000100000000, 0x0000000100000000)
 Metaspace       used 31182K, capacity 31690K, committed 31868K, reserved 1077248K
  class space    used 3529K, capacity 3697K, committed 3708K, reserved 1048576K
}
2018-11-12T14:38:49.830+0100: 265.044: Total time for which application threads were stopped: 0.0035174 seconds, Stopping threads took: 0.0000250 seconds
{Heap before GC invocations=152 (full 2):
 par new generation   total 109248K, used 99186K [0x00000000e0000000, 0x00000000e8000000, 0x00000000e8000000)
  eden space 87424K, 100% used [0x00000000e0000000, 0x00000000e5560000, 0x00000000e5560000)
  from space 21824K,  53% used [0x00000000e5560000, 0x00000000e60dc8f8, 0x00000000e6ab0000)
  to   space 21824K,   0% used [0x00000000e6ab0000, 0x00000000e6ab0000, 0x00000000e8000000)
 concurrent mark-sweep generation total 393216K, used 172768K [0x00000000e8000000, 0x0000000100000000, 0x0000000100000000)
 Metaspace       used 31182K, capacity 31690K, committed 31868K, reserved 1077248K
  class space    used 3529K, capacity 3697K, committed 3708K, reserved 1048576K
2018-11-12T14:38:50.064+0100: 265.278: [GC (Allocation Failure) 2018-11-12T14:38:50.064+0100: 265.278: [ParNew
Desired survivor size 20112992 bytes, new threshold 8 (max 8)
- age   1:    1665120 bytes,    1665120 total
- age   2:     596960 bytes,    2262080 total
- age   3:    3692880 bytes,    5954960 total
- age   4:     506472 bytes,    6461432 total
- age   5:     562792 bytes,    7024224 total
- age   6:     530784 bytes,    7555008 total
- age   7:     596584 bytes,    8151592 total
- age   8:     482088 bytes,    8633680 total
: 99186K->11087K(109248K), 0.0032259 secs] 271955K->184667K(502464K), 0.0033141 secs] [Times: user=0.06 sys=0.00, real=0.00 secs] 
Heap after GC invocations=153 (full 2):
 par new generation   total 109248K, used 11087K [0x00000000e0000000, 0x00000000e8000000, 0x00000000e8000000)
  eden space 87424K,   0% used [0x00000000e0000000, 0x00000000e0000000, 0x00000000e5560000)
  from space 21824K,  50% used [0x00000000e6ab0000, 0x00000000e7583f20, 0x00000000e8000000)
  to   space 21824K,   0% used [0x00000000e5560000, 0x00000000e5560000, 0x00000000e6ab0000)
 concurrent mark-sweep generation total 393216K, used 173580K [0x00000000e8000000, 0x0000000100000000, 0x0000000100000000)
 Metaspace       used 31182K, capacity 31690K, committed 31868K, reserved 1077248K
  class space    used 3529K, capacity 3697K, committed 3708K, reserved 1048576K
}
2018-11-12T14:38:50.067+0100: 265.281: Total time for which application threads were stopped: 0.0035215 seconds, Stopping threads took: 0.0000267 seconds
{Heap before GC invocations=153 (full 2):
 par new generation   total 109248K, used 98511K [0x00000000e0000000, 0x00000000e8000000, 0x00000000e8000000)
  eden space 87424K, 100% used [0x00000000e0000000, 0x00000000e5560000, 0x00000000e5560000)
  from space 21824K,  50% used [0x00000000e6ab0000, 0x00000000e7583f20, 0x00000000e8000000)
  to   space 21824K,   0% used [0x00000000e5560000, 0x00000000e5560000, 0x00000000e6ab0000)
 concurrent mark-sweep generation total 393216K, used 173580K [0x00000000e8000000, 0x0000000100000000, 0x0000000100000000)
 Metaspace       used 31182K, capacity 31690K, committed 31868K, reserved 1077248K
  class space    used 3529K, capacity 3697K, committed 3708K, reserved 1048576K
2018-11-12T14:38:50.296+0100: 265.510: [GC (Allocation Failure) 2018-11-12T14:38:50.296+0100: 265.510: [ParNew
Desired survivor size 20112992 bytes, new threshold 8 (max 8)
- age   1:    4364168 bytes,    4364168 total
- age   2:    1224848 bytes,    5589016 total
- age   3:     596960 bytes,    6185976 total
- age   4:     723824 bytes,    6909800 total
- age   5:     506472 bytes,    7416272 total
- age   6:     562792 bytes,    7979064 total
- age   7:     530760 bytes,    8509824 total
- age   8:     596584 bytes,    9106408 total
: 98511K->9867K(109248K), 0.0033357 secs] 272091K->183918K(502464K), 0.0034260 secs] [Times: user=0.00 sys=0.00, real=0.00 secs] 
Heap after GC invocations=154 (full 2):
 par new generation   total 109248K, used 9867K [0x00000000e0000000, 0x00000000e8000000, 0x00000000e8000000)
  eden space 87424K,   0% used [0x00000000e0000000, 0x00000000e0000000, 0x00000000e5560000)
  from space 21824K,  45% used [0x00000000e5560000, 0x00000000e5f02c78, 0x00000000e6ab0000)
  to   space 21824K,   0% used [0x00000000e6ab0000, 0x00000000e6ab0000, 0x00000000e8000000)
 concurrent mark-sweep generation total 393216K, used 174050K [0x00000000e8000000, 0x0000000100000000, 0x0000000100000000)
 Metaspace       used 31182K, capacity 31690K, committed 31868K, reserved 1077248K
  class space    used 3529K, capacity 3697K, committed 3708K, reserved 1048576K
}
2018-11-12T14:38:50.300+0100: 265.514: Total time for which application threads were stopped: 0.0036388 seconds, Stopping threads took: 0.0000260 seconds
{Heap before GC invocations=154 (full 2):
 par new generation   total 109248K, used 97291K [0x00000000e0000000, 0x00000000e8000000, 0x00000000e8000000)
  eden space 87424K, 100% used [0x00000000e0000000, 0x00000000e5560000, 0x00000000e5560000)
  from space 21824K,  45% used [0x00000000e5560000, 0x00000000e5f02c78, 0x00000000e6ab0000)
  to   space 21824K,   0% used [0x00000000e6ab0000, 0x00000000e6ab0000, 0x00000000e8000000)
 concurrent mark-sweep generation total 393216K, used 174050K [0x00000000e8000000, 0x0000000100000000, 0x0000000100000000)
 Metaspace       used 31182K, capacity 31690K, committed 31868K, reserved 1077248K
  class space    used 3529K, capacity 3697K, committed 3708K, reserved 1048576K
2018-11-12T14:38:50.517+0100: 265.731: [GC (Allocation Failure) 2018-11-12T14:38:50.517+0100: 265.731: [ParNew
Desired survivor size 20112992 bytes, new threshold 8 (max 8)
- age   1:    1071552 bytes,    1071552 total
- age   2:    3868712 bytes,    4940264 total
- age   3:    1224848 bytes,    6165112 total
- age   4:     596960 bytes,    6762072 total
- age   5:     723824 bytes,    7485896 total
- age   6:     506472 bytes,    7992368 total
- age   7:     562816 bytes,    8555184 total
- age   8:     530736 bytes,    9085920 total
: 97291K->11791K(109248K), 0.0031318 secs] 271342K->186425K(502464K), 0.0032207 secs] [Times: user=0.06 sys=0.00, real=0.00 secs] 
Heap after GC invocations=155 (full 2):
 par new generation   total 109248K, used 11791K [0x00000000e0000000, 0x00000000e8000000, 0x00000000e8000000)
  eden space 87424K,   0% used [0x00000000e0000000, 0x00000000e0000000, 0x00000000e5560000)
  from space 21824K,  54% used [0x00000000e6ab0000, 0x00000000e7633ed8, 0x00000000e8000000)
  to   space 21824K,   0% used [0x00000000e5560000, 0x00000000e5560000, 0x00000000e6ab0000)
 concurrent mark-sweep generation total 393216K, used 174633K [0x00000000e8000000, 0x0000000100000000, 0x0000000100000000)
 Metaspace       used 31182K, capacity 31690K, committed 31868K, reserved 1077248K
  class space    used 3529K, capacity 3697K, committed 3708K, reserved 1048576K
}
2018-11-12T14:38:50.520+0100: 265.734: Total time for which application threads were stopped: 0.0034294 seconds, Stopping threads took: 0.0000260 seconds
2018-11-12T14:38:50.629+0100: 265.843: Total time for which application threads were stopped: 0.0001618 seconds, Stopping threads took: 0.0000304 seconds
{Heap before GC invocations=155 (full 2):
 par new generation   total 109248K, used 99215K [0x00000000e0000000, 0x00000000e8000000, 0x00000000e8000000)
  eden space 87424K, 100% used [0x00000000e0000000, 0x00000000e5560000, 0x00000000e5560000)
  from space 21824K,  54% used [0x00000000e6ab0000, 0x00000000e7633ed8, 0x00000000e8000000)
  to   space 21824K,   0% used [0x00000000e5560000, 0x00000000e5560000, 0x00000000e6ab0000)
 concurrent mark-sweep generation total 393216K, used 174633K [0x00000000e8000000, 0x0000000100000000, 0x0000000100000000)
 Metaspace       used 31182K, capacity 31690K, committed 31868K, reserved 1077248K
  class space    used 3529K, capacity 3697K, committed 3708K, reserved 1048576K
2018-11-12T14:38:50.779+0100: 265.992: [GC (Allocation Failure) 2018-11-12T14:38:50.779+0100: 265.992: [ParNew
Desired survivor size 20112992 bytes, new threshold 8 (max 8)
- age   1:     997472 bytes,     997472 total
- age   2:     567144 bytes,    1564616 total
- age   3:    3868712 bytes,    5433328 total
- age   4:    1211552 bytes,    6644880 total
- age   5:     595544 bytes,    7240424 total
- age   6:     723824 bytes,    7964248 total
- age   7:     506472 bytes,    8470720 total
- age   8:     562792 bytes,    9033512 total
: 99215K->10423K(109248K), 0.0031048 secs] 273849K->185575K(502464K), 0.0031889 secs] [Times: user=0.00 sys=0.00, real=0.00 secs] 
Heap after GC invocations=156 (full 2):
 par new generation   total 109248K, used 10423K [0x00000000e0000000, 0x00000000e8000000, 0x00000000e8000000)
  eden space 87424K,   0% used [0x00000000e0000000, 0x00000000e0000000, 0x00000000e5560000)
  from space 21824K,  47% used [0x00000000e5560000, 0x00000000e5f8dcc8, 0x00000000e6ab0000)
  to   space 21824K,   0% used [0x00000000e6ab0000, 0x00000000e6ab0000, 0x00000000e8000000)
 concurrent mark-sweep generation total 393216K, used 175152K [0x00000000e8000000, 0x0000000100000000, 0x0000000100000000)
 Metaspace       used 31182K, capacity 31690K, committed 31868K, reserved 1077248K
  class space    used 3529K, capacity 3697K, committed 3708K, reserved 1048576K
}
2018-11-12T14:38:50.782+0100: 265.996: Total time for which application threads were stopped: 0.0033963 seconds, Stopping threads took: 0.0000263 seconds
2018-11-12T14:38:50.965+0100: 266.179: Total time for which application threads were stopped: 0.0001119 seconds, Stopping threads took: 0.0000284 seconds
{Heap before GC invocations=156 (full 2):
 par new generation   total 109248K, used 97847K [0x00000000e0000000, 0x00000000e8000000, 0x00000000e8000000)
  eden space 87424K, 100% used [0x00000000e0000000, 0x00000000e5560000, 0x00000000e5560000)
  from space 21824K,  47% used [0x00000000e5560000, 0x00000000e5f8dcc8, 0x00000000e6ab0000)
  to   space 21824K,   0% used [0x00000000e6ab0000, 0x00000000e6ab0000, 0x00000000e8000000)
 concurrent mark-sweep generation total 393216K, used 175152K [0x00000000e8000000, 0x0000000100000000, 0x0000000100000000)
 Metaspace       used 31182K, capacity 31690K, committed 31868K, reserved 1077248K
  class space    used 3529K, capacity 3697K, committed 3708K, reserved 1048576K
2018-11-12T14:38:51.001+0100: 266.216: [GC (Allocation Failure) 2018-11-12T14:38:51.001+0100: 266.216: [ParNew
Desired survivor size 20112992 bytes, new threshold 8 (max 8)
- age   1:    5795248 bytes,    5795248 total
- age   2:     549536 bytes,    6344784 total
- age   3:     567144 bytes,    6911928 total
- age   4:     528544 bytes,    7440472 total
- age   5:     489160 bytes,    7929632 total
- age   6:     595544 bytes,    8525176 total
- age   7:     526096 bytes,    9051272 total
- age   8:     506472 bytes,    9557744 total
: 97847K->11442K(109248K), 0.0034123 secs] 272999K->187143K(502464K), 0.0034910 secs] [Times: user=0.06 sys=0.00, real=0.00 secs] 
Heap after GC invocations=157 (full 2):
 par new generation   total 109248K, used 11442K [0x00000000e0000000, 0x00000000e8000000, 0x00000000e8000000)
  eden space 87424K,   0% used [0x00000000e0000000, 0x00000000e0000000, 0x00000000e5560000)
  from space 21824K,  52% used [0x00000000e6ab0000, 0x00000000e75dc848, 0x00000000e8000000)
  to   space 21824K,   0% used [0x00000000e5560000, 0x00000000e5560000, 0x00000000e6ab0000)
 concurrent mark-sweep generation total 393216K, used 175701K [0x00000000e8000000, 0x0000000100000000, 0x0000000100000000)
 Metaspace       used 31182K, capacity 31690K, committed 31868K, reserved 1077248K
  class space    used 3529K, capacity 3697K, committed 3708K, reserved 1048576K
}
2018-11-12T14:38:51.005+0100: 266.219: Total time for which application threads were stopped: 0.0036942 seconds, Stopping threads took: 0.0000253 seconds
{Heap before GC invocations=157 (full 2):
 par new generation   total 109248K, used 98866K [0x00000000e0000000, 0x00000000e8000000, 0x00000000e8000000)
  eden space 87424K, 100% used [0x00000000e0000000, 0x00000000e5560000, 0x00000000e5560000)
  from space 21824K,  52% used [0x00000000e6ab0000, 0x00000000e75dc848, 0x00000000e8000000)
  to   space 21824K,   0% used [0x00000000e5560000, 0x00000000e5560000, 0x00000000e6ab0000)
 concurrent mark-sweep generation total 393216K, used 175701K [0x00000000e8000000, 0x0000000100000000, 0x0000000100000000)
 Metaspace       used 31182K, capacity 31690K, committed 31868K, reserved 1077248K
  class space    used 3529K, capacity 3697K, committed 3708K, reserved 1048576K
2018-11-12T14:38:51.251+0100: 266.466: [GC (Allocation Failure) 2018-11-12T14:38:51.252+0100: 266.466: [ParNew
Desired survivor size 20112992 bytes, new threshold 8 (max 8)
- age   1:    1049208 bytes,    1049208 total
- age   2:    5308656 bytes,    6357864 total
- age   3:     549536 bytes,    6907400 total
- age   4:     567144 bytes,    7474544 total
- age   5:     528544 bytes,    8003088 total
- age   6:     489104 bytes,    8492192 total
- age   7:     595520 bytes,    9087712 total
- age   8:     526096 bytes,    9613808 total
: 98866K->10595K(109248K), 0.0034062 secs] 274567K->186792K(502464K), 0.0034968 secs] [Times: user=0.06 sys=0.00, real=0.00 secs] 
Heap after GC invocations=158 (full 2):
 par new generation   total 109248K, used 10595K [0x00000000e0000000, 0x00000000e8000000, 0x00000000e8000000)
  eden space 87424K,   0% used [0x00000000e0000000, 0x00000000e0000000, 0x00000000e5560000)
  from space 21824K,  48% used [0x00000000e5560000, 0x00000000e5fb8f88, 0x00000000e6ab0000)
  to   space 21824K,   0% used [0x00000000e6ab0000, 0x00000000e6ab0000, 0x00000000e8000000)
 concurrent mark-sweep generation total 393216K, used 176196K [0x00000000e8000000, 0x0000000100000000, 0x0000000100000000)
 Metaspace       used 31182K, capacity 31690K, committed 31868K, reserved 1077248K
  class space    used 3529K, capacity 3697K, committed 3708K, reserved 1048576K
}
2018-11-12T14:38:51.255+0100: 266.469: Total time for which application threads were stopped: 0.0037021 seconds, Stopping threads took: 0.0000257 seconds
{Heap before GC invocations=158 (full 2):
 par new generation   total 109248K, used 98019K [0x00000000e0000000, 0x00000000e8000000, 0x00000000e8000000)
  eden space 87424K, 100% used [0x00000000e0000000, 0x00000000e5560000, 0x00000000e5560000)
  from space 21824K,  48% used [0x00000000e5560000, 0x00000000e5fb8f88, 0x00000000e6ab0000)
  to   space 21824K,   0% used [0x00000000e6ab0000, 0x00000000e6ab0000, 0x00000000e8000000)
 concurrent mark-sweep generation total 393216K, used 176196K [0x00000000e8000000, 0x0000000100000000, 0x0000000100000000)
 Metaspace       used 31182K, capacity 31690K, committed 31868K, reserved 1077248K
  class space    used 3529K, capacity 3697K, committed 3708K, reserved 1048576K
2018-11-12T14:38:51.537+0100: 266.751: [GC (Allocation Failure) 2018-11-12T14:38:51.537+0100: 266.751: [ParNew
Desired survivor size 20112992 bytes, new threshold 8 (max 8)
- age   1:    1040608 bytes,    1040608 total
- age   2:     563664 bytes,    1604272 total
- age   3:    5308464 bytes,    6912736 total
- age   4:     547944 bytes,    7460680 total
- age   5:     567144 bytes,    8027824 total
- age   6:     528544 bytes,    8556368 total
- age   7:     489104 bytes,    9045472 total
- age   8:     595520 bytes,    9640992 total
: 98019K->12723K(109248K), 0.0033145 secs] 274216K->189434K(502464K), 0.0034168 secs] [Times: user=0.00 sys=0.00, real=0.00 secs] 
Heap after GC invocations=159 (full 2):
 par new generation   total 109248K, used 12723K [0x00000000e0000000, 0x00000000e8000000, 0x00000000e8000000)
  eden space 87424K,   0% used [0x00000000e0000000, 0x00000000e0000000, 0x00000000e5560000)
  from space 21824K,  58% used [0x00000000e6ab0000, 0x00000000e771ce40, 0x00000000e8000000)
  to   space 21824K,   0% used [0x00000000e5560000, 0x00000000e5560000, 0x00000000e6ab0000)
 concurrent mark-sweep generation total 393216K, used 176710K [0x00000000e8000000, 0x0000000100000000, 0x0000000100000000)
 Metaspace       used 31182K, capacity 31690K, committed 31868K, reserved 1077248K
  class space    used 3529K, capacity 3697K, committed 3708K, reserved 1048576K
}
2018-11-12T14:38:51.541+0100: 266.755: Total time for which application threads were stopped: 0.0036289 seconds, Stopping threads took: 0.0000253 seconds
2018-11-12T14:38:51.772+0100: 266.986: Total time for which application threads were stopped: 0.0001030 seconds, Stopping threads took: 0.0000233 seconds
{Heap before GC invocations=159 (full 2):
 par new generation   total 109248K, used 100147K [0x00000000e0000000, 0x00000000e8000000, 0x00000000e8000000)
  eden space 87424K, 100% used [0x00000000e0000000, 0x00000000e5560000, 0x00000000e5560000)
  from space 21824K,  58% used [0x00000000e6ab0000, 0x00000000e771ce40, 0x00000000e8000000)
  to   space 21824K,   0% used [0x00000000e5560000, 0x00000000e5560000, 0x00000000e6ab0000)
 concurrent mark-sweep generation total 393216K, used 176710K [0x00000000e8000000, 0x0000000100000000, 0x0000000100000000)
 Metaspace       used 31182K, capacity 31690K, committed 31868K, reserved 1077248K
  class space    used 3529K, capacity 3697K, committed 3708K, reserved 1048576K
2018-11-12T14:38:51.784+0100: 266.998: [GC (Allocation Failure) 2018-11-12T14:38:51.784+0100: 266.998: [ParNew
Desired survivor size 20112992 bytes, new threshold 8 (max 8)
- age   1:    3222272 bytes,    3222272 total
- age   2:     537104 bytes,    3759376 total
- age   3:     563664 bytes,    4323040 total
- age   4:    5308464 bytes,    9631504 total
- age   5:     533048 bytes,   10164552 total
- age   6:     567144 bytes,   10731696 total
- age   7:     528544 bytes,   11260240 total
- age   8:     489104 bytes,   11749344 total
: 100147K->13193K(109248K), 0.0036289 secs] 276858K->190486K(502464K), 0.0037100 secs] [Times: user=0.06 sys=0.00, real=0.00 secs] 
Heap after GC invocations=160 (full 2):
 par new generation   total 109248K, used 13193K [0x00000000e0000000, 0x00000000e8000000, 0x00000000e8000000)
  eden space 87424K,   0% used [0x00000000e0000000, 0x00000000e0000000, 0x00000000e5560000)
  from space 21824K,  60% used [0x00000000e5560000, 0x00000000e62427d8, 0x00000000e6ab0000)
  to   space 21824K,   0% used [0x00000000e6ab0000, 0x00000000e6ab0000, 0x00000000e8000000)
 concurrent mark-sweep generation total 393216K, used 177292K [0x00000000e8000000, 0x0000000100000000, 0x0000000100000000)
 Metaspace       used 31182K, capacity 31690K, committed 31868K, reserved 1077248K
  class space    used 3529K, capacity 3697K, committed 3708K, reserved 1048576K
}
2018-11-12T14:38:51.788+0100: 267.002: Total time for which application threads were stopped: 0.0039077 seconds, Stopping threads took: 0.0000253 seconds
{Heap before GC invocations=160 (full 2):
 par new generation   total 109248K, used 100617K [0x00000000e0000000, 0x00000000e8000000, 0x00000000e8000000)
  eden space 87424K, 100% used [0x00000000e0000000, 0x00000000e5560000, 0x00000000e5560000)
  from space 21824K,  60% used [0x00000000e5560000, 0x00000000e62427d8, 0x00000000e6ab0000)
  to   space 21824K,   0% used [0x00000000e6ab0000, 0x00000000e6ab0000, 0x00000000e8000000)
 concurrent mark-sweep generation total 393216K, used 177292K [0x00000000e8000000, 0x0000000100000000, 0x0000000100000000)
 Metaspace       used 31182K, capacity 31690K, committed 31868K, reserved 1077248K
  class space    used 3529K, capacity 3697K, committed 3708K, reserved 1048576K
2018-11-12T14:38:52.015+0100: 267.230: [GC (Allocation Failure) 2018-11-12T14:38:52.016+0100: 267.230: [ParNew
Desired survivor size 20112992 bytes, new threshold 8 (max 8)
- age   1:    6108632 bytes,    6108632 total
- age   2:    2715336 bytes,    8823968 total
- age   3:     537104 bytes,    9361072 total
- age   4:     563608 bytes,    9924680 total
- age   5:     738040 bytes,   10662720 total
- age   6:     533048 bytes,   11195768 total
- age   7:     567144 bytes,   11762912 total
- age   8:     528544 bytes,   12291456 total
: 100617K->15160K(109248K), 0.0048961 secs] 277910K->192931K(502464K), 0.0049899 secs] [Times: user=0.05 sys=0.00, real=0.01 secs] 
Heap after GC invocations=161 (full 2):
 par new generation   total 109248K, used 15160K [0x00000000e0000000, 0x00000000e8000000, 0x00000000e8000000)
  eden space 87424K,   0% used [0x00000000e0000000, 0x00000000e0000000, 0x00000000e5560000)
  from space 21824K,  69% used [0x00000000e6ab0000, 0x00000000e797e380, 0x00000000e8000000)
  to   space 21824K,   0% used [0x00000000e5560000, 0x00000000e5560000, 0x00000000e6ab0000)
 concurrent mark-sweep generation total 393216K, used 177770K [0x00000000e8000000, 0x0000000100000000, 0x0000000100000000)
 Metaspace       used 31182K, capacity 31690K, committed 31868K, reserved 1077248K
  class space    used 3529K, capacity 3697K, committed 3708K, reserved 1048576K
}
2018-11-12T14:38:52.021+0100: 267.235: Total time for which application threads were stopped: 0.0051917 seconds, Stopping threads took: 0.0000322 seconds
{Heap before GC invocations=161 (full 2):
 par new generation   total 109248K, used 102584K [0x00000000e0000000, 0x00000000e8000000, 0x00000000e8000000)
  eden space 87424K, 100% used [0x00000000e0000000, 0x00000000e5560000, 0x00000000e5560000)
  from space 21824K,  69% used [0x00000000e6ab0000, 0x00000000e797e380, 0x00000000e8000000)
  to   space 21824K,   0% used [0x00000000e5560000, 0x00000000e5560000, 0x00000000e6ab0000)
 concurrent mark-sweep generation total 393216K, used 177770K [0x00000000e8000000, 0x0000000100000000, 0x0000000100000000)
 Metaspace       used 31182K, capacity 31690K, committed 31868K, reserved 1077248K
  class space    used 3529K, capacity 3697K, committed 3708K, reserved 1048576K
2018-11-12T14:38:52.254+0100: 267.468: [GC (Allocation Failure) 2018-11-12T14:38:52.254+0100: 267.468: [ParNew
Desired survivor size 20112992 bytes, new threshold 8 (max 8)
- age   1:    1273264 bytes,    1273264 total
- age   2:    6241552 bytes,    7514816 total
- age   3:    2715312 bytes,   10230128 total
- age   4:     537080 bytes,   10767208 total
- age   5:     563608 bytes,   11330816 total
- age   6:     515560 bytes,   11846376 total
- age   7:     533048 bytes,   12379424 total
- age   8:     567144 bytes,   12946568 total
: 102584K->14356K(109248K), 0.0035451 secs] 280355K->192642K(502464K), 0.0036330 secs] [Times: user=0.00 sys=0.00, real=0.00 secs] 
Heap after GC invocations=162 (full 2):
 par new generation   total 109248K, used 14356K [0x00000000e0000000, 0x00000000e8000000, 0x00000000e8000000)
  eden space 87424K,   0% used [0x00000000e0000000, 0x00000000e0000000, 0x00000000e5560000)
  from space 21824K,  65% used [0x00000000e5560000, 0x00000000e6365150, 0x00000000e6ab0000)
  to   space 21824K,   0% used [0x00000000e6ab0000, 0x00000000e6ab0000, 0x00000000e8000000)
 concurrent mark-sweep generation total 393216K, used 178286K [0x00000000e8000000, 0x0000000100000000, 0x0000000100000000)
 Metaspace       used 31182K, capacity 31690K, committed 31868K, reserved 1077248K
  class space    used 3529K, capacity 3697K, committed 3708K, reserved 1048576K
}
2018-11-12T14:38:52.258+0100: 267.472: Total time for which application threads were stopped: 0.0038612 seconds, Stopping threads took: 0.0000322 seconds
2018-11-12T14:38:52.387+0100: 267.601: Total time for which application threads were stopped: 0.0001119 seconds, Stopping threads took: 0.0000243 seconds
2018-11-12T14:38:52.412+0100: 267.626: Total time for which application threads were stopped: 0.0001115 seconds, Stopping threads took: 0.0000250 seconds
{Heap before GC invocations=162 (full 2):
 par new generation   total 109248K, used 101780K [0x00000000e0000000, 0x00000000e8000000, 0x00000000e8000000)
  eden space 87424K, 100% used [0x00000000e0000000, 0x00000000e5560000, 0x00000000e5560000)
  from space 21824K,  65% used [0x00000000e5560000, 0x00000000e6365150, 0x00000000e6ab0000)
  to   space 21824K,   0% used [0x00000000e6ab0000, 0x00000000e6ab0000, 0x00000000e8000000)
 concurrent mark-sweep generation total 393216K, used 178286K [0x00000000e8000000, 0x0000000100000000, 0x0000000100000000)
 Metaspace       used 31182K, capacity 31690K, committed 31868K, reserved 1077248K
  class space    used 3529K, capacity 3697K, committed 3708K, reserved 1048576K
2018-11-12T14:38:52.492+0100: 267.706: [GC (Allocation Failure) 2018-11-12T14:38:52.492+0100: 267.706: [ParNew
Desired survivor size 20112992 bytes, new threshold 8 (max 8)
- age   1:     907632 bytes,     907632 total
- age   2:     785752 bytes,    1693384 total
- age   3:    5637648 bytes,    7331032 total
- age   4:    2715312 bytes,   10046344 total
- age   5:     537080 bytes,   10583424 total
- age   6:     563608 bytes,   11147032 total
- age   7:     515536 bytes,   11662568 total
- age   8:     533048 bytes,   12195616 total
: 101780K->13509K(109248K), 0.0035755 secs] 280066K->192349K(502464K), 0.0036515 secs] [Times: user=0.00 sys=0.00, real=0.00 secs] 
Heap after GC invocations=163 (full 2):
 par new generation   total 109248K, used 13509K [0x00000000e0000000, 0x00000000e8000000, 0x00000000e8000000)
  eden space 87424K,   0% used [0x00000000e0000000, 0x00000000e0000000, 0x00000000e5560000)
  from space 21824K,  61% used [0x00000000e6ab0000, 0x00000000e77e1598, 0x00000000e8000000)
  to   space 21824K,   0% used [0x00000000e5560000, 0x00000000e5560000, 0x00000000e6ab0000)
 concurrent mark-sweep generation total 393216K, used 178840K [0x00000000e8000000, 0x0000000100000000, 0x0000000100000000)
 Metaspace       used 31182K, capacity 31690K, committed 31868K, reserved 1077248K
  class space    used 3529K, capacity 3697K, committed 3708K, reserved 1048576K
}
2018-11-12T14:38:52.495+0100: 267.710: Total time for which application threads were stopped: 0.0038485 seconds, Stopping threads took: 0.0000301 seconds
2018-11-12T14:38:52.529+0100: 267.743: Total time for which application threads were stopped: 0.0001218 seconds, Stopping threads took: 0.0000308 seconds
{Heap before GC invocations=163 (full 2):
 par new generation   total 109248K, used 100933K [0x00000000e0000000, 0x00000000e8000000, 0x00000000e8000000)
  eden space 87424K, 100% used [0x00000000e0000000, 0x00000000e5560000, 0x00000000e5560000)
  from space 21824K,  61% used [0x00000000e6ab0000, 0x00000000e77e1598, 0x00000000e8000000)
  to   space 21824K,   0% used [0x00000000e5560000, 0x00000000e5560000, 0x00000000e6ab0000)
 concurrent mark-sweep generation total 393216K, used 178840K [0x00000000e8000000, 0x0000000100000000, 0x0000000100000000)
 Metaspace       used 31182K, capacity 31690K, committed 31868K, reserved 1077248K
  class space    used 3529K, capacity 3697K, committed 3708K, reserved 1048576K
2018-11-12T14:38:52.735+0100: 267.950: [GC (Allocation Failure) 2018-11-12T14:38:52.735+0100: 267.950: [ParNew
Desired survivor size 20112992 bytes, new threshold 8 (max 8)
- age   1:    1172160 bytes,    1172160 total
- age   2:     526808 bytes,    1698968 total
- age   3:     785752 bytes,    2484720 total
- age   4:    5637600 bytes,    8122320 total
- age   5:    2698576 bytes,   10820896 total
- age   6:     535288 bytes,   11356184 total
- age   7:     563608 bytes,   11919792 total
- age   8:     515536 bytes,   12435328 total
: 100933K->15426K(109248K), 0.0035697 secs] 279773K->194787K(502464K), 0.0036566 secs] [Times: user=0.06 sys=0.00, real=0.00 secs] 
Heap after GC invocations=164 (full 2):
 par new generation   total 109248K, used 15426K [0x00000000e0000000, 0x00000000e8000000, 0x00000000e8000000)
  eden space 87424K,   0% used [0x00000000e0000000, 0x00000000e0000000, 0x00000000e5560000)
  from space 21824K,  70% used [0x00000000e5560000, 0x00000000e6470988, 0x00000000e6ab0000)
  to   space 21824K,   0% used [0x00000000e6ab0000, 0x00000000e6ab0000, 0x00000000e8000000)
 concurrent mark-sweep generation total 393216K, used 179361K [0x00000000e8000000, 0x0000000100000000, 0x0000000100000000)
 Metaspace       used 31182K, capacity 31690K, committed 31868K, reserved 1077248K
  class space    used 3529K, capacity 3697K, committed 3708K, reserved 1048576K
}
2018-11-12T14:38:52.739+0100: 267.954: Total time for which application threads were stopped: 0.0038793 seconds, Stopping threads took: 0.0000239 seconds
{Heap before GC invocations=164 (full 2):
 par new generation   total 109248K, used 102850K [0x00000000e0000000, 0x00000000e8000000, 0x00000000e8000000)
  eden space 87424K, 100% used [0x00000000e0000000, 0x00000000e5560000, 0x00000000e5560000)
  from space 21824K,  70% used [0x00000000e5560000, 0x00000000e6470988, 0x00000000e6ab0000)
  to   space 21824K,   0% used [0x00000000e6ab0000, 0x00000000e6ab0000, 0x00000000e8000000)
 concurrent mark-sweep generation total 393216K, used 179361K [0x00000000e8000000, 0x0000000100000000, 0x0000000100000000)
 Metaspace       used 31182K, capacity 31690K, committed 31868K, reserved 1077248K
  class space    used 3529K, capacity 3697K, committed 3708K, reserved 1048576K
2018-11-12T14:38:52.960+0100: 268.175: [GC (Allocation Failure) 2018-11-12T14:38:52.960+0100: 268.175: [ParNew
Desired survivor size 20112992 bytes, new threshold 8 (max 8)
- age   1:    6651504 bytes,    6651504 total
- age   2:     699808 bytes,    7351312 total
- age   3:     526808 bytes,    7878120 total
- age   4:     785752 bytes,    8663872 total
- age   5:     495920 bytes,    9159792 total
- age   6:    2698576 bytes,   11858368 total
- age   7:     535288 bytes,   12393656 total
- age   8:     563608 bytes,   12957264 total
: 102850K->14565K(109248K), 0.0034801 secs] 282211K->194430K(502464K), 0.0035731 secs] [Times: user=0.00 sys=0.00, real=0.00 secs] 
Heap after GC invocations=165 (full 2):
 par new generation   total 109248K, used 14565K [0x00000000e0000000, 0x00000000e8000000, 0x00000000e8000000)
  eden space 87424K,   0% used [0x00000000e0000000, 0x00000000e0000000, 0x00000000e5560000)
  from space 21824K,  66% used [0x00000000e6ab0000, 0x00000000e78e94a8, 0x00000000e8000000)
  to   space 21824K,   0% used [0x00000000e5560000, 0x00000000e5560000, 0x00000000e6ab0000)
 concurrent mark-sweep generation total 393216K, used 179864K [0x00000000e8000000, 0x0000000100000000, 0x0000000100000000)
 Metaspace       used 31182K, capacity 31690K, committed 31868K, reserved 1077248K
  class space    used 3529K, capacity 3697K, committed 3708K, reserved 1048576K
}
2018-11-12T14:38:52.964+0100: 268.178: Total time for which application threads were stopped: 0.0038147 seconds, Stopping threads took: 0.0000263 seconds
2018-11-12T14:38:52.976+0100: 268.190: Total time for which application threads were stopped: 0.0001013 seconds, Stopping threads took: 0.0000236 seconds
{Heap before GC invocations=165 (full 2):
 par new generation   total 109248K, used 101989K [0x00000000e0000000, 0x00000000e8000000, 0x00000000e8000000)
  eden space 87424K, 100% used [0x00000000e0000000, 0x00000000e5560000, 0x00000000e5560000)
  from space 21824K,  66% used [0x00000000e6ab0000, 0x00000000e78e94a8, 0x00000000e8000000)
  to   space 21824K,   0% used [0x00000000e5560000, 0x00000000e5560000, 0x00000000e6ab0000)
 concurrent mark-sweep generation total 393216K, used 179864K [0x00000000e8000000, 0x0000000100000000, 0x0000000100000000)
 Metaspace       used 31184K, capacity 31690K, committed 31868K, reserved 1077248K
  class space    used 3529K, capacity 3697K, committed 3708K, reserved 1048576K
2018-11-12T14:38:53.208+0100: 268.422: [GC (Allocation Failure) 2018-11-12T14:38:53.208+0100: 268.422: [ParNew
Desired survivor size 20112992 bytes, new threshold 8 (max 8)
- age   1:    1452816 bytes,    1452816 total
- age   2:    6283656 bytes,    7736472 total
- age   3:     699808 bytes,    8436280 total
- age   4:     526808 bytes,    8963088 total
- age   5:     785728 bytes,    9748816 total
- age   6:     495864 bytes,   10244680 total
- age   7:    2698552 bytes,   12943232 total
- age   8:     535288 bytes,   13478520 total
: 101989K->14283K(109248K), 0.0038085 secs] 281854K->194698K(502464K), 0.0038958 secs] [Times: user=0.00 sys=0.00, real=0.00 secs] 
Heap after GC invocations=166 (full 2):
 par new generation   total 109248K, used 14283K [0x00000000e0000000, 0x00000000e8000000, 0x00000000e8000000)
  eden space 87424K,   0% used [0x00000000e0000000, 0x00000000e0000000, 0x00000000e5560000)
  from space 21824K,  65% used [0x00000000e5560000, 0x00000000e6352dc0, 0x00000000e6ab0000)
  to   space 21824K,   0% used [0x00000000e6ab0000, 0x00000000e6ab0000, 0x00000000e8000000)
 concurrent mark-sweep generation total 393216K, used 180415K [0x00000000e8000000, 0x0000000100000000, 0x0000000100000000)
 Metaspace       used 31184K, capacity 31690K, committed 31868K, reserved 1077248K
  class space    used 3529K, capacity 3697K, committed 3708K, reserved 1048576K
}
2018-11-12T14:38:53.212+0100: 268.426: Total time for which application threads were stopped: 0.0040925 seconds, Stopping threads took: 0.0000243 seconds
{Heap before GC invocations=166 (full 2):
 par new generation   total 109248K, used 101707K [0x00000000e0000000, 0x00000000e8000000, 0x00000000e8000000)
  eden space 87424K, 100% used [0x00000000e0000000, 0x00000000e5560000, 0x00000000e5560000)
  from space 21824K,  65% used [0x00000000e5560000, 0x00000000e6352dc0, 0x00000000e6ab0000)
  to   space 21824K,   0% used [0x00000000e6ab0000, 0x00000000e6ab0000, 0x00000000e8000000)
 concurrent mark-sweep generation total 393216K, used 180415K [0x00000000e8000000, 0x0000000100000000, 0x0000000100000000)
 Metaspace       used 31184K, capacity 31690K, committed 31868K, reserved 1077248K
  class space    used 3529K, capacity 3697K, committed 3708K, reserved 1048576K
2018-11-12T14:38:53.472+0100: 268.686: [GC (Allocation Failure) 2018-11-12T14:38:53.472+0100: 268.686: [ParNew
Desired survivor size 20112992 bytes, new threshold 8 (max 8)
- age   1:     910608 bytes,     910608 total
- age   2:    1054096 bytes,    1964704 total
- age   3:    6283656 bytes,    8248360 total
- age   4:     699808 bytes,    8948168 total
- age   5:     526808 bytes,    9474976 total
- age   6:     785728 bytes,   10260704 total
- age   7:     495864 bytes,   10756568 total
- age   8:    2698552 bytes,   13455120 total
: 101707K->15555K(109248K), 0.0047692 secs] 282122K->196494K(502464K), 0.0049317 secs] [Times: user=0.00 sys=0.00, real=0.01 secs] 
Heap after GC invocations=167 (full 2):
 par new generation   total 109248K, used 15555K [0x00000000e0000000, 0x00000000e8000000, 0x00000000e8000000)
  eden space 87424K,   0% used [0x00000000e0000000, 0x00000000e0000000, 0x00000000e5560000)
  from space 21824K,  71% used [0x00000000e6ab0000, 0x00000000e79e0f18, 0x00000000e8000000)
  to   space 21824K,   0% used [0x00000000e5560000, 0x00000000e5560000, 0x00000000e6ab0000)
 concurrent mark-sweep generation total 393216K, used 180938K [0x00000000e8000000, 0x0000000100000000, 0x0000000100000000)
 Metaspace       used 31184K, capacity 31690K, committed 31868K, reserved 1077248K
  class space    used 3529K, capacity 3697K, committed 3708K, reserved 1048576K
}
2018-11-12T14:38:53.477+0100: 268.691: Total time for which application threads were stopped: 0.0054398 seconds, Stopping threads took: 0.0000886 seconds
{Heap before GC invocations=167 (full 2):
 par new generation   total 109248K, used 102979K [0x00000000e0000000, 0x00000000e8000000, 0x00000000e8000000)
  eden space 87424K, 100% used [0x00000000e0000000, 0x00000000e5560000, 0x00000000e5560000)
  from space 21824K,  71% used [0x00000000e6ab0000, 0x00000000e79e0f18, 0x00000000e8000000)
  to   space 21824K,   0% used [0x00000000e5560000, 0x00000000e5560000, 0x00000000e6ab0000)
 concurrent mark-sweep generation total 393216K, used 180938K [0x00000000e8000000, 0x0000000100000000, 0x0000000100000000)
 Metaspace       used 31184K, capacity 31690K, committed 31868K, reserved 1077248K
  class space    used 3529K, capacity 3697K, committed 3708K, reserved 1048576K
2018-11-12T14:38:53.754+0100: 268.968: [GC (Allocation Failure) 2018-11-12T14:38:53.754+0100: 268.968: [ParNew
Desired survivor size 20112992 bytes, new threshold 8 (max 8)
- age   1:     884232 bytes,     884232 total
- age   2:     520192 bytes,    1404424 total
- age   3:    1054096 bytes,    2458520 total
- age   4:    6279544 bytes,    8738064 total
- age   5:     699808 bytes,    9437872 total
- age   6:     526808 bytes,    9964680 total
- age   7:     785728 bytes,   10750408 total
- age   8:     495864 bytes,   11246272 total
: 102979K->12715K(109248K), 0.0032601 secs] 283918K->196289K(502464K), 0.0033401 secs] [Times: user=0.00 sys=0.00, real=0.00 secs] 
Heap after GC invocations=168 (full 2):
 par new generation   total 109248K, used 12715K [0x00000000e0000000, 0x00000000e8000000, 0x00000000e8000000)
  eden space 87424K,   0% used [0x00000000e0000000, 0x00000000e0000000, 0x00000000e5560000)
  from space 21824K,  58% used [0x00000000e5560000, 0x00000000e61cace8, 0x00000000e6ab0000)
  to   space 21824K,   0% used [0x00000000e6ab0000, 0x00000000e6ab0000, 0x00000000e8000000)
 concurrent mark-sweep generation total 393216K, used 183573K [0x00000000e8000000, 0x0000000100000000, 0x0000000100000000)
 Metaspace       used 31184K, capacity 31690K, committed 31868K, reserved 1077248K
  class space    used 3529K, capacity 3697K, committed 3708K, reserved 1048576K
}
2018-11-12T14:38:53.757+0100: 268.971: Total time for which application threads were stopped: 0.0035704 seconds, Stopping threads took: 0.0000229 seconds
{Heap before GC invocations=168 (full 2):
 par new generation   total 109248K, used 100139K [0x00000000e0000000, 0x00000000e8000000, 0x00000000e8000000)
  eden space 87424K, 100% used [0x00000000e0000000, 0x00000000e5560000, 0x00000000e5560000)
  from space 21824K,  58% used [0x00000000e5560000, 0x00000000e61cace8, 0x00000000e6ab0000)
  to   space 21824K,   0% used [0x00000000e6ab0000, 0x00000000e6ab0000, 0x00000000e8000000)
 concurrent mark-sweep generation total 393216K, used 183573K [0x00000000e8000000, 0x0000000100000000, 0x0000000100000000)
 Metaspace       used 31184K, capacity 31690K, committed 31868K, reserved 1077248K
  class space    used 3529K, capacity 3697K, committed 3708K, reserved 1048576K
2018-11-12T14:38:53.986+0100: 269.200: [GC (Allocation Failure) 2018-11-12T14:38:53.986+0100: 269.200: [ParNew
Desired survivor size 20112992 bytes, new threshold 8 (max 8)
- age   1:    1351672 bytes,    1351672 total
- age   2:     493744 bytes,    1845416 total
- age   3:     520192 bytes,    2365608 total
- age   4:    1054096 bytes,    3419704 total
- age   5:    6279544 bytes,    9699248 total
- age   6:     678976 bytes,   10378224 total
- age   7:     526808 bytes,   10905032 total
- age   8:     535472 bytes,   11440504 total
: 100139K->14430K(109248K), 0.0044346 secs] 283713K->198488K(502464K), 0.0045191 secs] [Times: user=0.06 sys=0.00, real=0.00 secs] 
Heap after GC invocations=169 (full 2):
 par new generation   total 109248K, used 14430K [0x00000000e0000000, 0x00000000e8000000, 0x00000000e8000000)
  eden space 87424K,   0% used [0x00000000e0000000, 0x00000000e0000000, 0x00000000e5560000)
  from space 21824K,  66% used [0x00000000e6ab0000, 0x00000000e78c78b0, 0x00000000e8000000)
  to   space 21824K,   0% used [0x00000000e5560000, 0x00000000e5560000, 0x00000000e6ab0000)
 concurrent mark-sweep generation total 393216K, used 184058K [0x00000000e8000000, 0x0000000100000000, 0x0000000100000000)
 Metaspace       used 31184K, capacity 31690K, committed 31868K, reserved 1077248K
  class space    used 3529K, capacity 3697K, committed 3708K, reserved 1048576K
}
2018-11-12T14:38:53.991+0100: 269.204: Total time for which application threads were stopped: 0.0047511 seconds, Stopping threads took: 0.0000250 seconds
2018-11-12T14:38:54.056+0100: 269.269: Total time for which application threads were stopped: 0.0002313 seconds, Stopping threads took: 0.0000325 seconds
{Heap before GC invocations=169 (full 2):
 par new generation   total 109248K, used 101854K [0x00000000e0000000, 0x00000000e8000000, 0x00000000e8000000)
  eden space 87424K, 100% used [0x00000000e0000000, 0x00000000e5560000, 0x00000000e5560000)
  from space 21824K,  66% used [0x00000000e6ab0000, 0x00000000e78c78b0, 0x00000000e8000000)
  to   space 21824K,   0% used [0x00000000e5560000, 0x00000000e5560000, 0x00000000e6ab0000)
 concurrent mark-sweep generation total 393216K, used 184058K [0x00000000e8000000, 0x0000000100000000, 0x0000000100000000)
 Metaspace       used 31184K, capacity 31690K, committed 31868K, reserved 1077248K
  class space    used 3529K, capacity 3697K, committed 3708K, reserved 1048576K
2018-11-12T14:38:54.209+0100: 269.424: [GC (Allocation Failure) 2018-11-12T14:38:54.209+0100: 269.424: [ParNew
Desired survivor size 20112992 bytes, new threshold 8 (max 8)
- age   1:    6233152 bytes,    6233152 total
- age   2:     836696 bytes,    7069848 total
- age   3:     493744 bytes,    7563592 total
- age   4:     520192 bytes,    8083784 total
- age   5:    1054040 bytes,    9137824 total
- age   6:    1523752 bytes,   10661576 total
- age   7:     678976 bytes,   11340552 total
- age   8:     526808 bytes,   11867360 total
: 101854K->13731K(109248K), 0.0033781 secs] 285912K->198313K(502464K), 0.0034712 secs] [Times: user=0.00 sys=0.00, real=0.00 secs] 
Heap after GC invocations=170 (full 2):
 par new generation   total 109248K, used 13731K [0x00000000e0000000, 0x00000000e8000000, 0x00000000e8000000)
  eden space 87424K,   0% used [0x00000000e0000000, 0x00000000e0000000, 0x00000000e5560000)
  from space 21824K,  62% used [0x00000000e5560000, 0x00000000e62c8f90, 0x00000000e6ab0000)
  to   space 21824K,   0% used [0x00000000e6ab0000, 0x00000000e6ab0000, 0x00000000e8000000)
 concurrent mark-sweep generation total 393216K, used 184581K [0x00000000e8000000, 0x0000000100000000, 0x0000000100000000)
 Metaspace       used 31184K, capacity 31690K, committed 31868K, reserved 1077248K
  class space    used 3529K, capacity 3697K, committed 3708K, reserved 1048576K
}
2018-11-12T14:38:54.213+0100: 269.427: Total time for which application threads were stopped: 0.0037096 seconds, Stopping threads took: 0.0000407 seconds
{Heap before GC invocations=170 (full 2):
 par new generation   total 109248K, used 101155K [0x00000000e0000000, 0x00000000e8000000, 0x00000000e8000000)
  eden space 87424K, 100% used [0x00000000e0000000, 0x00000000e5560000, 0x00000000e5560000)
  from space 21824K,  62% used [0x00000000e5560000, 0x00000000e62c8f90, 0x00000000e6ab0000)
  to   space 21824K,   0% used [0x00000000e6ab0000, 0x00000000e6ab0000, 0x00000000e8000000)
 concurrent mark-sweep generation total 393216K, used 184581K [0x00000000e8000000, 0x0000000100000000, 0x0000000100000000)
 Metaspace       used 31184K, capacity 31690K, committed 31868K, reserved 1077248K
  class space    used 3529K, capacity 3697K, committed 3708K, reserved 1048576K
2018-11-12T14:38:54.445+0100: 269.658: [GC (Allocation Failure) 2018-11-12T14:38:54.445+0100: 269.658: [ParNew
Desired survivor size 20112992 bytes, new threshold 8 (max 8)
- age   1:    2137560 bytes,    2137560 total
- age   2:    5841712 bytes,    7979272 total
- age   3:     836672 bytes,    8815944 total
- age   4:     493744 bytes,    9309688 total
- age   5:     520192 bytes,    9829880 total
- age   6:    1054040 bytes,   10883920 total
- age   7:     495152 bytes,   11379072 total
- age   8:     678976 bytes,   12058048 total
: 101155K->13272K(109248K), 0.0034527 secs] 285737K->198368K(502464K), 0.0035375 secs] [Times: user=0.00 sys=0.00, real=0.00 secs] 
Heap after GC invocations=171 (full 2):
 par new generation   total 109248K, used 13272K [0x00000000e0000000, 0x00000000e8000000, 0x00000000e8000000)
  eden space 87424K,   0% used [0x00000000e0000000, 0x00000000e0000000, 0x00000000e5560000)
  from space 21824K,  60% used [0x00000000e6ab0000, 0x00000000e77a62c8, 0x00000000e8000000)
  to   space 21824K,   0% used [0x00000000e5560000, 0x00000000e5560000, 0x00000000e6ab0000)
 concurrent mark-sweep generation total 393216K, used 185095K [0x00000000e8000000, 0x0000000100000000, 0x0000000100000000)
 Metaspace       used 31184K, capacity 31690K, committed 31868K, reserved 1077248K
  class space    used 3529K, capacity 3697K, committed 3708K, reserved 1048576K
}
2018-11-12T14:38:54.448+0100: 269.662: Total time for which application threads were stopped: 0.0037486 seconds, Stopping threads took: 0.0000246 seconds
{Heap before GC invocations=171 (full 2):
 par new generation   total 109248K, used 100696K [0x00000000e0000000, 0x00000000e8000000, 0x00000000e8000000)
  eden space 87424K, 100% used [0x00000000e0000000, 0x00000000e5560000, 0x00000000e5560000)
  from space 21824K,  60% used [0x00000000e6ab0000, 0x00000000e77a62c8, 0x00000000e8000000)
  to   space 21824K,   0% used [0x00000000e5560000, 0x00000000e5560000, 0x00000000e6ab0000)
 concurrent mark-sweep generation total 393216K, used 185095K [0x00000000e8000000, 0x0000000100000000, 0x0000000100000000)
 Metaspace       used 31184K, capacity 31690K, committed 31868K, reserved 1077248K
  class space    used 3529K, capacity 3697K, committed 3708K, reserved 1048576K
2018-11-12T14:38:54.658+0100: 269.873: [GC (Allocation Failure) 2018-11-12T14:38:54.658+0100: 269.873: [ParNew
Desired survivor size 20112992 bytes, new threshold 8 (max 8)
- age   1:    1055048 bytes,    1055048 total
- age   2:    1710264 bytes,    2765312 total
- age   3:    5841712 bytes,    8607024 total
- age   4:     836672 bytes,    9443696 total
- age   5:     493744 bytes,    9937440 total
- age   6:     520192 bytes,   10457632 total
- age   7:    1054040 bytes,   11511672 total
- age   8:     495152 bytes,   12006824 total
: 100696K->13617K(109248K), 0.0033415 secs] 285792K->199376K(502464K), 0.0034284 secs] [Times: user=0.06 sys=0.00, real=0.00 secs] 
Heap after GC invocations=172 (full 2):
 par new generation   total 109248K, used 13617K [0x00000000e0000000, 0x00000000e8000000, 0x00000000e8000000)
  eden space 87424K,   0% used [0x00000000e0000000, 0x00000000e0000000, 0x00000000e5560000)
  from space 21824K,  62% used [0x00000000e5560000, 0x00000000e62ac658, 0x00000000e6ab0000)
  to   space 21824K,   0% used [0x00000000e6ab0000, 0x00000000e6ab0000, 0x00000000e8000000)
 concurrent mark-sweep generation total 393216K, used 185759K [0x00000000e8000000, 0x0000000100000000, 0x0000000100000000)
 Metaspace       used 31184K, capacity 31690K, committed 31868K, reserved 1077248K
  class space    used 3529K, capacity 3697K, committed 3708K, reserved 1048576K
}
2018-11-12T14:38:54.662+0100: 269.876: Total time for which application threads were stopped: 0.0036689 seconds, Stopping threads took: 0.0000243 seconds
{Heap before GC invocations=172 (full 2):
 par new generation   total 109248K, used 101041K [0x00000000e0000000, 0x00000000e8000000, 0x00000000e8000000)
  eden space 87424K, 100% used [0x00000000e0000000, 0x00000000e5560000, 0x00000000e5560000)
  from space 21824K,  62% used [0x00000000e5560000, 0x00000000e62ac658, 0x00000000e6ab0000)
  to   space 21824K,   0% used [0x00000000e6ab0000, 0x00000000e6ab0000, 0x00000000e8000000)
 concurrent mark-sweep generation total 393216K, used 185759K [0x00000000e8000000, 0x0000000100000000, 0x0000000100000000)
 Metaspace       used 31184K, capacity 31690K, committed 31868K, reserved 1077248K
  class space    used 3529K, capacity 3697K, committed 3708K, reserved 1048576K
2018-11-12T14:38:54.900+0100: 270.114: [GC (Allocation Failure) 2018-11-12T14:38:54.900+0100: 270.114: [ParNew
Desired survivor size 20112992 bytes, new threshold 8 (max 8)
- age   1:    1059328 bytes,    1059328 total
- age   2:     527880 bytes,    1587208 total
- age   3:    1710264 bytes,    3297472 total
- age   4:    5841712 bytes,    9139184 total
- age   5:     836672 bytes,    9975856 total
- age   6:     493744 bytes,   10469600 total
- age   7:     520168 bytes,   10989768 total
- age   8:    1054040 bytes,   12043808 total
: 101041K->15680K(109248K), 0.0037671 secs] 286800K->201923K(502464K), 0.0038496 secs] [Times: user=0.00 sys=0.00, real=0.00 secs] 
Heap after GC invocations=173 (full 2):
 par new generation   total 109248K, used 15680K [0x00000000e0000000, 0x00000000e8000000, 0x00000000e8000000)
  eden space 87424K,   0% used [0x00000000e0000000, 0x00000000e0000000, 0x00000000e5560000)
  from space 21824K,  71% used [0x00000000e6ab0000, 0x00000000e7a00228, 0x00000000e8000000)
  to   space 21824K,   0% used [0x00000000e5560000, 0x00000000e5560000, 0x00000000e6ab0000)
 concurrent mark-sweep generation total 393216K, used 186242K [0x00000000e8000000, 0x0000000100000000, 0x0000000100000000)
 Metaspace       used 31184K, capacity 31690K, committed 31868K, reserved 1077248K
  class space    used 3529K, capacity 3697K, committed 3708K, reserved 1048576K
}
2018-11-12T14:38:54.904+0100: 270.118: Total time for which application threads were stopped: 0.0040672 seconds, Stopping threads took: 0.0000253 seconds
{Heap before GC invocations=173 (full 2):
 par new generation   total 109248K, used 103104K [0x00000000e0000000, 0x00000000e8000000, 0x00000000e8000000)
  eden space 87424K, 100% used [0x00000000e0000000, 0x00000000e5560000, 0x00000000e5560000)
  from space 21824K,  71% used [0x00000000e6ab0000, 0x00000000e7a00228, 0x00000000e8000000)
  to   space 21824K,   0% used [0x00000000e5560000, 0x00000000e5560000, 0x00000000e6ab0000)
 concurrent mark-sweep generation total 393216K, used 186242K [0x00000000e8000000, 0x0000000100000000, 0x0000000100000000)
 Metaspace       used 31184K, capacity 31690K, committed 31868K, reserved 1077248K
  class space    used 3529K, capacity 3697K, committed 3708K, reserved 1048576K
2018-11-12T14:38:55.129+0100: 270.343: [GC (Allocation Failure) 2018-11-12T14:38:55.129+0100: 270.343: [ParNew
Desired survivor size 20112992 bytes, new threshold 8 (max 8)
- age   1:    1007520 bytes,    1007520 total
- age   2:     552800 bytes,    1560320 total
- age   3:     525816 bytes,    2086136 total
- age   4:    1875568 bytes,    3961704 total
- age   5:    5841656 bytes,    9803360 total
- age   6:     813184 bytes,   10616544 total
- age   7:     493744 bytes,   11110288 total
- age   8:     520168 bytes,   11630456 total
: 103104K->13168K(109248K), 0.0034226 secs] 289347K->200440K(502464K), 0.0035081 secs] [Times: user=0.00 sys=0.00, real=0.00 secs] 
Heap after GC invocations=174 (full 2):
 par new generation   total 109248K, used 13168K [0x00000000e0000000, 0x00000000e8000000, 0x00000000e8000000)
  eden space 87424K,   0% used [0x00000000e0000000, 0x00000000e0000000, 0x00000000e5560000)
  from space 21824K,  60% used [0x00000000e5560000, 0x00000000e623c020, 0x00000000e6ab0000)
  to   space 21824K,   0% used [0x00000000e6ab0000, 0x00000000e6ab0000, 0x00000000e8000000)
 concurrent mark-sweep generation total 393216K, used 187272K [0x00000000e8000000, 0x0000000100000000, 0x0000000100000000)
 Metaspace       used 31184K, capacity 31690K, committed 31868K, reserved 1077248K
  class space    used 3529K, capacity 3697K, committed 3708K, reserved 1048576K
}
2018-11-12T14:38:55.133+0100: 270.347: Total time for which application threads were stopped: 0.0037599 seconds, Stopping threads took: 0.0000376 seconds
{Heap before GC invocations=174 (full 2):
 par new generation   total 109248K, used 100592K [0x00000000e0000000, 0x00000000e8000000, 0x00000000e8000000)
  eden space 87424K, 100% used [0x00000000e0000000, 0x00000000e5560000, 0x00000000e5560000)
  from space 21824K,  60% used [0x00000000e5560000, 0x00000000e623c020, 0x00000000e6ab0000)
  to   space 21824K,   0% used [0x00000000e6ab0000, 0x00000000e6ab0000, 0x00000000e8000000)
 concurrent mark-sweep generation total 393216K, used 187272K [0x00000000e8000000, 0x0000000100000000, 0x0000000100000000)
 Metaspace       used 31184K, capacity 31690K, committed 31868K, reserved 1077248K
  class space    used 3529K, capacity 3697K, committed 3708K, reserved 1048576K
2018-11-12T14:38:55.362+0100: 270.576: [GC (Allocation Failure) 2018-11-12T14:38:55.362+0100: 270.576: [ParNew
Desired survivor size 20112992 bytes, new threshold 8 (max 8)
- age   1:     966464 bytes,     966464 total
- age   2:     559384 bytes,    1525848 total
- age   3:     552800 bytes,    2078648 total
- age   4:     525816 bytes,    2604464 total
- age   5:    1710264 bytes,    4314728 total
- age   6:    5841632 bytes,   10156360 total
- age   7:     813184 bytes,   10969544 total
- age   8:     493744 bytes,   11463288 total
: 100592K->13898K(109248K), 0.0035594 secs] 287864K->201679K(502464K), 0.0036470 secs] [Times: user=0.06 sys=0.00, real=0.00 secs] 
Heap after GC invocations=175 (full 2):
 par new generation   total 109248K, used 13898K [0x00000000e0000000, 0x00000000e8000000, 0x00000000e8000000)
  eden space 87424K,   0% used [0x00000000e0000000, 0x00000000e0000000, 0x00000000e5560000)
  from space 21824K,  63% used [0x00000000e6ab0000, 0x00000000e7842b30, 0x00000000e8000000)
  to   space 21824K,   0% used [0x00000000e5560000, 0x00000000e5560000, 0x00000000e6ab0000)
 concurrent mark-sweep generation total 393216K, used 187780K [0x00000000e8000000, 0x0000000100000000, 0x0000000100000000)
 Metaspace       used 31184K, capacity 31690K, committed 31868K, reserved 1077248K
  class space    used 3529K, capacity 3697K, committed 3708K, reserved 1048576K
}
2018-11-12T14:38:55.366+0100: 270.579: Total time for which application threads were stopped: 0.0038513 seconds, Stopping threads took: 0.0000277 seconds
{Heap before GC invocations=175 (full 2):
 par new generation   total 109248K, used 101322K [0x00000000e0000000, 0x00000000e8000000, 0x00000000e8000000)
  eden space 87424K, 100% used [0x00000000e0000000, 0x00000000e5560000, 0x00000000e5560000)
  from space 21824K,  63% used [0x00000000e6ab0000, 0x00000000e7842b30, 0x00000000e8000000)
  to   space 21824K,   0% used [0x00000000e5560000, 0x00000000e5560000, 0x00000000e6ab0000)
 concurrent mark-sweep generation total 393216K, used 187780K [0x00000000e8000000, 0x0000000100000000, 0x0000000100000000)
 Metaspace       used 31184K, capacity 31690K, committed 31868K, reserved 1077248K
  class space    used 3529K, capacity 3697K, committed 3708K, reserved 1048576K
2018-11-12T14:38:55.573+0100: 270.787: [GC (Allocation Failure) 2018-11-12T14:38:55.573+0100: 270.787: [ParNew
Desired survivor size 20112992 bytes, new threshold 8 (max 8)
- age   1:    6987056 bytes,    6987056 total
- age   2:     554768 bytes,    7541824 total
- age   3:     557320 bytes,    8099144 total
- age   4:     552800 bytes,    8651944 total
- age   5:     525816 bytes,    9177760 total
- age   6:    1710264 bytes,   10888024 total
- age   7:     491344 bytes,   11379368 total
- age   8:     813184 bytes,   12192552 total
: 101322K->14024K(109248K), 0.0037705 secs] 289103K->202287K(502464K), 0.0038626 secs] [Times: user=0.00 sys=0.00, real=0.00 secs] 
Heap after GC invocations=176 (full 2):
 par new generation   total 109248K, used 14024K [0x00000000e0000000, 0x00000000e8000000, 0x00000000e8000000)
  eden space 87424K,   0% used [0x00000000e0000000, 0x00000000e0000000, 0x00000000e5560000)
  from space 21824K,  64% used [0x00000000e5560000, 0x00000000e6312060, 0x00000000e6ab0000)
  to   space 21824K,   0% used [0x00000000e6ab0000, 0x00000000e6ab0000, 0x00000000e8000000)
 concurrent mark-sweep generation total 393216K, used 188262K [0x00000000e8000000, 0x0000000100000000, 0x0000000100000000)
 Metaspace       used 31184K, capacity 31690K, committed 31868K, reserved 1077248K
  class space    used 3529K, capacity 3697K, committed 3708K, reserved 1048576K
}
2018-11-12T14:38:55.577+0100: 270.791: Total time for which application threads were stopped: 0.0040979 seconds, Stopping threads took: 0.0000253 seconds
{Heap before GC invocations=176 (full 2):
 par new generation   total 109248K, used 101448K [0x00000000e0000000, 0x00000000e8000000, 0x00000000e8000000)
  eden space 87424K, 100% used [0x00000000e0000000, 0x00000000e5560000, 0x00000000e5560000)
  from space 21824K,  64% used [0x00000000e5560000, 0x00000000e6312060, 0x00000000e6ab0000)
  to   space 21824K,   0% used [0x00000000e6ab0000, 0x00000000e6ab0000, 0x00000000e8000000)
 concurrent mark-sweep generation total 393216K, used 188262K [0x00000000e8000000, 0x0000000100000000, 0x0000000100000000)
 Metaspace       used 31184K, capacity 31690K, committed 31868K, reserved 1077248K
  class space    used 3529K, capacity 3697K, committed 3708K, reserved 1048576K
2018-11-12T14:38:55.788+0100: 271.003: [GC (Allocation Failure) 2018-11-12T14:38:55.788+0100: 271.003: [ParNew
Desired survivor size 20112992 bytes, new threshold 8 (max 8)
- age   1:    2260224 bytes,    2260224 total
- age   2:    6544104 bytes,    8804328 total
- age   3:     554768 bytes,    9359096 total
- age   4:     557320 bytes,    9916416 total
- age   5:     552800 bytes,   10469216 total
- age   6:     525792 bytes,   10995008 total
- age   7:     553088 bytes,   11548096 total
- age   8:     491344 bytes,   12039440 total
: 101448K->13524K(109248K), 0.0035885 secs] 289711K->202581K(502464K), 0.0036686 secs] [Times: user=0.00 sys=0.00, real=0.00 secs] 
Heap after GC invocations=177 (full 2):
 par new generation   total 109248K, used 13524K [0x00000000e0000000, 0x00000000e8000000, 0x00000000e8000000)
  eden space 87424K,   0% used [0x00000000e0000000, 0x00000000e0000000, 0x00000000e5560000)
  from space 21824K,  61% used [0x00000000e6ab0000, 0x00000000e77e51c0, 0x00000000e8000000)
  to   space 21824K,   0% used [0x00000000e5560000, 0x00000000e5560000, 0x00000000e6ab0000)
 concurrent mark-sweep generation total 393216K, used 189057K [0x00000000e8000000, 0x0000000100000000, 0x0000000100000000)
 Metaspace       used 31184K, capacity 31690K, committed 31868K, reserved 1077248K
  class space    used 3529K, capacity 3697K, committed 3708K, reserved 1048576K
}
2018-11-12T14:38:55.792+0100: 271.007: Total time for which application threads were stopped: 0.0038769 seconds, Stopping threads took: 0.0000325 seconds
{Heap before GC invocations=177 (full 2):
 par new generation   total 109248K, used 100948K [0x00000000e0000000, 0x00000000e8000000, 0x00000000e8000000)
  eden space 87424K, 100% used [0x00000000e0000000, 0x00000000e5560000, 0x00000000e5560000)
  from space 21824K,  61% used [0x00000000e6ab0000, 0x00000000e77e51c0, 0x00000000e8000000)
  to   space 21824K,   0% used [0x00000000e5560000, 0x00000000e5560000, 0x00000000e6ab0000)
 concurrent mark-sweep generation total 393216K, used 189057K [0x00000000e8000000, 0x0000000100000000, 0x0000000100000000)
 Metaspace       used 31184K, capacity 31690K, committed 31868K, reserved 1077248K
  class space    used 3529K, capacity 3697K, committed 3708K, reserved 1048576K
2018-11-12T14:38:56.018+0100: 271.232: [GC (Allocation Failure) 2018-11-12T14:38:56.018+0100: 271.232: [ParNew
Desired survivor size 20112992 bytes, new threshold 8 (max 8)
- age   1:    1024272 bytes,    1024272 total
- age   2:    1830000 bytes,    2854272 total
- age   3:    6544104 bytes,    9398376 total
- age   4:     554768 bytes,    9953144 total
- age   5:     557264 bytes,   10510408 total
- age   6:     552800 bytes,   11063208 total
- age   7:     525792 bytes,   11589000 total
- age   8:     553088 bytes,   12142088 total
: 100948K->13038K(109248K), 0.0036354 secs] 290005K->202575K(502464K), 0.0037226 secs] [Times: user=0.05 sys=0.00, real=0.00 secs] 
Heap after GC invocations=178 (full 2):
 par new generation   total 109248K, used 13038K [0x00000000e0000000, 0x00000000e8000000, 0x00000000e8000000)
  eden space 87424K,   0% used [0x00000000e0000000, 0x00000000e0000000, 0x00000000e5560000)
  from space 21824K,  59% used [0x00000000e5560000, 0x00000000e621ba50, 0x00000000e6ab0000)
  to   space 21824K,   0% used [0x00000000e6ab0000, 0x00000000e6ab0000, 0x00000000e8000000)
 concurrent mark-sweep generation total 393216K, used 189537K [0x00000000e8000000, 0x0000000100000000, 0x0000000100000000)
 Metaspace       used 31184K, capacity 31690K, committed 31868K, reserved 1077248K
  class space    used 3529K, capacity 3697K, committed 3708K, reserved 1048576K
}
2018-11-12T14:38:56.021+0100: 271.236: Total time for which application threads were stopped: 0.0039194 seconds, Stopping threads took: 0.0000250 seconds
{Heap before GC invocations=178 (full 2):
 par new generation   total 109248K, used 100462K [0x00000000e0000000, 0x00000000e8000000, 0x00000000e8000000)
  eden space 87424K, 100% used [0x00000000e0000000, 0x00000000e5560000, 0x00000000e5560000)
  from space 21824K,  59% used [0x00000000e5560000, 0x00000000e621ba50, 0x00000000e6ab0000)
  to   space 21824K,   0% used [0x00000000e6ab0000, 0x00000000e6ab0000, 0x00000000e8000000)
 concurrent mark-sweep generation total 393216K, used 189537K [0x00000000e8000000, 0x0000000100000000, 0x0000000100000000)
 Metaspace       used 31184K, capacity 31690K, committed 31868K, reserved 1077248K
  class space    used 3529K, capacity 3697K, committed 3708K, reserved 1048576K
2018-11-12T14:38:56.229+0100: 271.443: [GC (Allocation Failure) 2018-11-12T14:38:56.229+0100: 271.443: [ParNew
Desired survivor size 20112992 bytes, new threshold 8 (max 8)
- age   1:    1305016 bytes,    1305016 total
- age   2:     552008 bytes,    1857024 total
- age   3:    2011856 bytes,    3868880 total
- age   4:    6544104 bytes,   10412984 total
- age   5:     554768 bytes,   10967752 total
- age   6:     557264 bytes,   11525016 total
- age   7:     552800 bytes,   12077816 total
- age   8:     525792 bytes,   12603608 total
: 100462K->13890K(109248K), 0.0037404 secs] 289999K->203968K(502464K), 0.0038219 secs] [Times: user=0.00 sys=0.00, real=0.00 secs] 
Heap after GC invocations=179 (full 2):
 par new generation   total 109248K, used 13890K [0x00000000e0000000, 0x00000000e8000000, 0x00000000e8000000)
  eden space 87424K,   0% used [0x00000000e0000000, 0x00000000e0000000, 0x00000000e5560000)
  from space 21824K,  63% used [0x00000000e6ab0000, 0x00000000e7840ba0, 0x00000000e8000000)
  to   space 21824K,   0% used [0x00000000e5560000, 0x00000000e5560000, 0x00000000e6ab0000)
 concurrent mark-sweep generation total 393216K, used 190077K [0x00000000e8000000, 0x0000000100000000, 0x0000000100000000)
 Metaspace       used 31184K, capacity 31690K, committed 31868K, reserved 1077248K
  class space    used 3529K, capacity 3697K, committed 3708K, reserved 1048576K
}
2018-11-12T14:38:56.233+0100: 271.447: Total time for which application threads were stopped: 0.0040240 seconds, Stopping threads took: 0.0000260 seconds
{Heap before GC invocations=179 (full 2):
 par new generation   total 109248K, used 101314K [0x00000000e0000000, 0x00000000e8000000, 0x00000000e8000000)
  eden space 87424K, 100% used [0x00000000e0000000, 0x00000000e5560000, 0x00000000e5560000)
  from space 21824K,  63% used [0x00000000e6ab0000, 0x00000000e7840ba0, 0x00000000e8000000)
  to   space 21824K,   0% used [0x00000000e5560000, 0x00000000e5560000, 0x00000000e6ab0000)
 concurrent mark-sweep generation total 393216K, used 190077K [0x00000000e8000000, 0x0000000100000000, 0x0000000100000000)
 Metaspace       used 31184K, capacity 31690K, committed 31868K, reserved 1077248K
  class space    used 3529K, capacity 3697K, committed 3708K, reserved 1048576K
2018-11-12T14:38:56.460+0100: 271.675: [GC (Allocation Failure) 2018-11-12T14:38:56.460+0100: 271.675: [ParNew
Desired survivor size 20112992 bytes, new threshold 8 (max 8)
- age   1:     923816 bytes,     923816 total
- age   2:     886264 bytes,    1810080 total
- age   3:     552008 bytes,    2362088 total
- age   4:    1825888 bytes,    4187976 total
- age   5:    6585704 bytes,   10773680 total
- age   6:     636928 bytes,   11410608 total
- age   7:     611968 bytes,   12022576 total
- age   8:     632880 bytes,   12655456 total
: 101314K->13832K(109248K), 0.0036299 secs] 291392K->204424K(502464K), 0.0037685 secs] [Times: user=0.00 sys=0.00, real=0.00 secs] 
Heap after GC invocations=180 (full 2):
 par new generation   total 109248K, used 13832K [0x00000000e0000000, 0x00000000e8000000, 0x00000000e8000000)
  eden space 87424K,   0% used [0x00000000e0000000, 0x00000000e0000000, 0x00000000e5560000)
  from space 21824K,  63% used [0x00000000e5560000, 0x00000000e62e2380, 0x00000000e6ab0000)
  to   space 21824K,   0% used [0x00000000e6ab0000, 0x00000000e6ab0000, 0x00000000e8000000)
 concurrent mark-sweep generation total 393216K, used 190591K [0x00000000e8000000, 0x0000000100000000, 0x0000000100000000)
 Metaspace       used 31184K, capacity 31690K, committed 31868K, reserved 1077248K
  class space    used 3529K, capacity 3697K, committed 3708K, reserved 1048576K
}
2018-11-12T14:38:56.464+0100: 271.679: Total time for which application threads were stopped: 0.0039714 seconds, Stopping threads took: 0.0000352 seconds
{Heap before GC invocations=180 (full 2):
 par new generation   total 109248K, used 101256K [0x00000000e0000000, 0x00000000e8000000, 0x00000000e8000000)
  eden space 87424K, 100% used [0x00000000e0000000, 0x00000000e5560000, 0x00000000e5560000)
  from space 21824K,  63% used [0x00000000e5560000, 0x00000000e62e2380, 0x00000000e6ab0000)
  to   space 21824K,   0% used [0x00000000e6ab0000, 0x00000000e6ab0000, 0x00000000e8000000)
 concurrent mark-sweep generation total 393216K, used 190591K [0x00000000e8000000, 0x0000000100000000, 0x0000000100000000)
 Metaspace       used 31184K, capacity 31690K, committed 31868K, reserved 1077248K
  class space    used 3529K, capacity 3697K, committed 3708K, reserved 1048576K
2018-11-12T14:38:56.696+0100: 271.911: [GC (Allocation Failure) 2018-11-12T14:38:56.696+0100: 271.911: [ParNew
Desired survivor size 20112992 bytes, new threshold 8 (max 8)
- age   1:     987760 bytes,     987760 total
- age   2:     568912 bytes,    1556672 total
- age   3:     886264 bytes,    2442936 total
- age   4:     552008 bytes,    2994944 total
- age   5:    2011856 bytes,    5006800 total
- age   6:    6544104 bytes,   11550904 total
- age   7:     554768 bytes,   12105672 total
- age   8:     530848 bytes,   12636520 total
: 101256K->13595K(109248K), 0.0036597 secs] 291848K->204726K(502464K), 0.0037435 secs] [Times: user=0.00 sys=0.00, real=0.00 secs] 
Heap after GC invocations=181 (full 2):
 par new generation   total 109248K, used 13595K [0x00000000e0000000, 0x00000000e8000000, 0x00000000e8000000)
  eden space 87424K,   0% used [0x00000000e0000000, 0x00000000e0000000, 0x00000000e5560000)
  from space 21824K,  62% used [0x00000000e6ab0000, 0x00000000e77f6c50, 0x00000000e8000000)
  to   space 21824K,   0% used [0x00000000e5560000, 0x00000000e5560000, 0x00000000e6ab0000)
 concurrent mark-sweep generation total 393216K, used 191131K [0x00000000e8000000, 0x0000000100000000, 0x0000000100000000)
 Metaspace       used 31184K, capacity 31690K, committed 31868K, reserved 1077248K
  class space    used 3529K, capacity 3697K, committed 3708K, reserved 1048576K
}
2018-11-12T14:38:56.700+0100: 271.915: Total time for which application threads were stopped: 0.0039375 seconds, Stopping threads took: 0.0000246 seconds
{Heap before GC invocations=181 (full 2):
 par new generation   total 109248K, used 101019K [0x00000000e0000000, 0x00000000e8000000, 0x00000000e8000000)
  eden space 87424K, 100% used [0x00000000e0000000, 0x00000000e5560000, 0x00000000e5560000)
  from space 21824K,  62% used [0x00000000e6ab0000, 0x00000000e77f6c50, 0x00000000e8000000)
  to   space 21824K,   0% used [0x00000000e5560000, 0x00000000e5560000, 0x00000000e6ab0000)
 concurrent mark-sweep generation total 393216K, used 191131K [0x00000000e8000000, 0x0000000100000000, 0x0000000100000000)
 Metaspace       used 31184K, capacity 31690K, committed 31868K, reserved 1077248K
  class space    used 3529K, capacity 3697K, committed 3708K, reserved 1048576K
2018-11-12T14:38:56.961+0100: 272.176: [GC (Allocation Failure) 2018-11-12T14:38:56.961+0100: 272.176: [ParNew
Desired survivor size 20112992 bytes, new threshold 8 (max 8)
- age   1:    7686456 bytes,    7686456 total
- age   2:     523280 bytes,    8209736 total
- age   3:     564800 bytes,    8774536 total
- age   4:     886264 bytes,    9660800 total
- age   5:     552008 bytes,   10212808 total
- age   6:    1825888 bytes,   12038696 total
- age   7:     525064 bytes,   12563760 total
- age   8:     554768 bytes,   13118528 total
: 101019K->15552K(109248K), 0.0035451 secs] 292150K->207202K(502464K), 0.0037397 secs] [Times: user=0.00 sys=0.00, real=0.00 secs] 
Heap after GC invocations=182 (full 2):
 par new generation   total 109248K, used 15552K [0x00000000e0000000, 0x00000000e8000000, 0x00000000e8000000)
  eden space 87424K,   0% used [0x00000000e0000000, 0x00000000e0000000, 0x00000000e5560000)
  from space 21824K,  71% used [0x00000000e5560000, 0x00000000e64903c0, 0x00000000e6ab0000)
  to   space 21824K,   0% used [0x00000000e6ab0000, 0x00000000e6ab0000, 0x00000000e8000000)
 concurrent mark-sweep generation total 393216K, used 191649K [0x00000000e8000000, 0x0000000100000000, 0x0000000100000000)
 Metaspace       used 31184K, capacity 31690K, committed 31868K, reserved 1077248K
  class space    used 3529K, capacity 3697K, committed 3708K, reserved 1048576K
}
2018-11-12T14:38:56.965+0100: 272.179: Total time for which application threads were stopped: 0.0039406 seconds, Stopping threads took: 0.0000284 seconds
{Heap before GC invocations=182 (full 2):
 par new generation   total 109248K, used 102976K [0x00000000e0000000, 0x00000000e8000000, 0x00000000e8000000)
  eden space 87424K, 100% used [0x00000000e0000000, 0x00000000e5560000, 0x00000000e5560000)
  from space 21824K,  71% used [0x00000000e5560000, 0x00000000e64903c0, 0x00000000e6ab0000)
  to   space 21824K,   0% used [0x00000000e6ab0000, 0x00000000e6ab0000, 0x00000000e8000000)
 concurrent mark-sweep generation total 393216K, used 191649K [0x00000000e8000000, 0x0000000100000000, 0x0000000100000000)
 Metaspace       used 31186K, capacity 31690K, committed 31868K, reserved 1077248K
  class space    used 3529K, capacity 3697K, committed 3708K, reserved 1048576K
2018-11-12T14:38:57.251+0100: 272.465: [GC (Allocation Failure) 2018-11-12T14:38:57.251+0100: 272.465: [ParNew
Desired survivor size 20112992 bytes, new threshold 8 (max 8)
- age   1:     909768 bytes,     909768 total
- age   2:    7222144 bytes,    8131912 total
- age   3:     523280 bytes,    8655192 total
- age   4:     564800 bytes,    9219992 total
- age   5:     886264 bytes,   10106256 total
- age   6:     551952 bytes,   10658208 total
- age   7:    1825864 bytes,   12484072 total
- age   8:     569784 bytes,   13053856 total
: 102976K->16367K(109248K), 0.0036758 secs] 294626K->208558K(502464K), 0.0037736 secs] [Times: user=0.06 sys=0.00, real=0.00 secs] 
Heap after GC invocations=183 (full 2):
 par new generation   total 109248K, used 16367K [0x00000000e0000000, 0x00000000e8000000, 0x00000000e8000000)
  eden space 87424K,   0% used [0x00000000e0000000, 0x00000000e0000000, 0x00000000e5560000)
  from space 21824K,  74% used [0x00000000e6ab0000, 0x00000000e7aabc60, 0x00000000e8000000)
  to   space 21824K,   0% used [0x00000000e5560000, 0x00000000e5560000, 0x00000000e6ab0000)
 concurrent mark-sweep generation total 393216K, used 192191K [0x00000000e8000000, 0x0000000100000000, 0x0000000100000000)
 Metaspace       used 31186K, capacity 31690K, committed 31868K, reserved 1077248K
  class space    used 3529K, capacity 3697K, committed 3708K, reserved 1048576K
}
2018-11-12T14:38:57.255+0100: 272.469: Total time for which application threads were stopped: 0.0040405 seconds, Stopping threads took: 0.0000411 seconds
2018-11-12T14:38:57.328+0100: 272.542: Total time for which application threads were stopped: 0.0001485 seconds, Stopping threads took: 0.0000407 seconds
2018-11-12T14:38:57.333+0100: 272.547: Total time for which application threads were stopped: 0.0001605 seconds, Stopping threads took: 0.0000520 seconds
2018-11-12T14:38:57.333+0100: 272.548: Total time for which application threads were stopped: 0.0004013 seconds, Stopping threads took: 0.0000349 seconds
2018-11-12T14:38:57.356+0100: 272.570: Total time for which application threads were stopped: 0.0001488 seconds, Stopping threads took: 0.0000575 seconds
2018-11-12T14:38:57.357+0100: 272.571: Total time for which application threads were stopped: 0.0001211 seconds, Stopping threads took: 0.0000486 seconds
2018-11-12T14:38:57.357+0100: 272.571: Total time for which application threads were stopped: 0.0000746 seconds, Stopping threads took: 0.0000301 seconds
2018-11-12T14:38:57.402+0100: 272.617: Total time for which application threads were stopped: 0.0001687 seconds, Stopping threads took: 0.0000640 seconds
{Heap before GC invocations=183 (full 2):
 par new generation   total 109248K, used 103791K [0x00000000e0000000, 0x00000000e8000000, 0x00000000e8000000)
  eden space 87424K, 100% used [0x00000000e0000000, 0x00000000e5560000, 0x00000000e5560000)
  from space 21824K,  74% used [0x00000000e6ab0000, 0x00000000e7aabc60, 0x00000000e8000000)
  to   space 21824K,   0% used [0x00000000e5560000, 0x00000000e5560000, 0x00000000e6ab0000)
 concurrent mark-sweep generation total 393216K, used 192191K [0x00000000e8000000, 0x0000000100000000, 0x0000000100000000)
 Metaspace       used 31192K, capacity 31690K, committed 31868K, reserved 1077248K
  class space    used 3529K, capacity 3697K, committed 3708K, reserved 1048576K
2018-11-12T14:38:57.609+0100: 272.823: [GC (Allocation Failure) 2018-11-12T14:38:57.609+0100: 272.823: [ParNew
Desired survivor size 20112992 bytes, new threshold 8 (max 8)
- age   1:    3090256 bytes,    3090256 total
- age   2:     534200 bytes,    3624456 total
- age   3:    7221664 bytes,   10846120 total
- age   4:     523040 bytes,   11369160 total
- age   5:     564320 bytes,   11933480 total
- age   6:     886072 bytes,   12819552 total
- age   7:     551616 bytes,   13371168 total
- age   8:     523752 bytes,   13894920 total
: 103791K->14396K(109248K), 0.0036799 secs] 295982K->207101K(502464K), 0.0037914 secs] [Times: user=0.06 sys=0.00, real=0.00 secs] 
Heap after GC invocations=184 (full 2):
 par new generation   total 109248K, used 14396K [0x00000000e0000000, 0x00000000e8000000, 0x00000000e8000000)
  eden space 87424K,   0% used [0x00000000e0000000, 0x00000000e0000000, 0x00000000e5560000)
  from space 21824K,  65% used [0x00000000e5560000, 0x00000000e636f3c0, 0x00000000e6ab0000)
  to   space 21824K,   0% used [0x00000000e6ab0000, 0x00000000e6ab0000, 0x00000000e8000000)
 concurrent mark-sweep generation total 393216K, used 192704K [0x00000000e8000000, 0x0000000100000000, 0x0000000100000000)
 Metaspace       used 31192K, capacity 31690K, committed 31868K, reserved 1077248K
  class space    used 3529K, capacity 3697K, committed 3708K, reserved 1048576K
}
2018-11-12T14:38:57.613+0100: 272.827: Total time for which application threads were stopped: 0.0043853 seconds, Stopping threads took: 0.0003671 seconds
{Heap before GC invocations=184 (full 2):
 par new generation   total 109248K, used 101820K [0x00000000e0000000, 0x00000000e8000000, 0x00000000e8000000)
  eden space 87424K, 100% used [0x00000000e0000000, 0x00000000e5560000, 0x00000000e5560000)
  from space 21824K,  65% used [0x00000000e5560000, 0x00000000e636f3c0, 0x00000000e6ab0000)
  to   space 21824K,   0% used [0x00000000e6ab0000, 0x00000000e6ab0000, 0x00000000e8000000)
 concurrent mark-sweep generation total 393216K, used 192704K [0x00000000e8000000, 0x0000000100000000, 0x0000000100000000)
 Metaspace       used 31193K, capacity 31690K, committed 31868K, reserved 1077248K
  class space    used 3529K, capacity 3697K, committed 3708K, reserved 1048576K
2018-11-12T14:38:57.894+0100: 273.108: [GC (Allocation Failure) 2018-11-12T14:38:57.894+0100: 273.108: [ParNew
Desired survivor size 20112992 bytes, new threshold 8 (max 8)
- age   1:    1639056 bytes,    1639056 total
- age   2:    2421728 bytes,    4060784 total
- age   3:     534200 bytes,    4594984 total
- age   4:    7221664 bytes,   11816648 total
- age   5:     523040 bytes,   12339688 total
- age   6:     564320 bytes,   12904008 total
- age   7:     886072 bytes,   13790080 total
- age   8:     551616 bytes,   14341696 total
: 101820K->16629K(109248K), 0.0037175 secs] 294525K->209845K(502464K), 0.0038136 secs] [Times: user=0.00 sys=0.00, real=0.00 secs] 
Heap after GC invocations=185 (full 2):
 par new generation   total 109248K, used 16629K [0x00000000e0000000, 0x00000000e8000000, 0x00000000e8000000)
  eden space 87424K,   0% used [0x00000000e0000000, 0x00000000e0000000, 0x00000000e5560000)
  from space 21824K,  76% used [0x00000000e6ab0000, 0x00000000e7aed620, 0x00000000e8000000)
  to   space 21824K,   0% used [0x00000000e5560000, 0x00000000e5560000, 0x00000000e6ab0000)
 concurrent mark-sweep generation total 393216K, used 193215K [0x00000000e8000000, 0x0000000100000000, 0x0000000100000000)
 Metaspace       used 31193K, capacity 31690K, committed 31868K, reserved 1077248K
  class space    used 3529K, capacity 3697K, committed 3708K, reserved 1048576K
}
2018-11-12T14:38:57.898+0100: 273.112: Total time for which application threads were stopped: 0.0045920 seconds, Stopping threads took: 0.0005402 seconds
{Heap before GC invocations=185 (full 2):
 par new generation   total 109248K, used 104053K [0x00000000e0000000, 0x00000000e8000000, 0x00000000e8000000)
  eden space 87424K, 100% used [0x00000000e0000000, 0x00000000e5560000, 0x00000000e5560000)
  from space 21824K,  76% used [0x00000000e6ab0000, 0x00000000e7aed620, 0x00000000e8000000)
  to   space 21824K,   0% used [0x00000000e5560000, 0x00000000e5560000, 0x00000000e6ab0000)
 concurrent mark-sweep generation total 393216K, used 193215K [0x00000000e8000000, 0x0000000100000000, 0x0000000100000000)
 Metaspace       used 31194K, capacity 31690K, committed 31868K, reserved 1077248K
  class space    used 3529K, capacity 3697K, committed 3708K, reserved 1048576K
2018-11-12T14:38:58.044+0100: 273.258: [GC (Allocation Failure) 2018-11-12T14:38:58.044+0100: 273.258: [ParNew
Desired survivor size 20112992 bytes, new threshold 8 (max 8)
- age   1:    1208544 bytes,    1208544 total
- age   2:     640152 bytes,    1848696 total
- age   3:    2622736 bytes,    4471432 total
- age   4:     534144 bytes,    5005576 total
- age   5:    7221664 bytes,   12227240 total
- age   6:     523040 bytes,   12750280 total
- age   7:     564320 bytes,   13314600 total
- age   8:     886072 bytes,   14200672 total
: 104053K->15606K(109248K), 0.0039248 secs] 297269K->209360K(502464K), 0.0040247 secs] [Times: user=0.00 sys=0.00, real=0.00 secs] 
Heap after GC invocations=186 (full 2):
 par new generation   total 109248K, used 15606K [0x00000000e0000000, 0x00000000e8000000, 0x00000000e8000000)
  eden space 87424K,   0% used [0x00000000e0000000, 0x00000000e0000000, 0x00000000e5560000)
  from space 21824K,  71% used [0x00000000e5560000, 0x00000000e649d8d0, 0x00000000e6ab0000)
  to   space 21824K,   0% used [0x00000000e6ab0000, 0x00000000e6ab0000, 0x00000000e8000000)
 concurrent mark-sweep generation total 393216K, used 193754K [0x00000000e8000000, 0x0000000100000000, 0x0000000100000000)
 Metaspace       used 31194K, capacity 31690K, committed 31868K, reserved 1077248K
  class space    used 3529K, capacity 3697K, committed 3708K, reserved 1048576K
}
2018-11-12T14:38:58.048+0100: 273.262: Total time for which application threads were stopped: 0.0043638 seconds, Stopping threads took: 0.0000660 seconds
{Heap before GC invocations=186 (full 2):
 par new generation   total 109248K, used 103030K [0x00000000e0000000, 0x00000000e8000000, 0x00000000e8000000)
  eden space 87424K, 100% used [0x00000000e0000000, 0x00000000e5560000, 0x00000000e5560000)
  from space 21824K,  71% used [0x00000000e5560000, 0x00000000e649d8d0, 0x00000000e6ab0000)
  to   space 21824K,   0% used [0x00000000e6ab0000, 0x00000000e6ab0000, 0x00000000e8000000)
 concurrent mark-sweep generation total 393216K, used 193754K [0x00000000e8000000, 0x0000000100000000, 0x0000000100000000)
 Metaspace       used 31194K, capacity 31690K, committed 31868K, reserved 1077248K
  class space    used 3529K, capacity 3697K, committed 3708K, reserved 1048576K
2018-11-12T14:38:58.137+0100: 273.350: [GC (Allocation Failure) 2018-11-12T14:38:58.137+0100: 273.351: [ParNew
Desired survivor size 20112992 bytes, new threshold 8 (max 8)
- age   1:    1160104 bytes,    1160104 total
- age   2:     491128 bytes,    1651232 total
- age   3:     594048 bytes,    2245280 total
- age   4:    2446304 bytes,    4691584 total
- age   5:     534144 bytes,    5225728 total
- age   6:    7221664 bytes,   12447392 total
- age   7:     523040 bytes,   12970432 total
- age   8:     564320 bytes,   13534752 total
: 103030K->17190K(109248K), 0.0039830 secs] 296784K->211810K(502464K), 0.0040583 secs] [Times: user=0.00 sys=0.00, real=0.00 secs] 
Heap after GC invocations=187 (full 2):
 par new generation   total 109248K, used 17190K [0x00000000e0000000, 0x00000000e8000000, 0x00000000e8000000)
  eden space 87424K,   0% used [0x00000000e0000000, 0x00000000e0000000, 0x00000000e5560000)
  from space 21824K,  78% used [0x00000000e6ab0000, 0x00000000e7b799f0, 0x00000000e8000000)
  to   space 21824K,   0% used [0x00000000e5560000, 0x00000000e5560000, 0x00000000e6ab0000)
 concurrent mark-sweep generation total 393216K, used 194620K [0x00000000e8000000, 0x0000000100000000, 0x0000000100000000)
 Metaspace       used 31194K, capacity 31690K, committed 31868K, reserved 1077248K
  class space    used 3529K, capacity 3697K, committed 3708K, reserved 1048576K
}
2018-11-12T14:38:58.141+0100: 273.355: Total time for which application threads were stopped: 0.0043125 seconds, Stopping threads took: 0.0000499 seconds
2018-11-12T14:38:58.236+0100: 273.451: Total time for which application threads were stopped: 0.0001526 seconds, Stopping threads took: 0.0000513 seconds
{Heap before GC invocations=187 (full 2):
 par new generation   total 109248K, used 104594K [0x00000000e0000000, 0x00000000e8000000, 0x00000000e8000000)
  eden space 87424K,  99% used [0x00000000e0000000, 0x00000000e555b208, 0x00000000e5560000)
  from space 21824K,  78% used [0x00000000e6ab0000, 0x00000000e7b799f0, 0x00000000e8000000)
  to   space 21824K,   0% used [0x00000000e5560000, 0x00000000e5560000, 0x00000000e6ab0000)
 concurrent mark-sweep generation total 393216K, used 194620K [0x00000000e8000000, 0x0000000100000000, 0x0000000100000000)
 Metaspace       used 31196K, capacity 31690K, committed 31868K, reserved 1077248K
  class space    used 3529K, capacity 3697K, committed 3708K, reserved 1048576K
2018-11-12T14:38:58.239+0100: 273.453: [GC (Allocation Failure) 2018-11-12T14:38:58.239+0100: 273.453: [ParNew
Desired survivor size 20112992 bytes, new threshold 8 (max 8)
- age   1:     930344 bytes,     930344 total
- age   2:     237104 bytes,    1167448 total
- age   3:     454104 bytes,    1621552 total
- age   4:     593504 bytes,    2215056 total
- age   5:    2446248 bytes,    4661304 total
- age   6:     534144 bytes,    5195448 total
- age   7:    7221664 bytes,   12417112 total
- age   8:     523040 bytes,   12940152 total
: 104594K->15204K(109248K), 0.0033494 secs] 299215K->210375K(502464K), 0.0034387 secs] [Times: user=0.00 sys=0.00, real=0.00 secs] 
Heap after GC invocations=188 (full 2):
 par new generation   total 109248K, used 15204K [0x00000000e0000000, 0x00000000e8000000, 0x00000000e8000000)
  eden space 87424K,   0% used [0x00000000e0000000, 0x00000000e0000000, 0x00000000e5560000)
  from space 21824K,  69% used [0x00000000e5560000, 0x00000000e64391f0, 0x00000000e6ab0000)
  to   space 21824K,   0% used [0x00000000e6ab0000, 0x00000000e6ab0000, 0x00000000e8000000)
 concurrent mark-sweep generation total 393216K, used 195171K [0x00000000e8000000, 0x0000000100000000, 0x0000000100000000)
 Metaspace       used 31196K, capacity 31690K, committed 31868K, reserved 1077248K
  class space    used 3529K, capacity 3697K, committed 3708K, reserved 1048576K
}
2018-11-12T14:38:58.242+0100: 273.457: Total time for which application threads were stopped: 0.0036771 seconds, Stopping threads took: 0.0000496 seconds
{Heap before GC invocations=188 (full 2):
 par new generation   total 109248K, used 102628K [0x00000000e0000000, 0x00000000e8000000, 0x00000000e8000000)
  eden space 87424K, 100% used [0x00000000e0000000, 0x00000000e5560000, 0x00000000e5560000)
  from space 21824K,  69% used [0x00000000e5560000, 0x00000000e64391f0, 0x00000000e6ab0000)
  to   space 21824K,   0% used [0x00000000e6ab0000, 0x00000000e6ab0000, 0x00000000e8000000)
 concurrent mark-sweep generation total 393216K, used 195171K [0x00000000e8000000, 0x0000000100000000, 0x0000000100000000)
 Metaspace       used 31196K, capacity 31690K, committed 31868K, reserved 1077248K
  class space    used 3529K, capacity 3697K, committed 3708K, reserved 1048576K
2018-11-12T14:38:58.330+0100: 273.544: [GC (Allocation Failure) 2018-11-12T14:38:58.330+0100: 273.544: [ParNew
Desired survivor size 20112992 bytes, new threshold 8 (max 8)
- age   1:     590336 bytes,     590336 total
- age   2:     619600 bytes,    1209936 total
- age   3:     159872 bytes,    1369808 total
- age   4:     417496 bytes,    1787304 total
- age   5:     593504 bytes,    2380808 total
- age   6:    2622680 bytes,    5003488 total
- age   7:     534144 bytes,    5537632 total
- age   8:    7221664 bytes,   12759296 total
: 102628K->13626K(109248K), 0.0034637 secs] 297799K->209308K(502464K), 0.0035499 secs] [Times: user=0.06 sys=0.00, real=0.00 secs] 
Heap after GC invocations=189 (full 2):
 par new generation   total 109248K, used 13626K [0x00000000e0000000, 0x00000000e8000000, 0x00000000e8000000)
  eden space 87424K,   0% used [0x00000000e0000000, 0x00000000e0000000, 0x00000000e5560000)
  from space 21824K,  62% used [0x00000000e6ab0000, 0x00000000e77fe850, 0x00000000e8000000)
  to   space 21824K,   0% used [0x00000000e5560000, 0x00000000e5560000, 0x00000000e6ab0000)
 concurrent mark-sweep generation total 393216K, used 195682K [0x00000000e8000000, 0x0000000100000000, 0x0000000100000000)
 Metaspace       used 31196K, capacity 31690K, committed 31868K, reserved 1077248K
  class space    used 3529K, capacity 3697K, committed 3708K, reserved 1048576K
}
2018-11-12T14:38:58.333+0100: 273.548: Total time for which application threads were stopped: 0.0038410 seconds, Stopping threads took: 0.0000565 seconds
2018-11-12T14:38:58.521+0100: 273.736: Total time for which application threads were stopped: 0.0001663 seconds, Stopping threads took: 0.0000544 seconds
2018-11-12T14:38:58.522+0100: 273.737: Total time for which application threads were stopped: 0.0000910 seconds, Stopping threads took: 0.0000349 seconds
2018-11-12T14:38:58.555+0100: 273.770: Total time for which application threads were stopped: 0.0001803 seconds, Stopping threads took: 0.0000544 seconds
{Heap before GC invocations=189 (full 2):
 par new generation   total 109248K, used 101050K [0x00000000e0000000, 0x00000000e8000000, 0x00000000e8000000)
  eden space 87424K, 100% used [0x00000000e0000000, 0x00000000e5560000, 0x00000000e5560000)
  from space 21824K,  62% used [0x00000000e6ab0000, 0x00000000e77fe850, 0x00000000e8000000)
  to   space 21824K,   0% used [0x00000000e5560000, 0x00000000e5560000, 0x00000000e6ab0000)
 concurrent mark-sweep generation total 393216K, used 195682K [0x00000000e8000000, 0x0000000100000000, 0x0000000100000000)
 Metaspace       used 31209K, capacity 31690K, committed 31868K, reserved 1077248K
  class space    used 3529K, capacity 3697K, committed 3708K, reserved 1048576K
2018-11-12T14:38:58.560+0100: 273.775: [GC (Allocation Failure) 2018-11-12T14:38:58.560+0100: 273.775: [ParNew
Desired survivor size 20112992 bytes, new threshold 8 (max 8)
- age   1:    2553664 bytes,    2553664 total
- age   2:     151160 bytes,    2704824 total
- age   3:     174656 bytes,    2879480 total
- age   4:     159680 bytes,    3039160 total
- age   5:     417032 bytes,    3456192 total
- age   6:     536320 bytes,    3992512 total
- age   7:    2277264 bytes,    6269776 total
- age   8:     533544 bytes,    6803320 total
: 101050K->8519K(109248K), 0.0055704 secs] 296732K->211253K(502464K), 0.0056546 secs] [Times: user=0.06 sys=0.00, real=0.01 secs] 
Heap after GC invocations=190 (full 2):
 par new generation   total 109248K, used 8519K [0x00000000e0000000, 0x00000000e8000000, 0x00000000e8000000)
  eden space 87424K,   0% used [0x00000000e0000000, 0x00000000e0000000, 0x00000000e5560000)
  from space 21824K,  39% used [0x00000000e5560000, 0x00000000e5db1e30, 0x00000000e6ab0000)
  to   space 21824K,   0% used [0x00000000e6ab0000, 0x00000000e6ab0000, 0x00000000e8000000)
 concurrent mark-sweep generation total 393216K, used 202734K [0x00000000e8000000, 0x0000000100000000, 0x0000000100000000)
 Metaspace       used 31209K, capacity 31690K, committed 31868K, reserved 1077248K
  class space    used 3529K, capacity 3697K, committed 3708K, reserved 1048576K
}
2018-11-12T14:38:58.566+0100: 273.781: Total time for which application threads were stopped: 0.0058838 seconds, Stopping threads took: 0.0000544 seconds
2018-11-12T14:38:58.566+0100: 273.781: [GC (CMS Initial Mark) [1 CMS-initial-mark: 202734K(393216K)] 212112K(502464K), 0.0007486 secs] [Times: user=0.00 sys=0.00, real=0.00 secs] 
2018-11-12T14:38:58.567+0100: 273.782: Total time for which application threads were stopped: 0.0008947 seconds, Stopping threads took: 0.0000496 seconds
2018-11-12T14:38:58.567+0100: 273.782: [CMS-concurrent-mark-start]
2018-11-12T14:38:58.622+0100: 273.837: [CMS-concurrent-mark: 0.055/0.055 secs] [Times: user=0.19 sys=0.00, real=0.06 secs] 
2018-11-12T14:38:58.622+0100: 273.837: [CMS-concurrent-preclean-start]
2018-11-12T14:38:58.623+0100: 273.838: [CMS-concurrent-preclean: 0.001/0.001 secs] [Times: user=0.00 sys=0.00, real=0.00 secs] 
2018-11-12T14:38:58.623+0100: 273.838: [CMS-concurrent-abortable-preclean-start]
2018-11-12T14:38:58.638+0100: 273.853: Total time for which application threads were stopped: 0.0001851 seconds, Stopping threads took: 0.0000842 seconds
2018-11-12T14:38:58.745+0100: 273.960: [CMS-concurrent-abortable-preclean: 0.011/0.122 secs] [Times: user=0.16 sys=0.00, real=0.12 secs] 
2018-11-12T14:38:58.745+0100: 273.960: [GC (CMS Final Remark) [YG occupancy: 60970 K (109248 K)]{Heap before GC invocations=190 (full 3):
 par new generation   total 109248K, used 60970K [0x00000000e0000000, 0x00000000e8000000, 0x00000000e8000000)
  eden space 87424K,  59% used [0x00000000e0000000, 0x00000000e3338d20, 0x00000000e5560000)
  from space 21824K,  39% used [0x00000000e5560000, 0x00000000e5db1e30, 0x00000000e6ab0000)
  to   space 21824K,   0% used [0x00000000e6ab0000, 0x00000000e6ab0000, 0x00000000e8000000)
 concurrent mark-sweep generation total 393216K, used 202734K [0x00000000e8000000, 0x0000000100000000, 0x0000000100000000)
 Metaspace       used 31211K, capacity 31690K, committed 31868K, reserved 1077248K
  class space    used 3529K, capacity 3697K, committed 3708K, reserved 1048576K
2018-11-12T14:38:58.745+0100: 273.960: [GC (CMS Final Remark) 2018-11-12T14:38:58.745+0100: 273.960: [ParNew
Desired survivor size 20112992 bytes, new threshold 8 (max 8)
- age   1:    1151336 bytes,    1151336 total
- age   2:    1115296 bytes,    2266632 total
- age   3:      19808 bytes,    2286440 total
- age   4:      42264 bytes,    2328704 total
- age   5:      27776 bytes,    2356480 total
- age   6:      39504 bytes,    2395984 total
- age   7:      93088 bytes,    2489072 total
- age   8:    1832816 bytes,    4321888 total
: 60970K->6834K(109248K), 0.0026316 secs] 263704K->210090K(502464K), 0.0026891 secs] [Times: user=0.00 sys=0.00, real=0.00 secs] 
Heap after GC invocations=191 (full 3):
 par new generation   total 109248K, used 6834K [0x00000000e0000000, 0x00000000e8000000, 0x00000000e8000000)
  eden space 87424K,   0% used [0x00000000e0000000, 0x00000000e0000000, 0x00000000e5560000)
  from space 21824K,  31% used [0x00000000e6ab0000, 0x00000000e715cb40, 0x00000000e8000000)
  to   space 21824K,   0% used [0x00000000e5560000, 0x00000000e5560000, 0x00000000e6ab0000)
 concurrent mark-sweep generation total 393216K, used 203255K [0x00000000e8000000, 0x0000000100000000, 0x0000000100000000)
 Metaspace       used 31211K, capacity 31690K, committed 31868K, reserved 1077248K
  class space    used 3529K, capacity 3697K, committed 3708K, reserved 1048576K
}
2018-11-12T14:38:58.748+0100: 273.963: [Rescan (parallel) , 0.0007787 secs]2018-11-12T14:38:58.749+0100: 273.963: [weak refs processing, 0.0004321 secs]2018-11-12T14:38:58.749+0100: 273.964: [class unloading, 0.0077511 secs]2018-11-12T14:38:58.757+0100: 273.972: [scrub symbol table, 0.0058807 secs]2018-11-12T14:38:58.763+0100: 273.978: [scrub string table, 0.0009244 secs][1 CMS-remark: 203255K(393216K)] 210090K(502464K), 0.0218240 secs] [Times: user=0.02 sys=0.00, real=0.02 secs] 
2018-11-12T14:38:58.767+0100: 273.982: Total time for which application threads were stopped: 0.0220252 seconds, Stopping threads took: 0.0000760 seconds
2018-11-12T14:38:58.767+0100: 273.982: [CMS-concurrent-sweep-start]
2018-11-12T14:38:58.825+0100: 274.040: [CMS-concurrent-sweep: 0.058/0.058 secs] [Times: user=0.13 sys=0.00, real=0.06 secs] 
2018-11-12T14:38:58.825+0100: 274.040: [CMS-concurrent-reset-start]
2018-11-12T14:38:58.825+0100: 274.040: [CMS-concurrent-reset: 0.000/0.000 secs] [Times: user=0.00 sys=0.00, real=0.00 secs] 
2018-11-12T14:38:58.972+0100: 274.186: Total time for which application threads were stopped: 0.0003117 seconds, Stopping threads took: 0.0000260 seconds
{Heap before GC invocations=191 (full 3):
 par new generation   total 109248K, used 94258K [0x00000000e0000000, 0x00000000e8000000, 0x00000000e8000000)
  eden space 87424K, 100% used [0x00000000e0000000, 0x00000000e5560000, 0x00000000e5560000)
  from space 21824K,  31% used [0x00000000e6ab0000, 0x00000000e715cb40, 0x00000000e8000000)
  to   space 21824K,   0% used [0x00000000e5560000, 0x00000000e5560000, 0x00000000e6ab0000)
 concurrent mark-sweep generation total 393216K, used 111191K [0x00000000e8000000, 0x0000000100000000, 0x0000000100000000)
 Metaspace       used 30871K, capacity 31282K, committed 31868K, reserved 1077248K
  class space    used 3481K, capacity 3625K, committed 3708K, reserved 1048576K
2018-11-12T14:38:59.027+0100: 274.241: [GC (Allocation Failure) 2018-11-12T14:38:59.027+0100: 274.241: [ParNew
Desired survivor size 20112992 bytes, new threshold 8 (max 8)
- age   1:    1454264 bytes,    1454264 total
- age   2:     666824 bytes,    2121088 total
- age   3:    1088408 bytes,    3209496 total
- age   4:      19808 bytes,    3229304 total
- age   5:      42264 bytes,    3271568 total
- age   6:      27776 bytes,    3299344 total
- age   7:      39448 bytes,    3338792 total
- age   8:      93088 bytes,    3431880 total
: 94258K->4710K(109248K), 0.0022847 secs] 205450K->116065K(502464K), 0.0023613 secs] [Times: user=0.00 sys=0.00, real=0.00 secs] 
Heap after GC invocations=192 (full 3):
 par new generation   total 109248K, used 4710K [0x00000000e0000000, 0x00000000e8000000, 0x00000000e8000000)
  eden space 87424K,   0% used [0x00000000e0000000, 0x00000000e0000000, 0x00000000e5560000)
  from space 21824K,  21% used [0x00000000e5560000, 0x00000000e59f99c0, 0x00000000e6ab0000)
  to   space 21824K,   0% used [0x00000000e6ab0000, 0x00000000e6ab0000, 0x00000000e8000000)
 concurrent mark-sweep generation total 393216K, used 111355K [0x00000000e8000000, 0x0000000100000000, 0x0000000100000000)
 Metaspace       used 30871K, capacity 31282K, committed 31868K, reserved 1077248K
  class space    used 3481K, capacity 3625K, committed 3708K, reserved 1048576K
}
2018-11-12T14:38:59.029+0100: 274.244: Total time for which application threads were stopped: 0.0025570 seconds, Stopping threads took: 0.0000328 seconds
{Heap before GC invocations=192 (full 3):
 par new generation   total 109248K, used 92134K [0x00000000e0000000, 0x00000000e8000000, 0x00000000e8000000)
  eden space 87424K, 100% used [0x00000000e0000000, 0x00000000e5560000, 0x00000000e5560000)
  from space 21824K,  21% used [0x00000000e5560000, 0x00000000e59f99c0, 0x00000000e6ab0000)
  to   space 21824K,   0% used [0x00000000e6ab0000, 0x00000000e6ab0000, 0x00000000e8000000)
 concurrent mark-sweep generation total 393216K, used 111355K [0x00000000e8000000, 0x0000000100000000, 0x0000000100000000)
 Metaspace       used 30871K, capacity 31282K, committed 31868K, reserved 1077248K
  class space    used 3481K, capacity 3625K, committed 3708K, reserved 1048576K
2018-11-12T14:38:59.288+0100: 274.503: [GC (Allocation Failure) 2018-11-12T14:38:59.289+0100: 274.503: [ParNew
Desired survivor size 20112992 bytes, new threshold 8 (max 8)
- age   1:    1676800 bytes,    1676800 total
- age   2:     640568 bytes,    2317368 total
- age   3:     666824 bytes,    2984192 total
- age   4:    1088384 bytes,    4072576 total
- age   5:      19808 bytes,    4092384 total
- age   6:      42264 bytes,    4134648 total
- age   7:      27776 bytes,    4162424 total
- age   8:      39448 bytes,    4201872 total
: 92134K->4613K(109248K), 0.0026870 secs] 203489K->116060K(502464K), 0.0027691 secs] [Times: user=0.00 sys=0.00, real=0.00 secs] 
Heap after GC invocations=193 (full 3):
 par new generation   total 109248K, used 4613K [0x00000000e0000000, 0x00000000e8000000, 0x00000000e8000000)
  eden space 87424K,   0% used [0x00000000e0000000, 0x00000000e0000000, 0x00000000e5560000)
  from space 21824K,  21% used [0x00000000e6ab0000, 0x00000000e6f317f0, 0x00000000e8000000)
  to   space 21824K,   0% used [0x00000000e5560000, 0x00000000e5560000, 0x00000000e6ab0000)
 concurrent mark-sweep generation total 393216K, used 111446K [0x00000000e8000000, 0x0000000100000000, 0x0000000100000000)
 Metaspace       used 30871K, capacity 31282K, committed 31868K, reserved 1077248K
  class space    used 3481K, capacity 3625K, committed 3708K, reserved 1048576K
}
2018-11-12T14:38:59.291+0100: 274.506: Total time for which application threads were stopped: 0.0029614 seconds, Stopping threads took: 0.0000243 seconds
{Heap before GC invocations=193 (full 3):
 par new generation   total 109248K, used 92037K [0x00000000e0000000, 0x00000000e8000000, 0x00000000e8000000)
  eden space 87424K, 100% used [0x00000000e0000000, 0x00000000e5560000, 0x00000000e5560000)
  from space 21824K,  21% used [0x00000000e6ab0000, 0x00000000e6f317f0, 0x00000000e8000000)
  to   space 21824K,   0% used [0x00000000e5560000, 0x00000000e5560000, 0x00000000e6ab0000)
 concurrent mark-sweep generation total 393216K, used 111446K [0x00000000e8000000, 0x0000000100000000, 0x0000000100000000)
 Metaspace       used 30871K, capacity 31282K, committed 31868K, reserved 1077248K
  class space    used 3481K, capacity 3625K, committed 3708K, reserved 1048576K
2018-11-12T14:38:59.525+0100: 274.739: [GC (Allocation Failure) 2018-11-12T14:38:59.525+0100: 274.739: [ParNew
Desired survivor size 20112992 bytes, new threshold 8 (max 8)
- age   1:    1571376 bytes,    1571376 total
- age   2:     647544 bytes,    2218920 total
- age   3:     640216 bytes,    2859136 total
- age   4:     666824 bytes,    3525960 total
- age   5:    1088384 bytes,    4614344 total
- age   6:      19808 bytes,    4634152 total
- age   7:      42264 bytes,    4676416 total
- age   8:      27776 bytes,    4704192 total
: 92037K->6193K(109248K), 0.0024120 secs] 203484K->117677K(502464K), 0.0025170 secs] [Times: user=0.00 sys=0.00, real=0.00 secs] 
Heap after GC invocations=194 (full 3):
 par new generation   total 109248K, used 6193K [0x00000000e0000000, 0x00000000e8000000, 0x00000000e8000000)
  eden space 87424K,   0% used [0x00000000e0000000, 0x00000000e0000000, 0x00000000e5560000)
  from space 21824K,  28% used [0x00000000e5560000, 0x00000000e5b6c4c8, 0x00000000e6ab0000)
  to   space 21824K,   0% used [0x00000000e6ab0000, 0x00000000e6ab0000, 0x00000000e8000000)
 concurrent mark-sweep generation total 393216K, used 111484K [0x00000000e8000000, 0x0000000100000000, 0x0000000100000000)
 Metaspace       used 30871K, capacity 31282K, committed 31868K, reserved 1077248K
  class space    used 3481K, capacity 3625K, committed 3708K, reserved 1048576K
}
2018-11-12T14:38:59.527+0100: 274.742: Total time for which application threads were stopped: 0.0027667 seconds, Stopping threads took: 0.0000404 seconds
{Heap before GC invocations=194 (full 3):
 par new generation   total 109248K, used 93617K [0x00000000e0000000, 0x00000000e8000000, 0x00000000e8000000)
  eden space 87424K, 100% used [0x00000000e0000000, 0x00000000e5560000, 0x00000000e5560000)
  from space 21824K,  28% used [0x00000000e5560000, 0x00000000e5b6c4c8, 0x00000000e6ab0000)
  to   space 21824K,   0% used [0x00000000e6ab0000, 0x00000000e6ab0000, 0x00000000e8000000)
 concurrent mark-sweep generation total 393216K, used 111484K [0x00000000e8000000, 0x0000000100000000, 0x0000000100000000)
 Metaspace       used 30871K, capacity 31282K, committed 31868K, reserved 1077248K
  class space    used 3481K, capacity 3625K, committed 3708K, reserved 1048576K
2018-11-12T14:38:59.810+0100: 275.025: [GC (Allocation Failure) 2018-11-12T14:38:59.810+0100: 275.025: [ParNew
Desired survivor size 20112992 bytes, new threshold 8 (max 8)
- age   1:    2141896 bytes,    2141896 total
- age   2:     561592 bytes,    2703488 total
- age   3:     479016 bytes,    3182504 total
- age   4:     623816 bytes,    3806320 total
- age   5:     666824 bytes,    4473144 total
- age   6:    1088384 bytes,    5561528 total
- age   7:      19808 bytes,    5581336 total
- age   8:      42264 bytes,    5623600 total
: 93617K->6933K(109248K), 0.0026347 secs] 205101K->118445K(502464K), 0.0027100 secs] [Times: user=0.00 sys=0.00, real=0.00 secs] 
Heap after GC invocations=195 (full 3):
 par new generation   total 109248K, used 6933K [0x00000000e0000000, 0x00000000e8000000, 0x00000000e8000000)
  eden space 87424K,   0% used [0x00000000e0000000, 0x00000000e0000000, 0x00000000e5560000)
  from space 21824K,  31% used [0x00000000e6ab0000, 0x00000000e71757c0, 0x00000000e8000000)
  to   space 21824K,   0% used [0x00000000e5560000, 0x00000000e5560000, 0x00000000e6ab0000)
 concurrent mark-sweep generation total 393216K, used 111511K [0x00000000e8000000, 0x0000000100000000, 0x0000000100000000)
 Metaspace       used 30871K, capacity 31282K, committed 31868K, reserved 1077248K
  class space    used 3481K, capacity 3625K, committed 3708K, reserved 1048576K
}
2018-11-12T14:38:59.813+0100: 275.027: Total time for which application threads were stopped: 0.0029074 seconds, Stopping threads took: 0.0000325 seconds
{Heap before GC invocations=195 (full 3):
 par new generation   total 109248K, used 94336K [0x00000000e0000000, 0x00000000e8000000, 0x00000000e8000000)
  eden space 87424K,  99% used [0x00000000e0000000, 0x00000000e555a948, 0x00000000e5560000)
  from space 21824K,  31% used [0x00000000e6ab0000, 0x00000000e71757c0, 0x00000000e8000000)
  to   space 21824K,   0% used [0x00000000e5560000, 0x00000000e5560000, 0x00000000e6ab0000)
 concurrent mark-sweep generation total 393216K, used 111511K [0x00000000e8000000, 0x0000000100000000, 0x0000000100000000)
 Metaspace       used 30871K, capacity 31282K, committed 31868K, reserved 1077248K
  class space    used 3481K, capacity 3625K, committed 3708K, reserved 1048576K
2018-11-12T14:39:00.045+0100: 275.259: [GC (Allocation Failure) 2018-11-12T14:39:00.045+0100: 275.259: [ParNew
Desired survivor size 20112992 bytes, new threshold 8 (max 8)
- age   1:    2039072 bytes,    2039072 total
- age   2:     920840 bytes,    2959912 total
- age   3:     561040 bytes,    3520952 total
- age   4:     478488 bytes,    3999440 total
- age   5:     623760 bytes,    4623200 total
- age   6:     666296 bytes,    5289496 total
- age   7:    1088384 bytes,    6377880 total
- age   8:      19808 bytes,    6397688 total
: 94336K->9174K(109248K), 0.0028174 secs] 205847K->120727K(502464K), 0.0029036 secs] [Times: user=0.00 sys=0.00, real=0.00 secs] 
Heap after GC invocations=196 (full 3):
 par new generation   total 109248K, used 9174K [0x00000000e0000000, 0x00000000e8000000, 0x00000000e8000000)
  eden space 87424K,   0% used [0x00000000e0000000, 0x00000000e0000000, 0x00000000e5560000)
  from space 21824K,  42% used [0x00000000e5560000, 0x00000000e5e559d0, 0x00000000e6ab0000)
  to   space 21824K,   0% used [0x00000000e6ab0000, 0x00000000e6ab0000, 0x00000000e8000000)
 concurrent mark-sweep generation total 393216K, used 111552K [0x00000000e8000000, 0x0000000100000000, 0x0000000100000000)
 Metaspace       used 30871K, capacity 31282K, committed 31868K, reserved 1077248K
  class space    used 3481K, capacity 3625K, committed 3708K, reserved 1048576K
}
2018-11-12T14:39:00.048+0100: 275.262: Total time for which application threads were stopped: 0.0030952 seconds, Stopping threads took: 0.0000216 seconds
{Heap before GC invocations=196 (full 3):
 par new generation   total 109248K, used 96598K [0x00000000e0000000, 0x00000000e8000000, 0x00000000e8000000)
  eden space 87424K, 100% used [0x00000000e0000000, 0x00000000e5560000, 0x00000000e5560000)
  from space 21824K,  42% used [0x00000000e5560000, 0x00000000e5e559d0, 0x00000000e6ab0000)
  to   space 21824K,   0% used [0x00000000e6ab0000, 0x00000000e6ab0000, 0x00000000e8000000)
 concurrent mark-sweep generation total 393216K, used 111552K [0x00000000e8000000, 0x0000000100000000, 0x0000000100000000)
 Metaspace       used 30871K, capacity 31282K, committed 31868K, reserved 1077248K
  class space    used 3481K, capacity 3625K, committed 3708K, reserved 1048576K
2018-11-12T14:39:00.274+0100: 275.488: [GC (Allocation Failure) 2018-11-12T14:39:00.274+0100: 275.488: [ParNew
Desired survivor size 20112992 bytes, new threshold 8 (max 8)
- age   1:    2144112 bytes,    2144112 total
- age   2:     532248 bytes,    2676360 total
- age   3:     920840 bytes,    3597200 total
- age   4:     561040 bytes,    4158240 total
- age   5:     478488 bytes,    4636728 total
- age   6:     623760 bytes,    5260488 total
- age   7:     650976 bytes,    5911464 total
- age   8:    1088384 bytes,    6999848 total
: 96598K->8273K(109248K), 0.0031000 secs] 208151K->119845K(502464K), 0.0031869 secs] [Times: user=0.00 sys=0.00, real=0.00 secs] 
Heap after GC invocations=197 (full 3):
 par new generation   total 109248K, used 8273K [0x00000000e0000000, 0x00000000e8000000, 0x00000000e8000000)
  eden space 87424K,   0% used [0x00000000e0000000, 0x00000000e0000000, 0x00000000e5560000)
  from space 21824K,  37% used [0x00000000e6ab0000, 0x00000000e72c4540, 0x00000000e8000000)
  to   space 21824K,   0% used [0x00000000e5560000, 0x00000000e5560000, 0x00000000e6ab0000)
 concurrent mark-sweep generation total 393216K, used 111572K [0x00000000e8000000, 0x0000000100000000, 0x0000000100000000)
 Metaspace       used 30871K, capacity 31282K, committed 31868K, reserved 1077248K
  class space    used 3481K, capacity 3625K, committed 3708K, reserved 1048576K
}
2018-11-12T14:39:00.277+0100: 275.491: Total time for which application threads were stopped: 0.0034086 seconds, Stopping threads took: 0.0000339 seconds
{Heap before GC invocations=197 (full 3):
 par new generation   total 109248K, used 95697K [0x00000000e0000000, 0x00000000e8000000, 0x00000000e8000000)
  eden space 87424K, 100% used [0x00000000e0000000, 0x00000000e5560000, 0x00000000e5560000)
  from space 21824K,  37% used [0x00000000e6ab0000, 0x00000000e72c4540, 0x00000000e8000000)
  to   space 21824K,   0% used [0x00000000e5560000, 0x00000000e5560000, 0x00000000e6ab0000)
 concurrent mark-sweep generation total 393216K, used 111572K [0x00000000e8000000, 0x0000000100000000, 0x0000000100000000)
 Metaspace       used 30871K, capacity 31282K, committed 31868K, reserved 1077248K
  class space    used 3481K, capacity 3625K, committed 3708K, reserved 1048576K
2018-11-12T14:39:00.535+0100: 275.750: [GC (Allocation Failure) 2018-11-12T14:39:00.535+0100: 275.750: [ParNew
Desired survivor size 20112992 bytes, new threshold 8 (max 8)
- age   1:    2258400 bytes,    2258400 total
- age   2:     536424 bytes,    2794824 total
- age   3:     532032 bytes,    3326856 total
- age   4:     918624 bytes,    4245480 total
- age   5:     561040 bytes,    4806520 total
- age   6:     478488 bytes,    5285008 total
- age   7:     623736 bytes,    5908744 total
- age   8:     650976 bytes,    6559720 total
: 95697K->9511K(109248K), 0.0032919 secs] 207269K->122147K(502464K), 0.0033764 secs] [Times: user=0.00 sys=0.00, real=0.00 secs] 
Heap after GC invocations=198 (full 3):
 par new generation   total 109248K, used 9511K [0x00000000e0000000, 0x00000000e8000000, 0x00000000e8000000)
  eden space 87424K,   0% used [0x00000000e0000000, 0x00000000e0000000, 0x00000000e5560000)
  from space 21824K,  43% used [0x00000000e5560000, 0x00000000e5ea9e18, 0x00000000e6ab0000)
  to   space 21824K,   0% used [0x00000000e6ab0000, 0x00000000e6ab0000, 0x00000000e8000000)
 concurrent mark-sweep generation total 393216K, used 112635K [0x00000000e8000000, 0x0000000100000000, 0x0000000100000000)
 Metaspace       used 30871K, capacity 31282K, committed 31868K, reserved 1077248K
  class space    used 3481K, capacity 3625K, committed 3708K, reserved 1048576K
}
2018-11-12T14:39:00.539+0100: 275.753: Total time for which application threads were stopped: 0.0035728 seconds, Stopping threads took: 0.0000335 seconds
{Heap before GC invocations=198 (full 3):
 par new generation   total 109248K, used 96935K [0x00000000e0000000, 0x00000000e8000000, 0x00000000e8000000)
  eden space 87424K, 100% used [0x00000000e0000000, 0x00000000e5560000, 0x00000000e5560000)
  from space 21824K,  43% used [0x00000000e5560000, 0x00000000e5ea9e18, 0x00000000e6ab0000)
  to   space 21824K,   0% used [0x00000000e6ab0000, 0x00000000e6ab0000, 0x00000000e8000000)
 concurrent mark-sweep generation total 393216K, used 112635K [0x00000000e8000000, 0x0000000100000000, 0x0000000100000000)
 Metaspace       used 30871K, capacity 31282K, committed 31868K, reserved 1077248K
  class space    used 3481K, capacity 3625K, committed 3708K, reserved 1048576K
2018-11-12T14:39:00.769+0100: 275.984: [GC (Allocation Failure) 2018-11-12T14:39:00.770+0100: 275.984: [ParNew
Desired survivor size 20112992 bytes, new threshold 8 (max 8)
- age   1:    3090504 bytes,    3090504 total
- age   2:     657496 bytes,    3748000 total
- age   3:     536424 bytes,    4284424 total
- age   4:     532032 bytes,    4816456 total
- age   5:     589856 bytes,    5406312 total
- age   6:     561040 bytes,    5967352 total
- age   7:     478488 bytes,    6445840 total
- age   8:     623736 bytes,    7069576 total
: 96935K->8464K(109248K), 0.0031653 secs] 209571K->121737K(502464K), 0.0032721 secs] [Times: user=0.00 sys=0.00, real=0.00 secs] 
Heap after GC invocations=199 (full 3):
 par new generation   total 109248K, used 8464K [0x00000000e0000000, 0x00000000e8000000, 0x00000000e8000000)
  eden space 87424K,   0% used [0x00000000e0000000, 0x00000000e0000000, 0x00000000e5560000)
  from space 21824K,  38% used [0x00000000e6ab0000, 0x00000000e72f40f8, 0x00000000e8000000)
  to   space 21824K,   0% used [0x00000000e5560000, 0x00000000e5560000, 0x00000000e6ab0000)
 concurrent mark-sweep generation total 393216K, used 113272K [0x00000000e8000000, 0x0000000100000000, 0x0000000100000000)
 Metaspace       used 30871K, capacity 31282K, committed 31868K, reserved 1077248K
  class space    used 3481K, capacity 3625K, committed 3708K, reserved 1048576K
}
2018-11-12T14:39:00.773+0100: 275.987: Total time for which application threads were stopped: 0.0035133 seconds, Stopping threads took: 0.0000315 seconds
{Heap before GC invocations=199 (full 3):
 par new generation   total 109248K, used 95888K [0x00000000e0000000, 0x00000000e8000000, 0x00000000e8000000)
  eden space 87424K, 100% used [0x00000000e0000000, 0x00000000e5560000, 0x00000000e5560000)
  from space 21824K,  38% used [0x00000000e6ab0000, 0x00000000e72f40f8, 0x00000000e8000000)
  to   space 21824K,   0% used [0x00000000e5560000, 0x00000000e5560000, 0x00000000e6ab0000)
 concurrent mark-sweep generation total 393216K, used 113272K [0x00000000e8000000, 0x0000000100000000, 0x0000000100000000)
 Metaspace       used 30871K, capacity 31282K, committed 31868K, reserved 1077248K
  class space    used 3481K, capacity 3625K, committed 3708K, reserved 1048576K
2018-11-12T14:39:00.997+0100: 276.211: [GC (Allocation Failure) 2018-11-12T14:39:00.997+0100: 276.212: [ParNew
Desired survivor size 20112992 bytes, new threshold 8 (max 8)
- age   1:    2538304 bytes,    2538304 total
- age   2:    1190472 bytes,    3728776 total
- age   3:     559976 bytes,    4288752 total
- age   4:     536424 bytes,    4825176 total
- age   5:     532080 bytes,    5357256 total
- age   6:     589976 bytes,    5947232 total
- age   7:     561016 bytes,    6508248 total
- age   8:     478536 bytes,    6986784 total
: 95888K->8725K(109248K), 0.0029635 secs] 209161K->122607K(502464K), 0.0030839 secs] [Times: user=0.00 sys=0.00, real=0.00 secs] 
Heap after GC invocations=200 (full 3):
 par new generation   total 109248K, used 8725K [0x00000000e0000000, 0x00000000e8000000, 0x00000000e8000000)
  eden space 87424K,   0% used [0x00000000e0000000, 0x00000000e0000000, 0x00000000e5560000)
  from space 21824K,  39% used [0x00000000e5560000, 0x00000000e5de55e0, 0x00000000e6ab0000)
  to   space 21824K,   0% used [0x00000000e6ab0000, 0x00000000e6ab0000, 0x00000000e8000000)
 concurrent mark-sweep generation total 393216K, used 113882K [0x00000000e8000000, 0x0000000100000000, 0x0000000100000000)
 Metaspace       used 30871K, capacity 31282K, committed 31868K, reserved 1077248K
  class space    used 3481K, capacity 3625K, committed 3708K, reserved 1048576K
}
2018-11-12T14:39:01.000+0100: 276.215: Total time for which application threads were stopped: 0.0033552 seconds, Stopping threads took: 0.0000308 seconds
{Heap before GC invocations=200 (full 3):
 par new generation   total 109248K, used 96149K [0x00000000e0000000, 0x00000000e8000000, 0x00000000e8000000)
  eden space 87424K, 100% used [0x00000000e0000000, 0x00000000e5560000, 0x00000000e5560000)
  from space 21824K,  39% used [0x00000000e5560000, 0x00000000e5de55e0, 0x00000000e6ab0000)
  to   space 21824K,   0% used [0x00000000e6ab0000, 0x00000000e6ab0000, 0x00000000e8000000)
 concurrent mark-sweep generation total 393216K, used 113882K [0x00000000e8000000, 0x0000000100000000, 0x0000000100000000)
 Metaspace       used 30871K, capacity 31282K, committed 31868K, reserved 1077248K
  class space    used 3481K, capacity 3625K, committed 3708K, reserved 1048576K
2018-11-12T14:39:01.247+0100: 276.461: [GC (Allocation Failure) 2018-11-12T14:39:01.247+0100: 276.462: [ParNew
Desired survivor size 20112992 bytes, new threshold 8 (max 8)
- age   1:    2617480 bytes,    2617480 total
- age   2:     676496 bytes,    3293976 total
- age   3:    1190424 bytes,    4484400 total
- age   4:     556640 bytes,    5041040 total
- age   5:     536424 bytes,    5577464 total
- age   6:     531976 bytes,    6109440 total
- age   7:     589856 bytes,    6699296 total
- age   8:     561016 bytes,    7260312 total
: 96149K->8721K(109248K), 0.0044380 secs] 210031K->123071K(502464K), 0.0045324 secs] [Times: user=0.00 sys=0.00, real=0.01 secs] 
Heap after GC invocations=201 (full 3):
 par new generation   total 109248K, used 8721K [0x00000000e0000000, 0x00000000e8000000, 0x00000000e8000000)
  eden space 87424K,   0% used [0x00000000e0000000, 0x00000000e0000000, 0x00000000e5560000)
  from space 21824K,  39% used [0x00000000e6ab0000, 0x00000000e73347c0, 0x00000000e8000000)
  to   space 21824K,   0% used [0x00000000e5560000, 0x00000000e5560000, 0x00000000e6ab0000)
 concurrent mark-sweep generation total 393216K, used 114349K [0x00000000e8000000, 0x0000000100000000, 0x0000000100000000)
 Metaspace       used 30871K, capacity 31282K, committed 31868K, reserved 1077248K
  class space    used 3481K, capacity 3625K, committed 3708K, reserved 1048576K
}
2018-11-12T14:39:01.252+0100: 276.466: Total time for which application threads were stopped: 0.0047808 seconds, Stopping threads took: 0.0000352 seconds
{Heap before GC invocations=201 (full 3):
 par new generation   total 109248K, used 96145K [0x00000000e0000000, 0x00000000e8000000, 0x00000000e8000000)
  eden space 87424K, 100% used [0x00000000e0000000, 0x00000000e5560000, 0x00000000e5560000)
  from space 21824K,  39% used [0x00000000e6ab0000, 0x00000000e73347c0, 0x00000000e8000000)
  to   space 21824K,   0% used [0x00000000e5560000, 0x00000000e5560000, 0x00000000e6ab0000)
 concurrent mark-sweep generation total 393216K, used 114349K [0x00000000e8000000, 0x0000000100000000, 0x0000000100000000)
 Metaspace       used 30871K, capacity 31282K, committed 31868K, reserved 1077248K
  class space    used 3481K, capacity 3625K, committed 3708K, reserved 1048576K
2018-11-12T14:39:01.536+0100: 276.750: [GC (Allocation Failure) 2018-11-12T14:39:01.536+0100: 276.750: [ParNew
Desired survivor size 20112992 bytes, new threshold 8 (max 8)
- age   1:    2574976 bytes,    2574976 total
- age   2:     840016 bytes,    3414992 total
- age   3:     560968 bytes,    3975960 total
- age   4:    1190424 bytes,    5166384 total
- age   5:     556248 bytes,    5722632 total
- age   6:     536424 bytes,    6259056 total
- age   7:     529896 bytes,    6788952 total
- age   8:     589880 bytes,    7378832 total
: 96145K->10265K(109248K), 0.0028499 secs] 210495K->125162K(502464K), 0.0029457 secs] [Times: user=0.00 sys=0.00, real=0.00 secs] 
Heap after GC invocations=202 (full 3):
 par new generation   total 109248K, used 10265K [0x00000000e0000000, 0x00000000e8000000, 0x00000000e8000000)
  eden space 87424K,   0% used [0x00000000e0000000, 0x00000000e0000000, 0x00000000e5560000)
  from space 21824K,  47% used [0x00000000e5560000, 0x00000000e5f664b0, 0x00000000e6ab0000)
  to   space 21824K,   0% used [0x00000000e6ab0000, 0x00000000e6ab0000, 0x00000000e8000000)
 concurrent mark-sweep generation total 393216K, used 114897K [0x00000000e8000000, 0x0000000100000000, 0x0000000100000000)
 Metaspace       used 30871K, capacity 31282K, committed 31868K, reserved 1077248K
  class space    used 3481K, capacity 3625K, committed 3708K, reserved 1048576K
}
2018-11-12T14:39:01.539+0100: 276.753: Total time for which application threads were stopped: 0.0031667 seconds, Stopping threads took: 0.0000260 seconds
{Heap before GC invocations=202 (full 3):
 par new generation   total 109248K, used 97689K [0x00000000e0000000, 0x00000000e8000000, 0x00000000e8000000)
  eden space 87424K, 100% used [0x00000000e0000000, 0x00000000e5560000, 0x00000000e5560000)
  from space 21824K,  47% used [0x00000000e5560000, 0x00000000e5f664b0, 0x00000000e6ab0000)
  to   space 21824K,   0% used [0x00000000e6ab0000, 0x00000000e6ab0000, 0x00000000e8000000)
 concurrent mark-sweep generation total 393216K, used 114897K [0x00000000e8000000, 0x0000000100000000, 0x0000000100000000)
 Metaspace       used 30871K, capacity 31282K, committed 31868K, reserved 1077248K
  class space    used 3481K, capacity 3625K, committed 3708K, reserved 1048576K
2018-11-12T14:39:01.790+0100: 277.004: [GC (Allocation Failure) 2018-11-12T14:39:01.790+0100: 277.004: [ParNew
Desired survivor size 20112992 bytes, new threshold 8 (max 8)
- age   1:    1363256 bytes,    1363256 total
- age   2:    2156088 bytes,    3519344 total
- age   3:     519152 bytes,    4038496 total
- age   4:     560968 bytes,    4599464 total
- age   5:    1190424 bytes,    5789888 total
- age   6:     556248 bytes,    6346136 total
- age   7:     536424 bytes,    6882560 total
- age   8:     529896 bytes,    7412456 total
: 97689K->8703K(109248K), 0.0030363 secs] 212586K->124144K(502464K), 0.0031119 secs] [Times: user=0.00 sys=0.00, real=0.00 secs] 
Heap after GC invocations=203 (full 3):
 par new generation   total 109248K, used 8703K [0x00000000e0000000, 0x00000000e8000000, 0x00000000e8000000)
  eden space 87424K,   0% used [0x00000000e0000000, 0x00000000e0000000, 0x00000000e5560000)
  from space 21824K,  39% used [0x00000000e6ab0000, 0x00000000e732fc80, 0x00000000e8000000)
  to   space 21824K,   0% used [0x00000000e5560000, 0x00000000e5560000, 0x00000000e6ab0000)
 concurrent mark-sweep generation total 393216K, used 115441K [0x00000000e8000000, 0x0000000100000000, 0x0000000100000000)
 Metaspace       used 30871K, capacity 31282K, committed 31868K, reserved 1077248K
  class space    used 3481K, capacity 3625K, committed 3708K, reserved 1048576K
}
2018-11-12T14:39:01.793+0100: 277.007: Total time for which application threads were stopped: 0.0033172 seconds, Stopping threads took: 0.0000260 seconds
{Heap before GC invocations=203 (full 3):
 par new generation   total 109248K, used 96127K [0x00000000e0000000, 0x00000000e8000000, 0x00000000e8000000)
  eden space 87424K, 100% used [0x00000000e0000000, 0x00000000e5560000, 0x00000000e5560000)
  from space 21824K,  39% used [0x00000000e6ab0000, 0x00000000e732fc80, 0x00000000e8000000)
  to   space 21824K,   0% used [0x00000000e5560000, 0x00000000e5560000, 0x00000000e6ab0000)
 concurrent mark-sweep generation total 393216K, used 115441K [0x00000000e8000000, 0x0000000100000000, 0x0000000100000000)
 Metaspace       used 30872K, capacity 31282K, committed 31868K, reserved 1077248K
  class space    used 3481K, capacity 3625K, committed 3708K, reserved 1048576K
2018-11-12T14:39:02.015+0100: 277.229: [GC (Allocation Failure) 2018-11-12T14:39:02.015+0100: 277.229: [ParNew
Desired survivor size 20112992 bytes, new threshold 8 (max 8)
- age   1:    2748176 bytes,    2748176 total
- age   2:     962344 bytes,    3710520 total
- age   3:     568056 bytes,    4278576 total
- age   4:     519096 bytes,    4797672 total
- age   5:     560992 bytes,    5358664 total
- age   6:    1190448 bytes,    6549112 total
- age   7:     556344 bytes,    7105456 total
- age   8:     536424 bytes,    7641880 total
: 96127K->10104K(109248K), 0.0030073 secs] 211568K->126062K(502464K), 0.0030784 secs] [Times: user=0.00 sys=0.00, real=0.00 secs] 
Heap after GC invocations=204 (full 3):
 par new generation   total 109248K, used 10104K [0x00000000e0000000, 0x00000000e8000000, 0x00000000e8000000)
  eden space 87424K,   0% used [0x00000000e0000000, 0x00000000e0000000, 0x00000000e5560000)
  from space 21824K,  46% used [0x00000000e5560000, 0x00000000e5f3e010, 0x00000000e6ab0000)
  to   space 21824K,   0% used [0x00000000e6ab0000, 0x00000000e6ab0000, 0x00000000e8000000)
 concurrent mark-sweep generation total 393216K, used 115958K [0x00000000e8000000, 0x0000000100000000, 0x0000000100000000)
 Metaspace       used 30872K, capacity 31282K, committed 31868K, reserved 1077248K
  class space    used 3481K, capacity 3625K, committed 3708K, reserved 1048576K
}
2018-11-12T14:39:02.018+0100: 277.232: Total time for which application threads were stopped: 0.0032854 seconds, Stopping threads took: 0.0000253 seconds
2018-11-12T14:39:02.099+0100: 277.312: Total time for which application threads were stopped: 0.0001269 seconds, Stopping threads took: 0.0000301 seconds
{Heap before GC invocations=204 (full 3):
 par new generation   total 109248K, used 97528K [0x00000000e0000000, 0x00000000e8000000, 0x00000000e8000000)
  eden space 87424K, 100% used [0x00000000e0000000, 0x00000000e5560000, 0x00000000e5560000)
  from space 21824K,  46% used [0x00000000e5560000, 0x00000000e5f3e010, 0x00000000e6ab0000)
  to   space 21824K,   0% used [0x00000000e6ab0000, 0x00000000e6ab0000, 0x00000000e8000000)
 concurrent mark-sweep generation total 393216K, used 115958K [0x00000000e8000000, 0x0000000100000000, 0x0000000100000000)
 Metaspace       used 30872K, capacity 31282K, committed 31868K, reserved 1077248K
  class space    used 3481K, capacity 3625K, committed 3708K, reserved 1048576K
2018-11-12T14:39:02.263+0100: 277.477: [GC (Allocation Failure) 2018-11-12T14:39:02.263+0100: 277.477: [ParNew
Desired survivor size 20112992 bytes, new threshold 8 (max 8)
- age   1:    1338560 bytes,    1338560 total
- age   2:    2304640 bytes,    3643200 total
- age   3:     594600 bytes,    4237800 total
- age   4:     568056 bytes,    4805856 total
- age   5:     519096 bytes,    5324952 total
- age   6:     560968 bytes,    5885920 total
- age   7:    1190424 bytes,    7076344 total
- age   8:     556248 bytes,    7632592 total
: 97528K->9324K(109248K), 0.0030504 secs] 213486K->125789K(502464K), 0.0031479 secs] [Times: user=0.00 sys=0.00, real=0.00 secs] 
Heap after GC invocations=205 (full 3):
 par new generation   total 109248K, used 9324K [0x00000000e0000000, 0x00000000e8000000, 0x00000000e8000000)
  eden space 87424K,   0% used [0x00000000e0000000, 0x00000000e0000000, 0x00000000e5560000)
  from space 21824K,  42% used [0x00000000e6ab0000, 0x00000000e73cb1d8, 0x00000000e8000000)
  to   space 21824K,   0% used [0x00000000e5560000, 0x00000000e5560000, 0x00000000e6ab0000)
 concurrent mark-sweep generation total 393216K, used 116465K [0x00000000e8000000, 0x0000000100000000, 0x0000000100000000)
 Metaspace       used 30872K, capacity 31282K, committed 31868K, reserved 1077248K
  class space    used 3481K, capacity 3625K, committed 3708K, reserved 1048576K
}
2018-11-12T14:39:02.266+0100: 277.480: Total time for which application threads were stopped: 0.0033614 seconds, Stopping threads took: 0.0000274 seconds
{Heap before GC invocations=205 (full 3):
 par new generation   total 109248K, used 96748K [0x00000000e0000000, 0x00000000e8000000, 0x00000000e8000000)
  eden space 87424K, 100% used [0x00000000e0000000, 0x00000000e5560000, 0x00000000e5560000)
  from space 21824K,  42% used [0x00000000e6ab0000, 0x00000000e73cb1d8, 0x00000000e8000000)
  to   space 21824K,   0% used [0x00000000e5560000, 0x00000000e5560000, 0x00000000e6ab0000)
 concurrent mark-sweep generation total 393216K, used 116465K [0x00000000e8000000, 0x0000000100000000, 0x0000000100000000)
 Metaspace       used 30872K, capacity 31282K, committed 31868K, reserved 1077248K
  class space    used 3481K, capacity 3625K, committed 3708K, reserved 1048576K
2018-11-12T14:39:02.536+0100: 277.749: [GC (Allocation Failure) 2018-11-12T14:39:02.536+0100: 277.749: [ParNew
Desired survivor size 20112992 bytes, new threshold 8 (max 8)
- age   1:    2816856 bytes,    2816856 total
- age   2:     931768 bytes,    3748624 total
- age   3:     657016 bytes,    4405640 total
- age   4:     594600 bytes,    5000240 total
- age   5:     567600 bytes,    5567840 total
- age   6:     514144 bytes,    6081984 total
- age   7:     560968 bytes,    6642952 total
- age   8:    1190424 bytes,    7833376 total
: 96748K->9106K(109248K), 0.0029286 secs] 213213K->126114K(502464K), 0.0030353 secs] [Times: user=0.00 sys=0.00, real=0.00 secs] 
Heap after GC invocations=206 (full 3):
 par new generation   total 109248K, used 9106K [0x00000000e0000000, 0x00000000e8000000, 0x00000000e8000000)
  eden space 87424K,   0% used [0x00000000e0000000, 0x00000000e0000000, 0x00000000e5560000)
  from space 21824K,  41% used [0x00000000e5560000, 0x00000000e5e44880, 0x00000000e6ab0000)
  to   space 21824K,   0% used [0x00000000e6ab0000, 0x00000000e6ab0000, 0x00000000e8000000)
 concurrent mark-sweep generation total 393216K, used 117008K [0x00000000e8000000, 0x0000000100000000, 0x0000000100000000)
 Metaspace       used 30872K, capacity 31282K, committed 31868K, reserved 1077248K
  class space    used 3481K, capacity 3625K, committed 3708K, reserved 1048576K
}
2018-11-12T14:39:02.539+0100: 277.752: Total time for which application threads were stopped: 0.0033172 seconds, Stopping threads took: 0.0000373 seconds
{Heap before GC invocations=206 (full 3):
 par new generation   total 109248K, used 96530K [0x00000000e0000000, 0x00000000e8000000, 0x00000000e8000000)
  eden space 87424K, 100% used [0x00000000e0000000, 0x00000000e5560000, 0x00000000e5560000)
  from space 21824K,  41% used [0x00000000e5560000, 0x00000000e5e44880, 0x00000000e6ab0000)
  to   space 21824K,   0% used [0x00000000e6ab0000, 0x00000000e6ab0000, 0x00000000e8000000)
 concurrent mark-sweep generation total 393216K, used 117008K [0x00000000e8000000, 0x0000000100000000, 0x0000000100000000)
 Metaspace       used 30872K, capacity 31282K, committed 31868K, reserved 1077248K
  class space    used 3481K, capacity 3625K, committed 3708K, reserved 1048576K
2018-11-12T14:39:02.799+0100: 278.013: [GC (Allocation Failure) 2018-11-12T14:39:02.799+0100: 278.013: [ParNew
Desired survivor size 20112992 bytes, new threshold 8 (max 8)
- age   1:    2905504 bytes,    2905504 total
- age   2:    2358112 bytes,    5263616 total
- age   3:     530096 bytes,    5793712 total
- age   4:     518144 bytes,    6311856 total
- age   5:     594600 bytes,    6906456 total
- age   6:     567600 bytes,    7474056 total
- age   7:     514120 bytes,    7988176 total
- age   8:     560968 bytes,    8549144 total
: 96530K->10717K(109248K), 0.0033285 secs] 213538K->128376K(502464K), 0.0034818 secs] [Times: user=0.06 sys=0.00, real=0.00 secs] 
Heap after GC invocations=207 (full 3):
 par new generation   total 109248K, used 10717K [0x00000000e0000000, 0x00000000e8000000, 0x00000000e8000000)
  eden space 87424K,   0% used [0x00000000e0000000, 0x00000000e0000000, 0x00000000e5560000)
  from space 21824K,  49% used [0x00000000e6ab0000, 0x00000000e7527710, 0x00000000e8000000)
  to   space 21824K,   0% used [0x00000000e5560000, 0x00000000e5560000, 0x00000000e6ab0000)
 concurrent mark-sweep generation total 393216K, used 117658K [0x00000000e8000000, 0x0000000100000000, 0x0000000100000000)
 Metaspace       used 30872K, capacity 31282K, committed 31868K, reserved 1077248K
  class space    used 3481K, capacity 3625K, committed 3708K, reserved 1048576K
}
2018-11-12T14:39:02.802+0100: 278.017: Total time for which application threads were stopped: 0.0037278 seconds, Stopping threads took: 0.0000281 seconds
{Heap before GC invocations=207 (full 3):
 par new generation   total 109248K, used 98141K [0x00000000e0000000, 0x00000000e8000000, 0x00000000e8000000)
  eden space 87424K, 100% used [0x00000000e0000000, 0x00000000e5560000, 0x00000000e5560000)
  from space 21824K,  49% used [0x00000000e6ab0000, 0x00000000e7527710, 0x00000000e8000000)
  to   space 21824K,   0% used [0x00000000e5560000, 0x00000000e5560000, 0x00000000e6ab0000)
 concurrent mark-sweep generation total 393216K, used 117658K [0x00000000e8000000, 0x0000000100000000, 0x0000000100000000)
 Metaspace       used 30872K, capacity 31282K, committed 31868K, reserved 1077248K
  class space    used 3481K, capacity 3625K, committed 3708K, reserved 1048576K
2018-11-12T14:39:03.039+0100: 278.253: [GC (Allocation Failure) 2018-11-12T14:39:03.039+0100: 278.253: [ParNew
Desired survivor size 20112992 bytes, new threshold 8 (max 8)
- age   1:    3043400 bytes,    3043400 total
- age   2:    2182336 bytes,    5225736 total
- age   3:     496344 bytes,    5722080 total
- age   4:     530120 bytes,    6252200 total
- age   5:     518088 bytes,    6770288 total
- age   6:     594624 bytes,    7364912 total
- age   7:     567496 bytes,    7932408 total
- age   8:     514120 bytes,    8446528 total
: 98141K->9937K(109248K), 0.0030870 secs] 215800K->128144K(502464K), 0.0031766 secs] [Times: user=0.00 sys=0.00, real=0.00 secs] 
Heap after GC invocations=208 (full 3):
 par new generation   total 109248K, used 9937K [0x00000000e0000000, 0x00000000e8000000, 0x00000000e8000000)
  eden space 87424K,   0% used [0x00000000e0000000, 0x00000000e0000000, 0x00000000e5560000)
  from space 21824K,  45% used [0x00000000e5560000, 0x00000000e5f14590, 0x00000000e6ab0000)
  to   space 21824K,   0% used [0x00000000e6ab0000, 0x00000000e6ab0000, 0x00000000e8000000)
 concurrent mark-sweep generation total 393216K, used 118206K [0x00000000e8000000, 0x0000000100000000, 0x0000000100000000)
 Metaspace       used 30872K, capacity 31282K, committed 31868K, reserved 1077248K
  class space    used 3481K, capacity 3625K, committed 3708K, reserved 1048576K
}
2018-11-12T14:39:03.042+0100: 278.256: Total time for which application threads were stopped: 0.0033655 seconds, Stopping threads took: 0.0000253 seconds
{Heap before GC invocations=208 (full 3):
 par new generation   total 109248K, used 97361K [0x00000000e0000000, 0x00000000e8000000, 0x00000000e8000000)
  eden space 87424K, 100% used [0x00000000e0000000, 0x00000000e5560000, 0x00000000e5560000)
  from space 21824K,  45% used [0x00000000e5560000, 0x00000000e5f14590, 0x00000000e6ab0000)
  to   space 21824K,   0% used [0x00000000e6ab0000, 0x00000000e6ab0000, 0x00000000e8000000)
 concurrent mark-sweep generation total 393216K, used 118206K [0x00000000e8000000, 0x0000000100000000, 0x0000000100000000)
 Metaspace       used 30872K, capacity 31282K, committed 31868K, reserved 1077248K
  class space    used 3481K, capacity 3625K, committed 3708K, reserved 1048576K
2018-11-12T14:39:03.293+0100: 278.507: [GC (Allocation Failure) 2018-11-12T14:39:03.293+0100: 278.507: [ParNew
Desired survivor size 20112992 bytes, new threshold 8 (max 8)
- age   1:    1805776 bytes,    1805776 total
- age   2:    2611376 bytes,    4417152 total
- age   3:    1730472 bytes,    6147624 total
- age   4:     496368 bytes,    6643992 total
- age   5:     530096 bytes,    7174088 total
- age   6:     518160 bytes,    7692248 total
- age   7:     594624 bytes,    8286872 total
- age   8:     567520 bytes,    8854392 total
: 97361K->10145K(109248K), 0.0031277 secs] 215568K->128854K(502464K), 0.0032132 secs] [Times: user=0.00 sys=0.00, real=0.00 secs] 
Heap after GC invocations=209 (full 3):
 par new generation   total 109248K, used 10145K [0x00000000e0000000, 0x00000000e8000000, 0x00000000e8000000)
  eden space 87424K,   0% used [0x00000000e0000000, 0x00000000e0000000, 0x00000000e5560000)
  from space 21824K,  46% used [0x00000000e6ab0000, 0x00000000e74987c0, 0x00000000e8000000)
  to   space 21824K,   0% used [0x00000000e5560000, 0x00000000e5560000, 0x00000000e6ab0000)
 concurrent mark-sweep generation total 393216K, used 118709K [0x00000000e8000000, 0x0000000100000000, 0x0000000100000000)
 Metaspace       used 30872K, capacity 31282K, committed 31868K, reserved 1077248K
  class space    used 3481K, capacity 3625K, committed 3708K, reserved 1048576K
}
2018-11-12T14:39:03.296+0100: 278.511: Total time for which application threads were stopped: 0.0034318 seconds, Stopping threads took: 0.0000325 seconds
{Heap before GC invocations=209 (full 3):
 par new generation   total 109248K, used 97569K [0x00000000e0000000, 0x00000000e8000000, 0x00000000e8000000)
  eden space 87424K, 100% used [0x00000000e0000000, 0x00000000e5560000, 0x00000000e5560000)
  from space 21824K,  46% used [0x00000000e6ab0000, 0x00000000e74987c0, 0x00000000e8000000)
  to   space 21824K,   0% used [0x00000000e5560000, 0x00000000e5560000, 0x00000000e6ab0000)
 concurrent mark-sweep generation total 393216K, used 118709K [0x00000000e8000000, 0x0000000100000000, 0x0000000100000000)
 Metaspace       used 30872K, capacity 31282K, committed 31868K, reserved 1077248K
  class space    used 3481K, capacity 3625K, committed 3708K, reserved 1048576K
2018-11-12T14:39:03.515+0100: 278.729: [GC (Allocation Failure) 2018-11-12T14:39:03.515+0100: 278.729: [ParNew
Desired survivor size 20112992 bytes, new threshold 8 (max 8)
- age   1:    3504392 bytes,    3504392 total
- age   2:    1298784 bytes,    4803176 total
- age   3:     526088 bytes,    5329264 total
- age   4:    1574216 bytes,    6903480 total
- age   5:     496320 bytes,    7399800 total
- age   6:     530096 bytes,    7929896 total
- age   7:     518088 bytes,    8447984 total
- age   8:     594600 bytes,    9042584 total
: 97569K->11950K(109248K), 0.0040737 secs] 216278K->131213K(502464K), 0.0041558 secs] [Times: user=0.00 sys=0.02, real=0.00 secs] 
Heap after GC invocations=210 (full 3):
 par new generation   total 109248K, used 11950K [0x00000000e0000000, 0x00000000e8000000, 0x00000000e8000000)
  eden space 87424K,   0% used [0x00000000e0000000, 0x00000000e0000000, 0x00000000e5560000)
  from space 21824K,  54% used [0x00000000e5560000, 0x00000000e610b8b8, 0x00000000e6ab0000)
  to   space 21824K,   0% used [0x00000000e6ab0000, 0x00000000e6ab0000, 0x00000000e8000000)
 concurrent mark-sweep generation total 393216K, used 119263K [0x00000000e8000000, 0x0000000100000000, 0x0000000100000000)
 Metaspace       used 30872K, capacity 31282K, committed 31868K, reserved 1077248K
  class space    used 3481K, capacity 3625K, committed 3708K, reserved 1048576K
}
2018-11-12T14:39:03.519+0100: 278.733: Total time for which application threads were stopped: 0.0043600 seconds, Stopping threads took: 0.0000250 seconds
{Heap before GC invocations=210 (full 3):
 par new generation   total 109248K, used 99374K [0x00000000e0000000, 0x00000000e8000000, 0x00000000e8000000)
  eden space 87424K, 100% used [0x00000000e0000000, 0x00000000e5560000, 0x00000000e5560000)
  from space 21824K,  54% used [0x00000000e5560000, 0x00000000e610b8b8, 0x00000000e6ab0000)
  to   space 21824K,   0% used [0x00000000e6ab0000, 0x00000000e6ab0000, 0x00000000e8000000)
 concurrent mark-sweep generation total 393216K, used 119263K [0x00000000e8000000, 0x0000000100000000, 0x0000000100000000)
 Metaspace       used 30872K, capacity 31282K, committed 31868K, reserved 1077248K
  class space    used 3481K, capacity 3625K, committed 3708K, reserved 1048576K
2018-11-12T14:39:03.789+0100: 279.004: [GC (Allocation Failure) 2018-11-12T14:39:03.789+0100: 279.004: [ParNew
Desired survivor size 20112992 bytes, new threshold 8 (max 8)
- age   1:    1008648 bytes,    1008648 total
- age   2:    3013680 bytes,    4022328 total
- age   3:    1297800 bytes,    5320128 total
- age   4:     516792 bytes,    5836920 total
- age   5:    1574216 bytes,    7411136 total
- age   6:     496320 bytes,    7907456 total
- age   7:     530072 bytes,    8437528 total
- age   8:     518088 bytes,    8955616 total
: 99374K->10147K(109248K), 0.0030791 secs] 218637K->129991K(502464K), 0.0031592 secs] [Times: user=0.00 sys=0.00, real=0.00 secs] 
Heap after GC invocations=211 (full 3):
 par new generation   total 109248K, used 10147K [0x00000000e0000000, 0x00000000e8000000, 0x00000000e8000000)
  eden space 87424K,   0% used [0x00000000e0000000, 0x00000000e0000000, 0x00000000e5560000)
  from space 21824K,  46% used [0x00000000e6ab0000, 0x00000000e7498e70, 0x00000000e8000000)
  to   space 21824K,   0% used [0x00000000e5560000, 0x00000000e5560000, 0x00000000e6ab0000)
 concurrent mark-sweep generation total 393216K, used 119844K [0x00000000e8000000, 0x0000000100000000, 0x0000000100000000)
 Metaspace       used 30872K, capacity 31282K, committed 31868K, reserved 1077248K
  class space    used 3481K, capacity 3625K, committed 3708K, reserved 1048576K
}
2018-11-12T14:39:03.793+0100: 279.007: Total time for which application threads were stopped: 0.0033552 seconds, Stopping threads took: 0.0000243 seconds
{Heap before GC invocations=211 (full 3):
 par new generation   total 109248K, used 97571K [0x00000000e0000000, 0x00000000e8000000, 0x00000000e8000000)
  eden space 87424K, 100% used [0x00000000e0000000, 0x00000000e5560000, 0x00000000e5560000)
  from space 21824K,  46% used [0x00000000e6ab0000, 0x00000000e7498e70, 0x00000000e8000000)
  to   space 21824K,   0% used [0x00000000e5560000, 0x00000000e5560000, 0x00000000e6ab0000)
 concurrent mark-sweep generation total 393216K, used 119844K [0x00000000e8000000, 0x0000000100000000, 0x0000000100000000)
 Metaspace       used 30872K, capacity 31282K, committed 31868K, reserved 1077248K
  class space    used 3481K, capacity 3625K, committed 3708K, reserved 1048576K
2018-11-12T14:39:04.008+0100: 279.223: [GC (Allocation Failure) 2018-11-12T14:39:04.008+0100: 279.223: [ParNew
Desired survivor size 20112992 bytes, new threshold 8 (max 8)
- age   1:    4103800 bytes,    4103800 total
- age   2:     535280 bytes,    4639080 total
- age   3:     667792 bytes,    5306872 total
- age   4:     790448 bytes,    6097320 total
- age   5:     516792 bytes,    6614112 total
- age   6:    1574216 bytes,    8188328 total
- age   7:     496320 bytes,    8684648 total
- age   8:     530072 bytes,    9214720 total
: 97571K->10331K(109248K), 0.0037719 secs] 217415K->130682K(502464K), 0.0039594 secs] [Times: user=0.00 sys=0.00, real=0.00 secs] 
Heap after GC invocations=212 (full 3):
 par new generation   total 109248K, used 10331K [0x00000000e0000000, 0x00000000e8000000, 0x00000000e8000000)
  eden space 87424K,   0% used [0x00000000e0000000, 0x00000000e0000000, 0x00000000e5560000)
  from space 21824K,  47% used [0x00000000e5560000, 0x00000000e5f76f00, 0x00000000e6ab0000)
  to   space 21824K,   0% used [0x00000000e6ab0000, 0x00000000e6ab0000, 0x00000000e8000000)
 concurrent mark-sweep generation total 393216K, used 120350K [0x00000000e8000000, 0x0000000100000000, 0x0000000100000000)
 Metaspace       used 30872K, capacity 31282K, committed 31868K, reserved 1077248K
  class space    used 3481K, capacity 3625K, committed 3708K, reserved 1048576K
}
2018-11-12T14:39:04.012+0100: 279.227: Total time for which application threads were stopped: 0.0043292 seconds, Stopping threads took: 0.0000387 seconds
{Heap before GC invocations=212 (full 3):
 par new generation   total 109248K, used 97755K [0x00000000e0000000, 0x00000000e8000000, 0x00000000e8000000)
  eden space 87424K, 100% used [0x00000000e0000000, 0x00000000e5560000, 0x00000000e5560000)
  from space 21824K,  47% used [0x00000000e5560000, 0x00000000e5f76f00, 0x00000000e6ab0000)
  to   space 21824K,   0% used [0x00000000e6ab0000, 0x00000000e6ab0000, 0x00000000e8000000)
 concurrent mark-sweep generation total 393216K, used 120350K [0x00000000e8000000, 0x0000000100000000, 0x0000000100000000)
 Metaspace       used 30872K, capacity 31282K, committed 31868K, reserved 1077248K
  class space    used 3481K, capacity 3625K, committed 3708K, reserved 1048576K
2018-11-12T14:39:04.264+0100: 279.479: [GC (Allocation Failure) 2018-11-12T14:39:04.264+0100: 279.479: [ParNew
Desired survivor size 20112992 bytes, new threshold 8 (max 8)
- age   1:     942728 bytes,     942728 total
- age   2:    3738064 bytes,    4680792 total
- age   3:     524784 bytes,    5205576 total
- age   4:     667792 bytes,    5873368 total
- age   5:     790448 bytes,    6663816 total
- age   6:     516736 bytes,    7180552 total
- age   7:    1574216 bytes,    8754768 total
- age   8:     488896 bytes,    9243664 total
: 97755K->11826K(109248K), 0.0027592 secs] 218106K->132694K(502464K), 0.0028382 secs] [Times: user=0.00 sys=0.00, real=0.00 secs] 
Heap after GC invocations=213 (full 3):
 par new generation   total 109248K, used 11826K [0x00000000e0000000, 0x00000000e8000000, 0x00000000e8000000)
  eden space 87424K,   0% used [0x00000000e0000000, 0x00000000e0000000, 0x00000000e5560000)
  from space 21824K,  54% used [0x00000000e6ab0000, 0x00000000e763c958, 0x00000000e8000000)
  to   space 21824K,   0% used [0x00000000e5560000, 0x00000000e5560000, 0x00000000e6ab0000)
 concurrent mark-sweep generation total 393216K, used 120868K [0x00000000e8000000, 0x0000000100000000, 0x0000000100000000)
 Metaspace       used 30872K, capacity 31282K, committed 31868K, reserved 1077248K
  class space    used 3481K, capacity 3625K, committed 3708K, reserved 1048576K
}
2018-11-12T14:39:04.267+0100: 279.482: Total time for which application threads were stopped: 0.0030305 seconds, Stopping threads took: 0.0000243 seconds
{Heap before GC invocations=213 (full 3):
 par new generation   total 109248K, used 99250K [0x00000000e0000000, 0x00000000e8000000, 0x00000000e8000000)
  eden space 87424K, 100% used [0x00000000e0000000, 0x00000000e5560000, 0x00000000e5560000)
  from space 21824K,  54% used [0x00000000e6ab0000, 0x00000000e763c958, 0x00000000e8000000)
  to   space 21824K,   0% used [0x00000000e5560000, 0x00000000e5560000, 0x00000000e6ab0000)
 concurrent mark-sweep generation total 393216K, used 120868K [0x00000000e8000000, 0x0000000100000000, 0x0000000100000000)
 Metaspace       used 30872K, capacity 31282K, committed 31868K, reserved 1077248K
  class space    used 3481K, capacity 3625K, committed 3708K, reserved 1048576K
2018-11-12T14:39:04.539+0100: 279.753: [GC (Allocation Failure) 2018-11-12T14:39:04.539+0100: 279.753: [ParNew
Desired survivor size 20112992 bytes, new threshold 8 (max 8)
- age   1:    1835648 bytes,    1835648 total
- age   2:     559256 bytes,    2394904 total
- age   3:    3167312 bytes,    5562216 total
- age   4:     523696 bytes,    6085912 total
- age   5:     492040 bytes,    6577952 total
- age   6:     790496 bytes,    7368448 total
- age   7:     516760 bytes,    7885208 total
- age   8:    1574216 bytes,    9459424 total
: 99250K->11101K(109248K), 0.0029570 secs] 220118K->132446K(502464K), 0.0030463 secs] [Times: user=0.00 sys=0.00, real=0.00 secs] 
Heap after GC invocations=214 (full 3):
 par new generation   total 109248K, used 11101K [0x00000000e0000000, 0x00000000e8000000, 0x00000000e8000000)
  eden space 87424K,   0% used [0x00000000e0000000, 0x00000000e0000000, 0x00000000e5560000)
  from space 21824K,  50% used [0x00000000e5560000, 0x00000000e6037530, 0x00000000e6ab0000)
  to   space 21824K,   0% used [0x00000000e6ab0000, 0x00000000e6ab0000, 0x00000000e8000000)
 concurrent mark-sweep generation total 393216K, used 121345K [0x00000000e8000000, 0x0000000100000000, 0x0000000100000000)
 Metaspace       used 30872K, capacity 31282K, committed 31868K, reserved 1077248K
  class space    used 3481K, capacity 3625K, committed 3708K, reserved 1048576K
}
2018-11-12T14:39:04.543+0100: 279.756: Total time for which application threads were stopped: 0.0032666 seconds, Stopping threads took: 0.0000281 seconds
{Heap before GC invocations=214 (full 3):
 par new generation   total 109248K, used 98525K [0x00000000e0000000, 0x00000000e8000000, 0x00000000e8000000)
  eden space 87424K, 100% used [0x00000000e0000000, 0x00000000e5560000, 0x00000000e5560000)
  from space 21824K,  50% used [0x00000000e5560000, 0x00000000e6037530, 0x00000000e6ab0000)
  to   space 21824K,   0% used [0x00000000e6ab0000, 0x00000000e6ab0000, 0x00000000e8000000)
 concurrent mark-sweep generation total 393216K, used 121345K [0x00000000e8000000, 0x0000000100000000, 0x0000000100000000)
 Metaspace       used 30872K, capacity 31282K, committed 31868K, reserved 1077248K
  class space    used 3481K, capacity 3625K, committed 3708K, reserved 1048576K
2018-11-12T14:39:04.790+0100: 280.004: [GC (Allocation Failure) 2018-11-12T14:39:04.791+0100: 280.005: [ParNew
Desired survivor size 20112992 bytes, new threshold 8 (max 8)
- age   1:    3926672 bytes,    3926672 total
- age   2:    1369280 bytes,    5295952 total
- age   3:     559256 bytes,    5855208 total
- age   4:     528104 bytes,    6383312 total
- age   5:     523672 bytes,    6906984 total
- age   6:     492016 bytes,    7399000 total
- age   7:     790448 bytes,    8189448 total
- age   8:     516736 bytes,    8706184 total
: 98525K->9888K(109248K), 0.0033234 secs] 219870K->132770K(502464K), 0.0036186 secs] [Times: user=0.00 sys=0.00, real=0.00 secs] 
Heap after GC invocations=215 (full 3):
 par new generation   total 109248K, used 9888K [0x00000000e0000000, 0x00000000e8000000, 0x00000000e8000000)
  eden space 87424K,   0% used [0x00000000e0000000, 0x00000000e0000000, 0x00000000e5560000)
  from space 21824K,  45% used [0x00000000e6ab0000, 0x00000000e7458010, 0x00000000e8000000)
  to   space 21824K,   0% used [0x00000000e5560000, 0x00000000e5560000, 0x00000000e6ab0000)
 concurrent mark-sweep generation total 393216K, used 122882K [0x00000000e8000000, 0x0000000100000000, 0x0000000100000000)
 Metaspace       used 30872K, capacity 31282K, committed 31868K, reserved 1077248K
  class space    used 3481K, capacity 3625K, committed 3708K, reserved 1048576K
}
2018-11-12T14:39:04.794+0100: 280.008: Total time for which application threads were stopped: 0.0038222 seconds, Stopping threads took: 0.0000260 seconds
{Heap before GC invocations=215 (full 3):
 par new generation   total 109248K, used 97312K [0x00000000e0000000, 0x00000000e8000000, 0x00000000e8000000)
  eden space 87424K, 100% used [0x00000000e0000000, 0x00000000e5560000, 0x00000000e5560000)
  from space 21824K,  45% used [0x00000000e6ab0000, 0x00000000e7458010, 0x00000000e8000000)
  to   space 21824K,   0% used [0x00000000e5560000, 0x00000000e5560000, 0x00000000e6ab0000)
 concurrent mark-sweep generation total 393216K, used 122882K [0x00000000e8000000, 0x0000000100000000, 0x0000000100000000)
 Metaspace       used 30872K, capacity 31282K, committed 31868K, reserved 1077248K
  class space    used 3481K, capacity 3625K, committed 3708K, reserved 1048576K
2018-11-12T14:39:05.052+0100: 280.266: [GC (Allocation Failure) 2018-11-12T14:39:05.052+0100: 280.266: [ParNew
Desired survivor size 20112992 bytes, new threshold 8 (max 8)
- age   1:    1022912 bytes,    1022912 total
- age   2:    3486680 bytes,    4509592 total
- age   3:    1369280 bytes,    5878872 total
- age   4:     547424 bytes,    6426296 total
- age   5:     528104 bytes,    6954400 total
- age   6:     523672 bytes,    7478072 total
- age   7:     492016 bytes,    7970088 total
- age   8:     790448 bytes,    8760536 total
: 97312K->12701K(109248K), 0.0040706 secs] 220194K->136088K(502464K), 0.0041575 secs] [Times: user=0.00 sys=0.00, real=0.00 secs] 
Heap after GC invocations=216 (full 3):
 par new generation   total 109248K, used 12701K [0x00000000e0000000, 0x00000000e8000000, 0x00000000e8000000)
  eden space 87424K,   0% used [0x00000000e0000000, 0x00000000e0000000, 0x00000000e5560000)
  from space 21824K,  58% used [0x00000000e5560000, 0x00000000e61c74f0, 0x00000000e6ab0000)
  to   space 21824K,   0% used [0x00000000e6ab0000, 0x00000000e6ab0000, 0x00000000e8000000)
 concurrent mark-sweep generation total 393216K, used 123387K [0x00000000e8000000, 0x0000000100000000, 0x0000000100000000)
 Metaspace       used 30872K, capacity 31282K, committed 31868K, reserved 1077248K
  class space    used 3481K, capacity 3625K, committed 3708K, reserved 1048576K
}
2018-11-12T14:39:05.057+0100: 280.271: Total time for which application threads were stopped: 0.0043573 seconds, Stopping threads took: 0.0000236 seconds
{Heap before GC invocations=216 (full 3):
 par new generation   total 109248K, used 100125K [0x00000000e0000000, 0x00000000e8000000, 0x00000000e8000000)
  eden space 87424K, 100% used [0x00000000e0000000, 0x00000000e5560000, 0x00000000e5560000)
  from space 21824K,  58% used [0x00000000e5560000, 0x00000000e61c74f0, 0x00000000e6ab0000)
  to   space 21824K,   0% used [0x00000000e6ab0000, 0x00000000e6ab0000, 0x00000000e8000000)
 concurrent mark-sweep generation total 393216K, used 123387K [0x00000000e8000000, 0x0000000100000000, 0x0000000100000000)
 Metaspace       used 30872K, capacity 31282K, committed 31868K, reserved 1077248K
  class space    used 3481K, capacity 3625K, committed 3708K, reserved 1048576K
2018-11-12T14:39:05.307+0100: 280.521: [GC (Allocation Failure) 2018-11-12T14:39:05.307+0100: 280.521: [ParNew
Desired survivor size 20112992 bytes, new threshold 8 (max 8)
- age   1:     903352 bytes,     903352 total
- age   2:     543296 bytes,    1446648 total
- age   3:    3486680 bytes,    4933328 total
- age   4:    1368024 bytes,    6301352 total
- age   5:     547424 bytes,    6848776 total
- age   6:     528104 bytes,    7376880 total
- age   7:     523672 bytes,    7900552 total
- age   8:     492016 bytes,    8392568 total
: 100125K->10402K(109248K), 0.0030692 secs] 223512K->134562K(502464K), 0.0031588 secs] [Times: user=0.00 sys=0.00, real=0.00 secs] 
Heap after GC invocations=217 (full 3):
 par new generation   total 109248K, used 10402K [0x00000000e0000000, 0x00000000e8000000, 0x00000000e8000000)
  eden space 87424K,   0% used [0x00000000e0000000, 0x00000000e0000000, 0x00000000e5560000)
  from space 21824K,  47% used [0x00000000e6ab0000, 0x00000000e74d8b20, 0x00000000e8000000)
  to   space 21824K,   0% used [0x00000000e5560000, 0x00000000e5560000, 0x00000000e6ab0000)
 concurrent mark-sweep generation total 393216K, used 124159K [0x00000000e8000000, 0x0000000100000000, 0x0000000100000000)
 Metaspace       used 30872K, capacity 31282K, committed 31868K, reserved 1077248K
  class space    used 3481K, capacity 3625K, committed 3708K, reserved 1048576K
}
2018-11-12T14:39:05.310+0100: 280.524: Total time for which application threads were stopped: 0.0033942 seconds, Stopping threads took: 0.0000277 seconds
{Heap before GC invocations=217 (full 3):
 par new generation   total 109248K, used 97826K [0x00000000e0000000, 0x00000000e8000000, 0x00000000e8000000)
  eden space 87424K, 100% used [0x00000000e0000000, 0x00000000e5560000, 0x00000000e5560000)
  from space 21824K,  47% used [0x00000000e6ab0000, 0x00000000e74d8b20, 0x00000000e8000000)
  to   space 21824K,   0% used [0x00000000e5560000, 0x00000000e5560000, 0x00000000e6ab0000)
 concurrent mark-sweep generation total 393216K, used 124159K [0x00000000e8000000, 0x0000000100000000, 0x0000000100000000)
 Metaspace       used 30872K, capacity 31282K, committed 31868K, reserved 1077248K
  class space    used 3481K, capacity 3625K, committed 3708K, reserved 1048576K
2018-11-12T14:39:05.588+0100: 280.803: [GC (Allocation Failure) 2018-11-12T14:39:05.588+0100: 280.803: [ParNew
Desired survivor size 20112992 bytes, new threshold 8 (max 8)
- age   1:    4981816 bytes,    4981816 total
- age   2:     498568 bytes,    5480384 total
- age   3:     536648 bytes,    6017032 total
- age   4:     513512 bytes,    6530544 total
- age   5:     725880 bytes,    7256424 total
- age   6:     547424 bytes,    7803848 total
- age   7:     528104 bytes,    8331952 total
- age   8:     523672 bytes,    8855624 total
: 97826K->10600K(109248K), 0.0031643 secs] 221986K->135240K(502464K), 0.0032474 secs] [Times: user=0.00 sys=0.00, real=0.00 secs] 
Heap after GC invocations=218 (full 3):
 par new generation   total 109248K, used 10600K [0x00000000e0000000, 0x00000000e8000000, 0x00000000e8000000)
  eden space 87424K,   0% used [0x00000000e0000000, 0x00000000e0000000, 0x00000000e5560000)
  from space 21824K,  48% used [0x00000000e5560000, 0x00000000e5fba0a0, 0x00000000e6ab0000)
  to   space 21824K,   0% used [0x00000000e6ab0000, 0x00000000e6ab0000, 0x00000000e8000000)
 concurrent mark-sweep generation total 393216K, used 124640K [0x00000000e8000000, 0x0000000100000000, 0x0000000100000000)
 Metaspace       used 30872K, capacity 31282K, committed 31868K, reserved 1077248K
  class space    used 3481K, capacity 3625K, committed 3708K, reserved 1048576K
}
2018-11-12T14:39:05.592+0100: 280.806: Total time for which application threads were stopped: 0.0034441 seconds, Stopping threads took: 0.0000253 seconds
{Heap before GC invocations=218 (full 3):
 par new generation   total 109248K, used 98024K [0x00000000e0000000, 0x00000000e8000000, 0x00000000e8000000)
  eden space 87424K, 100% used [0x00000000e0000000, 0x00000000e5560000, 0x00000000e5560000)
  from space 21824K,  48% used [0x00000000e5560000, 0x00000000e5fba0a0, 0x00000000e6ab0000)
  to   space 21824K,   0% used [0x00000000e6ab0000, 0x00000000e6ab0000, 0x00000000e8000000)
 concurrent mark-sweep generation total 393216K, used 124640K [0x00000000e8000000, 0x0000000100000000, 0x0000000100000000)
 Metaspace       used 30872K, capacity 31282K, committed 31868K, reserved 1077248K
  class space    used 3481K, capacity 3625K, committed 3708K, reserved 1048576K
2018-11-12T14:39:05.840+0100: 281.054: [GC (Allocation Failure) 2018-11-12T14:39:05.840+0100: 281.054: [ParNew
Desired survivor size 20112992 bytes, new threshold 8 (max 8)
- age   1:    1100672 bytes,    1100672 total
- age   2:    4598928 bytes,    5699600 total
- age   3:     498568 bytes,    6198168 total
- age   4:     530000 bytes,    6728168 total
- age   5:     513488 bytes,    7241656 total
- age   6:     528152 bytes,    7769808 total
- age   7:     547424 bytes,    8317232 total
- age   8:     528104 bytes,    8845336 total
: 98024K->10753K(109248K), 0.0030856 secs] 222664K->135905K(502464K), 0.0031728 secs] [Times: user=0.00 sys=0.00, real=0.00 secs] 
Heap after GC invocations=219 (full 3):
 par new generation   total 109248K, used 10753K [0x00000000e0000000, 0x00000000e8000000, 0x00000000e8000000)
  eden space 87424K,   0% used [0x00000000e0000000, 0x00000000e0000000, 0x00000000e5560000)
  from space 21824K,  49% used [0x00000000e6ab0000, 0x00000000e7530690, 0x00000000e8000000)
  to   space 21824K,   0% used [0x00000000e5560000, 0x00000000e5560000, 0x00000000e6ab0000)
 concurrent mark-sweep generation total 393216K, used 125151K [0x00000000e8000000, 0x0000000100000000, 0x0000000100000000)
 Metaspace       used 30872K, capacity 31282K, committed 31868K, reserved 1077248K
  class space    used 3481K, capacity 3625K, committed 3708K, reserved 1048576K
}
2018-11-12T14:39:05.844+0100: 281.058: Total time for which application threads were stopped: 0.0033737 seconds, Stopping threads took: 0.0000243 seconds
{Heap before GC invocations=219 (full 3):
 par new generation   total 109248K, used 98177K [0x00000000e0000000, 0x00000000e8000000, 0x00000000e8000000)
  eden space 87424K, 100% used [0x00000000e0000000, 0x00000000e5560000, 0x00000000e5560000)
  from space 21824K,  49% used [0x00000000e6ab0000, 0x00000000e7530690, 0x00000000e8000000)
  to   space 21824K,   0% used [0x00000000e5560000, 0x00000000e5560000, 0x00000000e6ab0000)
 concurrent mark-sweep generation total 393216K, used 125151K [0x00000000e8000000, 0x0000000100000000, 0x0000000100000000)
 Metaspace       used 30872K, capacity 31282K, committed 31868K, reserved 1077248K
  class space    used 3481K, capacity 3625K, committed 3708K, reserved 1048576K
2018-11-12T14:39:06.076+0100: 281.290: [GC (Allocation Failure) 2018-11-12T14:39:06.076+0100: 281.290: [ParNew
Desired survivor size 20112992 bytes, new threshold 8 (max 8)
- age   1:    1032776 bytes,    1032776 total
- age   2:     714016 bytes,    1746792 total
- age   3:    4598928 bytes,    6345720 total
- age   4:     497152 bytes,    6842872 total
- age   5:     529944 bytes,    7372816 total
- age   6:     513488 bytes,    7886304 total
- age   7:     528152 bytes,    8414456 total
- age   8:     547424 bytes,    8961880 total
: 98177K->9598K(109248K), 0.0033460 secs] 223329K->135266K(502464K), 0.0034332 secs] [Times: user=0.00 sys=0.00, real=0.00 secs] 
Heap after GC invocations=220 (full 3):
 par new generation   total 109248K, used 9598K [0x00000000e0000000, 0x00000000e8000000, 0x00000000e8000000)
  eden space 87424K,   0% used [0x00000000e0000000, 0x00000000e0000000, 0x00000000e5560000)
  from space 21824K,  43% used [0x00000000e5560000, 0x00000000e5ebfbc0, 0x00000000e6ab0000)
  to   space 21824K,   0% used [0x00000000e6ab0000, 0x00000000e6ab0000, 0x00000000e8000000)
 concurrent mark-sweep generation total 393216K, used 125667K [0x00000000e8000000, 0x0000000100000000, 0x0000000100000000)
 Metaspace       used 30872K, capacity 31282K, committed 31868K, reserved 1077248K
  class space    used 3481K, capacity 3625K, committed 3708K, reserved 1048576K
}
2018-11-12T14:39:06.079+0100: 281.294: Total time for which application threads were stopped: 0.0036532 seconds, Stopping threads took: 0.0000277 seconds
{Heap before GC invocations=220 (full 3):
 par new generation   total 109248K, used 97022K [0x00000000e0000000, 0x00000000e8000000, 0x00000000e8000000)
  eden space 87424K, 100% used [0x00000000e0000000, 0x00000000e5560000, 0x00000000e5560000)
  from space 21824K,  43% used [0x00000000e5560000, 0x00000000e5ebfbc0, 0x00000000e6ab0000)
  to   space 21824K,   0% used [0x00000000e6ab0000, 0x00000000e6ab0000, 0x00000000e8000000)
 concurrent mark-sweep generation total 393216K, used 125667K [0x00000000e8000000, 0x0000000100000000, 0x0000000100000000)
 Metaspace       used 30872K, capacity 31282K, committed 31868K, reserved 1077248K
  class space    used 3481K, capacity 3625K, committed 3708K, reserved 1048576K
2018-11-12T14:39:06.370+0100: 281.585: [GC (Allocation Failure) 2018-11-12T14:39:06.370+0100: 281.585: [ParNew
Desired survivor size 20112992 bytes, new threshold 8 (max 8)
- age   1:     800672 bytes,     800672 total
- age   2:     566168 bytes,    1366840 total
- age   3:     713992 bytes,    2080832 total
- age   4:    4598928 bytes,    6679760 total
- age   5:     497152 bytes,    7176912 total
- age   6:     529944 bytes,    7706856 total
- age   7:     513488 bytes,    8220344 total
- age   8:     528152 bytes,    8748496 total
: 97022K->10480K(109248K), 0.0027914 secs] 222690K->136682K(502464K), 0.0028738 secs] [Times: user=0.00 sys=0.00, real=0.00 secs] 
Heap after GC invocations=221 (full 3):
 par new generation   total 109248K, used 10480K [0x00000000e0000000, 0x00000000e8000000, 0x00000000e8000000)
  eden space 87424K,   0% used [0x00000000e0000000, 0x00000000e0000000, 0x00000000e5560000)
  from space 21824K,  48% used [0x00000000e6ab0000, 0x00000000e74ec1d8, 0x00000000e8000000)
  to   space 21824K,   0% used [0x00000000e5560000, 0x00000000e5560000, 0x00000000e6ab0000)
 concurrent mark-sweep generation total 393216K, used 126202K [0x00000000e8000000, 0x0000000100000000, 0x0000000100000000)
 Metaspace       used 30872K, capacity 31282K, committed 31868K, reserved 1077248K
  class space    used 3481K, capacity 3625K, committed 3708K, reserved 1048576K
}
2018-11-12T14:39:06.373+0100: 281.588: Total time for which application threads were stopped: 0.0030716 seconds, Stopping threads took: 0.0000277 seconds
{Heap before GC invocations=221 (full 3):
 par new generation   total 109248K, used 97904K [0x00000000e0000000, 0x00000000e8000000, 0x00000000e8000000)
  eden space 87424K, 100% used [0x00000000e0000000, 0x00000000e5560000, 0x00000000e5560000)
  from space 21824K,  48% used [0x00000000e6ab0000, 0x00000000e74ec1d8, 0x00000000e8000000)
  to   space 21824K,   0% used [0x00000000e5560000, 0x00000000e5560000, 0x00000000e6ab0000)
 concurrent mark-sweep generation total 393216K, used 126202K [0x00000000e8000000, 0x0000000100000000, 0x0000000100000000)
 Metaspace       used 30872K, capacity 31282K, committed 31868K, reserved 1077248K
  class space    used 3481K, capacity 3625K, committed 3708K, reserved 1048576K
2018-11-12T14:39:06.646+0100: 281.861: [GC (Allocation Failure) 2018-11-12T14:39:06.647+0100: 281.861: [ParNew
Desired survivor size 20112992 bytes, new threshold 8 (max 8)
- age   1:    5522920 bytes,    5522920 total
- age   2:     534296 bytes,    6057216 total
- age   3:     566168 bytes,    6623384 total
- age   4:     706544 bytes,    7329928 total
- age   5:     528920 bytes,    7858848 total
- age   6:     497152 bytes,    8356000 total
- age   7:     529944 bytes,    8885944 total
- age   8:     513488 bytes,    9399432 total
: 97904K->10920K(109248K), 0.0031373 secs] 224106K->137638K(502464K), 0.0032385 secs] [Times: user=0.00 sys=0.00, real=0.00 secs] 
Heap after GC invocations=222 (full 3):
 par new generation   total 109248K, used 10920K [0x00000000e0000000, 0x00000000e8000000, 0x00000000e8000000)
  eden space 87424K,   0% used [0x00000000e0000000, 0x00000000e0000000, 0x00000000e5560000)
  from space 21824K,  50% used [0x00000000e5560000, 0x00000000e600a150, 0x00000000e6ab0000)
  to   space 21824K,   0% used [0x00000000e6ab0000, 0x00000000e6ab0000, 0x00000000e8000000)
 concurrent mark-sweep generation total 393216K, used 126718K [0x00000000e8000000, 0x0000000100000000, 0x0000000100000000)
 Metaspace       used 30872K, capacity 31282K, committed 31868K, reserved 1077248K
  class space    used 3481K, capacity 3625K, committed 3708K, reserved 1048576K
}
2018-11-12T14:39:06.650+0100: 281.864: Total time for which application threads were stopped: 0.0034842 seconds, Stopping threads took: 0.0000332 seconds
{Heap before GC invocations=222 (full 3):
 par new generation   total 109248K, used 98344K [0x00000000e0000000, 0x00000000e8000000, 0x00000000e8000000)
  eden space 87424K, 100% used [0x00000000e0000000, 0x00000000e5560000, 0x00000000e5560000)
  from space 21824K,  50% used [0x00000000e5560000, 0x00000000e600a150, 0x00000000e6ab0000)
  to   space 21824K,   0% used [0x00000000e6ab0000, 0x00000000e6ab0000, 0x00000000e8000000)
 concurrent mark-sweep generation total 393216K, used 126718K [0x00000000e8000000, 0x0000000100000000, 0x0000000100000000)
 Metaspace       used 30872K, capacity 31282K, committed 31868K, reserved 1077248K
  class space    used 3481K, capacity 3625K, committed 3708K, reserved 1048576K
2018-11-12T14:39:06.931+0100: 282.146: [GC (Allocation Failure) 2018-11-12T14:39:06.931+0100: 282.146: [ParNew
Desired survivor size 20112992 bytes, new threshold 8 (max 8)
- age   1:    1067464 bytes,    1067464 total
- age   2:    5080024 bytes,    6147488 total
- age   3:     534296 bytes,    6681784 total
- age   4:     566168 bytes,    7247952 total
- age   5:     706544 bytes,    7954496 total
- age   6:     528920 bytes,    8483416 total
- age   7:     497152 bytes,    8980568 total
- age   8:     529944 bytes,    9510512 total
: 98344K->11346K(109248K), 0.0032146 secs] 225062K->138566K(502464K), 0.0033025 secs] [Times: user=0.00 sys=0.00, real=0.00 secs] 
Heap after GC invocations=223 (full 3):
 par new generation   total 109248K, used 11346K [0x00000000e0000000, 0x00000000e8000000, 0x00000000e8000000)
  eden space 87424K,   0% used [0x00000000e0000000, 0x00000000e0000000, 0x00000000e5560000)
  from space 21824K,  51% used [0x00000000e6ab0000, 0x00000000e75c4878, 0x00000000e8000000)
  to   space 21824K,   0% used [0x00000000e5560000, 0x00000000e5560000, 0x00000000e6ab0000)
 concurrent mark-sweep generation total 393216K, used 127220K [0x00000000e8000000, 0x0000000100000000, 0x0000000100000000)
 Metaspace       used 30872K, capacity 31282K, committed 31868K, reserved 1077248K
  class space    used 3481K, capacity 3625K, committed 3708K, reserved 1048576K
}
2018-11-12T14:39:06.935+0100: 282.149: Total time for which application threads were stopped: 0.0035074 seconds, Stopping threads took: 0.0000335 seconds
{Heap before GC invocations=223 (full 3):
 par new generation   total 109248K, used 98770K [0x00000000e0000000, 0x00000000e8000000, 0x00000000e8000000)
  eden space 87424K, 100% used [0x00000000e0000000, 0x00000000e5560000, 0x00000000e5560000)
  from space 21824K,  51% used [0x00000000e6ab0000, 0x00000000e75c4878, 0x00000000e8000000)
  to   space 21824K,   0% used [0x00000000e5560000, 0x00000000e5560000, 0x00000000e6ab0000)
 concurrent mark-sweep generation total 393216K, used 127220K [0x00000000e8000000, 0x0000000100000000, 0x0000000100000000)
 Metaspace       used 30873K, capacity 31282K, committed 31868K, reserved 1077248K
  class space    used 3481K, capacity 3625K, committed 3708K, reserved 1048576K
2018-11-12T14:39:07.253+0100: 282.467: [GC (Allocation Failure) 2018-11-12T14:39:07.253+0100: 282.467: [ParNew
Desired survivor size 20112992 bytes, new threshold 8 (max 8)
- age   1:     937832 bytes,     937832 total
- age   2:     525616 bytes,    1463448 total
- age   3:    5075912 bytes,    6539360 total
- age   4:     534296 bytes,    7073656 total
- age   5:     564520 bytes,    7638176 total
- age   6:     706544 bytes,    8344720 total
- age   7:     528920 bytes,    8873640 total
- age   8:     497152 bytes,    9370792 total
: 98770K->9625K(109248K), 0.0030206 secs] 225990K->137363K(502464K), 0.0031041 secs] [Times: user=0.00 sys=0.00, real=0.00 secs] 
Heap after GC invocations=224 (full 3):
 par new generation   total 109248K, used 9625K [0x00000000e0000000, 0x00000000e8000000, 0x00000000e8000000)
  eden space 87424K,   0% used [0x00000000e0000000, 0x00000000e0000000, 0x00000000e5560000)
  from space 21824K,  44% used [0x00000000e5560000, 0x00000000e5ec6580, 0x00000000e6ab0000)
  to   space 21824K,   0% used [0x00000000e6ab0000, 0x00000000e6ab0000, 0x00000000e8000000)
 concurrent mark-sweep generation total 393216K, used 127737K [0x00000000e8000000, 0x0000000100000000, 0x0000000100000000)
 Metaspace       used 30873K, capacity 31282K, committed 31868K, reserved 1077248K
  class space    used 3481K, capacity 3625K, committed 3708K, reserved 1048576K
}
2018-11-12T14:39:07.256+0100: 282.470: Total time for which application threads were stopped: 0.0033052 seconds, Stopping threads took: 0.0000270 seconds
2018-11-12T14:39:07.483+0100: 282.697: Total time for which application threads were stopped: 0.0000965 seconds, Stopping threads took: 0.0000233 seconds
{Heap before GC invocations=224 (full 3):
 par new generation   total 109248K, used 97049K [0x00000000e0000000, 0x00000000e8000000, 0x00000000e8000000)
  eden space 87424K, 100% used [0x00000000e0000000, 0x00000000e5560000, 0x00000000e5560000)
  from space 21824K,  44% used [0x00000000e5560000, 0x00000000e5ec6580, 0x00000000e6ab0000)
  to   space 21824K,   0% used [0x00000000e6ab0000, 0x00000000e6ab0000, 0x00000000e8000000)
 concurrent mark-sweep generation total 393216K, used 127737K [0x00000000e8000000, 0x0000000100000000, 0x0000000100000000)
 Metaspace       used 30873K, capacity 31282K, committed 31868K, reserved 1077248K
  class space    used 3481K, capacity 3625K, committed 3708K, reserved 1048576K
2018-11-12T14:39:07.511+0100: 282.725: [GC (Allocation Failure) 2018-11-12T14:39:07.511+0100: 282.725: [ParNew
Desired survivor size 20112992 bytes, new threshold 8 (max 8)
- age   1:    3237632 bytes,    3237632 total
- age   2:     615264 bytes,    3852896 total
- age   3:     606760 bytes,    4459656 total
- age   4:    5152872 bytes,    9612528 total
- age   5:     619576 bytes,   10232104 total
- age   6:     636280 bytes,   10868384 total
- age   7:     484088 bytes,   11352472 total
- age   8:     528920 bytes,   11881392 total
: 97049K->12790K(109248K), 0.0034633 secs] 224787K->141013K(502464K), 0.0035564 secs] [Times: user=0.00 sys=0.00, real=0.00 secs] 
Heap after GC invocations=225 (full 3):
 par new generation   total 109248K, used 12790K [0x00000000e0000000, 0x00000000e8000000, 0x00000000e8000000)
  eden space 87424K,   0% used [0x00000000e0000000, 0x00000000e0000000, 0x00000000e5560000)
  from space 21824K,  58% used [0x00000000e6ab0000, 0x00000000e772da00, 0x00000000e8000000)
  to   space 21824K,   0% used [0x00000000e5560000, 0x00000000e5560000, 0x00000000e6ab0000)
 concurrent mark-sweep generation total 393216K, used 128223K [0x00000000e8000000, 0x0000000100000000, 0x0000000100000000)
 Metaspace       used 30873K, capacity 31282K, committed 31868K, reserved 1077248K
  class space    used 3481K, capacity 3625K, committed 3708K, reserved 1048576K
}
2018-11-12T14:39:07.514+0100: 282.728: Total time for which application threads were stopped: 0.0037692 seconds, Stopping threads took: 0.0000253 seconds
{Heap before GC invocations=225 (full 3):
 par new generation   total 109248K, used 100214K [0x00000000e0000000, 0x00000000e8000000, 0x00000000e8000000)
  eden space 87424K, 100% used [0x00000000e0000000, 0x00000000e5560000, 0x00000000e5560000)
  from space 21824K,  58% used [0x00000000e6ab0000, 0x00000000e772da00, 0x00000000e8000000)
  to   space 21824K,   0% used [0x00000000e5560000, 0x00000000e5560000, 0x00000000e6ab0000)
 concurrent mark-sweep generation total 393216K, used 128223K [0x00000000e8000000, 0x0000000100000000, 0x0000000100000000)
 Metaspace       used 30873K, capacity 31282K, committed 31868K, reserved 1077248K
  class space    used 3481K, capacity 3625K, committed 3708K, reserved 1048576K
2018-11-12T14:39:07.779+0100: 282.993: [GC (Allocation Failure) 2018-11-12T14:39:07.779+0100: 282.993: [ParNew
Desired survivor size 20112992 bytes, new threshold 8 (max 8)
- age   1:    6158880 bytes,    6158880 total
- age   2:    2839168 bytes,    8998048 total
- age   3:     549792 bytes,    9547840 total
- age   4:     525616 bytes,   10073456 total
- age   5:     488752 bytes,   10562208 total
- age   6:     534296 bytes,   11096504 total
- age   7:     564520 bytes,   11661024 total
- age   8:     484064 bytes,   12145088 total
: 100214K->15732K(109248K), 0.0033340 secs] 228437K->144472K(502464K), 0.0034277 secs] [Times: user=0.00 sys=0.00, real=0.00 secs] 
Heap after GC invocations=226 (full 3):
 par new generation   total 109248K, used 15732K [0x00000000e0000000, 0x00000000e8000000, 0x00000000e8000000)
  eden space 87424K,   0% used [0x00000000e0000000, 0x00000000e0000000, 0x00000000e5560000)
  from space 21824K,  72% used [0x00000000e5560000, 0x00000000e64bd090, 0x00000000e6ab0000)
  to   space 21824K,   0% used [0x00000000e6ab0000, 0x00000000e6ab0000, 0x00000000e8000000)
 concurrent mark-sweep generation total 393216K, used 128740K [0x00000000e8000000, 0x0000000100000000, 0x0000000100000000)
 Metaspace       used 30873K, capacity 31282K, committed 31868K, reserved 1077248K
  class space    used 3481K, capacity 3625K, committed 3708K, reserved 1048576K
}
2018-11-12T14:39:07.783+0100: 282.997: Total time for which application threads were stopped: 0.0036877 seconds, Stopping threads took: 0.0000452 seconds
{Heap before GC invocations=226 (full 3):
 par new generation   total 109248K, used 103156K [0x00000000e0000000, 0x00000000e8000000, 0x00000000e8000000)
  eden space 87424K, 100% used [0x00000000e0000000, 0x00000000e5560000, 0x00000000e5560000)
  from space 21824K,  72% used [0x00000000e5560000, 0x00000000e64bd090, 0x00000000e6ab0000)
  to   space 21824K,   0% used [0x00000000e6ab0000, 0x00000000e6ab0000, 0x00000000e8000000)
 concurrent mark-sweep generation total 393216K, used 128740K [0x00000000e8000000, 0x0000000100000000, 0x0000000100000000)
 Metaspace       used 30873K, capacity 31282K, committed 31868K, reserved 1077248K
  class space    used 3481K, capacity 3625K, committed 3708K, reserved 1048576K
2018-11-12T14:39:08.047+0100: 283.261: [GC (Allocation Failure) 2018-11-12T14:39:08.047+0100: 283.261: [ParNew
Desired survivor size 20112992 bytes, new threshold 8 (max 8)
- age   1:    1142384 bytes,    1142384 total
- age   2:    5627456 bytes,    6769840 total
- age   3:    2839168 bytes,    9609008 total
- age   4:     611096 bytes,   10220104 total
- age   5:     598416 bytes,   10818520 total
- age   6:     488752 bytes,   11307272 total
- age   7:     617496 bytes,   11924768 total
- age   8:     644576 bytes,   12569344 total
: 103156K->13713K(109248K), 0.0034243 secs] 231896K->142926K(502464K), 0.0035095 secs] [Times: user=0.05 sys=0.00, real=0.00 secs] 
Heap after GC invocations=227 (full 3):
 par new generation   total 109248K, used 13713K [0x00000000e0000000, 0x00000000e8000000, 0x00000000e8000000)
  eden space 87424K,   0% used [0x00000000e0000000, 0x00000000e0000000, 0x00000000e5560000)
  from space 21824K,  62% used [0x00000000e6ab0000, 0x00000000e78146c8, 0x00000000e8000000)
  to   space 21824K,   0% used [0x00000000e5560000, 0x00000000e5560000, 0x00000000e6ab0000)
 concurrent mark-sweep generation total 393216K, used 129213K [0x00000000e8000000, 0x0000000100000000, 0x0000000100000000)
 Metaspace       used 30873K, capacity 31282K, committed 31868K, reserved 1077248K
  class space    used 3481K, capacity 3625K, committed 3708K, reserved 1048576K
}
2018-11-12T14:39:08.051+0100: 283.265: Total time for which application threads were stopped: 0.0037189 seconds, Stopping threads took: 0.0000339 seconds
{Heap before GC invocations=227 (full 3):
 par new generation   total 109248K, used 101137K [0x00000000e0000000, 0x00000000e8000000, 0x00000000e8000000)
  eden space 87424K, 100% used [0x00000000e0000000, 0x00000000e5560000, 0x00000000e5560000)
  from space 21824K,  62% used [0x00000000e6ab0000, 0x00000000e78146c8, 0x00000000e8000000)
  to   space 21824K,   0% used [0x00000000e5560000, 0x00000000e5560000, 0x00000000e6ab0000)
 concurrent mark-sweep generation total 393216K, used 129213K [0x00000000e8000000, 0x0000000100000000, 0x0000000100000000)
 Metaspace       used 30873K, capacity 31282K, committed 31868K, reserved 1077248K
  class space    used 3481K, capacity 3625K, committed 3708K, reserved 1048576K
2018-11-12T14:39:08.288+0100: 283.502: [GC (Allocation Failure) 2018-11-12T14:39:08.288+0100: 283.502: [ParNew
Desired survivor size 20112992 bytes, new threshold 8 (max 8)
- age   1:    1011752 bytes,    1011752 total
- age   2:     635656 bytes,    1647408 total
- age   3:    5627480 bytes,    7274888 total
- age   4:    2839192 bytes,   10114080 total
- age   5:     549736 bytes,   10663816 total
- age   6:     525616 bytes,   11189432 total
- age   7:     488752 bytes,   11678184 total
- age   8:     534296 bytes,   12212480 total
: 101137K->13010K(109248K), 0.0036446 secs] 230350K->142774K(502464K), 0.0037360 secs] [Times: user=0.00 sys=0.00, real=0.00 secs] 
Heap after GC invocations=228 (full 3):
 par new generation   total 109248K, used 13010K [0x00000000e0000000, 0x00000000e8000000, 0x00000000e8000000)
  eden space 87424K,   0% used [0x00000000e0000000, 0x00000000e0000000, 0x00000000e5560000)
  from space 21824K,  59% used [0x00000000e5560000, 0x00000000e6214820, 0x00000000e6ab0000)
  to   space 21824K,   0% used [0x00000000e6ab0000, 0x00000000e6ab0000, 0x00000000e8000000)
 concurrent mark-sweep generation total 393216K, used 129764K [0x00000000e8000000, 0x0000000100000000, 0x0000000100000000)
 Metaspace       used 30873K, capacity 31282K, committed 31868K, reserved 1077248K
  class space    used 3481K, capacity 3625K, committed 3708K, reserved 1048576K
}
2018-11-12T14:39:08.291+0100: 283.506: Total time for which application threads were stopped: 0.0039594 seconds, Stopping threads took: 0.0000233 seconds
{Heap before GC invocations=228 (full 3):
 par new generation   total 109248K, used 100434K [0x00000000e0000000, 0x00000000e8000000, 0x00000000e8000000)
  eden space 87424K, 100% used [0x00000000e0000000, 0x00000000e5560000, 0x00000000e5560000)
  from space 21824K,  59% used [0x00000000e5560000, 0x00000000e6214820, 0x00000000e6ab0000)
  to   space 21824K,   0% used [0x00000000e6ab0000, 0x00000000e6ab0000, 0x00000000e8000000)
 concurrent mark-sweep generation total 393216K, used 129764K [0x00000000e8000000, 0x0000000100000000, 0x0000000100000000)
 Metaspace       used 30873K, capacity 31282K, committed 31868K, reserved 1077248K
  class space    used 3481K, capacity 3625K, committed 3708K, reserved 1048576K
2018-11-12T14:39:08.559+0100: 283.773: [GC (Allocation Failure) 2018-11-12T14:39:08.559+0100: 283.773: [ParNew
Desired survivor size 20112992 bytes, new threshold 8 (max 8)
- age   1:     939728 bytes,     939728 total
- age   2:     526928 bytes,    1466656 total
- age   3:     631544 bytes,    2098200 total
- age   4:    5627456 bytes,    7725656 total
- age   5:    2839168 bytes,   10564824 total
- age   6:     600984 bytes,   11165808 total
- age   7:     528736 bytes,   11694544 total
- age   8:     488752 bytes,   12183296 total
: 100434K->12846K(109248K), 0.0033754 secs] 230198K->143133K(502464K), 0.0034592 secs] [Times: user=0.00 sys=0.00, real=0.00 secs] 
Heap after GC invocations=229 (full 3):
 par new generation   total 109248K, used 12846K [0x00000000e0000000, 0x00000000e8000000, 0x00000000e8000000)
  eden space 87424K,   0% used [0x00000000e0000000, 0x00000000e0000000, 0x00000000e5560000)
  from space 21824K,  58% used [0x00000000e6ab0000, 0x00000000e773ba40, 0x00000000e8000000)
  to   space 21824K,   0% used [0x00000000e5560000, 0x00000000e5560000, 0x00000000e6ab0000)
 concurrent mark-sweep generation total 393216K, used 130286K [0x00000000e8000000, 0x0000000100000000, 0x0000000100000000)
 Metaspace       used 30873K, capacity 31282K, committed 31868K, reserved 1077248K
  class space    used 3481K, capacity 3625K, committed 3708K, reserved 1048576K
}
2018-11-12T14:39:08.563+0100: 283.776: Total time for which application threads were stopped: 0.0036960 seconds, Stopping threads took: 0.0000281 seconds
{Heap before GC invocations=229 (full 3):
 par new generation   total 109248K, used 100270K [0x00000000e0000000, 0x00000000e8000000, 0x00000000e8000000)
  eden space 87424K, 100% used [0x00000000e0000000, 0x00000000e5560000, 0x00000000e5560000)
  from space 21824K,  58% used [0x00000000e6ab0000, 0x00000000e773ba40, 0x00000000e8000000)
  to   space 21824K,   0% used [0x00000000e5560000, 0x00000000e5560000, 0x00000000e6ab0000)
 concurrent mark-sweep generation total 393216K, used 130286K [0x00000000e8000000, 0x0000000100000000, 0x0000000100000000)
 Metaspace       used 30873K, capacity 31282K, committed 31868K, reserved 1077248K
  class space    used 3481K, capacity 3625K, committed 3708K, reserved 1048576K
2018-11-12T14:39:08.825+0100: 284.040: [GC (Allocation Failure) 2018-11-12T14:39:08.826+0100: 284.040: [ParNew
Desired survivor size 20112992 bytes, new threshold 8 (max 8)
- age   1:    5638328 bytes,    5638328 total
- age   2:     567432 bytes,    6205760 total
- age   3:     526928 bytes,    6732688 total
- age   4:     631568 bytes,    7364256 total
- age   5:    1390672 bytes,    8754928 total
- age   6:    2839168 bytes,   11594096 total
- age   7:     547944 bytes,   12142040 total
- age   8:     525664 bytes,   12667704 total
: 100270K->14706K(109248K), 0.0033299 secs] 230557K->145470K(502464K), 0.0034195 secs] [Times: user=0.00 sys=0.00, real=0.00 secs] 
Heap after GC invocations=230 (full 3):
 par new generation   total 109248K, used 14706K [0x00000000e0000000, 0x00000000e8000000, 0x00000000e8000000)
  eden space 87424K,   0% used [0x00000000e0000000, 0x00000000e0000000, 0x00000000e5560000)
  from space 21824K,  67% used [0x00000000e5560000, 0x00000000e63bcbc0, 0x00000000e6ab0000)
  to   space 21824K,   0% used [0x00000000e6ab0000, 0x00000000e6ab0000, 0x00000000e8000000)
 concurrent mark-sweep generation total 393216K, used 130764K [0x00000000e8000000, 0x0000000100000000, 0x0000000100000000)
 Metaspace       used 30873K, capacity 31282K, committed 31868K, reserved 1077248K
  class space    used 3481K, capacity 3625K, committed 3708K, reserved 1048576K
}
2018-11-12T14:39:08.829+0100: 284.044: Total time for which application threads were stopped: 0.0036214 seconds, Stopping threads took: 0.0000257 seconds
{Heap before GC invocations=230 (full 3):
 par new generation   total 109248K, used 102130K [0x00000000e0000000, 0x00000000e8000000, 0x00000000e8000000)
  eden space 87424K, 100% used [0x00000000e0000000, 0x00000000e5560000, 0x00000000e5560000)
  from space 21824K,  67% used [0x00000000e5560000, 0x00000000e63bcbc0, 0x00000000e6ab0000)
  to   space 21824K,   0% used [0x00000000e6ab0000, 0x00000000e6ab0000, 0x00000000e8000000)
 concurrent mark-sweep generation total 393216K, used 130764K [0x00000000e8000000, 0x0000000100000000, 0x0000000100000000)
 Metaspace       used 30873K, capacity 31282K, committed 31868K, reserved 1077248K
  class space    used 3481K, capacity 3625K, committed 3708K, reserved 1048576K
2018-11-12T14:39:09.062+0100: 284.277: [GC (Allocation Failure) 2018-11-12T14:39:09.062+0100: 284.277: [ParNew
Desired survivor size 20112992 bytes, new threshold 8 (max 8)
- age   1:    2596200 bytes,    2596200 total
- age   2:    5248888 bytes,    7845088 total
- age   3:     567408 bytes,    8412496 total
- age   4:     526928 bytes,    8939424 total
- age   5:     631488 bytes,    9570912 total
- age   6:     466960 bytes,   10037872 total
- age   7:    2839168 bytes,   12877040 total
- age   8:     547944 bytes,   13424984 total
: 102130K->15297K(109248K), 0.0039115 secs] 232894K->146575K(502464K), 0.0040052 secs] [Times: user=0.05 sys=0.00, real=0.00 secs] 
Heap after GC invocations=231 (full 3):
 par new generation   total 109248K, used 15297K [0x00000000e0000000, 0x00000000e8000000, 0x00000000e8000000)
  eden space 87424K,   0% used [0x00000000e0000000, 0x00000000e0000000, 0x00000000e5560000)
  from space 21824K,  70% used [0x00000000e6ab0000, 0x00000000e79a05f8, 0x00000000e8000000)
  to   space 21824K,   0% used [0x00000000e5560000, 0x00000000e5560000, 0x00000000e6ab0000)
 concurrent mark-sweep generation total 393216K, used 131277K [0x00000000e8000000, 0x0000000100000000, 0x0000000100000000)
 Metaspace       used 30873K, capacity 31282K, committed 31868K, reserved 1077248K
  class space    used 3481K, capacity 3625K, committed 3708K, reserved 1048576K
}
2018-11-12T14:39:09.066+0100: 284.281: Total time for which application threads were stopped: 0.0042375 seconds, Stopping threads took: 0.0000246 seconds
{Heap before GC invocations=231 (full 3):
 par new generation   total 109248K, used 102721K [0x00000000e0000000, 0x00000000e8000000, 0x00000000e8000000)
  eden space 87424K, 100% used [0x00000000e0000000, 0x00000000e5560000, 0x00000000e5560000)
  from space 21824K,  70% used [0x00000000e6ab0000, 0x00000000e79a05f8, 0x00000000e8000000)
  to   space 21824K,   0% used [0x00000000e5560000, 0x00000000e5560000, 0x00000000e6ab0000)
 concurrent mark-sweep generation total 393216K, used 131277K [0x00000000e8000000, 0x0000000100000000, 0x0000000100000000)
 Metaspace       used 30873K, capacity 31282K, committed 31868K, reserved 1077248K
  class space    used 3481K, capacity 3625K, committed 3708K, reserved 1048576K
2018-11-12T14:39:09.308+0100: 284.522: [GC (Allocation Failure) 2018-11-12T14:39:09.308+0100: 284.522: [ParNew
Desired survivor size 20112992 bytes, new threshold 8 (max 8)
- age   1:    1414904 bytes,    1414904 total
- age   2:    2086832 bytes,    3501736 total
- age   3:    5248888 bytes,    8750624 total
- age   4:     567408 bytes,    9318032 total
- age   5:     526928 bytes,    9844960 total
- age   6:     631488 bytes,   10476448 total
- age   7:     466960 bytes,   10943408 total
- age   8:    2588912 bytes,   13532320 total
: 102721K->15484K(109248K), 0.0039173 secs] 233999K->147297K(502464K), 0.0040025 secs] [Times: user=0.00 sys=0.00, real=0.00 secs] 
Heap after GC invocations=232 (full 3):
 par new generation   total 109248K, used 15484K [0x00000000e0000000, 0x00000000e8000000, 0x00000000e8000000)
  eden space 87424K,   0% used [0x00000000e0000000, 0x00000000e0000000, 0x00000000e5560000)
  from space 21824K,  70% used [0x00000000e5560000, 0x00000000e647f240, 0x00000000e6ab0000)
  to   space 21824K,   0% used [0x00000000e6ab0000, 0x00000000e6ab0000, 0x00000000e8000000)
 concurrent mark-sweep generation total 393216K, used 131812K [0x00000000e8000000, 0x0000000100000000, 0x0000000100000000)
 Metaspace       used 30873K, capacity 31282K, committed 31868K, reserved 1077248K
  class space    used 3481K, capacity 3625K, committed 3708K, reserved 1048576K
}
2018-11-12T14:39:09.312+0100: 284.526: Total time for which application threads were stopped: 0.0042064 seconds, Stopping threads took: 0.0000257 seconds
{Heap before GC invocations=232 (full 3):
 par new generation   total 109248K, used 102908K [0x00000000e0000000, 0x00000000e8000000, 0x00000000e8000000)
  eden space 87424K, 100% used [0x00000000e0000000, 0x00000000e5560000, 0x00000000e5560000)
  from space 21824K,  70% used [0x00000000e5560000, 0x00000000e647f240, 0x00000000e6ab0000)
  to   space 21824K,   0% used [0x00000000e6ab0000, 0x00000000e6ab0000, 0x00000000e8000000)
 concurrent mark-sweep generation total 393216K, used 131812K [0x00000000e8000000, 0x0000000100000000, 0x0000000100000000)
 Metaspace       used 30873K, capacity 31282K, committed 31868K, reserved 1077248K
  class space    used 3481K, capacity 3625K, committed 3708K, reserved 1048576K
2018-11-12T14:39:09.534+0100: 284.748: [GC (Allocation Failure) 2018-11-12T14:39:09.534+0100: 284.748: [ParNew
Desired survivor size 20112992 bytes, new threshold 8 (max 8)
- age   1:     975904 bytes,     975904 total
- age   2:     816400 bytes,    1792304 total
- age   3:    2086832 bytes,    3879136 total
- age   4:    5248888 bytes,    9128024 total
- age   5:     565392 bytes,    9693416 total
- age   6:     526928 bytes,   10220344 total
- age   7:     631488 bytes,   10851832 total
- age   8:     466960 bytes,   11318792 total
: 102908K->12528K(109248K), 0.0034643 secs] 234721K->146869K(502464K), 0.0035488 secs] [Times: user=0.06 sys=0.00, real=0.00 secs] 
Heap after GC invocations=233 (full 3):
 par new generation   total 109248K, used 12528K [0x00000000e0000000, 0x00000000e8000000, 0x00000000e8000000)
  eden space 87424K,   0% used [0x00000000e0000000, 0x00000000e0000000, 0x00000000e5560000)
  from space 21824K,  57% used [0x00000000e6ab0000, 0x00000000e76ec070, 0x00000000e8000000)
  to   space 21824K,   0% used [0x00000000e5560000, 0x00000000e5560000, 0x00000000e6ab0000)
 concurrent mark-sweep generation total 393216K, used 134341K [0x00000000e8000000, 0x0000000100000000, 0x0000000100000000)
 Metaspace       used 30873K, capacity 31282K, committed 31868K, reserved 1077248K
  class space    used 3481K, capacity 3625K, committed 3708K, reserved 1048576K
}
2018-11-12T14:39:09.538+0100: 284.752: Total time for which application threads were stopped: 0.0037517 seconds, Stopping threads took: 0.0000243 seconds
2018-11-12T14:39:09.649+0100: 284.863: Total time for which application threads were stopped: 0.0001102 seconds, Stopping threads took: 0.0000301 seconds
{Heap before GC invocations=233 (full 3):
 par new generation   total 109248K, used 99952K [0x00000000e0000000, 0x00000000e8000000, 0x00000000e8000000)
  eden space 87424K, 100% used [0x00000000e0000000, 0x00000000e5560000, 0x00000000e5560000)
  from space 21824K,  57% used [0x00000000e6ab0000, 0x00000000e76ec070, 0x00000000e8000000)
  to   space 21824K,   0% used [0x00000000e5560000, 0x00000000e5560000, 0x00000000e6ab0000)
 concurrent mark-sweep generation total 393216K, used 134341K [0x00000000e8000000, 0x0000000100000000, 0x0000000100000000)
 Metaspace       used 30873K, capacity 31282K, committed 31868K, reserved 1077248K
  class space    used 3481K, capacity 3625K, committed 3708K, reserved 1048576K
2018-11-12T14:39:09.762+0100: 284.976: [GC (Allocation Failure) 2018-11-12T14:39:09.762+0100: 284.976: [ParNew
Desired survivor size 20112992 bytes, new threshold 8 (max 8)
- age   1:    1099848 bytes,    1099848 total
- age   2:     567504 bytes,    1667352 total
- age   3:     816400 bytes,    2483752 total
- age   4:    2086832 bytes,    4570584 total
- age   5:    5248888 bytes,    9819472 total
- age   6:     565392 bytes,   10384864 total
- age   7:     526928 bytes,   10911792 total
- age   8:     631488 bytes,   11543280 total
: 99952K->13890K(109248K), 0.0034034 secs] 234293K->148687K(502464K), 0.0035112 secs] [Times: user=0.00 sys=0.00, real=0.00 secs] 
Heap after GC invocations=234 (full 3):
 par new generation   total 109248K, used 13890K [0x00000000e0000000, 0x00000000e8000000, 0x00000000e8000000)
  eden space 87424K,   0% used [0x00000000e0000000, 0x00000000e0000000, 0x00000000e5560000)
  from space 21824K,  63% used [0x00000000e5560000, 0x00000000e62f0a40, 0x00000000e6ab0000)
  to   space 21824K,   0% used [0x00000000e6ab0000, 0x00000000e6ab0000, 0x00000000e8000000)
 concurrent mark-sweep generation total 393216K, used 134797K [0x00000000e8000000, 0x0000000100000000, 0x0000000100000000)
 Metaspace       used 30873K, capacity 31282K, committed 31868K, reserved 1077248K
  class space    used 3481K, capacity 3625K, committed 3708K, reserved 1048576K
}
2018-11-12T14:39:09.766+0100: 284.979: Total time for which application threads were stopped: 0.0037288 seconds, Stopping threads took: 0.0000257 seconds
2018-11-12T14:39:09.962+0100: 285.176: Total time for which application threads were stopped: 0.0000913 seconds, Stopping threads took: 0.0000226 seconds
{Heap before GC invocations=234 (full 3):
 par new generation   total 109248K, used 101314K [0x00000000e0000000, 0x00000000e8000000, 0x00000000e8000000)
  eden space 87424K, 100% used [0x00000000e0000000, 0x00000000e5560000, 0x00000000e5560000)
  from space 21824K,  63% used [0x00000000e5560000, 0x00000000e62f0a40, 0x00000000e6ab0000)
  to   space 21824K,   0% used [0x00000000e6ab0000, 0x00000000e6ab0000, 0x00000000e8000000)
 concurrent mark-sweep generation total 393216K, used 134797K [0x00000000e8000000, 0x0000000100000000, 0x0000000100000000)
 Metaspace       used 30873K, capacity 31282K, committed 31868K, reserved 1077248K
  class space    used 3481K, capacity 3625K, committed 3708K, reserved 1048576K
2018-11-12T14:39:09.986+0100: 285.201: [GC (Allocation Failure) 2018-11-12T14:39:09.986+0100: 285.201: [ParNew
Desired survivor size 20112992 bytes, new threshold 8 (max 8)
- age   1:    6433584 bytes,    6433584 total
- age   2:     547464 bytes,    6981048 total
- age   3:     567504 bytes,    7548552 total
- age   4:     816400 bytes,    8364952 total
- age   5:    2086832 bytes,   10451784 total
- age   6:     493096 bytes,   10944880 total
- age   7:     565368 bytes,   11510248 total
- age   8:     526928 bytes,   12037176 total
: 101314K->14351K(109248K), 0.0044459 secs] 236111K->149765K(502464K), 0.0045773 secs] [Times: user=0.06 sys=0.00, real=0.00 secs] 
Heap after GC invocations=235 (full 3):
 par new generation   total 109248K, used 14351K [0x00000000e0000000, 0x00000000e8000000, 0x00000000e8000000)
  eden space 87424K,   0% used [0x00000000e0000000, 0x00000000e0000000, 0x00000000e5560000)
  from space 21824K,  65% used [0x00000000e6ab0000, 0x00000000e78b3da0, 0x00000000e8000000)
  to   space 21824K,   0% used [0x00000000e5560000, 0x00000000e5560000, 0x00000000e6ab0000)
 concurrent mark-sweep generation total 393216K, used 135414K [0x00000000e8000000, 0x0000000100000000, 0x0000000100000000)
 Metaspace       used 30873K, capacity 31282K, committed 31868K, reserved 1077248K
  class space    used 3481K, capacity 3625K, committed 3708K, reserved 1048576K
}
2018-11-12T14:39:09.991+0100: 285.205: Total time for which application threads were stopped: 0.0047839 seconds, Stopping threads took: 0.0000346 seconds
{Heap before GC invocations=235 (full 3):
 par new generation   total 109248K, used 101775K [0x00000000e0000000, 0x00000000e8000000, 0x00000000e8000000)
  eden space 87424K, 100% used [0x00000000e0000000, 0x00000000e5560000, 0x00000000e5560000)
  from space 21824K,  65% used [0x00000000e6ab0000, 0x00000000e78b3da0, 0x00000000e8000000)
  to   space 21824K,   0% used [0x00000000e5560000, 0x00000000e5560000, 0x00000000e6ab0000)
 concurrent mark-sweep generation total 393216K, used 135414K [0x00000000e8000000, 0x0000000100000000, 0x0000000100000000)
 Metaspace       used 30873K, capacity 31282K, committed 31868K, reserved 1077248K
  class space    used 3481K, capacity 3625K, committed 3708K, reserved 1048576K
2018-11-12T14:39:10.208+0100: 285.421: [GC (Allocation Failure) 2018-11-12T14:39:10.208+0100: 285.422: [ParNew
Desired survivor size 20112992 bytes, new threshold 8 (max 8)
- age   1:    2265664 bytes,    2265664 total
- age   2:    5861168 bytes,    8126832 total
- age   3:     547464 bytes,    8674296 total
- age   4:     567504 bytes,    9241800 total
- age   5:     816400 bytes,   10058200 total
- age   6:    1047544 bytes,   11105744 total
- age   7:     482488 bytes,   11588232 total
- age   8:     565368 bytes,   12153600 total
: 101775K->13108K(109248K), 0.0036696 secs] 237189K->149037K(502464K), 0.0037404 secs] [Times: user=0.00 sys=0.00, real=0.00 secs] 
Heap after GC invocations=236 (full 3):
 par new generation   total 109248K, used 13108K [0x00000000e0000000, 0x00000000e8000000, 0x00000000e8000000)
  eden space 87424K,   0% used [0x00000000e0000000, 0x00000000e0000000, 0x00000000e5560000)
  from space 21824K,  60% used [0x00000000e5560000, 0x00000000e622d010, 0x00000000e6ab0000)
  to   space 21824K,   0% used [0x00000000e6ab0000, 0x00000000e6ab0000, 0x00000000e8000000)
 concurrent mark-sweep generation total 393216K, used 135928K [0x00000000e8000000, 0x0000000100000000, 0x0000000100000000)
 Metaspace       used 30873K, capacity 31282K, committed 31868K, reserved 1077248K
  class space    used 3481K, capacity 3625K, committed 3708K, reserved 1048576K
}
2018-11-12T14:39:10.211+0100: 285.425: Total time for which application threads were stopped: 0.0039443 seconds, Stopping threads took: 0.0000253 seconds
{Heap before GC invocations=236 (full 3):
 par new generation   total 109248K, used 100532K [0x00000000e0000000, 0x00000000e8000000, 0x00000000e8000000)
  eden space 87424K, 100% used [0x00000000e0000000, 0x00000000e5560000, 0x00000000e5560000)
  from space 21824K,  60% used [0x00000000e5560000, 0x00000000e622d010, 0x00000000e6ab0000)
  to   space 21824K,   0% used [0x00000000e6ab0000, 0x00000000e6ab0000, 0x00000000e8000000)
 concurrent mark-sweep generation total 393216K, used 135928K [0x00000000e8000000, 0x0000000100000000, 0x0000000100000000)
 Metaspace       used 30873K, capacity 31282K, committed 31868K, reserved 1077248K
  class space    used 3481K, capacity 3625K, committed 3708K, reserved 1048576K
2018-11-12T14:39:10.432+0100: 285.646: [GC (Allocation Failure) 2018-11-12T14:39:10.432+0100: 285.646: [ParNew
Desired survivor size 20112992 bytes, new threshold 8 (max 8)
- age   1:    1099000 bytes,    1099000 total
- age   2:    1739048 bytes,    2838048 total
- age   3:    5861168 bytes,    8699216 total
- age   4:     547464 bytes,    9246680 total
- age   5:     567504 bytes,    9814184 total
- age   6:     816400 bytes,   10630584 total
- age   7:    1047544 bytes,   11678128 total
- age   8:     482488 bytes,   12160616 total
: 100532K->14581K(109248K), 0.0038266 secs] 236461K->151062K(502464K), 0.0039221 secs] [Times: user=0.00 sys=0.00, real=0.00 secs] 
Heap after GC invocations=237 (full 3):
 par new generation   total 109248K, used 14581K [0x00000000e0000000, 0x00000000e8000000, 0x00000000e8000000)
  eden space 87424K,   0% used [0x00000000e0000000, 0x00000000e0000000, 0x00000000e5560000)
  from space 21824K,  66% used [0x00000000e6ab0000, 0x00000000e78ed548, 0x00000000e8000000)
  to   space 21824K,   0% used [0x00000000e5560000, 0x00000000e5560000, 0x00000000e6ab0000)
 concurrent mark-sweep generation total 393216K, used 136481K [0x00000000e8000000, 0x0000000100000000, 0x0000000100000000)
 Metaspace       used 30873K, capacity 31282K, committed 31868K, reserved 1077248K
  class space    used 3481K, capacity 3625K, committed 3708K, reserved 1048576K
}
2018-11-12T14:39:10.436+0100: 285.650: Total time for which application threads were stopped: 0.0041455 seconds, Stopping threads took: 0.0000352 seconds
2018-11-12T14:39:10.504+0100: 285.718: Total time for which application threads were stopped: 0.0001013 seconds, Stopping threads took: 0.0000250 seconds
{Heap before GC invocations=237 (full 3):
 par new generation   total 109248K, used 102005K [0x00000000e0000000, 0x00000000e8000000, 0x00000000e8000000)
  eden space 87424K, 100% used [0x00000000e0000000, 0x00000000e5560000, 0x00000000e5560000)
  from space 21824K,  66% used [0x00000000e6ab0000, 0x00000000e78ed548, 0x00000000e8000000)
  to   space 21824K,   0% used [0x00000000e5560000, 0x00000000e5560000, 0x00000000e6ab0000)
 concurrent mark-sweep generation total 393216K, used 136481K [0x00000000e8000000, 0x0000000100000000, 0x0000000100000000)
 Metaspace       used 30873K, capacity 31282K, committed 31868K, reserved 1077248K
  class space    used 3481K, capacity 3625K, committed 3708K, reserved 1048576K
2018-11-12T14:39:10.693+0100: 285.907: [GC (Allocation Failure) 2018-11-12T14:39:10.693+0100: 285.907: [ParNew
Desired survivor size 20112992 bytes, new threshold 8 (max 8)
- age   1:     980416 bytes,     980416 total
- age   2:     573480 bytes,    1553896 total
- age   3:    1739048 bytes,    3292944 total
- age   4:    5861168 bytes,    9154112 total
- age   5:     547464 bytes,    9701576 total
- age   6:     567504 bytes,   10269080 total
- age   7:     816400 bytes,   11085480 total
- age   8:    1047544 bytes,   12133024 total
: 102005K->13765K(109248K), 0.0036980 secs] 238486K->150718K(502464K), 0.0037825 secs] [Times: user=0.00 sys=0.00, real=0.00 secs] 
Heap after GC invocations=238 (full 3):
 par new generation   total 109248K, used 13765K [0x00000000e0000000, 0x00000000e8000000, 0x00000000e8000000)
  eden space 87424K,   0% used [0x00000000e0000000, 0x00000000e0000000, 0x00000000e5560000)
  from space 21824K,  63% used [0x00000000e5560000, 0x00000000e62d16c8, 0x00000000e6ab0000)
  to   space 21824K,   0% used [0x00000000e6ab0000, 0x00000000e6ab0000, 0x00000000e8000000)
 concurrent mark-sweep generation total 393216K, used 136952K [0x00000000e8000000, 0x0000000100000000, 0x0000000100000000)
 Metaspace       used 30873K, capacity 31282K, committed 31868K, reserved 1077248K
  class space    used 3481K, capacity 3625K, committed 3708K, reserved 1048576K
}
2018-11-12T14:39:10.697+0100: 285.911: Total time for which application threads were stopped: 0.0039792 seconds, Stopping threads took: 0.0000304 seconds
{Heap before GC invocations=238 (full 3):
 par new generation   total 109248K, used 101189K [0x00000000e0000000, 0x00000000e8000000, 0x00000000e8000000)
  eden space 87424K, 100% used [0x00000000e0000000, 0x00000000e5560000, 0x00000000e5560000)
  from space 21824K,  63% used [0x00000000e5560000, 0x00000000e62d16c8, 0x00000000e6ab0000)
  to   space 21824K,   0% used [0x00000000e6ab0000, 0x00000000e6ab0000, 0x00000000e8000000)
 concurrent mark-sweep generation total 393216K, used 136952K [0x00000000e8000000, 0x0000000100000000, 0x0000000100000000)
 Metaspace       used 30873K, capacity 31282K, committed 31868K, reserved 1077248K
  class space    used 3481K, capacity 3625K, committed 3708K, reserved 1048576K
2018-11-12T14:39:10.950+0100: 286.165: [GC (Allocation Failure) 2018-11-12T14:39:10.950+0100: 286.165: [ParNew
Desired survivor size 20112992 bytes, new threshold 8 (max 8)
- age   1:     967024 bytes,     967024 total
- age   2:     481056 bytes,    1448080 total
- age   3:     573480 bytes,    2021560 total
- age   4:    1739048 bytes,    3760608 total
- age   5:    5861144 bytes,    9621752 total
- age   6:     547440 bytes,   10169192 total
- age   7:     565232 bytes,   10734424 total
- age   8:     816400 bytes,   11550824 total
: 101189K->12567K(109248K), 0.0035629 secs] 238142K->150543K(502464K), 0.0036494 secs] [Times: user=0.00 sys=0.00, real=0.00 secs] 
Heap after GC invocations=239 (full 3):
 par new generation   total 109248K, used 12567K [0x00000000e0000000, 0x00000000e8000000, 0x00000000e8000000)
  eden space 87424K,   0% used [0x00000000e0000000, 0x00000000e0000000, 0x00000000e5560000)
  from space 21824K,  57% used [0x00000000e6ab0000, 0x00000000e76f5e88, 0x00000000e8000000)
  to   space 21824K,   0% used [0x00000000e5560000, 0x00000000e5560000, 0x00000000e6ab0000)
 concurrent mark-sweep generation total 393216K, used 137975K [0x00000000e8000000, 0x0000000100000000, 0x0000000100000000)
 Metaspace       used 30873K, capacity 31282K, committed 31868K, reserved 1077248K
  class space    used 3481K, capacity 3625K, committed 3708K, reserved 1048576K
}
2018-11-12T14:39:10.954+0100: 286.168: Total time for which application threads were stopped: 0.0038550 seconds, Stopping threads took: 0.0000260 seconds
{Heap before GC invocations=239 (full 3):
 par new generation   total 109248K, used 99991K [0x00000000e0000000, 0x00000000e8000000, 0x00000000e8000000)
  eden space 87424K, 100% used [0x00000000e0000000, 0x00000000e5560000, 0x00000000e5560000)
  from space 21824K,  57% used [0x00000000e6ab0000, 0x00000000e76f5e88, 0x00000000e8000000)
  to   space 21824K,   0% used [0x00000000e5560000, 0x00000000e5560000, 0x00000000e6ab0000)
 concurrent mark-sweep generation total 393216K, used 137975K [0x00000000e8000000, 0x0000000100000000, 0x0000000100000000)
 Metaspace       used 30873K, capacity 31282K, committed 31868K, reserved 1077248K
  class space    used 3481K, capacity 3625K, committed 3708K, reserved 1048576K
2018-11-12T14:39:11.183+0100: 286.397: [GC (Allocation Failure) 2018-11-12T14:39:11.183+0100: 286.397: [ParNew
Desired survivor size 20112992 bytes, new threshold 8 (max 8)
- age   1:    1292552 bytes,    1292552 total
- age   2:     533136 bytes,    1825688 total
- age   3:     481056 bytes,    2306744 total
- age   4:     573480 bytes,    2880224 total
- age   5:    1738992 bytes,    4619216 total
- age   6:    5861144 bytes,   10480360 total
- age   7:     547440 bytes,   11027800 total
- age   8:     565208 bytes,   11593008 total
: 99991K->14549K(109248K), 0.0034506 secs] 237967K->153047K(502464K), 0.0035396 secs] [Times: user=0.00 sys=0.00, real=0.00 secs] 
Heap after GC invocations=240 (full 3):
 par new generation   total 109248K, used 14549K [0x00000000e0000000, 0x00000000e8000000, 0x00000000e8000000)
  eden space 87424K,   0% used [0x00000000e0000000, 0x00000000e0000000, 0x00000000e5560000)
  from space 21824K,  66% used [0x00000000e5560000, 0x00000000e6395640, 0x00000000e6ab0000)
  to   space 21824K,   0% used [0x00000000e6ab0000, 0x00000000e6ab0000, 0x00000000e8000000)
 concurrent mark-sweep generation total 393216K, used 138498K [0x00000000e8000000, 0x0000000100000000, 0x0000000100000000)
 Metaspace       used 30873K, capacity 31282K, committed 31868K, reserved 1077248K
  class space    used 3481K, capacity 3625K, committed 3708K, reserved 1048576K
}
2018-11-12T14:39:11.186+0100: 286.401: Total time for which application threads were stopped: 0.0037596 seconds, Stopping threads took: 0.0000270 seconds
{Heap before GC invocations=240 (full 3):
 par new generation   total 109248K, used 101973K [0x00000000e0000000, 0x00000000e8000000, 0x00000000e8000000)
  eden space 87424K, 100% used [0x00000000e0000000, 0x00000000e5560000, 0x00000000e5560000)
  from space 21824K,  66% used [0x00000000e5560000, 0x00000000e6395640, 0x00000000e6ab0000)
  to   space 21824K,   0% used [0x00000000e6ab0000, 0x00000000e6ab0000, 0x00000000e8000000)
 concurrent mark-sweep generation total 393216K, used 138498K [0x00000000e8000000, 0x0000000100000000, 0x0000000100000000)
 Metaspace       used 30873K, capacity 31282K, committed 31868K, reserved 1077248K
  class space    used 3481K, capacity 3625K, committed 3708K, reserved 1048576K
2018-11-12T14:39:11.422+0100: 286.636: [GC (Allocation Failure) 2018-11-12T14:39:11.422+0100: 286.636: [ParNew
Desired survivor size 20112992 bytes, new threshold 8 (max 8)
- age   1:    7055592 bytes,    7055592 total
- age   2:     814208 bytes,    7869800 total
- age   3:     533136 bytes,    8402936 total
- age   4:     481056 bytes,    8883992 total
- age   5:     573480 bytes,    9457472 total
- age   6:    1727064 bytes,   11184536 total
- age   7:     510856 bytes,   11695392 total
- age   8:     547440 bytes,   12242832 total
: 101973K->13378K(109248K), 0.0036258 secs] 240471K->152429K(502464K), 0.0037155 secs] [Times: user=0.05 sys=0.00, real=0.00 secs] 
Heap after GC invocations=241 (full 3):
 par new generation   total 109248K, used 13378K [0x00000000e0000000, 0x00000000e8000000, 0x00000000e8000000)
  eden space 87424K,   0% used [0x00000000e0000000, 0x00000000e0000000, 0x00000000e5560000)
  from space 21824K,  61% used [0x00000000e6ab0000, 0x00000000e77c0b10, 0x00000000e8000000)
  to   space 21824K,   0% used [0x00000000e5560000, 0x00000000e5560000, 0x00000000e6ab0000)
 concurrent mark-sweep generation total 393216K, used 139050K [0x00000000e8000000, 0x0000000100000000, 0x0000000100000000)
 Metaspace       used 30873K, capacity 31282K, committed 31868K, reserved 1077248K
  class space    used 3481K, capacity 3625K, committed 3708K, reserved 1048576K
}
2018-11-12T14:39:11.425+0100: 286.640: Total time for which application threads were stopped: 0.0039433 seconds, Stopping threads took: 0.0000246 seconds
{Heap before GC invocations=241 (full 3):
 par new generation   total 109248K, used 100802K [0x00000000e0000000, 0x00000000e8000000, 0x00000000e8000000)
  eden space 87424K, 100% used [0x00000000e0000000, 0x00000000e5560000, 0x00000000e5560000)
  from space 21824K,  61% used [0x00000000e6ab0000, 0x00000000e77c0b10, 0x00000000e8000000)
  to   space 21824K,   0% used [0x00000000e5560000, 0x00000000e5560000, 0x00000000e6ab0000)
 concurrent mark-sweep generation total 393216K, used 139050K [0x00000000e8000000, 0x0000000100000000, 0x0000000100000000)
 Metaspace       used 30873K, capacity 31282K, committed 31868K, reserved 1077248K
  class space    used 3481K, capacity 3625K, committed 3708K, reserved 1048576K
2018-11-12T14:39:11.681+0100: 286.895: [GC (Allocation Failure) 2018-11-12T14:39:11.681+0100: 286.895: [ParNew
Desired survivor size 20112992 bytes, new threshold 8 (max 8)
- age   1:    2223848 bytes,    2223848 total
- age   2:    6583256 bytes,    8807104 total
- age   3:     847488 bytes,    9654592 total
- age   4:     533136 bytes,   10187728 total
- age   5:     481056 bytes,   10668784 total
- age   6:     573480 bytes,   11242264 total
- age   7:     557960 bytes,   11800224 total
- age   8:     510856 bytes,   12311080 total
: 100802K->13969K(109248K), 0.0038670 secs] 239853K->153554K(502464K), 0.0039779 secs] [Times: user=0.00 sys=0.00, real=0.00 secs] 
Heap after GC invocations=242 (full 3):
 par new generation   total 109248K, used 13969K [0x00000000e0000000, 0x00000000e8000000, 0x00000000e8000000)
  eden space 87424K,   0% used [0x00000000e0000000, 0x00000000e0000000, 0x00000000e5560000)
  from space 21824K,  64% used [0x00000000e5560000, 0x00000000e6304510, 0x00000000e6ab0000)
  to   space 21824K,   0% used [0x00000000e6ab0000, 0x00000000e6ab0000, 0x00000000e8000000)
 concurrent mark-sweep generation total 393216K, used 139585K [0x00000000e8000000, 0x0000000100000000, 0x0000000100000000)
 Metaspace       used 30873K, capacity 31282K, committed 31868K, reserved 1077248K
  class space    used 3481K, capacity 3625K, committed 3708K, reserved 1048576K
}
2018-11-12T14:39:11.685+0100: 286.899: Total time for which application threads were stopped: 0.0042563 seconds, Stopping threads took: 0.0000359 seconds
{Heap before GC invocations=242 (full 3):
 par new generation   total 109248K, used 101393K [0x00000000e0000000, 0x00000000e8000000, 0x00000000e8000000)
  eden space 87424K, 100% used [0x00000000e0000000, 0x00000000e5560000, 0x00000000e5560000)
  from space 21824K,  64% used [0x00000000e5560000, 0x00000000e6304510, 0x00000000e6ab0000)
  to   space 21824K,   0% used [0x00000000e6ab0000, 0x00000000e6ab0000, 0x00000000e8000000)
 concurrent mark-sweep generation total 393216K, used 139585K [0x00000000e8000000, 0x0000000100000000, 0x0000000100000000)
 Metaspace       used 30873K, capacity 31282K, committed 31868K, reserved 1077248K
  class space    used 3481K, capacity 3625K, committed 3708K, reserved 1048576K
2018-11-12T14:39:11.963+0100: 287.177: [GC (Allocation Failure) 2018-11-12T14:39:11.963+0100: 287.177: [ParNew
Desired survivor size 20112992 bytes, new threshold 8 (max 8)
- age   1:     936280 bytes,     936280 total
- age   2:    1847608 bytes,    2783888 total
- age   3:    6572856 bytes,    9356744 total
- age   4:     814208 bytes,   10170952 total
- age   5:     533136 bytes,   10704088 total
- age   6:     481056 bytes,   11185144 total
- age   7:     573480 bytes,   11758624 total
- age   8:     557960 bytes,   12316584 total
: 101393K->13859K(109248K), 0.0034318 secs] 240978K->153944K(502464K), 0.0035163 secs] [Times: user=0.00 sys=0.00, real=0.00 secs] 
Heap after GC invocations=243 (full 3):
 par new generation   total 109248K, used 13859K [0x00000000e0000000, 0x00000000e8000000, 0x00000000e8000000)
  eden space 87424K,   0% used [0x00000000e0000000, 0x00000000e0000000, 0x00000000e5560000)
  from space 21824K,  63% used [0x00000000e6ab0000, 0x00000000e7838fc0, 0x00000000e8000000)
  to   space 21824K,   0% used [0x00000000e5560000, 0x00000000e5560000, 0x00000000e6ab0000)
 concurrent mark-sweep generation total 393216K, used 140084K [0x00000000e8000000, 0x0000000100000000, 0x0000000100000000)
 Metaspace       used 30873K, capacity 31282K, committed 31868K, reserved 1077248K
  class space    used 3481K, capacity 3625K, committed 3708K, reserved 1048576K
}
2018-11-12T14:39:11.966+0100: 287.181: Total time for which application threads were stopped: 0.0037090 seconds, Stopping threads took: 0.0000250 seconds
{Heap before GC invocations=243 (full 3):
 par new generation   total 109248K, used 101283K [0x00000000e0000000, 0x00000000e8000000, 0x00000000e8000000)
  eden space 87424K, 100% used [0x00000000e0000000, 0x00000000e5560000, 0x00000000e5560000)
  from space 21824K,  63% used [0x00000000e6ab0000, 0x00000000e7838fc0, 0x00000000e8000000)
  to   space 21824K,   0% used [0x00000000e5560000, 0x00000000e5560000, 0x00000000e6ab0000)
 concurrent mark-sweep generation total 393216K, used 140084K [0x00000000e8000000, 0x0000000100000000, 0x0000000100000000)
 Metaspace       used 30873K, capacity 31282K, committed 31868K, reserved 1077248K
  class space    used 3481K, capacity 3625K, committed 3708K, reserved 1048576K
2018-11-12T14:39:12.221+0100: 287.436: [GC (Allocation Failure) 2018-11-12T14:39:12.221+0100: 287.436: [ParNew
Desired survivor size 20112992 bytes, new threshold 8 (max 8)
- age   1:     987432 bytes,     987432 total
- age   2:     495088 bytes,    1482520 total
- age   3:    1847608 bytes,    3330128 total
- age   4:    6572856 bytes,    9902984 total
- age   5:     814152 bytes,   10717136 total
- age   6:     533136 bytes,   11250272 total
- age   7:     481056 bytes,   11731328 total
- age   8:     573480 bytes,   12304808 total
: 101283K->13766K(109248K), 0.0043241 secs] 241368K->154395K(502464K), 0.0044031 secs] [Times: user=0.05 sys=0.00, real=0.01 secs] 
Heap after GC invocations=244 (full 3):
 par new generation   total 109248K, used 13766K [0x00000000e0000000, 0x00000000e8000000, 0x00000000e8000000)
  eden space 87424K,   0% used [0x00000000e0000000, 0x00000000e0000000, 0x00000000e5560000)
  from space 21824K,  63% used [0x00000000e5560000, 0x00000000e62d1a00, 0x00000000e6ab0000)
  to   space 21824K,   0% used [0x00000000e6ab0000, 0x00000000e6ab0000, 0x00000000e8000000)
 concurrent mark-sweep generation total 393216K, used 140629K [0x00000000e8000000, 0x0000000100000000, 0x0000000100000000)
 Metaspace       used 30873K, capacity 31282K, committed 31868K, reserved 1077248K
  class space    used 3481K, capacity 3625K, committed 3708K, reserved 1048576K
}
2018-11-12T14:39:12.226+0100: 287.440: Total time for which application threads were stopped: 0.0046563 seconds, Stopping threads took: 0.0000445 seconds
2018-11-12T14:39:12.348+0100: 287.562: Total time for which application threads were stopped: 0.0002183 seconds, Stopping threads took: 0.0001091 seconds
2018-11-12T14:39:12.352+0100: 287.566: Total time for which application threads were stopped: 0.0001865 seconds, Stopping threads took: 0.0000595 seconds
2018-11-12T14:39:12.353+0100: 287.567: Total time for which application threads were stopped: 0.0001115 seconds, Stopping threads took: 0.0000376 seconds
2018-11-12T14:39:12.379+0100: 287.593: Total time for which application threads were stopped: 0.0001522 seconds, Stopping threads took: 0.0000551 seconds
2018-11-12T14:39:12.379+0100: 287.593: Total time for which application threads were stopped: 0.0000640 seconds, Stopping threads took: 0.0000171 seconds
2018-11-12T14:39:12.380+0100: 287.594: Total time for which application threads were stopped: 0.0006671 seconds, Stopping threads took: 0.0005772 seconds
2018-11-12T14:39:12.432+0100: 287.646: Total time for which application threads were stopped: 0.0001598 seconds, Stopping threads took: 0.0000602 seconds
{Heap before GC invocations=244 (full 3):
 par new generation   total 109248K, used 101190K [0x00000000e0000000, 0x00000000e8000000, 0x00000000e8000000)
  eden space 87424K, 100% used [0x00000000e0000000, 0x00000000e5560000, 0x00000000e5560000)
  from space 21824K,  63% used [0x00000000e5560000, 0x00000000e62d1a00, 0x00000000e6ab0000)
  to   space 21824K,   0% used [0x00000000e6ab0000, 0x00000000e6ab0000, 0x00000000e8000000)
 concurrent mark-sweep generation total 393216K, used 140629K [0x00000000e8000000, 0x0000000100000000, 0x0000000100000000)
 Metaspace       used 30873K, capacity 31282K, committed 31868K, reserved 1077248K
  class space    used 3481K, capacity 3625K, committed 3708K, reserved 1048576K
2018-11-12T14:39:12.548+0100: 287.762: [GC (Allocation Failure) 2018-11-12T14:39:12.548+0100: 287.762: [ParNew
Desired survivor size 20112992 bytes, new threshold 8 (max 8)
- age   1:    1389112 bytes,    1389112 total
- age   2:     571200 bytes,    1960312 total
- age   3:     494656 bytes,    2454968 total
- age   4:    1847224 bytes,    4302192 total
- age   5:    6572664 bytes,   10874856 total
- age   6:     813912 bytes,   11688768 total
- age   7:     530192 bytes,   12218960 total
- age   8:     480816 bytes,   12699776 total
: 101190K->15507K(109248K), 0.0030866 secs] 241819K->156696K(502464K), 0.0031900 secs] [Times: user=0.06 sys=0.00, real=0.00 secs] 
Heap after GC invocations=245 (full 3):
 par new generation   total 109248K, used 15507K [0x00000000e0000000, 0x00000000e8000000, 0x00000000e8000000)
  eden space 87424K,   0% used [0x00000000e0000000, 0x00000000e0000000, 0x00000000e5560000)
  from space 21824K,  71% used [0x00000000e6ab0000, 0x00000000e79d4cc0, 0x00000000e8000000)
  to   space 21824K,   0% used [0x00000000e5560000, 0x00000000e5560000, 0x00000000e6ab0000)
 concurrent mark-sweep generation total 393216K, used 141189K [0x00000000e8000000, 0x0000000100000000, 0x0000000100000000)
 Metaspace       used 30873K, capacity 31282K, committed 31868K, reserved 1077248K
  class space    used 3481K, capacity 3625K, committed 3708K, reserved 1048576K
}
2018-11-12T14:39:12.551+0100: 287.765: Total time for which application threads were stopped: 0.0034804 seconds, Stopping threads took: 0.0000606 seconds
2018-11-12T14:39:12.788+0100: 288.002: Total time for which application threads were stopped: 0.0001786 seconds, Stopping threads took: 0.0000592 seconds
{Heap before GC invocations=245 (full 3):
 par new generation   total 109248K, used 102931K [0x00000000e0000000, 0x00000000e8000000, 0x00000000e8000000)
  eden space 87424K, 100% used [0x00000000e0000000, 0x00000000e5560000, 0x00000000e5560000)
  from space 21824K,  71% used [0x00000000e6ab0000, 0x00000000e79d4cc0, 0x00000000e8000000)
  to   space 21824K,   0% used [0x00000000e5560000, 0x00000000e5560000, 0x00000000e6ab0000)
 concurrent mark-sweep generation total 393216K, used 141189K [0x00000000e8000000, 0x0000000100000000, 0x0000000100000000)
 Metaspace       used 30875K, capacity 31282K, committed 31868K, reserved 1077248K
  class space    used 3481K, capacity 3625K, committed 3708K, reserved 1048576K
2018-11-12T14:39:12.835+0100: 288.049: [GC (Allocation Failure) 2018-11-12T14:39:12.835+0100: 288.049: [ParNew
Desired survivor size 20112992 bytes, new threshold 8 (max 8)
- age   1:    1434432 bytes,    1434432 total
- age   2:     851136 bytes,    2285568 total
- age   3:     571200 bytes,    2856768 total
- age   4:     494656 bytes,    3351424 total
- age   5:    1847224 bytes,    5198648 total
- age   6:    6583064 bytes,   11781712 total
- age   7:     892952 bytes,   12674664 total
- age   8:     535392 bytes,   13210056 total
: 102931K->13937K(109248K), 0.0035851 secs] 244120K->155596K(502464K), 0.0036758 secs] [Times: user=0.00 sys=0.00, real=0.00 secs] 
Heap after GC invocations=246 (full 3):
 par new generation   total 109248K, used 13937K [0x00000000e0000000, 0x00000000e8000000, 0x00000000e8000000)
  eden space 87424K,   0% used [0x00000000e0000000, 0x00000000e0000000, 0x00000000e5560000)
  from space 21824K,  63% used [0x00000000e5560000, 0x00000000e62fc610, 0x00000000e6ab0000)
  to   space 21824K,   0% used [0x00000000e6ab0000, 0x00000000e6ab0000, 0x00000000e8000000)
 concurrent mark-sweep generation total 393216K, used 141658K [0x00000000e8000000, 0x0000000100000000, 0x0000000100000000)
 Metaspace       used 30875K, capacity 31282K, committed 31868K, reserved 1077248K
  class space    used 3481K, capacity 3625K, committed 3708K, reserved 1048576K
}
2018-11-12T14:39:12.839+0100: 288.053: Total time for which application threads were stopped: 0.0039710 seconds, Stopping threads took: 0.0000561 seconds
{Heap before GC invocations=246 (full 3):
 par new generation   total 109248K, used 101361K [0x00000000e0000000, 0x00000000e8000000, 0x00000000e8000000)
  eden space 87424K, 100% used [0x00000000e0000000, 0x00000000e5560000, 0x00000000e5560000)
  from space 21824K,  63% used [0x00000000e5560000, 0x00000000e62fc610, 0x00000000e6ab0000)
  to   space 21824K,   0% used [0x00000000e6ab0000, 0x00000000e6ab0000, 0x00000000e8000000)
 concurrent mark-sweep generation total 393216K, used 141658K [0x00000000e8000000, 0x0000000100000000, 0x0000000100000000)
 Metaspace       used 30875K, capacity 31282K, committed 31868K, reserved 1077248K
  class space    used 3481K, capacity 3625K, committed 3708K, reserved 1048576K
2018-11-12T14:39:12.951+0100: 288.165: [GC (Allocation Failure) 2018-11-12T14:39:12.951+0100: 288.165: [ParNew
Desired survivor size 20112992 bytes, new threshold 8 (max 8)
- age   1:    1048168 bytes,    1048168 total
- age   2:     780336 bytes,    1828504 total
- age   3:     851136 bytes,    2679640 total
- age   4:     571200 bytes,    3250840 total
- age   5:     494656 bytes,    3745496 total
- age   6:    1847224 bytes,    5592720 total
- age   7:    6572664 bytes,   12165384 total
- age   8:     813912 bytes,   12979296 total
: 101361K->15596K(109248K), 0.0035413 secs] 243020K->157773K(502464K), 0.0036518 secs] [Times: user=0.00 sys=0.00, real=0.00 secs] 
Heap after GC invocations=247 (full 3):
 par new generation   total 109248K, used 15596K [0x00000000e0000000, 0x00000000e8000000, 0x00000000e8000000)
  eden space 87424K,   0% used [0x00000000e0000000, 0x00000000e0000000, 0x00000000e5560000)
  from space 21824K,  71% used [0x00000000e6ab0000, 0x00000000e79eb250, 0x00000000e8000000)
  to   space 21824K,   0% used [0x00000000e5560000, 0x00000000e5560000, 0x00000000e6ab0000)
 concurrent mark-sweep generation total 393216K, used 142176K [0x00000000e8000000, 0x0000000100000000, 0x0000000100000000)
 Metaspace       used 30875K, capacity 31282K, committed 31868K, reserved 1077248K
  class space    used 3481K, capacity 3625K, committed 3708K, reserved 1048576K
}
2018-11-12T14:39:12.954+0100: 288.168: Total time for which application threads were stopped: 0.0039642 seconds, Stopping threads took: 0.0000602 seconds
{Heap before GC invocations=247 (full 3):
 par new generation   total 109248K, used 103020K [0x00000000e0000000, 0x00000000e8000000, 0x00000000e8000000)
  eden space 87424K, 100% used [0x00000000e0000000, 0x00000000e5560000, 0x00000000e5560000)
  from space 21824K,  71% used [0x00000000e6ab0000, 0x00000000e79eb250, 0x00000000e8000000)
  to   space 21824K,   0% used [0x00000000e5560000, 0x00000000e5560000, 0x00000000e6ab0000)
 concurrent mark-sweep generation total 393216K, used 142176K [0x00000000e8000000, 0x0000000100000000, 0x0000000100000000)
 Metaspace       used 30875K, capacity 31282K, committed 31868K, reserved 1077248K
  class space    used 3481K, capacity 3625K, committed 3708K, reserved 1048576K
2018-11-12T14:39:13.054+0100: 288.268: [GC (Allocation Failure) 2018-11-12T14:39:13.054+0100: 288.268: [ParNew
Desired survivor size 20112992 bytes, new threshold 8 (max 8)
- age   1:    1055120 bytes,    1055120 total
- age   2:     303120 bytes,    1358240 total
- age   3:     677864 bytes,    2036104 total
- age   4:     847288 bytes,    2883392 total
- age   5:     571144 bytes,    3454536 total
- age   6:     494656 bytes,    3949192 total
- age   7:    1847224 bytes,    5796416 total
- age   8:    6572664 bytes,   12369080 total
: 103020K->14150K(109248K), 0.0031961 secs] 245197K->157122K(502464K), 0.0032662 secs] [Times: user=0.00 sys=0.00, real=0.00 secs] 
Heap after GC invocations=248 (full 3):
 par new generation   total 109248K, used 14150K [0x00000000e0000000, 0x00000000e8000000, 0x00000000e8000000)
  eden space 87424K,   0% used [0x00000000e0000000, 0x00000000e0000000, 0x00000000e5560000)
  from space 21824K,  64% used [0x00000000e5560000, 0x00000000e6331b10, 0x00000000e6ab0000)
  to   space 21824K,   0% used [0x00000000e6ab0000, 0x00000000e6ab0000, 0x00000000e8000000)
 concurrent mark-sweep generation total 393216K, used 142971K [0x00000000e8000000, 0x0000000100000000, 0x0000000100000000)
 Metaspace       used 30875K, capacity 31282K, committed 31868K, reserved 1077248K
  class space    used 3481K, capacity 3625K, committed 3708K, reserved 1048576K
}
2018-11-12T14:39:13.058+0100: 288.271: Total time for which application threads were stopped: 0.0034999 seconds, Stopping threads took: 0.0000571 seconds
{Heap before GC invocations=248 (full 3):
 par new generation   total 109248K, used 101574K [0x00000000e0000000, 0x00000000e8000000, 0x00000000e8000000)
  eden space 87424K, 100% used [0x00000000e0000000, 0x00000000e5560000, 0x00000000e5560000)
  from space 21824K,  64% used [0x00000000e5560000, 0x00000000e6331b10, 0x00000000e6ab0000)
  to   space 21824K,   0% used [0x00000000e6ab0000, 0x00000000e6ab0000, 0x00000000e8000000)
 concurrent mark-sweep generation total 393216K, used 142971K [0x00000000e8000000, 0x0000000100000000, 0x0000000100000000)
 Metaspace       used 30876K, capacity 31282K, committed 31868K, reserved 1077248K
  class space    used 3481K, capacity 3625K, committed 3708K, reserved 1048576K
2018-11-12T14:39:13.176+0100: 288.390: [GC (Allocation Failure) 2018-11-12T14:39:13.176+0100: 288.390: [ParNew
Desired survivor size 20112992 bytes, new threshold 8 (max 8)
- age   1:    1043024 bytes,    1043024 total
- age   2:     397296 bytes,    1440320 total
- age   3:     252544 bytes,    1692864 total
- age   4:     663664 bytes,    2356528 total
- age   5:     847288 bytes,    3203816 total
- age   6:     571144 bytes,    3774960 total
- age   7:     494656 bytes,    4269616 total
- age   8:    1847224 bytes,    6116840 total
: 101574K->8224K(109248K), 0.0035334 secs] 244546K->157615K(502464K), 0.0036238 secs] [Times: user=0.00 sys=0.00, real=0.00 secs] 
Heap after GC invocations=249 (full 3):
 par new generation   total 109248K, used 8224K [0x00000000e0000000, 0x00000000e8000000, 0x00000000e8000000)
  eden space 87424K,   0% used [0x00000000e0000000, 0x00000000e0000000, 0x00000000e5560000)
  from space 21824K,  37% used [0x00000000e6ab0000, 0x00000000e72b8290, 0x00000000e8000000)
  to   space 21824K,   0% used [0x00000000e5560000, 0x00000000e5560000, 0x00000000e6ab0000)
 concurrent mark-sweep generation total 393216K, used 149390K [0x00000000e8000000, 0x0000000100000000, 0x0000000100000000)
 Metaspace       used 30876K, capacity 31282K, committed 31868K, reserved 1077248K
  class space    used 3481K, capacity 3625K, committed 3708K, reserved 1048576K
}
2018-11-12T14:39:13.180+0100: 288.394: Total time for which application threads were stopped: 0.0039019 seconds, Stopping threads took: 0.0000387 seconds
{Heap before GC invocations=249 (full 3):
 par new generation   total 109248K, used 95648K [0x00000000e0000000, 0x00000000e8000000, 0x00000000e8000000)
  eden space 87424K, 100% used [0x00000000e0000000, 0x00000000e5560000, 0x00000000e5560000)
  from space 21824K,  37% used [0x00000000e6ab0000, 0x00000000e72b8290, 0x00000000e8000000)
  to   space 21824K,   0% used [0x00000000e5560000, 0x00000000e5560000, 0x00000000e6ab0000)
 concurrent mark-sweep generation total 393216K, used 149390K [0x00000000e8000000, 0x0000000100000000, 0x0000000100000000)
 Metaspace       used 30876K, capacity 31282K, committed 31868K, reserved 1077248K
  class space    used 3481K, capacity 3625K, committed 3708K, reserved 1048576K
2018-11-12T14:39:13.455+0100: 288.669: [GC (Allocation Failure) 2018-11-12T14:39:13.455+0100: 288.669: [ParNew
Desired survivor size 20112992 bytes, new threshold 8 (max 8)
- age   1:     996744 bytes,     996744 total
- age   2:     262560 bytes,    1259304 total
- age   3:     339544 bytes,    1598848 total
- age   4:     214776 bytes,    1813624 total
- age   5:     663120 bytes,    2476744 total
- age   6:     847232 bytes,    3323976 total
- age   7:     571144 bytes,    3895120 total
- age   8:     494656 bytes,    4389776 total
: 95648K->5778K(109248K), 0.0025899 secs] 245039K->156972K(502464K), 0.0026833 secs] [Times: user=0.06 sys=0.00, real=0.00 secs] 
Heap after GC invocations=250 (full 3):
 par new generation   total 109248K, used 5778K [0x00000000e0000000, 0x00000000e8000000, 0x00000000e8000000)
  eden space 87424K,   0% used [0x00000000e0000000, 0x00000000e0000000, 0x00000000e5560000)
  from space 21824K,  26% used [0x00000000e5560000, 0x00000000e5b04880, 0x00000000e6ab0000)
  to   space 21824K,   0% used [0x00000000e6ab0000, 0x00000000e6ab0000, 0x00000000e8000000)
 concurrent mark-sweep generation total 393216K, used 151194K [0x00000000e8000000, 0x0000000100000000, 0x0000000100000000)
 Metaspace       used 30876K, capacity 31282K, committed 31868K, reserved 1077248K
  class space    used 3481K, capacity 3625K, committed 3708K, reserved 1048576K
}
2018-11-12T14:39:13.457+0100: 288.672: Total time for which application threads were stopped: 0.0029949 seconds, Stopping threads took: 0.0000650 seconds
2018-11-12T14:39:13.666+0100: 288.881: Total time for which application threads were stopped: 0.0001591 seconds, Stopping threads took: 0.0000294 seconds
2018-11-12T14:39:13.667+0100: 288.882: Total time for which application threads were stopped: 0.0000606 seconds, Stopping threads took: 0.0000181 seconds
2018-11-12T14:39:13.667+0100: 288.882: Total time for which application threads were stopped: 0.0000551 seconds, Stopping threads took: 0.0000157 seconds
{Heap before GC invocations=250 (full 3):
 par new generation   total 109248K, used 93202K [0x00000000e0000000, 0x00000000e8000000, 0x00000000e8000000)
  eden space 87424K, 100% used [0x00000000e0000000, 0x00000000e5560000, 0x00000000e5560000)
  from space 21824K,  26% used [0x00000000e5560000, 0x00000000e5b04880, 0x00000000e6ab0000)
  to   space 21824K,   0% used [0x00000000e6ab0000, 0x00000000e6ab0000, 0x00000000e8000000)
 concurrent mark-sweep generation total 393216K, used 151194K [0x00000000e8000000, 0x0000000100000000, 0x0000000100000000)
 Metaspace       used 30897K, capacity 31346K, committed 31868K, reserved 1077248K
  class space    used 3481K, capacity 3625K, committed 3708K, reserved 1048576K
2018-11-12T14:39:13.696+0100: 288.910: [GC (Allocation Failure) 2018-11-12T14:39:13.696+0100: 288.910: [ParNew
Desired survivor size 20112992 bytes, new threshold 8 (max 8)
- age   1:    2592984 bytes,    2592984 total
- age   2:     208600 bytes,    2801584 total
- age   3:     160816 bytes,    2962400 total
- age   4:     323320 bytes,    3285720 total
- age   5:     214296 bytes,    3500016 total
- age   6:     605992 bytes,    4106008 total
- age   7:     712032 bytes,    4818040 total
- age   8:     570400 bytes,    5388440 total
: 93202K->6724K(109248K), 0.0026354 secs] 244396K->158401K(502464K), 0.0027288 secs] [Times: user=0.00 sys=0.00, real=0.00 secs] 
Heap after GC invocations=251 (full 3):
 par new generation   total 109248K, used 6724K [0x00000000e0000000, 0x00000000e8000000, 0x00000000e8000000)
  eden space 87424K,   0% used [0x00000000e0000000, 0x00000000e0000000, 0x00000000e5560000)
  from space 21824K,  30% used [0x00000000e6ab0000, 0x00000000e71413b8, 0x00000000e8000000)
  to   space 21824K,   0% used [0x00000000e5560000, 0x00000000e5560000, 0x00000000e6ab0000)
 concurrent mark-sweep generation total 393216K, used 151677K [0x00000000e8000000, 0x0000000100000000, 0x0000000100000000)
 Metaspace       used 30897K, capacity 31346K, committed 31868K, reserved 1077248K
  class space    used 3481K, capacity 3625K, committed 3708K, reserved 1048576K
}
2018-11-12T14:39:13.698+0100: 288.913: Total time for which application threads were stopped: 0.0030196 seconds, Stopping threads took: 0.0000431 seconds
2018-11-12T14:39:13.711+0100: 288.926: Total time for which application threads were stopped: 0.0001505 seconds, Stopping threads took: 0.0000523 seconds
2018-11-12T14:39:13.720+0100: 288.935: Total time for which application threads were stopped: 0.0001081 seconds, Stopping threads took: 0.0000281 seconds
2018-11-12T14:39:13.898+0100: 289.113: Total time for which application threads were stopped: 0.0001211 seconds, Stopping threads took: 0.0000339 seconds
{Heap before GC invocations=251 (full 3):
 par new generation   total 109248K, used 94148K [0x00000000e0000000, 0x00000000e8000000, 0x00000000e8000000)
  eden space 87424K, 100% used [0x00000000e0000000, 0x00000000e5560000, 0x00000000e5560000)
  from space 21824K,  30% used [0x00000000e6ab0000, 0x00000000e71413b8, 0x00000000e8000000)
  to   space 21824K,   0% used [0x00000000e5560000, 0x00000000e5560000, 0x00000000e6ab0000)
 concurrent mark-sweep generation total 393216K, used 151677K [0x00000000e8000000, 0x0000000100000000, 0x0000000100000000)
 Metaspace       used 30899K, capacity 31346K, committed 31868K, reserved 1077248K
  class space    used 3481K, capacity 3625K, committed 3708K, reserved 1048576K
2018-11-12T14:39:13.952+0100: 289.166: [GC (Allocation Failure) 2018-11-12T14:39:13.952+0100: 289.166: [ParNew
Desired survivor size 20112992 bytes, new threshold 8 (max 8)
- age   1:    1526184 bytes,    1526184 total
- age   2:    1215472 bytes,    2741656 total
- age   3:      43376 bytes,    2785032 total
- age   4:      28912 bytes,    2813944 total
- age   5:      23536 bytes,    2837480 total
- age   6:      33752 bytes,    2871232 total
- age   7:      97192 bytes,    2968424 total
- age   8:     403328 bytes,    3371752 total
: 94148K->5363K(109248K), 0.0040141 secs] 245825K->157597K(502464K), 0.0041633 secs] [Times: user=0.05 sys=0.00, real=0.00 secs] 
Heap after GC invocations=252 (full 3):
 par new generation   total 109248K, used 5363K [0x00000000e0000000, 0x00000000e8000000, 0x00000000e8000000)
  eden space 87424K,   0% used [0x00000000e0000000, 0x00000000e0000000, 0x00000000e5560000)
  from space 21824K,  24% used [0x00000000e5560000, 0x00000000e5a9ccf8, 0x00000000e6ab0000)
  to   space 21824K,   0% used [0x00000000e6ab0000, 0x00000000e6ab0000, 0x00000000e8000000)
 concurrent mark-sweep generation total 393216K, used 152234K [0x00000000e8000000, 0x0000000100000000, 0x0000000100000000)
 Metaspace       used 30899K, capacity 31346K, committed 31868K, reserved 1077248K
  class space    used 3481K, capacity 3625K, committed 3708K, reserved 1048576K
}
2018-11-12T14:39:13.956+0100: 289.170: Total time for which application threads were stopped: 0.0044832 seconds, Stopping threads took: 0.0000499 seconds
2018-11-12T14:39:14.042+0100: 289.256: Total time for which application threads were stopped: 0.0001269 seconds, Stopping threads took: 0.0000328 seconds
{Heap before GC invocations=252 (full 3):
 par new generation   total 109248K, used 92787K [0x00000000e0000000, 0x00000000e8000000, 0x00000000e8000000)
  eden space 87424K, 100% used [0x00000000e0000000, 0x00000000e5560000, 0x00000000e5560000)
  from space 21824K,  24% used [0x00000000e5560000, 0x00000000e5a9ccf8, 0x00000000e6ab0000)
  to   space 21824K,   0% used [0x00000000e6ab0000, 0x00000000e6ab0000, 0x00000000e8000000)
 concurrent mark-sweep generation total 393216K, used 152234K [0x00000000e8000000, 0x0000000100000000, 0x0000000100000000)
 Metaspace       used 30899K, capacity 31346K, committed 31868K, reserved 1077248K
  class space    used 3481K, capacity 3625K, committed 3708K, reserved 1048576K
2018-11-12T14:39:14.246+0100: 289.460: [GC (Allocation Failure) 2018-11-12T14:39:14.246+0100: 289.460: [ParNew
Desired survivor size 20112992 bytes, new threshold 8 (max 8)
- age   1:    1596472 bytes,    1596472 total
- age   2:     849816 bytes,    2446288 total
- age   3:    1215256 bytes,    3661544 total
- age   4:      43376 bytes,    3704920 total
- age   5:      28912 bytes,    3733832 total
- age   6:      23480 bytes,    3757312 total
- age   7:      33752 bytes,    3791064 total
- age   8:      97192 bytes,    3888256 total
: 92787K->4739K(109248K), 0.0025895 secs] 245021K->157367K(502464K), 0.0026600 secs] [Times: user=0.00 sys=0.00, real=0.00 secs] 
Heap after GC invocations=253 (full 3):
 par new generation   total 109248K, used 4739K [0x00000000e0000000, 0x00000000e8000000, 0x00000000e8000000)
  eden space 87424K,   0% used [0x00000000e0000000, 0x00000000e0000000, 0x00000000e5560000)
  from space 21824K,  21% used [0x00000000e6ab0000, 0x00000000e6f50e20, 0x00000000e8000000)
  to   space 21824K,   0% used [0x00000000e5560000, 0x00000000e5560000, 0x00000000e6ab0000)
 concurrent mark-sweep generation total 393216K, used 152628K [0x00000000e8000000, 0x0000000100000000, 0x0000000100000000)
 Metaspace       used 30899K, capacity 31346K, committed 31868K, reserved 1077248K
  class space    used 3481K, capacity 3625K, committed 3708K, reserved 1048576K
}
2018-11-12T14:39:14.249+0100: 289.463: Total time for which application threads were stopped: 0.0028947 seconds, Stopping threads took: 0.0000311 seconds
2018-11-12T14:39:14.278+0100: 289.492: Total time for which application threads were stopped: 0.0001173 seconds, Stopping threads took: 0.0000308 seconds
{Heap before GC invocations=253 (full 3):
 par new generation   total 109248K, used 92163K [0x00000000e0000000, 0x00000000e8000000, 0x00000000e8000000)
  eden space 87424K, 100% used [0x00000000e0000000, 0x00000000e5560000, 0x00000000e5560000)
  from space 21824K,  21% used [0x00000000e6ab0000, 0x00000000e6f50e20, 0x00000000e8000000)
  to   space 21824K,   0% used [0x00000000e5560000, 0x00000000e5560000, 0x00000000e6ab0000)
 concurrent mark-sweep generation total 393216K, used 152628K [0x00000000e8000000, 0x0000000100000000, 0x0000000100000000)
 Metaspace       used 30899K, capacity 31346K, committed 31868K, reserved 1077248K
  class space    used 3481K, capacity 3625K, committed 3708K, reserved 1048576K
2018-11-12T14:39:14.469+0100: 289.682: [GC (Allocation Failure) 2018-11-12T14:39:14.469+0100: 289.682: [ParNew
Desired survivor size 20112992 bytes, new threshold 8 (max 8)
- age   1:    1458088 bytes,    1458088 total
- age   2:     822384 bytes,    2280472 total
- age   3:     849816 bytes,    3130288 total
- age   4:    1215200 bytes,    4345488 total
- age   5:      43376 bytes,    4388864 total
- age   6:      28912 bytes,    4417776 total
- age   7:      23480 bytes,    4441256 total
- age   8:      33728 bytes,    4474984 total
: 92163K->5940K(109248K), 0.0035896 secs] 244791K->158663K(502464K), 0.0036734 secs] [Times: user=0.00 sys=0.00, real=0.00 secs] 
Heap after GC invocations=254 (full 3):
 par new generation   total 109248K, used 5940K [0x00000000e0000000, 0x00000000e8000000, 0x00000000e8000000)
  eden space 87424K,   0% used [0x00000000e0000000, 0x00000000e0000000, 0x00000000e5560000)
  from space 21824K,  27% used [0x00000000e5560000, 0x00000000e5b2d370, 0x00000000e6ab0000)
  to   space 21824K,   0% used [0x00000000e6ab0000, 0x00000000e6ab0000, 0x00000000e8000000)
 concurrent mark-sweep generation total 393216K, used 152723K [0x00000000e8000000, 0x0000000100000000, 0x0000000100000000)
 Metaspace       used 30899K, capacity 31346K, committed 31868K, reserved 1077248K
  class space    used 3481K, capacity 3625K, committed 3708K, reserved 1048576K
}
2018-11-12T14:39:14.472+0100: 289.686: Total time for which application threads were stopped: 0.0038810 seconds, Stopping threads took: 0.0000325 seconds
{Heap before GC invocations=254 (full 3):
 par new generation   total 109248K, used 93364K [0x00000000e0000000, 0x00000000e8000000, 0x00000000e8000000)
  eden space 87424K, 100% used [0x00000000e0000000, 0x00000000e5560000, 0x00000000e5560000)
  from space 21824K,  27% used [0x00000000e5560000, 0x00000000e5b2d370, 0x00000000e6ab0000)
  to   space 21824K,   0% used [0x00000000e6ab0000, 0x00000000e6ab0000, 0x00000000e8000000)
 concurrent mark-sweep generation total 393216K, used 152723K [0x00000000e8000000, 0x0000000100000000, 0x0000000100000000)
 Metaspace       used 30899K, capacity 31346K, committed 31868K, reserved 1077248K
  class space    used 3481K, capacity 3625K, committed 3708K, reserved 1048576K
2018-11-12T14:39:14.716+0100: 289.931: [GC (Allocation Failure) 2018-11-12T14:39:14.716+0100: 289.931: [ParNew
Desired survivor size 20112992 bytes, new threshold 8 (max 8)
- age   1:    2049120 bytes,    2049120 total
- age   2:     567664 bytes,    2616784 total
- age   3:     625728 bytes,    3242512 total
- age   4:     849816 bytes,    4092328 total
- age   5:    1215200 bytes,    5307528 total
- age   6:      43376 bytes,    5350904 total
- age   7:      28912 bytes,    5379816 total
- age   8:      23480 bytes,    5403296 total
: 93364K->5818K(109248K), 0.0039909 secs] 246087K->158574K(502464K), 0.0040891 secs] [Times: user=0.00 sys=0.00, real=0.00 secs] 
Heap after GC invocations=255 (full 3):
 par new generation   total 109248K, used 5818K [0x00000000e0000000, 0x00000000e8000000, 0x00000000e8000000)
  eden space 87424K,   0% used [0x00000000e0000000, 0x00000000e0000000, 0x00000000e5560000)
  from space 21824K,  26% used [0x00000000e6ab0000, 0x00000000e705e8f0, 0x00000000e8000000)
  to   space 21824K,   0% used [0x00000000e5560000, 0x00000000e5560000, 0x00000000e6ab0000)
 concurrent mark-sweep generation total 393216K, used 152756K [0x00000000e8000000, 0x0000000100000000, 0x0000000100000000)
 Metaspace       used 30899K, capacity 31346K, committed 31868K, reserved 1077248K
  class space    used 3481K, capacity 3625K, committed 3708K, reserved 1048576K
}
2018-11-12T14:39:14.720+0100: 289.935: Total time for which application threads were stopped: 0.0043326 seconds, Stopping threads took: 0.0000352 seconds
{Heap before GC invocations=255 (full 3):
 par new generation   total 109248K, used 93242K [0x00000000e0000000, 0x00000000e8000000, 0x00000000e8000000)
  eden space 87424K, 100% used [0x00000000e0000000, 0x00000000e5560000, 0x00000000e5560000)
  from space 21824K,  26% used [0x00000000e6ab0000, 0x00000000e705e8f0, 0x00000000e8000000)
  to   space 21824K,   0% used [0x00000000e5560000, 0x00000000e5560000, 0x00000000e6ab0000)
 concurrent mark-sweep generation total 393216K, used 152756K [0x00000000e8000000, 0x0000000100000000, 0x0000000100000000)
 Metaspace       used 30899K, capacity 31346K, committed 31868K, reserved 1077248K
  class space    used 3481K, capacity 3625K, committed 3708K, reserved 1048576K
2018-11-12T14:39:14.968+0100: 290.182: [GC (Allocation Failure) 2018-11-12T14:39:14.968+0100: 290.182: [ParNew
Desired survivor size 20112992 bytes, new threshold 8 (max 8)
- age   1:    1898120 bytes,    1898120 total
- age   2:     856528 bytes,    2754648 total
- age   3:     565912 bytes,    3320560 total
- age   4:     609056 bytes,    3929616 total
- age   5:     849288 bytes,    4778904 total
- age   6:    1215200 bytes,    5994104 total
- age   7:      43376 bytes,    6037480 total
- age   8:      28912 bytes,    6066392 total
: 93242K->7457K(109248K), 0.0029272 secs] 245998K->160236K(502464K), 0.0030158 secs] [Times: user=0.00 sys=0.00, real=0.00 secs] 
Heap after GC invocations=256 (full 3):
 par new generation   total 109248K, used 7457K [0x00000000e0000000, 0x00000000e8000000, 0x00000000e8000000)
  eden space 87424K,   0% used [0x00000000e0000000, 0x00000000e0000000, 0x00000000e5560000)
  from space 21824K,  34% used [0x00000000e5560000, 0x00000000e5ca8760, 0x00000000e6ab0000)
  to   space 21824K,   0% used [0x00000000e6ab0000, 0x00000000e6ab0000, 0x00000000e8000000)
 concurrent mark-sweep generation total 393216K, used 152778K [0x00000000e8000000, 0x0000000100000000, 0x0000000100000000)
 Metaspace       used 30899K, capacity 31346K, committed 31868K, reserved 1077248K
  class space    used 3481K, capacity 3625K, committed 3708K, reserved 1048576K
}
2018-11-12T14:39:14.971+0100: 290.185: Total time for which application threads were stopped: 0.0032235 seconds, Stopping threads took: 0.0000267 seconds
{Heap before GC invocations=256 (full 3):
 par new generation   total 109248K, used 94881K [0x00000000e0000000, 0x00000000e8000000, 0x00000000e8000000)
  eden space 87424K, 100% used [0x00000000e0000000, 0x00000000e5560000, 0x00000000e5560000)
  from space 21824K,  34% used [0x00000000e5560000, 0x00000000e5ca8760, 0x00000000e6ab0000)
  to   space 21824K,   0% used [0x00000000e6ab0000, 0x00000000e6ab0000, 0x00000000e8000000)
 concurrent mark-sweep generation total 393216K, used 152778K [0x00000000e8000000, 0x0000000100000000, 0x0000000100000000)
 Metaspace       used 30899K, capacity 31346K, committed 31868K, reserved 1077248K
  class space    used 3481K, capacity 3625K, committed 3708K, reserved 1048576K
2018-11-12T14:39:15.224+0100: 290.438: [GC (Allocation Failure) 2018-11-12T14:39:15.224+0100: 290.438: [ParNew
Desired survivor size 20112992 bytes, new threshold 8 (max 8)
- age   1:    2004320 bytes,    2004320 total
- age   2:     551808 bytes,    2556128 total
- age   3:     856376 bytes,    3412504 total
- age   4:     564856 bytes,    3977360 total
- age   5:     609000 bytes,    4586360 total
- age   6:     849288 bytes,    5435648 total
- age   7:    1215200 bytes,    6650848 total
- age   8:      43376 bytes,    6694224 total
: 94881K->9640K(109248K), 0.0026922 secs] 247660K->162447K(502464K), 0.0027797 secs] [Times: user=0.00 sys=0.00, real=0.00 secs] 
Heap after GC invocations=257 (full 3):
 par new generation   total 109248K, used 9640K [0x00000000e0000000, 0x00000000e8000000, 0x00000000e8000000)
  eden space 87424K,   0% used [0x00000000e0000000, 0x00000000e0000000, 0x00000000e5560000)
  from space 21824K,  44% used [0x00000000e6ab0000, 0x00000000e741a028, 0x00000000e8000000)
  to   space 21824K,   0% used [0x00000000e5560000, 0x00000000e5560000, 0x00000000e6ab0000)
 concurrent mark-sweep generation total 393216K, used 152807K [0x00000000e8000000, 0x0000000100000000, 0x0000000100000000)
 Metaspace       used 30899K, capacity 31346K, committed 31868K, reserved 1077248K
  class space    used 3481K, capacity 3625K, committed 3708K, reserved 1048576K
}
2018-11-12T14:39:15.227+0100: 290.441: Total time for which application threads were stopped: 0.0030093 seconds, Stopping threads took: 0.0000287 seconds
2018-11-12T14:39:15.332+0100: 290.546: Total time for which application threads were stopped: 0.0001064 seconds, Stopping threads took: 0.0000246 seconds
{Heap before GC invocations=257 (full 3):
 par new generation   total 109248K, used 97064K [0x00000000e0000000, 0x00000000e8000000, 0x00000000e8000000)
  eden space 87424K, 100% used [0x00000000e0000000, 0x00000000e5560000, 0x00000000e5560000)
  from space 21824K,  44% used [0x00000000e6ab0000, 0x00000000e741a028, 0x00000000e8000000)
  to   space 21824K,   0% used [0x00000000e5560000, 0x00000000e5560000, 0x00000000e6ab0000)
 concurrent mark-sweep generation total 393216K, used 152807K [0x00000000e8000000, 0x0000000100000000, 0x0000000100000000)
 Metaspace       used 30899K, capacity 31346K, committed 31868K, reserved 1077248K
  class space    used 3481K, capacity 3625K, committed 3708K, reserved 1048576K
2018-11-12T14:39:15.449+0100: 290.664: [GC (Allocation Failure) 2018-11-12T14:39:15.449+0100: 290.664: [ParNew
Desired survivor size 20112992 bytes, new threshold 8 (max 8)
- age   1:    2195776 bytes,    2195776 total
- age   2:     600808 bytes,    2796584 total
- age   3:     549568 bytes,    3346152 total
- age   4:     856376 bytes,    4202528 total
- age   5:     564856 bytes,    4767384 total
- age   6:     609000 bytes,    5376384 total
- age   7:     849288 bytes,    6225672 total
- age   8:    1215200 bytes,    7440872 total
: 97064K->8678K(109248K), 0.0029132 secs] 249871K->161528K(502464K), 0.0029867 secs] [Times: user=0.00 sys=0.00, real=0.00 secs] 
Heap after GC invocations=258 (full 3):
 par new generation   total 109248K, used 8678K [0x00000000e0000000, 0x00000000e8000000, 0x00000000e8000000)
  eden space 87424K,   0% used [0x00000000e0000000, 0x00000000e0000000, 0x00000000e5560000)
  from space 21824K,  39% used [0x00000000e5560000, 0x00000000e5dd9a70, 0x00000000e6ab0000)
  to   space 21824K,   0% used [0x00000000e6ab0000, 0x00000000e6ab0000, 0x00000000e8000000)
 concurrent mark-sweep generation total 393216K, used 152849K [0x00000000e8000000, 0x0000000100000000, 0x0000000100000000)
 Metaspace       used 30899K, capacity 31346K, committed 31868K, reserved 1077248K
  class space    used 3481K, capacity 3625K, committed 3708K, reserved 1048576K
}
2018-11-12T14:39:15.452+0100: 290.667: Total time for which application threads were stopped: 0.0031824 seconds, Stopping threads took: 0.0000236 seconds
{Heap before GC invocations=258 (full 3):
 par new generation   total 109248K, used 96102K [0x00000000e0000000, 0x00000000e8000000, 0x00000000e8000000)
  eden space 87424K, 100% used [0x00000000e0000000, 0x00000000e5560000, 0x00000000e5560000)
  from space 21824K,  39% used [0x00000000e5560000, 0x00000000e5dd9a70, 0x00000000e6ab0000)
  to   space 21824K,   0% used [0x00000000e6ab0000, 0x00000000e6ab0000, 0x00000000e8000000)
 concurrent mark-sweep generation total 393216K, used 152849K [0x00000000e8000000, 0x0000000100000000, 0x0000000100000000)
 Metaspace       used 30899K, capacity 31346K, committed 31868K, reserved 1077248K
  class space    used 3481K, capacity 3625K, committed 3708K, reserved 1048576K
2018-11-12T14:39:15.688+0100: 290.902: [GC (Allocation Failure) 2018-11-12T14:39:15.688+0100: 290.902: [ParNew
Desired survivor size 20112992 bytes, new threshold 8 (max 8)
- age   1:    2731304 bytes,    2731304 total
- age   2:     609976 bytes,    3341280 total
- age   3:     596696 bytes,    3937976 total
- age   4:     549568 bytes,    4487544 total
- age   5:     594216 bytes,    5081760 total
- age   6:     564856 bytes,    5646616 total
- age   7:     609000 bytes,    6255616 total
- age   8:     849288 bytes,    7104904 total
: 96102K->9547K(109248K), 0.0047210 secs] 248952K->163584K(502464K), 0.0048280 secs] [Times: user=0.05 sys=0.00, real=0.00 secs] 
Heap after GC invocations=259 (full 3):
 par new generation   total 109248K, used 9547K [0x00000000e0000000, 0x00000000e8000000, 0x00000000e8000000)
  eden space 87424K,   0% used [0x00000000e0000000, 0x00000000e0000000, 0x00000000e5560000)
  from space 21824K,  43% used [0x00000000e6ab0000, 0x00000000e7402e20, 0x00000000e8000000)
  to   space 21824K,   0% used [0x00000000e5560000, 0x00000000e5560000, 0x00000000e6ab0000)
 concurrent mark-sweep generation total 393216K, used 154036K [0x00000000e8000000, 0x0000000100000000, 0x0000000100000000)
 Metaspace       used 30899K, capacity 31346K, committed 31868K, reserved 1077248K
  class space    used 3481K, capacity 3625K, committed 3708K, reserved 1048576K
}
2018-11-12T14:39:15.692+0100: 290.907: Total time for which application threads were stopped: 0.0051493 seconds, Stopping threads took: 0.0000476 seconds
{Heap before GC invocations=259 (full 3):
 par new generation   total 109248K, used 96971K [0x00000000e0000000, 0x00000000e8000000, 0x00000000e8000000)
  eden space 87424K, 100% used [0x00000000e0000000, 0x00000000e5560000, 0x00000000e5560000)
  from space 21824K,  43% used [0x00000000e6ab0000, 0x00000000e7402e20, 0x00000000e8000000)
  to   space 21824K,   0% used [0x00000000e5560000, 0x00000000e5560000, 0x00000000e6ab0000)
 concurrent mark-sweep generation total 393216K, used 154036K [0x00000000e8000000, 0x0000000100000000, 0x0000000100000000)
 Metaspace       used 30899K, capacity 31346K, committed 31868K, reserved 1077248K
  class space    used 3481K, capacity 3625K, committed 3708K, reserved 1048576K
2018-11-12T14:39:15.964+0100: 291.178: [GC (Allocation Failure) 2018-11-12T14:39:15.964+0100: 291.178: [ParNew
Desired survivor size 20112992 bytes, new threshold 8 (max 8)
- age   1:    2596584 bytes,    2596584 total
- age   2:    1075688 bytes,    3672272 total
- age   3:     532872 bytes,    4205144 total
- age   4:     596480 bytes,    4801624 total
- age   5:     548488 bytes,    5350112 total
- age   6:     528664 bytes,    5878776 total
- age   7:     564856 bytes,    6443632 total
- age   8:     609000 bytes,    7052632 total
: 96971K->8918K(109248K), 0.0030097 secs] 251008K->163786K(502464K), 0.0030901 secs] [Times: user=0.00 sys=0.00, real=0.00 secs] 
Heap after GC invocations=260 (full 3):
 par new generation   total 109248K, used 8918K [0x00000000e0000000, 0x00000000e8000000, 0x00000000e8000000)
  eden space 87424K,   0% used [0x00000000e0000000, 0x00000000e0000000, 0x00000000e5560000)
  from space 21824K,  40% used [0x00000000e5560000, 0x00000000e5e158c0, 0x00000000e6ab0000)
  to   space 21824K,   0% used [0x00000000e6ab0000, 0x00000000e6ab0000, 0x00000000e8000000)
 concurrent mark-sweep generation total 393216K, used 154867K [0x00000000e8000000, 0x0000000100000000, 0x0000000100000000)
 Metaspace       used 30899K, capacity 31346K, committed 31868K, reserved 1077248K
  class space    used 3481K, capacity 3625K, committed 3708K, reserved 1048576K
}
2018-11-12T14:39:15.967+0100: 291.181: Total time for which application threads were stopped: 0.0032926 seconds, Stopping threads took: 0.0000390 seconds
{Heap before GC invocations=260 (full 3):
 par new generation   total 109248K, used 96183K [0x00000000e0000000, 0x00000000e8000000, 0x00000000e8000000)
  eden space 87424K,  99% used [0x00000000e0000000, 0x00000000e5538690, 0x00000000e5560000)
  from space 21824K,  40% used [0x00000000e5560000, 0x00000000e5e158c0, 0x00000000e6ab0000)
  to   space 21824K,   0% used [0x00000000e6ab0000, 0x00000000e6ab0000, 0x00000000e8000000)
 concurrent mark-sweep generation total 393216K, used 154867K [0x00000000e8000000, 0x0000000100000000, 0x0000000100000000)
 Metaspace       used 30899K, capacity 31346K, committed 31868K, reserved 1077248K
  class space    used 3481K, capacity 3625K, committed 3708K, reserved 1048576K
2018-11-12T14:39:16.191+0100: 291.405: [GC (Allocation Failure) 2018-11-12T14:39:16.191+0100: 291.405: [ParNew
Desired survivor size 20112992 bytes, new threshold 8 (max 8)
- age   1:    1968776 bytes,    1968776 total
- age   2:    1818400 bytes,    3787176 total
- age   3:    1075216 bytes,    4862392 total
- age   4:     529560 bytes,    5391952 total
- age   5:     596424 bytes,    5988376 total
- age   6:     548488 bytes,    6536864 total
- age   7:     528664 bytes,    7065528 total
- age   8:     564856 bytes,    7630384 total
: 96183K->9522K(109248K), 0.0030507 secs] 251051K->164984K(502464K), 0.0031468 secs] [Times: user=0.00 sys=0.00, real=0.00 secs] 
Heap after GC invocations=261 (full 3):
 par new generation   total 109248K, used 9522K [0x00000000e0000000, 0x00000000e8000000, 0x00000000e8000000)
  eden space 87424K,   0% used [0x00000000e0000000, 0x00000000e0000000, 0x00000000e5560000)
  from space 21824K,  43% used [0x00000000e6ab0000, 0x00000000e73fc858, 0x00000000e8000000)
  to   space 21824K,   0% used [0x00000000e5560000, 0x00000000e5560000, 0x00000000e6ab0000)
 concurrent mark-sweep generation total 393216K, used 155462K [0x00000000e8000000, 0x0000000100000000, 0x0000000100000000)
 Metaspace       used 30899K, capacity 31346K, committed 31868K, reserved 1077248K
  class space    used 3481K, capacity 3625K, committed 3708K, reserved 1048576K
}
2018-11-12T14:39:16.194+0100: 291.408: Total time for which application threads were stopped: 0.0033696 seconds, Stopping threads took: 0.0000246 seconds
{Heap before GC invocations=261 (full 3):
 par new generation   total 109248K, used 96946K [0x00000000e0000000, 0x00000000e8000000, 0x00000000e8000000)
  eden space 87424K, 100% used [0x00000000e0000000, 0x00000000e5560000, 0x00000000e5560000)
  from space 21824K,  43% used [0x00000000e6ab0000, 0x00000000e73fc858, 0x00000000e8000000)
  to   space 21824K,   0% used [0x00000000e5560000, 0x00000000e5560000, 0x00000000e6ab0000)
 concurrent mark-sweep generation total 393216K, used 155462K [0x00000000e8000000, 0x0000000100000000, 0x0000000100000000)
 Metaspace       used 30899K, capacity 31346K, committed 31868K, reserved 1077248K
  class space    used 3481K, capacity 3625K, committed 3708K, reserved 1048576K
2018-11-12T14:39:16.414+0100: 291.629: [GC (Allocation Failure) 2018-11-12T14:39:16.414+0100: 291.629: [ParNew
Desired survivor size 20112992 bytes, new threshold 8 (max 8)
- age   1:    2042392 bytes,    2042392 total
- age   2:    1220936 bytes,    3263328 total
- age   3:     660912 bytes,    3924240 total
- age   4:    1075216 bytes,    4999456 total
- age   5:     529560 bytes,    5529016 total
- age   6:     595384 bytes,    6124400 total
- age   7:     548488 bytes,    6672888 total
- age   8:     528664 bytes,    7201552 total
: 96946K->10701K(109248K), 0.0032156 secs] 252408K->166715K(502464K), 0.0033018 secs] [Times: user=0.00 sys=0.00, real=0.00 secs] 
Heap after GC invocations=262 (full 3):
 par new generation   total 109248K, used 10701K [0x00000000e0000000, 0x00000000e8000000, 0x00000000e8000000)
  eden space 87424K,   0% used [0x00000000e0000000, 0x00000000e0000000, 0x00000000e5560000)
  from space 21824K,  49% used [0x00000000e5560000, 0x00000000e5fd3520, 0x00000000e6ab0000)
  to   space 21824K,   0% used [0x00000000e6ab0000, 0x00000000e6ab0000, 0x00000000e8000000)
 concurrent mark-sweep generation total 393216K, used 156014K [0x00000000e8000000, 0x0000000100000000, 0x0000000100000000)
 Metaspace       used 30899K, capacity 31346K, committed 31868K, reserved 1077248K
  class space    used 3481K, capacity 3625K, committed 3708K, reserved 1048576K
}
2018-11-12T14:39:16.418+0100: 291.632: Total time for which application threads were stopped: 0.0035074 seconds, Stopping threads took: 0.0000346 seconds
{Heap before GC invocations=262 (full 3):
 par new generation   total 109248K, used 98125K [0x00000000e0000000, 0x00000000e8000000, 0x00000000e8000000)
  eden space 87424K, 100% used [0x00000000e0000000, 0x00000000e5560000, 0x00000000e5560000)
  from space 21824K,  49% used [0x00000000e5560000, 0x00000000e5fd3520, 0x00000000e6ab0000)
  to   space 21824K,   0% used [0x00000000e6ab0000, 0x00000000e6ab0000, 0x00000000e8000000)
 concurrent mark-sweep generation total 393216K, used 156014K [0x00000000e8000000, 0x0000000100000000, 0x0000000100000000)
 Metaspace       used 30899K, capacity 31346K, committed 31868K, reserved 1077248K
  class space    used 3481K, capacity 3625K, committed 3708K, reserved 1048576K
2018-11-12T14:39:16.706+0100: 291.920: [GC (Allocation Failure) 2018-11-12T14:39:16.706+0100: 291.920: [ParNew
Desired survivor size 20112992 bytes, new threshold 8 (max 8)
- age   1:    2581176 bytes,    2581176 total
- age   2:     865416 bytes,    3446592 total
- age   3:     565440 bytes,    4012032 total
- age   4:     660912 bytes,    4672944 total
- age   5:    1075136 bytes,    5748080 total
- age   6:     529560 bytes,    6277640 total
- age   7:     594344 bytes,    6871984 total
- age   8:     548488 bytes,    7420472 total
: 98125K->8703K(109248K), 0.0028276 secs] 254139K->165234K(502464K), 0.0029816 secs] [Times: user=0.06 sys=0.00, real=0.00 secs] 
Heap after GC invocations=263 (full 3):
 par new generation   total 109248K, used 8703K [0x00000000e0000000, 0x00000000e8000000, 0x00000000e8000000)
  eden space 87424K,   0% used [0x00000000e0000000, 0x00000000e0000000, 0x00000000e5560000)
  from space 21824K,  39% used [0x00000000e6ab0000, 0x00000000e732ff50, 0x00000000e8000000)
  to   space 21824K,   0% used [0x00000000e5560000, 0x00000000e5560000, 0x00000000e6ab0000)
 concurrent mark-sweep generation total 393216K, used 156530K [0x00000000e8000000, 0x0000000100000000, 0x0000000100000000)
 Metaspace       used 30899K, capacity 31346K, committed 31868K, reserved 1077248K
  class space    used 3481K, capacity 3625K, committed 3708K, reserved 1048576K
}
2018-11-12T14:39:16.709+0100: 291.923: Total time for which application threads were stopped: 0.0032118 seconds, Stopping threads took: 0.0000250 seconds
{Heap before GC invocations=263 (full 3):
 par new generation   total 109248K, used 96127K [0x00000000e0000000, 0x00000000e8000000, 0x00000000e8000000)
  eden space 87424K, 100% used [0x00000000e0000000, 0x00000000e5560000, 0x00000000e5560000)
  from space 21824K,  39% used [0x00000000e6ab0000, 0x00000000e732ff50, 0x00000000e8000000)
  to   space 21824K,   0% used [0x00000000e5560000, 0x00000000e5560000, 0x00000000e6ab0000)
 concurrent mark-sweep generation total 393216K, used 156530K [0x00000000e8000000, 0x0000000100000000, 0x0000000100000000)
 Metaspace       used 30899K, capacity 31346K, committed 31868K, reserved 1077248K
  class space    used 3481K, capacity 3625K, committed 3708K, reserved 1048576K
2018-11-12T14:39:16.928+0100: 292.142: [GC (Allocation Failure) 2018-11-12T14:39:16.928+0100: 292.142: [ParNew
Desired survivor size 20112992 bytes, new threshold 8 (max 8)
- age   1:    2901728 bytes,    2901728 total
- age   2:     626232 bytes,    3527960 total
- age   3:     542832 bytes,    4070792 total
- age   4:     565440 bytes,    4636232 total
- age   5:     660912 bytes,    5297144 total
- age   6:    1075136 bytes,    6372280 total
- age   7:     529560 bytes,    6901840 total
- age   8:     594344 bytes,    7496184 total
: 96127K->8385K(109248K), 0.0027698 secs] 252658K->165451K(502464K), 0.0028465 secs] [Times: user=0.00 sys=0.00, real=0.00 secs] 
Heap after GC invocations=264 (full 3):
 par new generation   total 109248K, used 8385K [0x00000000e0000000, 0x00000000e8000000, 0x00000000e8000000)
  eden space 87424K,   0% used [0x00000000e0000000, 0x00000000e0000000, 0x00000000e5560000)
  from space 21824K,  38% used [0x00000000e5560000, 0x00000000e5d90568, 0x00000000e6ab0000)
  to   space 21824K,   0% used [0x00000000e6ab0000, 0x00000000e6ab0000, 0x00000000e8000000)
 concurrent mark-sweep generation total 393216K, used 157066K [0x00000000e8000000, 0x0000000100000000, 0x0000000100000000)
 Metaspace       used 30899K, capacity 31346K, committed 31868K, reserved 1077248K
  class space    used 3481K, capacity 3625K, committed 3708K, reserved 1048576K
}
2018-11-12T14:39:16.931+0100: 292.145: Total time for which application threads were stopped: 0.0030271 seconds, Stopping threads took: 0.0000243 seconds
{Heap before GC invocations=264 (full 3):
 par new generation   total 109248K, used 95809K [0x00000000e0000000, 0x00000000e8000000, 0x00000000e8000000)
  eden space 87424K, 100% used [0x00000000e0000000, 0x00000000e5560000, 0x00000000e5560000)
  from space 21824K,  38% used [0x00000000e5560000, 0x00000000e5d90568, 0x00000000e6ab0000)
  to   space 21824K,   0% used [0x00000000e6ab0000, 0x00000000e6ab0000, 0x00000000e8000000)
 concurrent mark-sweep generation total 393216K, used 157066K [0x00000000e8000000, 0x0000000100000000, 0x0000000100000000)
 Metaspace       used 30899K, capacity 31346K, committed 31868K, reserved 1077248K
  class space    used 3481K, capacity 3625K, committed 3708K, reserved 1048576K
2018-11-12T14:39:17.154+0100: 292.368: [GC (Allocation Failure) 2018-11-12T14:39:17.154+0100: 292.368: [ParNew
Desired survivor size 20112992 bytes, new threshold 8 (max 8)
- age   1:    1563024 bytes,    1563024 total
- age   2:    2180200 bytes,    3743224 total
- age   3:     515792 bytes,    4259016 total
- age   4:     542832 bytes,    4801848 total
- age   5:     565384 bytes,    5367232 total
- age   6:     660912 bytes,    6028144 total
- age   7:    1075136 bytes,    7103280 total
- age   8:     529560 bytes,    7632840 total
: 95809K->11685K(109248K), 0.0029340 secs] 252875K->169332K(502464K), 0.0031075 secs] [Times: user=0.00 sys=0.00, real=0.00 secs] 
Heap after GC invocations=265 (full 3):
 par new generation   total 109248K, used 11685K [0x00000000e0000000, 0x00000000e8000000, 0x00000000e8000000)
  eden space 87424K,   0% used [0x00000000e0000000, 0x00000000e0000000, 0x00000000e5560000)
  from space 21824K,  53% used [0x00000000e6ab0000, 0x00000000e76194c0, 0x00000000e8000000)
  to   space 21824K,   0% used [0x00000000e5560000, 0x00000000e5560000, 0x00000000e6ab0000)
 concurrent mark-sweep generation total 393216K, used 157647K [0x00000000e8000000, 0x0000000100000000, 0x0000000100000000)
 Metaspace       used 30899K, capacity 31346K, committed 31868K, reserved 1077248K
  class space    used 3481K, capacity 3625K, committed 3708K, reserved 1048576K
}
2018-11-12T14:39:17.157+0100: 292.371: Total time for which application threads were stopped: 0.0033449 seconds, Stopping threads took: 0.0000328 seconds
{Heap before GC invocations=265 (full 3):
 par new generation   total 109248K, used 99109K [0x00000000e0000000, 0x00000000e8000000, 0x00000000e8000000)
  eden space 87424K, 100% used [0x00000000e0000000, 0x00000000e5560000, 0x00000000e5560000)
  from space 21824K,  53% used [0x00000000e6ab0000, 0x00000000e76194c0, 0x00000000e8000000)
  to   space 21824K,   0% used [0x00000000e5560000, 0x00000000e5560000, 0x00000000e6ab0000)
 concurrent mark-sweep generation total 393216K, used 157647K [0x00000000e8000000, 0x0000000100000000, 0x0000000100000000)
 Metaspace       used 30899K, capacity 31346K, committed 31868K, reserved 1077248K
  class space    used 3481K, capacity 3625K, committed 3708K, reserved 1048576K
2018-11-12T14:39:17.375+0100: 292.590: [GC (Allocation Failure) 2018-11-12T14:39:17.375+0100: 292.590: [ParNew
Desired survivor size 20112992 bytes, new threshold 8 (max 8)
- age   1:    2952960 bytes,    2952960 total
- age   2:    1091368 bytes,    4044328 total
- age   3:     529288 bytes,    4573616 total
- age   4:     515792 bytes,    5089408 total
- age   5:     542832 bytes,    5632240 total
- age   6:     560432 bytes,    6192672 total
- age   7:     660912 bytes,    6853584 total
- age   8:    1075136 bytes,    7928720 total
: 99109K->9994K(109248K), 0.0030989 secs] 256756K->168158K(502464K), 0.0032382 secs] [Times: user=0.05 sys=0.00, real=0.00 secs] 
Heap after GC invocations=266 (full 3):
 par new generation   total 109248K, used 9994K [0x00000000e0000000, 0x00000000e8000000, 0x00000000e8000000)
  eden space 87424K,   0% used [0x00000000e0000000, 0x00000000e0000000, 0x00000000e5560000)
  from space 21824K,  45% used [0x00000000e5560000, 0x00000000e5f22920, 0x00000000e6ab0000)
  to   space 21824K,   0% used [0x00000000e6ab0000, 0x00000000e6ab0000, 0x00000000e8000000)
 concurrent mark-sweep generation total 393216K, used 158164K [0x00000000e8000000, 0x0000000100000000, 0x0000000100000000)
 Metaspace       used 30899K, capacity 31346K, committed 31868K, reserved 1077248K
  class space    used 3481K, capacity 3625K, committed 3708K, reserved 1048576K
}
2018-11-12T14:39:17.379+0100: 292.593: Total time for which application threads were stopped: 0.0034428 seconds, Stopping threads took: 0.0000332 seconds
2018-11-12T14:39:17.584+0100: 292.799: Total time for which application threads were stopped: 0.0000917 seconds, Stopping threads took: 0.0000246 seconds
{Heap before GC invocations=266 (full 3):
 par new generation   total 109248K, used 97418K [0x00000000e0000000, 0x00000000e8000000, 0x00000000e8000000)
  eden space 87424K, 100% used [0x00000000e0000000, 0x00000000e5560000, 0x00000000e5560000)
  from space 21824K,  45% used [0x00000000e5560000, 0x00000000e5f22920, 0x00000000e6ab0000)
  to   space 21824K,   0% used [0x00000000e6ab0000, 0x00000000e6ab0000, 0x00000000e8000000)
 concurrent mark-sweep generation total 393216K, used 158164K [0x00000000e8000000, 0x0000000100000000, 0x0000000100000000)
 Metaspace       used 30899K, capacity 31346K, committed 31868K, reserved 1077248K
  class space    used 3481K, capacity 3625K, committed 3708K, reserved 1048576K
2018-11-12T14:39:17.610+0100: 292.824: [GC (Allocation Failure) 2018-11-12T14:39:17.610+0100: 292.824: [ParNew
Desired survivor size 20112992 bytes, new threshold 8 (max 8)
- age   1:    1424216 bytes,    1424216 total
- age   2:    2483168 bytes,    3907384 total
- age   3:     686008 bytes,    4593392 total
- age   4:     529288 bytes,    5122680 total
- age   5:     515768 bytes,    5638448 total
- age   6:     542808 bytes,    6181256 total
- age   7:     560432 bytes,    6741688 total
- age   8:     660912 bytes,    7402600 total
: 97418K->7735K(109248K), 0.0028896 secs] 255582K->166949K(502464K), 0.0029758 secs] [Times: user=0.06 sys=0.00, real=0.00 secs] 
Heap after GC invocations=267 (full 3):
 par new generation   total 109248K, used 7735K [0x00000000e0000000, 0x00000000e8000000, 0x00000000e8000000)
  eden space 87424K,   0% used [0x00000000e0000000, 0x00000000e0000000, 0x00000000e5560000)
  from space 21824K,  35% used [0x00000000e6ab0000, 0x00000000e723de80, 0x00000000e8000000)
  to   space 21824K,   0% used [0x00000000e5560000, 0x00000000e5560000, 0x00000000e6ab0000)
 concurrent mark-sweep generation total 393216K, used 159214K [0x00000000e8000000, 0x0000000100000000, 0x0000000100000000)
 Metaspace       used 30899K, capacity 31346K, committed 31868K, reserved 1077248K
  class space    used 3481K, capacity 3625K, committed 3708K, reserved 1048576K
}
2018-11-12T14:39:17.613+0100: 292.827: Total time for which application threads were stopped: 0.0032231 seconds, Stopping threads took: 0.0000233 seconds
{Heap before GC invocations=267 (full 3):
 par new generation   total 109248K, used 95159K [0x00000000e0000000, 0x00000000e8000000, 0x00000000e8000000)
  eden space 87424K, 100% used [0x00000000e0000000, 0x00000000e5560000, 0x00000000e5560000)
  from space 21824K,  35% used [0x00000000e6ab0000, 0x00000000e723de80, 0x00000000e8000000)
  to   space 21824K,   0% used [0x00000000e5560000, 0x00000000e5560000, 0x00000000e6ab0000)
 concurrent mark-sweep generation total 393216K, used 159214K [0x00000000e8000000, 0x0000000100000000, 0x0000000100000000)
 Metaspace       used 30899K, capacity 31346K, committed 31868K, reserved 1077248K
  class space    used 3481K, capacity 3625K, committed 3708K, reserved 1048576K
2018-11-12T14:39:17.832+0100: 293.047: [GC (Allocation Failure) 2018-11-12T14:39:17.833+0100: 293.047: [ParNew
Desired survivor size 20112992 bytes, new threshold 8 (max 8)
- age   1:    4274536 bytes,    4274536 total
- age   2:     985880 bytes,    5260416 total
- age   3:     629632 bytes,    5890048 total
- age   4:     562536 bytes,    6452584 total
- age   5:     529288 bytes,    6981872 total
- age   6:     515768 bytes,    7497640 total
- age   7:     542352 bytes,    8039992 total
- age   8:     560432 bytes,    8600424 total
: 95159K->10469K(109248K), 0.0032139 secs] 254373K->170329K(502464K), 0.0034985 secs] [Times: user=0.00 sys=0.00, real=0.00 secs] 
Heap after GC invocations=268 (full 3):
 par new generation   total 109248K, used 10469K [0x00000000e0000000, 0x00000000e8000000, 0x00000000e8000000)
  eden space 87424K,   0% used [0x00000000e0000000, 0x00000000e0000000, 0x00000000e5560000)
  from space 21824K,  47% used [0x00000000e5560000, 0x00000000e5f99558, 0x00000000e6ab0000)
  to   space 21824K,   0% used [0x00000000e6ab0000, 0x00000000e6ab0000, 0x00000000e8000000)
 concurrent mark-sweep generation total 393216K, used 159859K [0x00000000e8000000, 0x0000000100000000, 0x0000000100000000)
 Metaspace       used 30899K, capacity 31346K, committed 31868K, reserved 1077248K
  class space    used 3481K, capacity 3625K, committed 3708K, reserved 1048576K
}
2018-11-12T14:39:17.836+0100: 293.050: Total time for which application threads were stopped: 0.0036949 seconds, Stopping threads took: 0.0000335 seconds
{Heap before GC invocations=268 (full 3):
 par new generation   total 109248K, used 97893K [0x00000000e0000000, 0x00000000e8000000, 0x00000000e8000000)
  eden space 87424K, 100% used [0x00000000e0000000, 0x00000000e5560000, 0x00000000e5560000)
  from space 21824K,  47% used [0x00000000e5560000, 0x00000000e5f99558, 0x00000000e6ab0000)
  to   space 21824K,   0% used [0x00000000e6ab0000, 0x00000000e6ab0000, 0x00000000e8000000)
 concurrent mark-sweep generation total 393216K, used 159859K [0x00000000e8000000, 0x0000000100000000, 0x0000000100000000)
 Metaspace       used 30899K, capacity 31346K, committed 31868K, reserved 1077248K
  class space    used 3481K, capacity 3625K, committed 3708K, reserved 1048576K
2018-11-12T14:39:18.064+0100: 293.278: [GC (Allocation Failure) 2018-11-12T14:39:18.064+0100: 293.278: [ParNew
Desired survivor size 20112992 bytes, new threshold 8 (max 8)
- age   1:    1525272 bytes,    1525272 total
- age   2:    3798432 bytes,    5323704 total
- age   3:     533992 bytes,    5857696 total
- age   4:     629632 bytes,    6487328 total
- age   5:     562480 bytes,    7049808 total
- age   6:     529288 bytes,    7579096 total
- age   7:     515640 bytes,    8094736 total
- age   8:     542352 bytes,    8637088 total
: 97893K->10814K(109248K), 0.0036282 secs] 257753K->171221K(502464K), 0.0037192 secs] [Times: user=0.06 sys=0.00, real=0.00 secs] 
Heap after GC invocations=269 (full 3):
 par new generation   total 109248K, used 10814K [0x00000000e0000000, 0x00000000e8000000, 0x00000000e8000000)
  eden space 87424K,   0% used [0x00000000e0000000, 0x00000000e0000000, 0x00000000e5560000)
  from space 21824K,  49% used [0x00000000e6ab0000, 0x00000000e753f900, 0x00000000e8000000)
  to   space 21824K,   0% used [0x00000000e5560000, 0x00000000e5560000, 0x00000000e6ab0000)
 concurrent mark-sweep generation total 393216K, used 160407K [0x00000000e8000000, 0x0000000100000000, 0x0000000100000000)
 Metaspace       used 30899K, capacity 31346K, committed 31868K, reserved 1077248K
  class space    used 3481K, capacity 3625K, committed 3708K, reserved 1048576K
}
2018-11-12T14:39:18.068+0100: 293.282: Total time for which application threads were stopped: 0.0039300 seconds, Stopping threads took: 0.0000229 seconds
{Heap before GC invocations=269 (full 3):
 par new generation   total 109248K, used 98238K [0x00000000e0000000, 0x00000000e8000000, 0x00000000e8000000)
  eden space 87424K, 100% used [0x00000000e0000000, 0x00000000e5560000, 0x00000000e5560000)
  from space 21824K,  49% used [0x00000000e6ab0000, 0x00000000e753f900, 0x00000000e8000000)
  to   space 21824K,   0% used [0x00000000e5560000, 0x00000000e5560000, 0x00000000e6ab0000)
 concurrent mark-sweep generation total 393216K, used 160407K [0x00000000e8000000, 0x0000000100000000, 0x0000000100000000)
 Metaspace       used 30899K, capacity 31346K, committed 31868K, reserved 1077248K
  class space    used 3481K, capacity 3625K, committed 3708K, reserved 1048576K
2018-11-12T14:39:18.342+0100: 293.556: [GC (Allocation Failure) 2018-11-12T14:39:18.342+0100: 293.556: [ParNew
Desired survivor size 20112992 bytes, new threshold 8 (max 8)
- age   1:    3479392 bytes,    3479392 total
- age   2:    1042304 bytes,    4521696 total
- age   3:    1713168 bytes,    6234864 total
- age   4:     525712 bytes,    6760576 total
- age   5:     629632 bytes,    7390208 total
- age   6:     562480 bytes,    7952688 total
- age   7:     529288 bytes,    8481976 total
- age   8:     515640 bytes,    8997616 total
: 98238K->10746K(109248K), 0.0037527 secs] 258645K->171683K(502464K), 0.0038561 secs] [Times: user=0.00 sys=0.00, real=0.00 secs] 
Heap after GC invocations=270 (full 3):
 par new generation   total 109248K, used 10746K [0x00000000e0000000, 0x00000000e8000000, 0x00000000e8000000)
  eden space 87424K,   0% used [0x00000000e0000000, 0x00000000e0000000, 0x00000000e5560000)
  from space 21824K,  49% used [0x00000000e5560000, 0x00000000e5fdeb00, 0x00000000e6ab0000)
  to   space 21824K,   0% used [0x00000000e6ab0000, 0x00000000e6ab0000, 0x00000000e8000000)
 concurrent mark-sweep generation total 393216K, used 160936K [0x00000000e8000000, 0x0000000100000000, 0x0000000100000000)
 Metaspace       used 30899K, capacity 31346K, committed 31868K, reserved 1077248K
  class space    used 3481K, capacity 3625K, committed 3708K, reserved 1048576K
}
2018-11-12T14:39:18.346+0100: 293.559: Total time for which application threads were stopped: 0.0040843 seconds, Stopping threads took: 0.0000369 seconds
{Heap before GC invocations=270 (full 3):
 par new generation   total 109248K, used 98170K [0x00000000e0000000, 0x00000000e8000000, 0x00000000e8000000)
  eden space 87424K, 100% used [0x00000000e0000000, 0x00000000e5560000, 0x00000000e5560000)
  from space 21824K,  49% used [0x00000000e5560000, 0x00000000e5fdeb00, 0x00000000e6ab0000)
  to   space 21824K,   0% used [0x00000000e6ab0000, 0x00000000e6ab0000, 0x00000000e8000000)
 concurrent mark-sweep generation total 393216K, used 160936K [0x00000000e8000000, 0x0000000100000000, 0x0000000100000000)
 Metaspace       used 30899K, capacity 31346K, committed 31868K, reserved 1077248K
  class space    used 3481K, capacity 3625K, committed 3708K, reserved 1048576K
2018-11-12T14:39:18.613+0100: 293.827: [GC (Allocation Failure) 2018-11-12T14:39:18.613+0100: 293.827: [ParNew
Desired survivor size 20112992 bytes, new threshold 8 (max 8)
- age   1:    1137824 bytes,    1137824 total
- age   2:    3205840 bytes,    4343664 total
- age   3:    1041368 bytes,    5385032 total
- age   4:    1574344 bytes,    6959376 total
- age   5:     525760 bytes,    7485136 total
- age   6:     629656 bytes,    8114792 total
- age   7:     562504 bytes,    8677296 total
- age   8:     529312 bytes,    9206608 total
: 98170K->9904K(109248K), 0.0045030 secs] 259107K->171345K(502464K), 0.0045862 secs] [Times: user=0.00 sys=0.00, real=0.01 secs] 
Heap after GC invocations=271 (full 3):
 par new generation   total 109248K, used 9904K [0x00000000e0000000, 0x00000000e8000000, 0x00000000e8000000)
  eden space 87424K,   0% used [0x00000000e0000000, 0x00000000e0000000, 0x00000000e5560000)
  from space 21824K,  45% used [0x00000000e6ab0000, 0x00000000e745c1e0, 0x00000000e8000000)
  to   space 21824K,   0% used [0x00000000e5560000, 0x00000000e5560000, 0x00000000e6ab0000)
 concurrent mark-sweep generation total 393216K, used 161440K [0x00000000e8000000, 0x0000000100000000, 0x0000000100000000)
 Metaspace       used 30899K, capacity 31346K, committed 31868K, reserved 1077248K
  class space    used 3481K, capacity 3625K, committed 3708K, reserved 1048576K
}
2018-11-12T14:39:18.618+0100: 293.832: Total time for which application threads were stopped: 0.0047890 seconds, Stopping threads took: 0.0000250 seconds
{Heap before GC invocations=271 (full 3):
 par new generation   total 109248K, used 97328K [0x00000000e0000000, 0x00000000e8000000, 0x00000000e8000000)
  eden space 87424K, 100% used [0x00000000e0000000, 0x00000000e5560000, 0x00000000e5560000)
  from space 21824K,  45% used [0x00000000e6ab0000, 0x00000000e745c1e0, 0x00000000e8000000)
  to   space 21824K,   0% used [0x00000000e5560000, 0x00000000e5560000, 0x00000000e6ab0000)
 concurrent mark-sweep generation total 393216K, used 161440K [0x00000000e8000000, 0x0000000100000000, 0x0000000100000000)
 Metaspace       used 30899K, capacity 31346K, committed 31868K, reserved 1077248K
  class space    used 3481K, capacity 3625K, committed 3708K, reserved 1048576K
2018-11-12T14:39:18.871+0100: 294.085: [GC (Allocation Failure) 2018-11-12T14:39:18.871+0100: 294.085: [ParNew
Desired survivor size 20112992 bytes, new threshold 8 (max 8)
- age   1:    4193024 bytes,    4193024 total
- age   2:     741120 bytes,    4934144 total
- age   3:     859880 bytes,    5794024 total
- age   4:     533968 bytes,    6327992 total
- age   5:    1574296 bytes,    7902288 total
- age   6:     525712 bytes,    8428000 total
- age   7:     629632 bytes,    9057632 total
- age   8:     562480 bytes,    9620112 total
: 97328K->11344K(109248K), 0.0032204 secs] 258769K->173302K(502464K), 0.0033193 secs] [Times: user=0.00 sys=0.00, real=0.00 secs] 
Heap after GC invocations=272 (full 3):
 par new generation   total 109248K, used 11344K [0x00000000e0000000, 0x00000000e8000000, 0x00000000e8000000)
  eden space 87424K,   0% used [0x00000000e0000000, 0x00000000e0000000, 0x00000000e5560000)
  from space 21824K,  51% used [0x00000000e5560000, 0x00000000e6074208, 0x00000000e6ab0000)
  to   space 21824K,   0% used [0x00000000e6ab0000, 0x00000000e6ab0000, 0x00000000e8000000)
 concurrent mark-sweep generation total 393216K, used 161957K [0x00000000e8000000, 0x0000000100000000, 0x0000000100000000)
 Metaspace       used 30899K, capacity 31346K, committed 31868K, reserved 1077248K
  class space    used 3481K, capacity 3625K, committed 3708K, reserved 1048576K
}
2018-11-12T14:39:18.874+0100: 294.088: Total time for which application threads were stopped: 0.0035570 seconds, Stopping threads took: 0.0000328 seconds
{Heap before GC invocations=272 (full 3):
 par new generation   total 109248K, used 98768K [0x00000000e0000000, 0x00000000e8000000, 0x00000000e8000000)
  eden space 87424K, 100% used [0x00000000e0000000, 0x00000000e5560000, 0x00000000e5560000)
  from space 21824K,  51% used [0x00000000e5560000, 0x00000000e6074208, 0x00000000e6ab0000)
  to   space 21824K,   0% used [0x00000000e6ab0000, 0x00000000e6ab0000, 0x00000000e8000000)
 concurrent mark-sweep generation total 393216K, used 161957K [0x00000000e8000000, 0x0000000100000000, 0x0000000100000000)
 Metaspace       used 30899K, capacity 31346K, committed 31868K, reserved 1077248K
  class space    used 3481K, capacity 3625K, committed 3708K, reserved 1048576K
2018-11-12T14:39:19.114+0100: 294.328: [GC (Allocation Failure) 2018-11-12T14:39:19.114+0100: 294.328: [ParNew
Desired survivor size 20112992 bytes, new threshold 8 (max 8)
- age   1:    1073112 bytes,    1073112 total
- age   2:    3732040 bytes,    4805152 total
- age   3:     730624 bytes,    5535776 total
- age   4:     859856 bytes,    6395632 total
- age   5:     533912 bytes,    6929544 total
- age   6:    1574296 bytes,    8503840 total
- age   7:     525712 bytes,    9029552 total
- age   8:     622208 bytes,    9651760 total
: 98768K->11922K(109248K), 0.0032067 secs] 260726K->174429K(502464K), 0.0032909 secs] [Times: user=0.00 sys=0.00, real=0.00 secs] 
Heap after GC invocations=273 (full 3):
 par new generation   total 109248K, used 11922K [0x00000000e0000000, 0x00000000e8000000, 0x00000000e8000000)
  eden space 87424K,   0% used [0x00000000e0000000, 0x00000000e0000000, 0x00000000e5560000)
  from space 21824K,  54% used [0x00000000e6ab0000, 0x00000000e7654988, 0x00000000e8000000)
  to   space 21824K,   0% used [0x00000000e5560000, 0x00000000e5560000, 0x00000000e6ab0000)
 concurrent mark-sweep generation total 393216K, used 162507K [0x00000000e8000000, 0x0000000100000000, 0x0000000100000000)
 Metaspace       used 30899K, capacity 31346K, committed 31868K, reserved 1077248K
  class space    used 3481K, capacity 3625K, committed 3708K, reserved 1048576K
}
2018-11-12T14:39:19.117+0100: 294.331: Total time for which application threads were stopped: 0.0035003 seconds, Stopping threads took: 0.0000243 seconds
{Heap before GC invocations=273 (full 3):
 par new generation   total 109248K, used 99346K [0x00000000e0000000, 0x00000000e8000000, 0x00000000e8000000)
  eden space 87424K, 100% used [0x00000000e0000000, 0x00000000e5560000, 0x00000000e5560000)
  from space 21824K,  54% used [0x00000000e6ab0000, 0x00000000e7654988, 0x00000000e8000000)
  to   space 21824K,   0% used [0x00000000e5560000, 0x00000000e5560000, 0x00000000e6ab0000)
 concurrent mark-sweep generation total 393216K, used 162507K [0x00000000e8000000, 0x0000000100000000, 0x0000000100000000)
 Metaspace       used 30899K, capacity 31346K, committed 31868K, reserved 1077248K
  class space    used 3481K, capacity 3625K, committed 3708K, reserved 1048576K
2018-11-12T14:39:19.386+0100: 294.601: [GC (Allocation Failure) 2018-11-12T14:39:19.386+0100: 294.601: [ParNew
Desired survivor size 20112992 bytes, new threshold 8 (max 8)
- age   1:    1553336 bytes,    1553336 total
- age   2:     630136 bytes,    2183472 total
- age   3:    3161240 bytes,    5344712 total
- age   4:     729512 bytes,    6074224 total
- age   5:     859856 bytes,    6934080 total
- age   6:     533912 bytes,    7467992 total
- age   7:    1574296 bytes,    9042288 total
- age   8:     525712 bytes,    9568000 total
: 99346K->10714K(109248K), 0.0030791 secs] 261853K->173829K(502464K), 0.0031537 secs] [Times: user=0.00 sys=0.00, real=0.00 secs] 
Heap after GC invocations=274 (full 3):
 par new generation   total 109248K, used 10714K [0x00000000e0000000, 0x00000000e8000000, 0x00000000e8000000)
  eden space 87424K,   0% used [0x00000000e0000000, 0x00000000e0000000, 0x00000000e5560000)
  from space 21824K,  49% used [0x00000000e5560000, 0x00000000e5fd6ad0, 0x00000000e6ab0000)
  to   space 21824K,   0% used [0x00000000e6ab0000, 0x00000000e6ab0000, 0x00000000e8000000)
 concurrent mark-sweep generation total 393216K, used 163114K [0x00000000e8000000, 0x0000000100000000, 0x0000000100000000)
 Metaspace       used 30899K, capacity 31346K, committed 31868K, reserved 1077248K
  class space    used 3481K, capacity 3625K, committed 3708K, reserved 1048576K
}
2018-11-12T14:39:19.390+0100: 294.604: Total time for which application threads were stopped: 0.0033487 seconds, Stopping threads took: 0.0000332 seconds
{Heap before GC invocations=274 (full 3):
 par new generation   total 109248K, used 98138K [0x00000000e0000000, 0x00000000e8000000, 0x00000000e8000000)
  eden space 87424K, 100% used [0x00000000e0000000, 0x00000000e5560000, 0x00000000e5560000)
  from space 21824K,  49% used [0x00000000e5560000, 0x00000000e5fd6ad0, 0x00000000e6ab0000)
  to   space 21824K,   0% used [0x00000000e6ab0000, 0x00000000e6ab0000, 0x00000000e8000000)
 concurrent mark-sweep generation total 393216K, used 163114K [0x00000000e8000000, 0x0000000100000000, 0x0000000100000000)
 Metaspace       used 30899K, capacity 31346K, committed 31868K, reserved 1077248K
  class space    used 3481K, capacity 3625K, committed 3708K, reserved 1048576K
2018-11-12T14:39:19.629+0100: 294.843: [GC (Allocation Failure) 2018-11-12T14:39:19.629+0100: 294.843: [ParNew
Desired survivor size 20112992 bytes, new threshold 8 (max 8)
- age   1:    4026816 bytes,    4026816 total
- age   2:    1172856 bytes,    5199672 total
- age   3:     618360 bytes,    5818032 total
- age   4:     522080 bytes,    6340112 total
- age   5:     573280 bytes,    6913392 total
- age   6:     859856 bytes,    7773248 total
- age   7:     533912 bytes,    8307160 total
- age   8:    1573624 bytes,    9880784 total
: 98138K->12495K(109248K), 0.0035937 secs] 261253K->176124K(502464K), 0.0037161 secs] [Times: user=0.00 sys=0.00, real=0.00 secs] 
Heap after GC invocations=275 (full 3):
 par new generation   total 109248K, used 12495K [0x00000000e0000000, 0x00000000e8000000, 0x00000000e8000000)
  eden space 87424K,   0% used [0x00000000e0000000, 0x00000000e0000000, 0x00000000e5560000)
  from space 21824K,  57% used [0x00000000e6ab0000, 0x00000000e76e3fb8, 0x00000000e8000000)
  to   space 21824K,   0% used [0x00000000e5560000, 0x00000000e5560000, 0x00000000e6ab0000)
 concurrent mark-sweep generation total 393216K, used 163628K [0x00000000e8000000, 0x0000000100000000, 0x0000000100000000)
 Metaspace       used 30899K, capacity 31346K, committed 31868K, reserved 1077248K
  class space    used 3481K, capacity 3625K, committed 3708K, reserved 1048576K
}
2018-11-12T14:39:19.632+0100: 294.846: Total time for which application threads were stopped: 0.0039987 seconds, Stopping threads took: 0.0000383 seconds
{Heap before GC invocations=275 (full 3):
 par new generation   total 109248K, used 99919K [0x00000000e0000000, 0x00000000e8000000, 0x00000000e8000000)
  eden space 87424K, 100% used [0x00000000e0000000, 0x00000000e5560000, 0x00000000e5560000)
  from space 21824K,  57% used [0x00000000e6ab0000, 0x00000000e76e3fb8, 0x00000000e8000000)
  to   space 21824K,   0% used [0x00000000e5560000, 0x00000000e5560000, 0x00000000e6ab0000)
 concurrent mark-sweep generation total 393216K, used 163628K [0x00000000e8000000, 0x0000000100000000, 0x0000000100000000)
 Metaspace       used 30899K, capacity 31346K, committed 31868K, reserved 1077248K
  class space    used 3481K, capacity 3625K, committed 3708K, reserved 1048576K
2018-11-12T14:39:19.874+0100: 295.088: [GC (Allocation Failure) 2018-11-12T14:39:19.874+0100: 295.088: [ParNew
Desired survivor size 20112992 bytes, new threshold 8 (max 8)
- age   1:     895232 bytes,     895232 total
- age   2:    4115184 bytes,    5010416 total
- age   3:    1171600 bytes,    6182016 total
- age   4:     618336 bytes,    6800352 total
- age   5:     522080 bytes,    7322432 total
- age   6:     573280 bytes,    7895712 total
- age   7:     859856 bytes,    8755568 total
- age   8:     533912 bytes,    9289480 total
: 99919K->11401K(109248K), 0.0031571 secs] 263548K->176567K(502464K), 0.0032608 secs] [Times: user=0.00 sys=0.00, real=0.00 secs] 
Heap after GC invocations=276 (full 3):
 par new generation   total 109248K, used 11401K [0x00000000e0000000, 0x00000000e8000000, 0x00000000e8000000)
  eden space 87424K,   0% used [0x00000000e0000000, 0x00000000e0000000, 0x00000000e5560000)
  from space 21824K,  52% used [0x00000000e5560000, 0x00000000e6082718, 0x00000000e6ab0000)
  to   space 21824K,   0% used [0x00000000e6ab0000, 0x00000000e6ab0000, 0x00000000e8000000)
 concurrent mark-sweep generation total 393216K, used 165165K [0x00000000e8000000, 0x0000000100000000, 0x0000000100000000)
 Metaspace       used 30899K, capacity 31346K, committed 31868K, reserved 1077248K
  class space    used 3481K, capacity 3625K, committed 3708K, reserved 1048576K
}
2018-11-12T14:39:19.877+0100: 295.091: Total time for which application threads were stopped: 0.0035054 seconds, Stopping threads took: 0.0000339 seconds
{Heap before GC invocations=276 (full 3):
 par new generation   total 109248K, used 98825K [0x00000000e0000000, 0x00000000e8000000, 0x00000000e8000000)
  eden space 87424K, 100% used [0x00000000e0000000, 0x00000000e5560000, 0x00000000e5560000)
  from space 21824K,  52% used [0x00000000e5560000, 0x00000000e6082718, 0x00000000e6ab0000)
  to   space 21824K,   0% used [0x00000000e6ab0000, 0x00000000e6ab0000, 0x00000000e8000000)
 concurrent mark-sweep generation total 393216K, used 165165K [0x00000000e8000000, 0x0000000100000000, 0x0000000100000000)
 Metaspace       used 30903K, capacity 31346K, committed 31868K, reserved 1077248K
  class space    used 3481K, capacity 3625K, committed 3708K, reserved 1048576K
2018-11-12T14:39:20.154+0100: 295.368: [GC (Allocation Failure) 2018-11-12T14:39:20.154+0100: 295.368: [ParNew
Desired survivor size 20112992 bytes, new threshold 8 (max 8)
- age   1:     886264 bytes,     886264 total
- age   2:     562080 bytes,    1448344 total
- age   3:    3691040 bytes,    5139384 total
- age   4:    1171624 bytes,    6311008 total
- age   5:     618304 bytes,    6929312 total
- age   6:     522104 bytes,    7451416 total
- age   7:     573304 bytes,    8024720 total
- age   8:     859928 bytes,    8884648 total
: 98825K->10414K(109248K), 0.0030589 secs] 263991K->176100K(502464K), 0.0031489 secs] [Times: user=0.00 sys=0.00, real=0.00 secs] 
Heap after GC invocations=277 (full 3):
 par new generation   total 109248K, used 10414K [0x00000000e0000000, 0x00000000e8000000, 0x00000000e8000000)
  eden space 87424K,   0% used [0x00000000e0000000, 0x00000000e0000000, 0x00000000e5560000)
  from space 21824K,  47% used [0x00000000e6ab0000, 0x00000000e74db858, 0x00000000e8000000)
  to   space 21824K,   0% used [0x00000000e5560000, 0x00000000e5560000, 0x00000000e6ab0000)
 concurrent mark-sweep generation total 393216K, used 165686K [0x00000000e8000000, 0x0000000100000000, 0x0000000100000000)
 Metaspace       used 30903K, capacity 31346K, committed 31868K, reserved 1077248K
  class space    used 3481K, capacity 3625K, committed 3708K, reserved 1048576K
}
2018-11-12T14:39:20.157+0100: 295.372: Total time for which application threads were stopped: 0.0033501 seconds, Stopping threads took: 0.0000239 seconds
{Heap before GC invocations=277 (full 3):
 par new generation   total 109248K, used 97838K [0x00000000e0000000, 0x00000000e8000000, 0x00000000e8000000)
  eden space 87424K, 100% used [0x00000000e0000000, 0x00000000e5560000, 0x00000000e5560000)
  from space 21824K,  47% used [0x00000000e6ab0000, 0x00000000e74db858, 0x00000000e8000000)
  to   space 21824K,   0% used [0x00000000e5560000, 0x00000000e5560000, 0x00000000e6ab0000)
 concurrent mark-sweep generation total 393216K, used 165686K [0x00000000e8000000, 0x0000000100000000, 0x0000000100000000)
 Metaspace       used 30903K, capacity 31346K, committed 31868K, reserved 1077248K
  class space    used 3481K, capacity 3625K, committed 3708K, reserved 1048576K
2018-11-12T14:39:20.403+0100: 295.617: [GC (Allocation Failure) 2018-11-12T14:39:20.403+0100: 295.617: [ParNew
Desired survivor size 20112992 bytes, new threshold 8 (max 8)
- age   1:    4839560 bytes,    4839560 total
- age   2:     606600 bytes,    5446160 total
- age   3:     562056 bytes,    6008216 total
- age   4:     708688 bytes,    6716904 total
- age   5:     529456 bytes,    7246360 total
- age   6:     618280 bytes,    7864640 total
- age   7:     522080 bytes,    8386720 total
- age   8:     573280 bytes,    8960000 total
: 97838K->10685K(109248K), 0.0031626 secs] 263524K->177211K(502464K), 0.0032385 secs] [Times: user=0.00 sys=0.00, real=0.00 secs] 
Heap after GC invocations=278 (full 3):
 par new generation   total 109248K, used 10685K [0x00000000e0000000, 0x00000000e8000000, 0x00000000e8000000)
  eden space 87424K,   0% used [0x00000000e0000000, 0x00000000e0000000, 0x00000000e5560000)
  from space 21824K,  48% used [0x00000000e5560000, 0x00000000e5fcf4e0, 0x00000000e6ab0000)
  to   space 21824K,   0% used [0x00000000e6ab0000, 0x00000000e6ab0000, 0x00000000e8000000)
 concurrent mark-sweep generation total 393216K, used 166526K [0x00000000e8000000, 0x0000000100000000, 0x0000000100000000)
 Metaspace       used 30903K, capacity 31346K, committed 31868K, reserved 1077248K
  class space    used 3481K, capacity 3625K, committed 3708K, reserved 1048576K
}
2018-11-12T14:39:20.407+0100: 295.621: Total time for which application threads were stopped: 0.0034359 seconds, Stopping threads took: 0.0000304 seconds
{Heap before GC invocations=278 (full 3):
 par new generation   total 109248K, used 98109K [0x00000000e0000000, 0x00000000e8000000, 0x00000000e8000000)
  eden space 87424K, 100% used [0x00000000e0000000, 0x00000000e5560000, 0x00000000e5560000)
  from space 21824K,  48% used [0x00000000e5560000, 0x00000000e5fcf4e0, 0x00000000e6ab0000)
  to   space 21824K,   0% used [0x00000000e6ab0000, 0x00000000e6ab0000, 0x00000000e8000000)
 concurrent mark-sweep generation total 393216K, used 166526K [0x00000000e8000000, 0x0000000100000000, 0x0000000100000000)
 Metaspace       used 30903K, capacity 31346K, committed 31868K, reserved 1077248K
  class space    used 3481K, capacity 3625K, committed 3708K, reserved 1048576K
2018-11-12T14:39:20.642+0100: 295.856: [GC (Allocation Failure) 2018-11-12T14:39:20.642+0100: 295.856: [ParNew
Desired survivor size 20112992 bytes, new threshold 8 (max 8)
- age   1:    1231568 bytes,    1231568 total
- age   2:    4565008 bytes,    5796576 total
- age   3:     606600 bytes,    6403176 total
- age   4:     562056 bytes,    6965232 total
- age   5:     532912 bytes,    7498144 total
- age   6:     529456 bytes,    8027600 total
- age   7:     618280 bytes,    8645880 total
- age   8:     522080 bytes,    9167960 total
: 98109K->11350K(109248K), 0.0035834 secs] 264635K->178437K(502464K), 0.0036836 secs] [Times: user=0.06 sys=0.00, real=0.00 secs] 
Heap after GC invocations=279 (full 3):
 par new generation   total 109248K, used 11350K [0x00000000e0000000, 0x00000000e8000000, 0x00000000e8000000)
  eden space 87424K,   0% used [0x00000000e0000000, 0x00000000e0000000, 0x00000000e5560000)
  from space 21824K,  52% used [0x00000000e6ab0000, 0x00000000e75c5898, 0x00000000e8000000)
  to   space 21824K,   0% used [0x00000000e5560000, 0x00000000e5560000, 0x00000000e6ab0000)
 concurrent mark-sweep generation total 393216K, used 167086K [0x00000000e8000000, 0x0000000100000000, 0x0000000100000000)
 Metaspace       used 30903K, capacity 31346K, committed 31868K, reserved 1077248K
  class space    used 3481K, capacity 3625K, committed 3708K, reserved 1048576K
}
2018-11-12T14:39:20.645+0100: 295.860: Total time for which application threads were stopped: 0.0039091 seconds, Stopping threads took: 0.0000253 seconds
2018-11-12T14:39:20.654+0100: 295.868: Total time for which application threads were stopped: 0.0001136 seconds, Stopping threads took: 0.0000311 seconds
{Heap before GC invocations=279 (full 3):
 par new generation   total 109248K, used 98774K [0x00000000e0000000, 0x00000000e8000000, 0x00000000e8000000)
  eden space 87424K, 100% used [0x00000000e0000000, 0x00000000e5560000, 0x00000000e5560000)
  from space 21824K,  52% used [0x00000000e6ab0000, 0x00000000e75c5898, 0x00000000e8000000)
  to   space 21824K,   0% used [0x00000000e5560000, 0x00000000e5560000, 0x00000000e6ab0000)
 concurrent mark-sweep generation total 393216K, used 167086K [0x00000000e8000000, 0x0000000100000000, 0x0000000100000000)
 Metaspace       used 30903K, capacity 31346K, committed 31868K, reserved 1077248K
  class space    used 3481K, capacity 3625K, committed 3708K, reserved 1048576K
2018-11-12T14:39:20.862+0100: 296.076: [GC (Allocation Failure) 2018-11-12T14:39:20.862+0100: 296.076: [ParNew
Desired survivor size 20112992 bytes, new threshold 8 (max 8)
- age   1:     826056 bytes,     826056 total
- age   2:     729208 bytes,    1555264 total
- age   3:    4565008 bytes,    6120272 total
- age   4:     606600 bytes,    6726872 total
- age   5:     560640 bytes,    7287512 total
- age   6:     532912 bytes,    7820424 total
- age   7:     529456 bytes,    8349880 total
- age   8:     618280 bytes,    8968160 total
: 98774K->11313K(109248K), 0.0036056 secs] 265861K->178910K(502464K), 0.0036850 secs] [Times: user=0.06 sys=0.00, real=0.00 secs] 
Heap after GC invocations=280 (full 3):
 par new generation   total 109248K, used 11313K [0x00000000e0000000, 0x00000000e8000000, 0x00000000e8000000)
  eden space 87424K,   0% used [0x00000000e0000000, 0x00000000e0000000, 0x00000000e5560000)
  from space 21824K,  51% used [0x00000000e5560000, 0x00000000e606c688, 0x00000000e6ab0000)
  to   space 21824K,   0% used [0x00000000e6ab0000, 0x00000000e6ab0000, 0x00000000e8000000)
 concurrent mark-sweep generation total 393216K, used 167596K [0x00000000e8000000, 0x0000000100000000, 0x0000000100000000)
 Metaspace       used 30903K, capacity 31346K, committed 31868K, reserved 1077248K
  class space    used 3481K, capacity 3625K, committed 3708K, reserved 1048576K
}
2018-11-12T14:39:20.865+0100: 296.080: Total time for which application threads were stopped: 0.0039334 seconds, Stopping threads took: 0.0000619 seconds
{Heap before GC invocations=280 (full 3):
 par new generation   total 109248K, used 98737K [0x00000000e0000000, 0x00000000e8000000, 0x00000000e8000000)
  eden space 87424K, 100% used [0x00000000e0000000, 0x00000000e5560000, 0x00000000e5560000)
  from space 21824K,  51% used [0x00000000e5560000, 0x00000000e606c688, 0x00000000e6ab0000)
  to   space 21824K,   0% used [0x00000000e6ab0000, 0x00000000e6ab0000, 0x00000000e8000000)
 concurrent mark-sweep generation total 393216K, used 167596K [0x00000000e8000000, 0x0000000100000000, 0x0000000100000000)
 Metaspace       used 30904K, capacity 31346K, committed 31868K, reserved 1077248K
  class space    used 3481K, capacity 3625K, committed 3708K, reserved 1048576K
2018-11-12T14:39:21.109+0100: 296.324: [GC (Allocation Failure) 2018-11-12T14:39:21.110+0100: 296.324: [ParNew
Desired survivor size 20112992 bytes, new threshold 8 (max 8)
- age   1:    5579016 bytes,    5579016 total
- age   2:     535680 bytes,    6114696 total
- age   3:     729208 bytes,    6843904 total
- age   4:     487552 bytes,    7331456 total
- age   5:     606520 bytes,    7937976 total
- age   6:     560640 bytes,    8498616 total
- age   7:     532912 bytes,    9031528 total
- age   8:     529456 bytes,    9560984 total
: 98737K->10683K(109248K), 0.0031475 secs] 266334K->178884K(502464K), 0.0032409 secs] [Times: user=0.00 sys=0.02, real=0.00 secs] 
Heap after GC invocations=281 (full 3):
 par new generation   total 109248K, used 10683K [0x00000000e0000000, 0x00000000e8000000, 0x00000000e8000000)
  eden space 87424K,   0% used [0x00000000e0000000, 0x00000000e0000000, 0x00000000e5560000)
  from space 21824K,  48% used [0x00000000e6ab0000, 0x00000000e751eec0, 0x00000000e8000000)
  to   space 21824K,   0% used [0x00000000e5560000, 0x00000000e5560000, 0x00000000e6ab0000)
 concurrent mark-sweep generation total 393216K, used 168200K [0x00000000e8000000, 0x0000000100000000, 0x0000000100000000)
 Metaspace       used 30904K, capacity 31346K, committed 31868K, reserved 1077248K
  class space    used 3481K, capacity 3625K, committed 3708K, reserved 1048576K
}
2018-11-12T14:39:21.113+0100: 296.327: Total time for which application threads were stopped: 0.0034510 seconds, Stopping threads took: 0.0000270 seconds
{Heap before GC invocations=281 (full 3):
 par new generation   total 109248K, used 98107K [0x00000000e0000000, 0x00000000e8000000, 0x00000000e8000000)
  eden space 87424K, 100% used [0x00000000e0000000, 0x00000000e5560000, 0x00000000e5560000)
  from space 21824K,  48% used [0x00000000e6ab0000, 0x00000000e751eec0, 0x00000000e8000000)
  to   space 21824K,   0% used [0x00000000e5560000, 0x00000000e5560000, 0x00000000e6ab0000)
 concurrent mark-sweep generation total 393216K, used 168200K [0x00000000e8000000, 0x0000000100000000, 0x0000000100000000)
 Metaspace       used 30904K, capacity 31346K, committed 31868K, reserved 1077248K
  class space    used 3481K, capacity 3625K, committed 3708K, reserved 1048576K
2018-11-12T14:39:21.349+0100: 296.564: [GC (Allocation Failure) 2018-11-12T14:39:21.350+0100: 296.564: [ParNew
Desired survivor size 20112992 bytes, new threshold 8 (max 8)
- age   1:    1008256 bytes,    1008256 total
- age   2:    5102608 bytes,    6110864 total
- age   3:     535680 bytes,    6646544 total
- age   4:     729208 bytes,    7375752 total
- age   5:     487552 bytes,    7863304 total
- age   6:     606520 bytes,    8469824 total
- age   7:     560640 bytes,    9030464 total
- age   8:     532912 bytes,    9563376 total
: 98107K->10849K(109248K), 0.0031332 secs] 266308K->179567K(502464K), 0.0032303 secs] [Times: user=0.00 sys=0.00, real=0.00 secs] 
Heap after GC invocations=282 (full 3):
 par new generation   total 109248K, used 10849K [0x00000000e0000000, 0x00000000e8000000, 0x00000000e8000000)
  eden space 87424K,   0% used [0x00000000e0000000, 0x00000000e0000000, 0x00000000e5560000)
  from space 21824K,  49% used [0x00000000e5560000, 0x00000000e5ff8600, 0x00000000e6ab0000)
  to   space 21824K,   0% used [0x00000000e6ab0000, 0x00000000e6ab0000, 0x00000000e8000000)
 concurrent mark-sweep generation total 393216K, used 168718K [0x00000000e8000000, 0x0000000100000000, 0x0000000100000000)
 Metaspace       used 30904K, capacity 31346K, committed 31868K, reserved 1077248K
  class space    used 3481K, capacity 3625K, committed 3708K, reserved 1048576K
}
2018-11-12T14:39:21.353+0100: 296.567: Total time for which application threads were stopped: 0.0035054 seconds, Stopping threads took: 0.0000236 seconds
2018-11-12T14:39:21.559+0100: 296.773: Total time for which application threads were stopped: 0.0003414 seconds, Stopping threads took: 0.0002234 seconds
{Heap before GC invocations=282 (full 3):
 par new generation   total 109248K, used 98273K [0x00000000e0000000, 0x00000000e8000000, 0x00000000e8000000)
  eden space 87424K, 100% used [0x00000000e0000000, 0x00000000e5560000, 0x00000000e5560000)
  from space 21824K,  49% used [0x00000000e5560000, 0x00000000e5ff8600, 0x00000000e6ab0000)
  to   space 21824K,   0% used [0x00000000e6ab0000, 0x00000000e6ab0000, 0x00000000e8000000)
 concurrent mark-sweep generation total 393216K, used 168718K [0x00000000e8000000, 0x0000000100000000, 0x0000000100000000)
 Metaspace       used 30918K, capacity 31346K, committed 31868K, reserved 1077248K
  class space    used 3484K, capacity 3625K, committed 3708K, reserved 1048576K
2018-11-12T14:39:21.679+0100: 296.893: [GC (Allocation Failure) 2018-11-12T14:39:21.679+0100: 296.893: [ParNew
Desired survivor size 20112992 bytes, new threshold 8 (max 8)
- age   1:    1023464 bytes,    1023464 total
- age   2:     557472 bytes,    1580936 total
- age   3:    5102608 bytes,    6683544 total
- age   4:     534088 bytes,    7217632 total
- age   5:     729208 bytes,    7946840 total
- age   6:     487552 bytes,    8434392 total
- age   7:     606520 bytes,    9040912 total
- age   8:     560640 bytes,    9601552 total
: 98273K->11908K(109248K), 0.0037131 secs] 266991K->181147K(502464K), 0.0037965 secs] [Times: user=0.00 sys=0.00, real=0.00 secs] 
Heap after GC invocations=283 (full 3):
 par new generation   total 109248K, used 11908K [0x00000000e0000000, 0x00000000e8000000, 0x00000000e8000000)
  eden space 87424K,   0% used [0x00000000e0000000, 0x00000000e0000000, 0x00000000e5560000)
  from space 21824K,  54% used [0x00000000e6ab0000, 0x00000000e76511e8, 0x00000000e8000000)
  to   space 21824K,   0% used [0x00000000e5560000, 0x00000000e5560000, 0x00000000e6ab0000)
 concurrent mark-sweep generation total 393216K, used 169238K [0x00000000e8000000, 0x0000000100000000, 0x0000000100000000)
 Metaspace       used 30918K, capacity 31346K, committed 31868K, reserved 1077248K
  class space    used 3484K, capacity 3625K, committed 3708K, reserved 1048576K
}
2018-11-12T14:39:21.682+0100: 296.897: Total time for which application threads were stopped: 0.0040288 seconds, Stopping threads took: 0.0000246 seconds
2018-11-12T14:39:21.970+0100: 297.184: Total time for which application threads were stopped: 0.0001187 seconds, Stopping threads took: 0.0000315 seconds
{Heap before GC invocations=283 (full 3):
 par new generation   total 109248K, used 99332K [0x00000000e0000000, 0x00000000e8000000, 0x00000000e8000000)
  eden space 87424K, 100% used [0x00000000e0000000, 0x00000000e5560000, 0x00000000e5560000)
  from space 21824K,  54% used [0x00000000e6ab0000, 0x00000000e76511e8, 0x00000000e8000000)
  to   space 21824K,   0% used [0x00000000e5560000, 0x00000000e5560000, 0x00000000e6ab0000)
 concurrent mark-sweep generation total 393216K, used 169238K [0x00000000e8000000, 0x0000000100000000, 0x0000000100000000)
 Metaspace       used 30931K, capacity 31346K, committed 31868K, reserved 1077248K
  class space    used 3484K, capacity 3625K, committed 3708K, reserved 1048576K
2018-11-12T14:39:22.013+0100: 297.227: [GC (Allocation Failure) 2018-11-12T14:39:22.013+0100: 297.227: [ParNew
Desired survivor size 20112992 bytes, new threshold 8 (max 8)
- age   1:    2963544 bytes,    2963544 total
- age   2:     695976 bytes,    3659520 total
- age   3:     557472 bytes,    4216992 total
- age   4:    5085816 bytes,    9302808 total
- age   5:     534088 bytes,    9836896 total
- age   6:     729208 bytes,   10566104 total
- age   7:     487552 bytes,   11053656 total
- age   8:     606520 bytes,   11660176 total
: 99332K->13329K(109248K), 0.0038554 secs] 268571K->183115K(502464K), 0.0039580 secs] [Times: user=0.00 sys=0.00, real=0.00 secs] 
Heap after GC invocations=284 (full 3):
 par new generation   total 109248K, used 13329K [0x00000000e0000000, 0x00000000e8000000, 0x00000000e8000000)
  eden space 87424K,   0% used [0x00000000e0000000, 0x00000000e0000000, 0x00000000e5560000)
  from space 21824K,  61% used [0x00000000e5560000, 0x00000000e62644f0, 0x00000000e6ab0000)
  to   space 21824K,   0% used [0x00000000e6ab0000, 0x00000000e6ab0000, 0x00000000e8000000)
 concurrent mark-sweep generation total 393216K, used 169786K [0x00000000e8000000, 0x0000000100000000, 0x0000000100000000)
 Metaspace       used 30931K, capacity 31346K, committed 31868K, reserved 1077248K
  class space    used 3484K, capacity 3625K, committed 3708K, reserved 1048576K
}
2018-11-12T14:39:22.017+0100: 297.231: Total time for which application threads were stopped: 0.0042403 seconds, Stopping threads took: 0.0000421 seconds
2018-11-12T14:39:22.099+0100: 297.313: Total time for which application threads were stopped: 0.0001143 seconds, Stopping threads took: 0.0000284 seconds
2018-11-12T14:39:22.145+0100: 297.359: Total time for which application threads were stopped: 0.0001153 seconds, Stopping threads took: 0.0000315 seconds
{Heap before GC invocations=284 (full 3):
 par new generation   total 109248K, used 100753K [0x00000000e0000000, 0x00000000e8000000, 0x00000000e8000000)
  eden space 87424K, 100% used [0x00000000e0000000, 0x00000000e5560000, 0x00000000e5560000)
  from space 21824K,  61% used [0x00000000e5560000, 0x00000000e62644f0, 0x00000000e6ab0000)
  to   space 21824K,   0% used [0x00000000e6ab0000, 0x00000000e6ab0000, 0x00000000e8000000)
 concurrent mark-sweep generation total 393216K, used 169786K [0x00000000e8000000, 0x0000000100000000, 0x0000000100000000)
 Metaspace       used 30931K, capacity 31346K, committed 31868K, reserved 1077248K
  class space    used 3484K, capacity 3625K, committed 3708K, reserved 1048576K
2018-11-12T14:39:22.255+0100: 297.469: [GC (Allocation Failure) 2018-11-12T14:39:22.255+0100: 297.469: [ParNew
Desired survivor size 20112992 bytes, new threshold 8 (max 8)
- age   1:    6086176 bytes,    6086176 total
- age   2:    2711568 bytes,    8797744 total
- age   3:     695976 bytes,    9493720 total
- age   4:     557472 bytes,   10051192 total
- age   5:     515392 bytes,   10566584 total
- age   6:     534088 bytes,   11100672 total
- age   7:     729208 bytes,   11829880 total
- age   8:     487552 bytes,   12317432 total
: 100753K->13554K(109248K), 0.0034274 secs] 270539K->183934K(502464K), 0.0035273 secs] [Times: user=0.00 sys=0.00, real=0.00 secs] 
Heap after GC invocations=285 (full 3):
 par new generation   total 109248K, used 13554K [0x00000000e0000000, 0x00000000e8000000, 0x00000000e8000000)
  eden space 87424K,   0% used [0x00000000e0000000, 0x00000000e0000000, 0x00000000e5560000)
  from space 21824K,  62% used [0x00000000e6ab0000, 0x00000000e77ecb90, 0x00000000e8000000)
  to   space 21824K,   0% used [0x00000000e5560000, 0x00000000e5560000, 0x00000000e6ab0000)
 concurrent mark-sweep generation total 393216K, used 170379K [0x00000000e8000000, 0x0000000100000000, 0x0000000100000000)
 Metaspace       used 30931K, capacity 31346K, committed 31868K, reserved 1077248K
  class space    used 3484K, capacity 3625K, committed 3708K, reserved 1048576K
}
2018-11-12T14:39:22.259+0100: 297.473: Total time for which application threads were stopped: 0.0037794 seconds, Stopping threads took: 0.0000260 seconds
{Heap before GC invocations=285 (full 3):
 par new generation   total 109248K, used 100978K [0x00000000e0000000, 0x00000000e8000000, 0x00000000e8000000)
  eden space 87424K, 100% used [0x00000000e0000000, 0x00000000e5560000, 0x00000000e5560000)
  from space 21824K,  62% used [0x00000000e6ab0000, 0x00000000e77ecb90, 0x00000000e8000000)
  to   space 21824K,   0% used [0x00000000e5560000, 0x00000000e5560000, 0x00000000e6ab0000)
 concurrent mark-sweep generation total 393216K, used 170379K [0x00000000e8000000, 0x0000000100000000, 0x0000000100000000)
 Metaspace       used 30931K, capacity 31346K, committed 31868K, reserved 1077248K
  class space    used 3484K, capacity 3625K, committed 3708K, reserved 1048576K
2018-11-12T14:39:22.501+0100: 297.715: [GC (Allocation Failure) 2018-11-12T14:39:22.501+0100: 297.715: [ParNew
Desired survivor size 20112992 bytes, new threshold 8 (max 8)
- age   1:    1194472 bytes,    1194472 total
- age   2:    5670840 bytes,    6865312 total
- age   3:    2692752 bytes,    9558064 total
- age   4:     695976 bytes,   10254040 total
- age   5:     557472 bytes,   10811512 total
- age   6:     515392 bytes,   11326904 total
- age   7:     534088 bytes,   11860992 total
- age   8:     531456 bytes,   12392448 total
: 100978K->14809K(109248K), 0.0035502 secs] 271358K->185664K(502464K), 0.0036392 secs] [Times: user=0.05 sys=0.00, real=0.00 secs] 
Heap after GC invocations=286 (full 3):
 par new generation   total 109248K, used 14809K [0x00000000e0000000, 0x00000000e8000000, 0x00000000e8000000)
  eden space 87424K,   0% used [0x00000000e0000000, 0x00000000e0000000, 0x00000000e5560000)
  from space 21824K,  67% used [0x00000000e5560000, 0x00000000e63d6598, 0x00000000e6ab0000)
  to   space 21824K,   0% used [0x00000000e6ab0000, 0x00000000e6ab0000, 0x00000000e8000000)
 concurrent mark-sweep generation total 393216K, used 170855K [0x00000000e8000000, 0x0000000100000000, 0x0000000100000000)
 Metaspace       used 30931K, capacity 31346K, committed 31868K, reserved 1077248K
  class space    used 3484K, capacity 3625K, committed 3708K, reserved 1048576K
}
2018-11-12T14:39:22.504+0100: 297.718: Total time for which application threads were stopped: 0.0038414 seconds, Stopping threads took: 0.0000376 seconds
{Heap before GC invocations=286 (full 3):
 par new generation   total 109248K, used 102233K [0x00000000e0000000, 0x00000000e8000000, 0x00000000e8000000)
  eden space 87424K, 100% used [0x00000000e0000000, 0x00000000e5560000, 0x00000000e5560000)
  from space 21824K,  67% used [0x00000000e5560000, 0x00000000e63d6598, 0x00000000e6ab0000)
  to   space 21824K,   0% used [0x00000000e6ab0000, 0x00000000e6ab0000, 0x00000000e8000000)
 concurrent mark-sweep generation total 393216K, used 170855K [0x00000000e8000000, 0x0000000100000000, 0x0000000100000000)
 Metaspace       used 30931K, capacity 31346K, committed 31868K, reserved 1077248K
  class space    used 3484K, capacity 3625K, committed 3708K, reserved 1048576K
2018-11-12T14:39:22.746+0100: 297.961: [GC (Allocation Failure) 2018-11-12T14:39:22.746+0100: 297.961: [ParNew
Desired survivor size 20112992 bytes, new threshold 8 (max 8)
- age   1:     994912 bytes,     994912 total
- age   2:     766976 bytes,    1761888 total
- age   3:    5670840 bytes,    7432728 total
- age   4:    2692728 bytes,   10125456 total
- age   5:     694184 bytes,   10819640 total
- age   6:     557472 bytes,   11377112 total
- age   7:     515392 bytes,   11892504 total
- age   8:     534088 bytes,   12426592 total
: 102233K->13846K(109248K), 0.0034907 secs] 273088K->185221K(502464K), 0.0035721 secs] [Times: user=0.00 sys=0.00, real=0.00 secs] 
Heap after GC invocations=287 (full 3):
 par new generation   total 109248K, used 13846K [0x00000000e0000000, 0x00000000e8000000, 0x00000000e8000000)
  eden space 87424K,   0% used [0x00000000e0000000, 0x00000000e0000000, 0x00000000e5560000)
  from space 21824K,  63% used [0x00000000e6ab0000, 0x00000000e7835a40, 0x00000000e8000000)
  to   space 21824K,   0% used [0x00000000e5560000, 0x00000000e5560000, 0x00000000e6ab0000)
 concurrent mark-sweep generation total 393216K, used 171374K [0x00000000e8000000, 0x0000000100000000, 0x0000000100000000)
 Metaspace       used 30931K, capacity 31346K, committed 31868K, reserved 1077248K
  class space    used 3484K, capacity 3625K, committed 3708K, reserved 1048576K
}
2018-11-12T14:39:22.750+0100: 297.964: Total time for which application threads were stopped: 0.0037657 seconds, Stopping threads took: 0.0000250 seconds
2018-11-12T14:39:22.753+0100: 297.967: Total time for which application threads were stopped: 0.0001136 seconds, Stopping threads took: 0.0000236 seconds
{Heap before GC invocations=287 (full 3):
 par new generation   total 109248K, used 101270K [0x00000000e0000000, 0x00000000e8000000, 0x00000000e8000000)
  eden space 87424K, 100% used [0x00000000e0000000, 0x00000000e5560000, 0x00000000e5560000)
  from space 21824K,  63% used [0x00000000e6ab0000, 0x00000000e7835a40, 0x00000000e8000000)
  to   space 21824K,   0% used [0x00000000e5560000, 0x00000000e5560000, 0x00000000e6ab0000)
 concurrent mark-sweep generation total 393216K, used 171374K [0x00000000e8000000, 0x0000000100000000, 0x0000000100000000)
 Metaspace       used 30931K, capacity 31346K, committed 31868K, reserved 1077248K
  class space    used 3484K, capacity 3625K, committed 3708K, reserved 1048576K
2018-11-12T14:39:22.974+0100: 298.188: [GC (Allocation Failure) 2018-11-12T14:39:22.974+0100: 298.188: [ParNew
Desired survivor size 20112992 bytes, new threshold 8 (max 8)
- age   1:     985624 bytes,     985624 total
- age   2:     530408 bytes,    1516032 total
- age   3:     766976 bytes,    2283008 total
- age   4:    5670840 bytes,    7953848 total
- age   5:    2692704 bytes,   10646552 total
- age   6:     694184 bytes,   11340736 total
- age   7:     557472 bytes,   11898208 total
- age   8:     515392 bytes,   12413600 total
: 101270K->14612K(109248K), 0.0033258 secs] 272645K->186508K(502464K), 0.0034113 secs] [Times: user=0.00 sys=0.00, real=0.00 secs] 
Heap after GC invocations=288 (full 3):
 par new generation   total 109248K, used 14612K [0x00000000e0000000, 0x00000000e8000000, 0x00000000e8000000)
  eden space 87424K,   0% used [0x00000000e0000000, 0x00000000e0000000, 0x00000000e5560000)
  from space 21824K,  66% used [0x00000000e5560000, 0x00000000e63a5138, 0x00000000e6ab0000)
  to   space 21824K,   0% used [0x00000000e6ab0000, 0x00000000e6ab0000, 0x00000000e8000000)
 concurrent mark-sweep generation total 393216K, used 171896K [0x00000000e8000000, 0x0000000100000000, 0x0000000100000000)
 Metaspace       used 30931K, capacity 31346K, committed 31868K, reserved 1077248K
  class space    used 3484K, capacity 3625K, committed 3708K, reserved 1048576K
}
2018-11-12T14:39:22.977+0100: 298.192: Total time for which application threads were stopped: 0.0036084 seconds, Stopping threads took: 0.0000239 seconds
{Heap before GC invocations=288 (full 3):
 par new generation   total 109248K, used 102036K [0x00000000e0000000, 0x00000000e8000000, 0x00000000e8000000)
  eden space 87424K, 100% used [0x00000000e0000000, 0x00000000e5560000, 0x00000000e5560000)
  from space 21824K,  66% used [0x00000000e5560000, 0x00000000e63a5138, 0x00000000e6ab0000)
  to   space 21824K,   0% used [0x00000000e6ab0000, 0x00000000e6ab0000, 0x00000000e8000000)
 concurrent mark-sweep generation total 393216K, used 171896K [0x00000000e8000000, 0x0000000100000000, 0x0000000100000000)
 Metaspace       used 30932K, capacity 31346K, committed 31868K, reserved 1077248K
  class space    used 3484K, capacity 3625K, committed 3708K, reserved 1048576K
2018-11-12T14:39:23.230+0100: 298.444: [GC (Allocation Failure) 2018-11-12T14:39:23.230+0100: 298.444: [ParNew
Desired survivor size 20112992 bytes, new threshold 8 (max 8)
- age   1:    5711288 bytes,    5711288 total
- age   2:     564616 bytes,    6275904 total
- age   3:     530408 bytes,    6806312 total
- age   4:     766976 bytes,    7573288 total
- age   5:    1443464 bytes,    9016752 total
- age   6:    2696808 bytes,   11713560 total
- age   7:     754504 bytes,   12468064 total
- age   8:     598032 bytes,   13066096 total
: 102036K->14067K(109248K), 0.0034746 secs] 273932K->186467K(502464K), 0.0035581 secs] [Times: user=0.00 sys=0.00, real=0.00 secs] 
Heap after GC invocations=289 (full 3):
 par new generation   total 109248K, used 14067K [0x00000000e0000000, 0x00000000e8000000, 0x00000000e8000000)
  eden space 87424K,   0% used [0x00000000e0000000, 0x00000000e0000000, 0x00000000e5560000)
  from space 21824K,  64% used [0x00000000e6ab0000, 0x00000000e786cf70, 0x00000000e8000000)
  to   space 21824K,   0% used [0x00000000e5560000, 0x00000000e5560000, 0x00000000e6ab0000)
 concurrent mark-sweep generation total 393216K, used 172399K [0x00000000e8000000, 0x0000000100000000, 0x0000000100000000)
 Metaspace       used 30932K, capacity 31346K, committed 31868K, reserved 1077248K
  class space    used 3484K, capacity 3625K, committed 3708K, reserved 1048576K
}
2018-11-12T14:39:23.233+0100: 298.448: Total time for which application threads were stopped: 0.0037480 seconds, Stopping threads took: 0.0000257 seconds
{Heap before GC invocations=289 (full 3):
 par new generation   total 109248K, used 101491K [0x00000000e0000000, 0x00000000e8000000, 0x00000000e8000000)
  eden space 87424K, 100% used [0x00000000e0000000, 0x00000000e5560000, 0x00000000e5560000)
  from space 21824K,  64% used [0x00000000e6ab0000, 0x00000000e786cf70, 0x00000000e8000000)
  to   space 21824K,   0% used [0x00000000e5560000, 0x00000000e5560000, 0x00000000e6ab0000)
 concurrent mark-sweep generation total 393216K, used 172399K [0x00000000e8000000, 0x0000000100000000, 0x0000000100000000)
 Metaspace       used 30932K, capacity 31346K, committed 31868K, reserved 1077248K
  class space    used 3484K, capacity 3625K, committed 3708K, reserved 1048576K
2018-11-12T14:39:23.485+0100: 298.699: [GC (Allocation Failure) 2018-11-12T14:39:23.485+0100: 298.699: [ParNew
Desired survivor size 20112992 bytes, new threshold 8 (max 8)
- age   1:    2556248 bytes,    2556248 total
- age   2:    5217600 bytes,    7773848 total
- age   3:     564616 bytes,    8338464 total
- age   4:     530408 bytes,    8868872 total
- age   5:     766952 bytes,    9635824 total
- age   6:     529160 bytes,   10164984 total
- age   7:    2692648 bytes,   12857632 total
- age   8:     694184 bytes,   13551816 total
: 101491K->15864K(109248K), 0.0036378 secs] 273891K->188808K(502464K), 0.0037209 secs] [Times: user=0.06 sys=0.00, real=0.00 secs] 
Heap after GC invocations=290 (full 3):
 par new generation   total 109248K, used 15864K [0x00000000e0000000, 0x00000000e8000000, 0x00000000e8000000)
  eden space 87424K,   0% used [0x00000000e0000000, 0x00000000e0000000, 0x00000000e5560000)
  from space 21824K,  72% used [0x00000000e5560000, 0x00000000e64de000, 0x00000000e6ab0000)
  to   space 21824K,   0% used [0x00000000e6ab0000, 0x00000000e6ab0000, 0x00000000e8000000)
 concurrent mark-sweep generation total 393216K, used 172944K [0x00000000e8000000, 0x0000000100000000, 0x0000000100000000)
 Metaspace       used 30932K, capacity 31346K, committed 31868K, reserved 1077248K
  class space    used 3484K, capacity 3625K, committed 3708K, reserved 1048576K
}
2018-11-12T14:39:23.489+0100: 298.702: Total time for which application threads were stopped: 0.0039194 seconds, Stopping threads took: 0.0000253 seconds
2018-11-12T14:39:23.491+0100: 298.705: Total time for which application threads were stopped: 0.0000913 seconds, Stopping threads took: 0.0000239 seconds
{Heap before GC invocations=290 (full 3):
 par new generation   total 109248K, used 103288K [0x00000000e0000000, 0x00000000e8000000, 0x00000000e8000000)
  eden space 87424K, 100% used [0x00000000e0000000, 0x00000000e5560000, 0x00000000e5560000)
  from space 21824K,  72% used [0x00000000e5560000, 0x00000000e64de000, 0x00000000e6ab0000)
  to   space 21824K,   0% used [0x00000000e6ab0000, 0x00000000e6ab0000, 0x00000000e8000000)
 concurrent mark-sweep generation total 393216K, used 172944K [0x00000000e8000000, 0x0000000100000000, 0x0000000100000000)
 Metaspace       used 30932K, capacity 31346K, committed 31868K, reserved 1077248K
  class space    used 3484K, capacity 3625K, committed 3708K, reserved 1048576K
2018-11-12T14:39:23.769+0100: 298.983: [GC (Allocation Failure) 2018-11-12T14:39:23.769+0100: 298.983: [ParNew
Desired survivor size 20112992 bytes, new threshold 8 (max 8)
- age   1:    1271560 bytes,    1271560 total
- age   2:    2078728 bytes,    3350288 total
- age   3:    5213488 bytes,    8563776 total
- age   4:     564616 bytes,    9128392 total
- age   5:     530408 bytes,    9658800 total
- age   6:     523256 bytes,   10182056 total
- age   7:     529136 bytes,   10711192 total
- age   8:    2692648 bytes,   13403840 total
: 103288K->14403K(109248K), 0.0037832 secs] 276232K->188026K(502464K), 0.0038899 secs] [Times: user=0.00 sys=0.00, real=0.00 secs] 
Heap after GC invocations=291 (full 3):
 par new generation   total 109248K, used 14403K [0x00000000e0000000, 0x00000000e8000000, 0x00000000e8000000)
  eden space 87424K,   0% used [0x00000000e0000000, 0x00000000e0000000, 0x00000000e5560000)
  from space 21824K,  66% used [0x00000000e6ab0000, 0x00000000e78c0fa0, 0x00000000e8000000)
  to   space 21824K,   0% used [0x00000000e5560000, 0x00000000e5560000, 0x00000000e6ab0000)
 concurrent mark-sweep generation total 393216K, used 173623K [0x00000000e8000000, 0x0000000100000000, 0x0000000100000000)
 Metaspace       used 30932K, capacity 31346K, committed 31868K, reserved 1077248K
  class space    used 3484K, capacity 3625K, committed 3708K, reserved 1048576K
}
2018-11-12T14:39:23.772+0100: 298.987: Total time for which application threads were stopped: 0.0041325 seconds, Stopping threads took: 0.0000257 seconds
{Heap before GC invocations=291 (full 3):
 par new generation   total 109248K, used 101827K [0x00000000e0000000, 0x00000000e8000000, 0x00000000e8000000)
  eden space 87424K, 100% used [0x00000000e0000000, 0x00000000e5560000, 0x00000000e5560000)
  from space 21824K,  66% used [0x00000000e6ab0000, 0x00000000e78c0fa0, 0x00000000e8000000)
  to   space 21824K,   0% used [0x00000000e5560000, 0x00000000e5560000, 0x00000000e6ab0000)
 concurrent mark-sweep generation total 393216K, used 173623K [0x00000000e8000000, 0x0000000100000000, 0x0000000100000000)
 Metaspace       used 30942K, capacity 31346K, committed 31868K, reserved 1077248K
  class space    used 3484K, capacity 3625K, committed 3708K, reserved 1048576K
2018-11-12T14:39:24.017+0100: 299.231: [GC (Allocation Failure) 2018-11-12T14:39:24.017+0100: 299.231: [ParNew
Desired survivor size 20112992 bytes, new threshold 8 (max 8)
- age   1:     980624 bytes,     980624 total
- age   2:     802304 bytes,    1782928 total
- age   3:    2078728 bytes,    3861656 total
- age   4:    5213432 bytes,    9075088 total
- age   5:     564616 bytes,    9639704 total
- age   6:     528392 bytes,   10168096 total
- age   7:     523256 bytes,   10691352 total
- age   8:     529112 bytes,   11220464 total
: 101827K->13430K(109248K), 0.0036696 secs] 275450K->189683K(502464K), 0.0037859 secs] [Times: user=0.06 sys=0.00, real=0.00 secs] 
Heap after GC invocations=292 (full 3):
 par new generation   total 109248K, used 13430K [0x00000000e0000000, 0x00000000e8000000, 0x00000000e8000000)
  eden space 87424K,   0% used [0x00000000e0000000, 0x00000000e0000000, 0x00000000e5560000)
  from space 21824K,  61% used [0x00000000e5560000, 0x00000000e627d868, 0x00000000e6ab0000)
  to   space 21824K,   0% used [0x00000000e6ab0000, 0x00000000e6ab0000, 0x00000000e8000000)
 concurrent mark-sweep generation total 393216K, used 176253K [0x00000000e8000000, 0x0000000100000000, 0x0000000100000000)
 Metaspace       used 30942K, capacity 31346K, committed 31868K, reserved 1077248K
  class space    used 3484K, capacity 3625K, committed 3708K, reserved 1048576K
}
2018-11-12T14:39:24.020+0100: 299.235: Total time for which application threads were stopped: 0.0040719 seconds, Stopping threads took: 0.0000376 seconds
2018-11-12T14:39:24.081+0100: 299.295: Total time for which application threads were stopped: 0.0000866 seconds, Stopping threads took: 0.0000226 seconds
{Heap before GC invocations=292 (full 3):
 par new generation   total 109248K, used 100854K [0x00000000e0000000, 0x00000000e8000000, 0x00000000e8000000)
  eden space 87424K, 100% used [0x00000000e0000000, 0x00000000e5560000, 0x00000000e5560000)
  from space 21824K,  61% used [0x00000000e5560000, 0x00000000e627d868, 0x00000000e6ab0000)
  to   space 21824K,   0% used [0x00000000e6ab0000, 0x00000000e6ab0000, 0x00000000e8000000)
 concurrent mark-sweep generation total 393216K, used 176253K [0x00000000e8000000, 0x0000000100000000, 0x0000000100000000)
 Metaspace       used 30942K, capacity 31346K, committed 31868K, reserved 1077248K
  class space    used 3484K, capacity 3625K, committed 3708K, reserved 1048576K
2018-11-12T14:39:24.277+0100: 299.492: [GC (Allocation Failure) 2018-11-12T14:39:24.277+0100: 299.492: [ParNew
Desired survivor size 20112992 bytes, new threshold 8 (max 8)
- age   1:     978688 bytes,     978688 total
- age   2:     503808 bytes,    1482496 total
- age   3:     802304 bytes,    2284800 total
- age   4:    2078728 bytes,    4363528 total
- age   5:    5213432 bytes,    9576960 total
- age   6:     564616 bytes,   10141576 total
- age   7:     528392 bytes,   10669968 total
- age   8:     523232 bytes,   11193200 total
: 100854K->12448K(109248K), 0.0033819 secs] 277107K->189219K(502464K), 0.0034589 secs] [Times: user=0.00 sys=0.00, real=0.00 secs] 
Heap after GC invocations=293 (full 3):
 par new generation   total 109248K, used 12448K [0x00000000e0000000, 0x00000000e8000000, 0x00000000e8000000)
  eden space 87424K,   0% used [0x00000000e0000000, 0x00000000e0000000, 0x00000000e5560000)
  from space 21824K,  57% used [0x00000000e6ab0000, 0x00000000e76d8370, 0x00000000e8000000)
  to   space 21824K,   0% used [0x00000000e5560000, 0x00000000e5560000, 0x00000000e6ab0000)
 concurrent mark-sweep generation total 393216K, used 176770K [0x00000000e8000000, 0x0000000100000000, 0x0000000100000000)
 Metaspace       used 30942K, capacity 31346K, committed 31868K, reserved 1077248K
  class space    used 3484K, capacity 3625K, committed 3708K, reserved 1048576K
}
2018-11-12T14:39:24.281+0100: 299.495: Total time for which application threads were stopped: 0.0036563 seconds, Stopping threads took: 0.0000226 seconds
2018-11-12T14:39:24.308+0100: 299.522: Total time for which application threads were stopped: 0.0001081 seconds, Stopping threads took: 0.0000267 seconds
{Heap before GC invocations=293 (full 3):
 par new generation   total 109248K, used 99872K [0x00000000e0000000, 0x00000000e8000000, 0x00000000e8000000)
  eden space 87424K, 100% used [0x00000000e0000000, 0x00000000e5560000, 0x00000000e5560000)
  from space 21824K,  57% used [0x00000000e6ab0000, 0x00000000e76d8370, 0x00000000e8000000)
  to   space 21824K,   0% used [0x00000000e5560000, 0x00000000e5560000, 0x00000000e6ab0000)
 concurrent mark-sweep generation total 393216K, used 176770K [0x00000000e8000000, 0x0000000100000000, 0x0000000100000000)
 Metaspace       used 30942K, capacity 31346K, committed 31868K, reserved 1077248K
  class space    used 3484K, capacity 3625K, committed 3708K, reserved 1048576K
2018-11-12T14:39:24.515+0100: 299.729: [GC (Allocation Failure) 2018-11-12T14:39:24.515+0100: 299.729: [ParNew
Desired survivor size 20112992 bytes, new threshold 8 (max 8)
- age   1:    6264456 bytes,    6264456 total
- age   2:     701960 bytes,    6966416 total
- age   3:     503808 bytes,    7470224 total
- age   4:     802304 bytes,    8272528 total
- age   5:    2078728 bytes,   10351256 total
- age   6:     457640 bytes,   10808896 total
- age   7:     564616 bytes,   11373512 total
- age   8:     528392 bytes,   11901904 total
: 99872K->15792K(109248K), 0.0034630 secs] 276643K->193074K(502464K), 0.0035471 secs] [Times: user=0.00 sys=0.00, real=0.00 secs] 
Heap after GC invocations=294 (full 3):
 par new generation   total 109248K, used 15792K [0x00000000e0000000, 0x00000000e8000000, 0x00000000e8000000)
  eden space 87424K,   0% used [0x00000000e0000000, 0x00000000e0000000, 0x00000000e5560000)
  from space 21824K,  72% used [0x00000000e5560000, 0x00000000e64cc340, 0x00000000e6ab0000)
  to   space 21824K,   0% used [0x00000000e6ab0000, 0x00000000e6ab0000, 0x00000000e8000000)
 concurrent mark-sweep generation total 393216K, used 177281K [0x00000000e8000000, 0x0000000100000000, 0x0000000100000000)
 Metaspace       used 30942K, capacity 31346K, committed 31868K, reserved 1077248K
  class space    used 3484K, capacity 3625K, committed 3708K, reserved 1048576K
}
2018-11-12T14:39:24.518+0100: 299.733: Total time for which application threads were stopped: 0.0038075 seconds, Stopping threads took: 0.0000356 seconds
{Heap before GC invocations=294 (full 3):
 par new generation   total 109248K, used 103216K [0x00000000e0000000, 0x00000000e8000000, 0x00000000e8000000)
  eden space 87424K, 100% used [0x00000000e0000000, 0x00000000e5560000, 0x00000000e5560000)
  from space 21824K,  72% used [0x00000000e5560000, 0x00000000e64cc340, 0x00000000e6ab0000)
  to   space 21824K,   0% used [0x00000000e6ab0000, 0x00000000e6ab0000, 0x00000000e8000000)
 concurrent mark-sweep generation total 393216K, used 177281K [0x00000000e8000000, 0x0000000100000000, 0x0000000100000000)
 Metaspace       used 30942K, capacity 31346K, committed 31868K, reserved 1077248K
  class space    used 3484K, capacity 3625K, committed 3708K, reserved 1048576K
2018-11-12T14:39:24.750+0100: 299.964: [GC (Allocation Failure) 2018-11-12T14:39:24.750+0100: 299.964: [ParNew
Desired survivor size 20112992 bytes, new threshold 8 (max 8)
- age   1:    2181976 bytes,    2181976 total
- age   2:    5827144 bytes,    8009120 total
- age   3:     701960 bytes,    8711080 total
- age   4:     503784 bytes,    9214864 total
- age   5:     802304 bytes,   10017168 total
- age   6:    1050128 bytes,   11067296 total
- age   7:     457640 bytes,   11524936 total
- age   8:     564616 bytes,   12089552 total
: 103216K->13923K(109248K), 0.0034530 secs] 280498K->191721K(502464K), 0.0035386 secs] [Times: user=0.06 sys=0.00, real=0.00 secs] 
Heap after GC invocations=295 (full 3):
 par new generation   total 109248K, used 13923K [0x00000000e0000000, 0x00000000e8000000, 0x00000000e8000000)
  eden space 87424K,   0% used [0x00000000e0000000, 0x00000000e0000000, 0x00000000e5560000)
  from space 21824K,  63% used [0x00000000e6ab0000, 0x00000000e7848f70, 0x00000000e8000000)
  to   space 21824K,   0% used [0x00000000e5560000, 0x00000000e5560000, 0x00000000e6ab0000)
 concurrent mark-sweep generation total 393216K, used 177797K [0x00000000e8000000, 0x0000000100000000, 0x0000000100000000)
 Metaspace       used 30942K, capacity 31346K, committed 31868K, reserved 1077248K
  class space    used 3484K, capacity 3625K, committed 3708K, reserved 1048576K
}
2018-11-12T14:39:24.753+0100: 299.968: Total time for which application threads were stopped: 0.0037644 seconds, Stopping threads took: 0.0000263 seconds
{Heap before GC invocations=295 (full 3):
 par new generation   total 109248K, used 101347K [0x00000000e0000000, 0x00000000e8000000, 0x00000000e8000000)
  eden space 87424K, 100% used [0x00000000e0000000, 0x00000000e5560000, 0x00000000e5560000)
  from space 21824K,  63% used [0x00000000e6ab0000, 0x00000000e7848f70, 0x00000000e8000000)
  to   space 21824K,   0% used [0x00000000e5560000, 0x00000000e5560000, 0x00000000e6ab0000)
 concurrent mark-sweep generation total 393216K, used 177797K [0x00000000e8000000, 0x0000000100000000, 0x0000000100000000)
 Metaspace       used 30942K, capacity 31346K, committed 31868K, reserved 1077248K
  class space    used 3484K, capacity 3625K, committed 3708K, reserved 1048576K
2018-11-12T14:39:25.003+0100: 300.218: [GC (Allocation Failure) 2018-11-12T14:39:25.003+0100: 300.218: [ParNew
Desired survivor size 20112992 bytes, new threshold 8 (max 8)
- age   1:    1023936 bytes,    1023936 total
- age   2:    1686976 bytes,    2710912 total
- age   3:    5827144 bytes,    8538056 total
- age   4:     701960 bytes,    9240016 total
- age   5:     503784 bytes,    9743800 total
- age   6:     790376 bytes,   10534176 total
- age   7:    1050128 bytes,   11584304 total
- age   8:     457640 bytes,   12041944 total
: 101347K->14018K(109248K), 0.0035683 secs] 279145K->192367K(502464K), 0.0036569 secs] [Times: user=0.00 sys=0.00, real=0.00 secs] 
Heap after GC invocations=296 (full 3):
 par new generation   total 109248K, used 14018K [0x00000000e0000000, 0x00000000e8000000, 0x00000000e8000000)
  eden space 87424K,   0% used [0x00000000e0000000, 0x00000000e0000000, 0x00000000e5560000)
  from space 21824K,  64% used [0x00000000e5560000, 0x00000000e63109b0, 0x00000000e6ab0000)
  to   space 21824K,   0% used [0x00000000e6ab0000, 0x00000000e6ab0000, 0x00000000e8000000)
 concurrent mark-sweep generation total 393216K, used 178349K [0x00000000e8000000, 0x0000000100000000, 0x0000000100000000)
 Metaspace       used 30942K, capacity 31346K, committed 31868K, reserved 1077248K
  class space    used 3484K, capacity 3625K, committed 3708K, reserved 1048576K
}
2018-11-12T14:39:25.007+0100: 300.221: Total time for which application threads were stopped: 0.0038971 seconds, Stopping threads took: 0.0000277 seconds
{Heap before GC invocations=296 (full 3):
 par new generation   total 109248K, used 101442K [0x00000000e0000000, 0x00000000e8000000, 0x00000000e8000000)
  eden space 87424K, 100% used [0x00000000e0000000, 0x00000000e5560000, 0x00000000e5560000)
  from space 21824K,  64% used [0x00000000e5560000, 0x00000000e63109b0, 0x00000000e6ab0000)
  to   space 21824K,   0% used [0x00000000e6ab0000, 0x00000000e6ab0000, 0x00000000e8000000)
 concurrent mark-sweep generation total 393216K, used 178349K [0x00000000e8000000, 0x0000000100000000, 0x0000000100000000)
 Metaspace       used 30946K, capacity 31346K, committed 31868K, reserved 1077248K
  class space    used 3484K, capacity 3625K, committed 3708K, reserved 1048576K
2018-11-12T14:39:25.286+0100: 300.500: [GC (Allocation Failure) 2018-11-12T14:39:25.286+0100: 300.500: [ParNew
Desired survivor size 20112992 bytes, new threshold 8 (max 8)
- age   1:    1104752 bytes,    1104752 total
- age   2:     579976 bytes,    1684728 total
- age   3:    1686976 bytes,    3371704 total
- age   4:    5827144 bytes,    9198848 total
- age   5:     701960 bytes,    9900808 total
- age   6:     503728 bytes,   10404536 total
- age   7:     778448 bytes,   11182984 total
- age   8:    1050104 bytes,   12233088 total
: 101442K->16522K(109248K), 0.0035896 secs] 279791K->195318K(502464K), 0.0036686 secs] [Times: user=0.00 sys=0.00, real=0.00 secs] 
Heap after GC invocations=297 (full 3):
 par new generation   total 109248K, used 16522K [0x00000000e0000000, 0x00000000e8000000, 0x00000000e8000000)
  eden space 87424K,   0% used [0x00000000e0000000, 0x00000000e0000000, 0x00000000e5560000)
  from space 21824K,  75% used [0x00000000e6ab0000, 0x00000000e7ad28d0, 0x00000000e8000000)
  to   space 21824K,   0% used [0x00000000e5560000, 0x00000000e5560000, 0x00000000e6ab0000)
 concurrent mark-sweep generation total 393216K, used 178796K [0x00000000e8000000, 0x0000000100000000, 0x0000000100000000)
 Metaspace       used 30946K, capacity 31346K, committed 31868K, reserved 1077248K
  class space    used 3484K, capacity 3625K, committed 3708K, reserved 1048576K
}
2018-11-12T14:39:25.290+0100: 300.504: Total time for which application threads were stopped: 0.0039002 seconds, Stopping threads took: 0.0000246 seconds
{Heap before GC invocations=297 (full 3):
 par new generation   total 109248K, used 103946K [0x00000000e0000000, 0x00000000e8000000, 0x00000000e8000000)
  eden space 87424K, 100% used [0x00000000e0000000, 0x00000000e5560000, 0x00000000e5560000)
  from space 21824K,  75% used [0x00000000e6ab0000, 0x00000000e7ad28d0, 0x00000000e8000000)
  to   space 21824K,   0% used [0x00000000e5560000, 0x00000000e5560000, 0x00000000e6ab0000)
 concurrent mark-sweep generation total 393216K, used 178796K [0x00000000e8000000, 0x0000000100000000, 0x0000000100000000)
 Metaspace       used 30946K, capacity 31346K, committed 31868K, reserved 1077248K
  class space    used 3484K, capacity 3625K, committed 3708K, reserved 1048576K
2018-11-12T14:39:25.515+0100: 300.729: [GC (Allocation Failure) 2018-11-12T14:39:25.515+0100: 300.729: [ParNew
Desired survivor size 20112992 bytes, new threshold 8 (max 8)
- age   1:     988696 bytes,     988696 total
- age   2:     543480 bytes,    1532176 total
- age   3:     579976 bytes,    2112152 total
- age   4:    1686976 bytes,    3799128 total
- age   5:    5827144 bytes,    9626272 total
- age   6:     701960 bytes,   10328232 total
- age   7:     501456 bytes,   10829688 total
- age   8:     778448 bytes,   11608136 total
: 103946K->12353K(109248K), 0.0036217 secs] 282742K->192175K(502464K), 0.0037397 secs] [Times: user=0.00 sys=0.00, real=0.00 secs] 
Heap after GC invocations=298 (full 3):
 par new generation   total 109248K, used 12353K [0x00000000e0000000, 0x00000000e8000000, 0x00000000e8000000)
  eden space 87424K,   0% used [0x00000000e0000000, 0x00000000e0000000, 0x00000000e5560000)
  from space 21824K,  56% used [0x00000000e5560000, 0x00000000e61705a8, 0x00000000e6ab0000)
  to   space 21824K,   0% used [0x00000000e6ab0000, 0x00000000e6ab0000, 0x00000000e8000000)
 concurrent mark-sweep generation total 393216K, used 179821K [0x00000000e8000000, 0x0000000100000000, 0x0000000100000000)
 Metaspace       used 30946K, capacity 31346K, committed 31868K, reserved 1077248K
  class space    used 3484K, capacity 3625K, committed 3708K, reserved 1048576K
}
2018-11-12T14:39:25.519+0100: 300.733: Total time for which application threads were stopped: 0.0040090 seconds, Stopping threads took: 0.0000318 seconds
{Heap before GC invocations=298 (full 3):
 par new generation   total 109248K, used 99777K [0x00000000e0000000, 0x00000000e8000000, 0x00000000e8000000)
  eden space 87424K, 100% used [0x00000000e0000000, 0x00000000e5560000, 0x00000000e5560000)
  from space 21824K,  56% used [0x00000000e5560000, 0x00000000e61705a8, 0x00000000e6ab0000)
  to   space 21824K,   0% used [0x00000000e6ab0000, 0x00000000e6ab0000, 0x00000000e8000000)
 concurrent mark-sweep generation total 393216K, used 179821K [0x00000000e8000000, 0x0000000100000000, 0x0000000100000000)
 Metaspace       used 30946K, capacity 31346K, committed 31868K, reserved 1077248K
  class space    used 3484K, capacity 3625K, committed 3708K, reserved 1048576K
2018-11-12T14:39:25.736+0100: 300.951: [GC (Allocation Failure) 2018-11-12T14:39:25.736+0100: 300.951: [ParNew
Desired survivor size 20112992 bytes, new threshold 8 (max 8)
- age   1:    1300656 bytes,    1300656 total
- age   2:     521320 bytes,    1821976 total
- age   3:     543480 bytes,    2365456 total
- age   4:     579976 bytes,    2945432 total
- age   5:    1686976 bytes,    4632408 total
- age   6:    6591440 bytes,   11223848 total
- age   7:     701960 bytes,   11925808 total
- age   8:     501456 bytes,   12427264 total
: 99777K->15154K(109248K), 0.0036159 secs] 279599K->195492K(502464K), 0.0037206 secs] [Times: user=0.06 sys=0.00, real=0.00 secs] 
Heap after GC invocations=299 (full 3):
 par new generation   total 109248K, used 15154K [0x00000000e0000000, 0x00000000e8000000, 0x00000000e8000000)
  eden space 87424K,   0% used [0x00000000e0000000, 0x00000000e0000000, 0x00000000e5560000)
  from space 21824K,  69% used [0x00000000e6ab0000, 0x00000000e797cae0, 0x00000000e8000000)
  to   space 21824K,   0% used [0x00000000e5560000, 0x00000000e5560000, 0x00000000e6ab0000)
 concurrent mark-sweep generation total 393216K, used 180337K [0x00000000e8000000, 0x0000000100000000, 0x0000000100000000)
 Metaspace       used 30946K, capacity 31346K, committed 31868K, reserved 1077248K
  class space    used 3484K, capacity 3625K, committed 3708K, reserved 1048576K
}
2018-11-12T14:39:25.740+0100: 300.955: Total time for which application threads were stopped: 0.0039652 seconds, Stopping threads took: 0.0000346 seconds
{Heap before GC invocations=299 (full 3):
 par new generation   total 109248K, used 102578K [0x00000000e0000000, 0x00000000e8000000, 0x00000000e8000000)
  eden space 87424K, 100% used [0x00000000e0000000, 0x00000000e5560000, 0x00000000e5560000)
  from space 21824K,  69% used [0x00000000e6ab0000, 0x00000000e797cae0, 0x00000000e8000000)
  to   space 21824K,   0% used [0x00000000e5560000, 0x00000000e5560000, 0x00000000e6ab0000)
 concurrent mark-sweep generation total 393216K, used 180337K [0x00000000e8000000, 0x0000000100000000, 0x0000000100000000)
 Metaspace       used 30946K, capacity 31346K, committed 31868K, reserved 1077248K
  class space    used 3484K, capacity 3625K, committed 3708K, reserved 1048576K
2018-11-12T14:39:25.972+0100: 301.187: [GC (Allocation Failure) 2018-11-12T14:39:25.972+0100: 301.187: [ParNew
Desired survivor size 20112992 bytes, new threshold 8 (max 8)
- age   1:    7018680 bytes,    7018680 total
- age   2:     862000 bytes,    7880680 total
- age   3:     521320 bytes,    8402000 total
- age   4:     543480 bytes,    8945480 total
- age   5:     579976 bytes,    9525456 total
- age   6:    1686976 bytes,   11212432 total
- age   7:     476832 bytes,   11689264 total
- age   8:     701960 bytes,   12391224 total
: 102578K->14495K(109248K), 0.0035848 secs] 282916K->195323K(502464K), 0.0036696 secs] [Times: user=0.00 sys=0.00, real=0.00 secs] 
Heap after GC invocations=300 (full 3):
 par new generation   total 109248K, used 14495K [0x00000000e0000000, 0x00000000e8000000, 0x00000000e8000000)
  eden space 87424K,   0% used [0x00000000e0000000, 0x00000000e0000000, 0x00000000e5560000)
  from space 21824K,  66% used [0x00000000e5560000, 0x00000000e6387fa0, 0x00000000e6ab0000)
  to   space 21824K,   0% used [0x00000000e6ab0000, 0x00000000e6ab0000, 0x00000000e8000000)
 concurrent mark-sweep generation total 393216K, used 180827K [0x00000000e8000000, 0x0000000100000000, 0x0000000100000000)
 Metaspace       used 30946K, capacity 31346K, committed 31868K, reserved 1077248K
  class space    used 3484K, capacity 3625K, committed 3708K, reserved 1048576K
}
2018-11-12T14:39:25.976+0100: 301.190: Total time for which application threads were stopped: 0.0038554 seconds, Stopping threads took: 0.0000202 seconds
2018-11-12T14:39:26.270+0100: 301.484: Total time for which application threads were stopped: 0.0002846 seconds, Stopping threads took: 0.0001283 seconds
{Heap before GC invocations=300 (full 3):
 par new generation   total 109248K, used 101919K [0x00000000e0000000, 0x00000000e8000000, 0x00000000e8000000)
  eden space 87424K, 100% used [0x00000000e0000000, 0x00000000e5560000, 0x00000000e5560000)
  from space 21824K,  66% used [0x00000000e5560000, 0x00000000e6387fa0, 0x00000000e6ab0000)
  to   space 21824K,   0% used [0x00000000e6ab0000, 0x00000000e6ab0000, 0x00000000e8000000)
 concurrent mark-sweep generation total 393216K, used 180827K [0x00000000e8000000, 0x0000000100000000, 0x0000000100000000)
 Metaspace       used 30949K, capacity 31346K, committed 31868K, reserved 1077248K
  class space    used 3484K, capacity 3625K, committed 3708K, reserved 1048576K
2018-11-12T14:39:26.285+0100: 301.499: [GC (Allocation Failure) 2018-11-12T14:39:26.285+0100: 301.499: [ParNew
Desired survivor size 20112992 bytes, new threshold 8 (max 8)
- age   1:    1070568 bytes,    1070568 total
- age   2:    6539472 bytes,    7610040 total
- age   3:     862000 bytes,    8472040 total
- age   4:     521320 bytes,    8993360 total
- age   5:     543424 bytes,    9536784 total
- age   6:     579976 bytes,   10116760 total
- age   7:    1686976 bytes,   11803736 total
- age   8:     476832 bytes,   12280568 total
: 101919K->14697K(109248K), 0.0034619 secs] 282747K->196210K(502464K), 0.0035478 secs] [Times: user=0.00 sys=0.00, real=0.00 secs] 
Heap after GC invocations=301 (full 3):
 par new generation   total 109248K, used 14697K [0x00000000e0000000, 0x00000000e8000000, 0x00000000e8000000)
  eden space 87424K,   0% used [0x00000000e0000000, 0x00000000e0000000, 0x00000000e5560000)
  from space 21824K,  67% used [0x00000000e6ab0000, 0x00000000e790a440, 0x00000000e8000000)
  to   space 21824K,   0% used [0x00000000e5560000, 0x00000000e5560000, 0x00000000e6ab0000)
 concurrent mark-sweep generation total 393216K, used 181513K [0x00000000e8000000, 0x0000000100000000, 0x0000000100000000)
 Metaspace       used 30949K, capacity 31346K, committed 31868K, reserved 1077248K
  class space    used 3484K, capacity 3625K, committed 3708K, reserved 1048576K
}
2018-11-12T14:39:26.288+0100: 301.502: Total time for which application threads were stopped: 0.0037517 seconds, Stopping threads took: 0.0000284 seconds
2018-11-12T14:39:26.323+0100: 301.537: Total time for which application threads were stopped: 0.0001030 seconds, Stopping threads took: 0.0000236 seconds
{Heap before GC invocations=301 (full 3):
 par new generation   total 109248K, used 102121K [0x00000000e0000000, 0x00000000e8000000, 0x00000000e8000000)
  eden space 87424K, 100% used [0x00000000e0000000, 0x00000000e5560000, 0x00000000e5560000)
  from space 21824K,  67% used [0x00000000e6ab0000, 0x00000000e790a440, 0x00000000e8000000)
  to   space 21824K,   0% used [0x00000000e5560000, 0x00000000e5560000, 0x00000000e6ab0000)
 concurrent mark-sweep generation total 393216K, used 181513K [0x00000000e8000000, 0x0000000100000000, 0x0000000100000000)
 Metaspace       used 30949K, capacity 31346K, committed 31868K, reserved 1077248K
  class space    used 3484K, capacity 3625K, committed 3708K, reserved 1048576K
2018-11-12T14:39:26.520+0100: 301.734: [GC (Allocation Failure) 2018-11-12T14:39:26.520+0100: 301.734: [ParNew
Desired survivor size 20112992 bytes, new threshold 8 (max 8)
- age   1:    2120528 bytes,    2120528 total
- age   2:     533360 bytes,    2653888 total
- age   3:    6539472 bytes,    9193360 total
- age   4:     862000 bytes,   10055360 total
- age   5:     521320 bytes,   10576680 total
- age   6:     543424 bytes,   11120104 total
- age   7:     566568 bytes,   11686672 total
- age   8:     529800 bytes,   12216472 total
: 102121K->13955K(109248K), 0.0033986 secs] 283634K->195934K(502464K), 0.0034879 secs] [Times: user=0.00 sys=0.00, real=0.00 secs] 
Heap after GC invocations=302 (full 3):
 par new generation   total 109248K, used 13955K [0x00000000e0000000, 0x00000000e8000000, 0x00000000e8000000)
  eden space 87424K,   0% used [0x00000000e0000000, 0x00000000e0000000, 0x00000000e5560000)
  from space 21824K,  63% used [0x00000000e5560000, 0x00000000e6300d48, 0x00000000e6ab0000)
  to   space 21824K,   0% used [0x00000000e6ab0000, 0x00000000e6ab0000, 0x00000000e8000000)
 concurrent mark-sweep generation total 393216K, used 181979K [0x00000000e8000000, 0x0000000100000000, 0x0000000100000000)
 Metaspace       used 30949K, capacity 31346K, committed 31868K, reserved 1077248K
  class space    used 3484K, capacity 3625K, committed 3708K, reserved 1048576K
}
2018-11-12T14:39:26.523+0100: 301.737: Total time for which application threads were stopped: 0.0036960 seconds, Stopping threads took: 0.0000260 seconds
2018-11-12T14:39:26.669+0100: 301.883: Total time for which application threads were stopped: 0.0001040 seconds, Stopping threads took: 0.0000298 seconds
{Heap before GC invocations=302 (full 3):
 par new generation   total 109248K, used 101379K [0x00000000e0000000, 0x00000000e8000000, 0x00000000e8000000)
  eden space 87424K, 100% used [0x00000000e0000000, 0x00000000e5560000, 0x00000000e5560000)
  from space 21824K,  63% used [0x00000000e5560000, 0x00000000e6300d48, 0x00000000e6ab0000)
  to   space 21824K,   0% used [0x00000000e6ab0000, 0x00000000e6ab0000, 0x00000000e8000000)
 concurrent mark-sweep generation total 393216K, used 181979K [0x00000000e8000000, 0x0000000100000000, 0x0000000100000000)
 Metaspace       used 30949K, capacity 31346K, committed 31868K, reserved 1077248K
  class space    used 3484K, capacity 3625K, committed 3708K, reserved 1048576K
2018-11-12T14:39:26.807+0100: 302.021: [GC (Allocation Failure) 2018-11-12T14:39:26.807+0100: 302.021: [ParNew
Desired survivor size 20112992 bytes, new threshold 8 (max 8)
- age   1:    1036320 bytes,    1036320 total
- age   2:    1834736 bytes,    2871056 total
- age   3:     533360 bytes,    3404416 total
- age   4:    6539472 bytes,    9943888 total
- age   5:     862000 bytes,   10805888 total
- age   6:     521320 bytes,   11327208 total
- age   7:     530016 bytes,   11857224 total
- age   8:     566568 bytes,   12423792 total
: 101379K->13298K(109248K), 0.0044934 secs] 283358K->195795K(502464K), 0.0046050 secs] [Times: user=0.00 sys=0.00, real=0.01 secs] 
Heap after GC invocations=303 (full 3):
 par new generation   total 109248K, used 13298K [0x00000000e0000000, 0x00000000e8000000, 0x00000000e8000000)
  eden space 87424K,   0% used [0x00000000e0000000, 0x00000000e0000000, 0x00000000e5560000)
  from space 21824K,  60% used [0x00000000e6ab0000, 0x00000000e77acbc0, 0x00000000e8000000)
  to   space 21824K,   0% used [0x00000000e5560000, 0x00000000e5560000, 0x00000000e6ab0000)
 concurrent mark-sweep generation total 393216K, used 182496K [0x00000000e8000000, 0x0000000100000000, 0x0000000100000000)
 Metaspace       used 30949K, capacity 31346K, committed 31868K, reserved 1077248K
  class space    used 3484K, capacity 3625K, committed 3708K, reserved 1048576K
}
2018-11-12T14:39:26.812+0100: 302.026: Total time for which application threads were stopped: 0.0048629 seconds, Stopping threads took: 0.0000291 seconds
{Heap before GC invocations=303 (full 3):
 par new generation   total 109248K, used 100722K [0x00000000e0000000, 0x00000000e8000000, 0x00000000e8000000)
  eden space 87424K, 100% used [0x00000000e0000000, 0x00000000e5560000, 0x00000000e5560000)
  from space 21824K,  60% used [0x00000000e6ab0000, 0x00000000e77acbc0, 0x00000000e8000000)
  to   space 21824K,   0% used [0x00000000e5560000, 0x00000000e5560000, 0x00000000e6ab0000)
 concurrent mark-sweep generation total 393216K, used 182496K [0x00000000e8000000, 0x0000000100000000, 0x0000000100000000)
 Metaspace       used 30949K, capacity 31346K, committed 31868K, reserved 1077248K
  class space    used 3484K, capacity 3625K, committed 3708K, reserved 1048576K
2018-11-12T14:39:27.075+0100: 302.289: [GC (Allocation Failure) 2018-11-12T14:39:27.075+0100: 302.289: [ParNew
Desired survivor size 20112992 bytes, new threshold 8 (max 8)
- age   1:     976856 bytes,     976856 total
- age   2:     545024 bytes,    1521880 total
- age   3:    1834736 bytes,    3356616 total
- age   4:     533304 bytes,    3889920 total
- age   5:    6539472 bytes,   10429392 total
- age   6:     862000 bytes,   11291392 total
- age   7:     518760 bytes,   11810152 total
- age   8:     530016 bytes,   12340168 total
: 100722K->13714K(109248K), 0.0034438 secs] 283219K->196764K(502464K), 0.0035297 secs] [Times: user=0.00 sys=0.00, real=0.00 secs] 
Heap after GC invocations=304 (full 3):
 par new generation   total 109248K, used 13714K [0x00000000e0000000, 0x00000000e8000000, 0x00000000e8000000)
  eden space 87424K,   0% used [0x00000000e0000000, 0x00000000e0000000, 0x00000000e5560000)
  from space 21824K,  62% used [0x00000000e5560000, 0x00000000e62c4a70, 0x00000000e6ab0000)
  to   space 21824K,   0% used [0x00000000e6ab0000, 0x00000000e6ab0000, 0x00000000e8000000)
 concurrent mark-sweep generation total 393216K, used 183050K [0x00000000e8000000, 0x0000000100000000, 0x0000000100000000)
 Metaspace       used 30949K, capacity 31346K, committed 31868K, reserved 1077248K
  class space    used 3484K, capacity 3625K, committed 3708K, reserved 1048576K
}
2018-11-12T14:39:27.079+0100: 302.293: Total time for which application threads were stopped: 0.0037486 seconds, Stopping threads took: 0.0000270 seconds
{Heap before GC invocations=304 (full 3):
 par new generation   total 109248K, used 101138K [0x00000000e0000000, 0x00000000e8000000, 0x00000000e8000000)
  eden space 87424K, 100% used [0x00000000e0000000, 0x00000000e5560000, 0x00000000e5560000)
  from space 21824K,  62% used [0x00000000e5560000, 0x00000000e62c4a70, 0x00000000e6ab0000)
  to   space 21824K,   0% used [0x00000000e6ab0000, 0x00000000e6ab0000, 0x00000000e8000000)
 concurrent mark-sweep generation total 393216K, used 183050K [0x00000000e8000000, 0x0000000100000000, 0x0000000100000000)
 Metaspace       used 30949K, capacity 31346K, committed 31868K, reserved 1077248K
  class space    used 3484K, capacity 3625K, committed 3708K, reserved 1048576K
2018-11-12T14:39:27.306+0100: 302.520: [GC (Allocation Failure) 2018-11-12T14:39:27.306+0100: 302.520: [ParNew
Desired survivor size 20112992 bytes, new threshold 8 (max 8)
- age   1:    1018504 bytes,    1018504 total
- age   2:     529312 bytes,    1547816 total
- age   3:     545024 bytes,    2092840 total
- age   4:    1834736 bytes,    3927576 total
- age   5:     533304 bytes,    4460880 total
- age   6:    6539472 bytes,   11000352 total
- age   7:     862000 bytes,   11862352 total
- age   8:     518760 bytes,   12381112 total
: 101138K->14340K(109248K), 0.0033076 secs] 284188K->197908K(502464K), 0.0033952 secs] [Times: user=0.00 sys=0.00, real=0.00 secs] 
Heap after GC invocations=305 (full 3):
 par new generation   total 109248K, used 14340K [0x00000000e0000000, 0x00000000e8000000, 0x00000000e8000000)
  eden space 87424K,   0% used [0x00000000e0000000, 0x00000000e0000000, 0x00000000e5560000)
  from space 21824K,  65% used [0x00000000e6ab0000, 0x00000000e78b1040, 0x00000000e8000000)
  to   space 21824K,   0% used [0x00000000e5560000, 0x00000000e5560000, 0x00000000e6ab0000)
 concurrent mark-sweep generation total 393216K, used 183568K [0x00000000e8000000, 0x0000000100000000, 0x0000000100000000)
 Metaspace       used 30949K, capacity 31346K, committed 31868K, reserved 1077248K
  class space    used 3484K, capacity 3625K, committed 3708K, reserved 1048576K
}
2018-11-12T14:39:27.309+0100: 302.523: Total time for which application threads were stopped: 0.0035926 seconds, Stopping threads took: 0.0000298 seconds
2018-11-12T14:39:27.361+0100: 302.575: Total time for which application threads were stopped: 0.0001334 seconds, Stopping threads took: 0.0000414 seconds
2018-11-12T14:39:27.367+0100: 302.581: Total time for which application threads were stopped: 0.0001512 seconds, Stopping threads took: 0.0000407 seconds
2018-11-12T14:39:27.367+0100: 302.581: Total time for which application threads were stopped: 0.0001468 seconds, Stopping threads took: 0.0000472 seconds
2018-11-12T14:39:27.455+0100: 302.668: Total time for which application threads were stopped: 0.0005902 seconds, Stopping threads took: 0.0004954 seconds
2018-11-12T14:39:27.455+0100: 302.669: Total time for which application threads were stopped: 0.0001098 seconds, Stopping threads took: 0.0000667 seconds
2018-11-12T14:39:27.455+0100: 302.669: Total time for which application threads were stopped: 0.0000664 seconds, Stopping threads took: 0.0000229 seconds
2018-11-12T14:39:27.475+0100: 302.689: Total time for which application threads were stopped: 0.0001509 seconds, Stopping threads took: 0.0000551 seconds
{Heap before GC invocations=305 (full 3):
 par new generation   total 109248K, used 101764K [0x00000000e0000000, 0x00000000e8000000, 0x00000000e8000000)
  eden space 87424K, 100% used [0x00000000e0000000, 0x00000000e5560000, 0x00000000e5560000)
  from space 21824K,  65% used [0x00000000e6ab0000, 0x00000000e78b1040, 0x00000000e8000000)
  to   space 21824K,   0% used [0x00000000e5560000, 0x00000000e5560000, 0x00000000e6ab0000)
 concurrent mark-sweep generation total 393216K, used 183568K [0x00000000e8000000, 0x0000000100000000, 0x0000000100000000)
 Metaspace       used 30949K, capacity 31346K, committed 31868K, reserved 1077248K
  class space    used 3484K, capacity 3625K, committed 3708K, reserved 1048576K
2018-11-12T14:39:27.661+0100: 302.876: [GC (Allocation Failure) 2018-11-12T14:39:27.661+0100: 302.876: [ParNew
Desired survivor size 20112992 bytes, new threshold 8 (max 8)
- age   1:    1515448 bytes,    1515448 total
- age   2:     521888 bytes,    2037336 total
- age   3:     529120 bytes,    2566456 total
- age   4:     540576 bytes,    3107032 total
- age   5:    1834496 bytes,    4941528 total
- age   6:     532776 bytes,    5474304 total
- age   7:    6539136 bytes,   12013440 total
- age   8:     861904 bytes,   12875344 total
: 101764K->15576K(109248K), 0.0035427 secs] 285332K->199651K(502464K), 0.0036525 secs] [Times: user=0.00 sys=0.00, real=0.00 secs] 
Heap after GC invocations=306 (full 3):
 par new generation   total 109248K, used 15576K [0x00000000e0000000, 0x00000000e8000000, 0x00000000e8000000)
  eden space 87424K,   0% used [0x00000000e0000000, 0x00000000e0000000, 0x00000000e5560000)
  from space 21824K,  71% used [0x00000000e5560000, 0x00000000e6496370, 0x00000000e6ab0000)
  to   space 21824K,   0% used [0x00000000e6ab0000, 0x00000000e6ab0000, 0x00000000e8000000)
 concurrent mark-sweep generation total 393216K, used 184074K [0x00000000e8000000, 0x0000000100000000, 0x0000000100000000)
 Metaspace       used 30949K, capacity 31346K, committed 31868K, reserved 1077248K
  class space    used 3484K, capacity 3625K, committed 3708K, reserved 1048576K
}
2018-11-12T14:39:27.665+0100: 302.879: Total time for which application threads were stopped: 0.0039293 seconds, Stopping threads took: 0.0000547 seconds
{Heap before GC invocations=306 (full 3):
 par new generation   total 109248K, used 103000K [0x00000000e0000000, 0x00000000e8000000, 0x00000000e8000000)
  eden space 87424K, 100% used [0x00000000e0000000, 0x00000000e5560000, 0x00000000e5560000)
  from space 21824K,  71% used [0x00000000e5560000, 0x00000000e6496370, 0x00000000e6ab0000)
  to   space 21824K,   0% used [0x00000000e6ab0000, 0x00000000e6ab0000, 0x00000000e8000000)
 concurrent mark-sweep generation total 393216K, used 184074K [0x00000000e8000000, 0x0000000100000000, 0x0000000100000000)
 Metaspace       used 30949K, capacity 31346K, committed 31868K, reserved 1077248K
  class space    used 3484K, capacity 3625K, committed 3708K, reserved 1048576K
2018-11-12T14:39:27.879+0100: 303.093: [GC (Allocation Failure) 2018-11-12T14:39:27.879+0100: 303.093: [ParNew
Desired survivor size 20112992 bytes, new threshold 8 (max 8)
- age   1:    1164104 bytes,    1164104 total
- age   2:     993296 bytes,    2157400 total
- age   3:     521888 bytes,    2679288 total
- age   4:     529096 bytes,    3208384 total
- age   5:     540576 bytes,    3748960 total
- age   6:    1834496 bytes,    5583456 total
- age   7:     532776 bytes,    6116232 total
- age   8:    6539136 bytes,   12655368 total
: 103000K->14454K(109248K), 0.0035841 secs] 287075K->199370K(502464K), 0.0036676 secs] [Times: user=0.00 sys=0.00, real=0.00 secs] 
Heap after GC invocations=307 (full 3):
 par new generation   total 109248K, used 14454K [0x00000000e0000000, 0x00000000e8000000, 0x00000000e8000000)
  eden space 87424K,   0% used [0x00000000e0000000, 0x00000000e0000000, 0x00000000e5560000)
  from space 21824K,  66% used [0x00000000e6ab0000, 0x00000000e78cd900, 0x00000000e8000000)
  to   space 21824K,   0% used [0x00000000e5560000, 0x00000000e5560000, 0x00000000e6ab0000)
 concurrent mark-sweep generation total 393216K, used 184916K [0x00000000e8000000, 0x0000000100000000, 0x0000000100000000)
 Metaspace       used 30949K, capacity 31346K, committed 31868K, reserved 1077248K
  class space    used 3484K, capacity 3625K, committed 3708K, reserved 1048576K
}
2018-11-12T14:39:27.882+0100: 303.097: Total time for which application threads were stopped: 0.0039392 seconds, Stopping threads took: 0.0000523 seconds
{Heap before GC invocations=307 (full 3):
 par new generation   total 109248K, used 101878K [0x00000000e0000000, 0x00000000e8000000, 0x00000000e8000000)
  eden space 87424K, 100% used [0x00000000e0000000, 0x00000000e5560000, 0x00000000e5560000)
  from space 21824K,  66% used [0x00000000e6ab0000, 0x00000000e78cd900, 0x00000000e8000000)
  to   space 21824K,   0% used [0x00000000e5560000, 0x00000000e5560000, 0x00000000e6ab0000)
 concurrent mark-sweep generation total 393216K, used 184916K [0x00000000e8000000, 0x0000000100000000, 0x0000000100000000)
 Metaspace       used 30949K, capacity 31346K, committed 31868K, reserved 1077248K
  class space    used 3484K, capacity 3625K, committed 3708K, reserved 1048576K
2018-11-12T14:39:27.964+0100: 303.178: [GC (Allocation Failure) 2018-11-12T14:39:27.964+0100: 303.178: [ParNew
Desired survivor size 20112992 bytes, new threshold 8 (max 8)
- age   1:    1141688 bytes,    1141688 total
- age   2:     589680 bytes,    1731368 total
- age   3:     984944 bytes,    2716312 total
- age   4:     521888 bytes,    3238200 total
- age   5:     529096 bytes,    3767296 total
- age   6:     540576 bytes,    4307872 total
- age   7:    1834496 bytes,    6142368 total
- age   8:     532776 bytes,    6675144 total
: 101878K->10864K(109248K), 0.0050778 secs] 286794K->202167K(502464K), 0.0053306 secs] [Times: user=0.00 sys=0.00, real=0.01 secs] 
Heap after GC invocations=308 (full 3):
 par new generation   total 109248K, used 10864K [0x00000000e0000000, 0x00000000e8000000, 0x00000000e8000000)
  eden space 87424K,   0% used [0x00000000e0000000, 0x00000000e0000000, 0x00000000e5560000)
  from space 21824K,  49% used [0x00000000e5560000, 0x00000000e5ffc3b0, 0x00000000e6ab0000)
  to   space 21824K,   0% used [0x00000000e6ab0000, 0x00000000e6ab0000, 0x00000000e8000000)
 concurrent mark-sweep generation total 393216K, used 191302K [0x00000000e8000000, 0x0000000100000000, 0x0000000100000000)
 Metaspace       used 30949K, capacity 31346K, committed 31868K, reserved 1077248K
  class space    used 3484K, capacity 3625K, committed 3708K, reserved 1048576K
}
2018-11-12T14:39:27.969+0100: 303.184: Total time for which application threads were stopped: 0.0055831 seconds, Stopping threads took: 0.0000537 seconds
{Heap before GC invocations=308 (full 3):
 par new generation   total 109248K, used 98288K [0x00000000e0000000, 0x00000000e8000000, 0x00000000e8000000)
  eden space 87424K, 100% used [0x00000000e0000000, 0x00000000e5560000, 0x00000000e5560000)
  from space 21824K,  49% used [0x00000000e5560000, 0x00000000e5ffc3b0, 0x00000000e6ab0000)
  to   space 21824K,   0% used [0x00000000e6ab0000, 0x00000000e6ab0000, 0x00000000e8000000)
 concurrent mark-sweep generation total 393216K, used 191302K [0x00000000e8000000, 0x0000000100000000, 0x0000000100000000)
 Metaspace       used 30949K, capacity 31346K, committed 31868K, reserved 1077248K
  class space    used 3484K, capacity 3625K, committed 3708K, reserved 1048576K
2018-11-12T14:39:28.065+0100: 303.280: [GC (Allocation Failure) 2018-11-12T14:39:28.065+0100: 303.280: [ParNew
Desired survivor size 20112992 bytes, new threshold 8 (max 8)
- age   1:    1124680 bytes,    1124680 total
- age   2:     264056 bytes,    1388736 total
- age   3:     459808 bytes,    1848544 total
- age   4:     968520 bytes,    2817064 total
- age   5:     521888 bytes,    3338952 total
- age   6:     529040 bytes,    3867992 total
- age   7:     540576 bytes,    4408568 total
- age   8:    1834496 bytes,    6243064 total
: 98288K->8830K(109248K), 0.0028824 secs] 289591K->200653K(502464K), 0.0029631 secs] [Times: user=0.06 sys=0.00, real=0.00 secs] 
Heap after GC invocations=309 (full 3):
 par new generation   total 109248K, used 8830K [0x00000000e0000000, 0x00000000e8000000, 0x00000000e8000000)
  eden space 87424K,   0% used [0x00000000e0000000, 0x00000000e0000000, 0x00000000e5560000)
  from space 21824K,  40% used [0x00000000e6ab0000, 0x00000000e734fb20, 0x00000000e8000000)
  to   space 21824K,   0% used [0x00000000e5560000, 0x00000000e5560000, 0x00000000e6ab0000)
 concurrent mark-sweep generation total 393216K, used 191822K [0x00000000e8000000, 0x0000000100000000, 0x0000000100000000)
 Metaspace       used 30949K, capacity 31346K, committed 31868K, reserved 1077248K
  class space    used 3484K, capacity 3625K, committed 3708K, reserved 1048576K
}
2018-11-12T14:39:28.068+0100: 303.283: Total time for which application threads were stopped: 0.0032303 seconds, Stopping threads took: 0.0000547 seconds
{Heap before GC invocations=309 (full 3):
 par new generation   total 109248K, used 96254K [0x00000000e0000000, 0x00000000e8000000, 0x00000000e8000000)
  eden space 87424K, 100% used [0x00000000e0000000, 0x00000000e5560000, 0x00000000e5560000)
  from space 21824K,  40% used [0x00000000e6ab0000, 0x00000000e734fb20, 0x00000000e8000000)
  to   space 21824K,   0% used [0x00000000e5560000, 0x00000000e5560000, 0x00000000e6ab0000)
 concurrent mark-sweep generation total 393216K, used 191822K [0x00000000e8000000, 0x0000000100000000, 0x0000000100000000)
 Metaspace       used 30949K, capacity 31346K, committed 31868K, reserved 1077248K
  class space    used 3484K, capacity 3625K, committed 3708K, reserved 1048576K
2018-11-12T14:39:28.150+0100: 303.365: [GC (Allocation Failure) 2018-11-12T14:39:28.150+0100: 303.365: [ParNew
Desired survivor size 20112992 bytes, new threshold 8 (max 8)
- age   1:    1032112 bytes,    1032112 total
- age   2:     399304 bytes,    1431416 total
- age   3:     217232 bytes,    1648648 total
- age   4:     444224 bytes,    2092872 total
- age   5:     915688 bytes,    3008560 total
- age   6:     521888 bytes,    3530448 total
- age   7:     529040 bytes,    4059488 total
- age   8:     540576 bytes,    4600064 total
: 96254K->5935K(109248K), 0.0029063 secs] 288077K->199550K(502464K), 0.0029748 secs] [Times: user=0.00 sys=0.00, real=0.00 secs] 
Heap after GC invocations=310 (full 3):
 par new generation   total 109248K, used 5935K [0x00000000e0000000, 0x00000000e8000000, 0x00000000e8000000)
  eden space 87424K,   0% used [0x00000000e0000000, 0x00000000e0000000, 0x00000000e5560000)
  from space 21824K,  27% used [0x00000000e5560000, 0x00000000e5b2beb0, 0x00000000e6ab0000)
  to   space 21824K,   0% used [0x00000000e6ab0000, 0x00000000e6ab0000, 0x00000000e8000000)
 concurrent mark-sweep generation total 393216K, used 193614K [0x00000000e8000000, 0x0000000100000000, 0x0000000100000000)
 Metaspace       used 30949K, capacity 31346K, committed 31868K, reserved 1077248K
  class space    used 3484K, capacity 3625K, committed 3708K, reserved 1048576K
}
2018-11-12T14:39:28.153+0100: 303.368: Total time for which application threads were stopped: 0.0031995 seconds, Stopping threads took: 0.0000537 seconds
2018-11-12T14:39:28.280+0100: 303.494: Total time for which application threads were stopped: 0.0001694 seconds, Stopping threads took: 0.0000414 seconds
{Heap before GC invocations=310 (full 3):
 par new generation   total 109248K, used 93359K [0x00000000e0000000, 0x00000000e8000000, 0x00000000e8000000)
  eden space 87424K, 100% used [0x00000000e0000000, 0x00000000e5560000, 0x00000000e5560000)
  from space 21824K,  27% used [0x00000000e5560000, 0x00000000e5b2beb0, 0x00000000e6ab0000)
  to   space 21824K,   0% used [0x00000000e6ab0000, 0x00000000e6ab0000, 0x00000000e8000000)
 concurrent mark-sweep generation total 393216K, used 193614K [0x00000000e8000000, 0x0000000100000000, 0x0000000100000000)
 Metaspace       used 30964K, capacity 31346K, committed 31868K, reserved 1077248K
  class space    used 3484K, capacity 3625K, committed 3708K, reserved 1048576K
2018-11-12T14:39:28.316+0100: 303.530: [GC (Allocation Failure) 2018-11-12T14:39:28.316+0100: 303.530: [ParNew
Desired survivor size 20112992 bytes, new threshold 8 (max 8)
- age   1:    1135968 bytes,    1135968 total
- age   2:     302248 bytes,    1438216 total
- age   3:     318976 bytes,    1757192 total
- age   4:     175760 bytes,    1932952 total
- age   5:     387240 bytes,    2320192 total
- age   6:     907744 bytes,    3227936 total
- age   7:     521504 bytes,    3749440 total
- age   8:     528752 bytes,    4278192 total
: 93359K->5410K(109248K), 0.0025926 secs] 286974K->199552K(502464K), 0.0026870 secs] [Times: user=0.00 sys=0.00, real=0.00 secs] 
Heap after GC invocations=311 (full 3):
 par new generation   total 109248K, used 5410K [0x00000000e0000000, 0x00000000e8000000, 0x00000000e8000000)
  eden space 87424K,   0% used [0x00000000e0000000, 0x00000000e0000000, 0x00000000e5560000)
  from space 21824K,  24% used [0x00000000e6ab0000, 0x00000000e6ff88f0, 0x00000000e8000000)
  to   space 21824K,   0% used [0x00000000e5560000, 0x00000000e5560000, 0x00000000e6ab0000)
 concurrent mark-sweep generation total 393216K, used 194141K [0x00000000e8000000, 0x0000000100000000, 0x0000000100000000)
 Metaspace       used 30964K, capacity 31346K, committed 31868K, reserved 1077248K
  class space    used 3484K, capacity 3625K, committed 3708K, reserved 1048576K
}
2018-11-12T14:39:28.319+0100: 303.533: Total time for which application threads were stopped: 0.0029570 seconds, Stopping threads took: 0.0000380 seconds
2018-11-12T14:39:28.449+0100: 303.663: Total time for which application threads were stopped: 0.0001177 seconds, Stopping threads took: 0.0000308 seconds
2018-11-12T14:39:28.449+0100: 303.663: Total time for which application threads were stopped: 0.0000869 seconds, Stopping threads took: 0.0000243 seconds
2018-11-12T14:39:28.449+0100: 303.664: Total time for which application threads were stopped: 0.0000472 seconds, Stopping threads took: 0.0000144 seconds
2018-11-12T14:39:28.489+0100: 303.703: Total time for which application threads were stopped: 0.0002662 seconds, Stopping threads took: 0.0000773 seconds
2018-11-12T14:39:28.500+0100: 303.714: Total time for which application threads were stopped: 0.0001057 seconds, Stopping threads took: 0.0000281 seconds
{Heap before GC invocations=311 (full 3):
 par new generation   total 109248K, used 92834K [0x00000000e0000000, 0x00000000e8000000, 0x00000000e8000000)
  eden space 87424K, 100% used [0x00000000e0000000, 0x00000000e5560000, 0x00000000e5560000)
  from space 21824K,  24% used [0x00000000e6ab0000, 0x00000000e6ff88f0, 0x00000000e8000000)
  to   space 21824K,   0% used [0x00000000e5560000, 0x00000000e5560000, 0x00000000e6ab0000)
 concurrent mark-sweep generation total 393216K, used 194141K [0x00000000e8000000, 0x0000000100000000, 0x0000000100000000)
 Metaspace       used 30977K, capacity 31346K, committed 31868K, reserved 1077248K
  class space    used 3484K, capacity 3625K, committed 3708K, reserved 1048576K
2018-11-12T14:39:28.509+0100: 303.723: [GC (Allocation Failure) 2018-11-12T14:39:28.509+0100: 303.723: [ParNew
Desired survivor size 20112992 bytes, new threshold 8 (max 8)
- age   1:    1847592 bytes,    1847592 total
- age   2:     158528 bytes,    2006120 total
- age   3:      32304 bytes,    2038424 total
- age   4:      23656 bytes,    2062080 total
- age   5:      27640 bytes,    2089720 total
- age   6:      74760 bytes,    2164480 total
- age   7:     349272 bytes,    2513752 total
- age   8:     521504 bytes,    3035256 total
: 92834K->4593K(109248K), 0.0024157 secs] 286976K->199251K(502464K), 0.0025088 secs] [Times: user=0.00 sys=0.00, real=0.00 secs] 
Heap after GC invocations=312 (full 3):
 par new generation   total 109248K, used 4593K [0x00000000e0000000, 0x00000000e8000000, 0x00000000e8000000)
  eden space 87424K,   0% used [0x00000000e0000000, 0x00000000e0000000, 0x00000000e5560000)
  from space 21824K,  21% used [0x00000000e5560000, 0x00000000e59dc480, 0x00000000e6ab0000)
  to   space 21824K,   0% used [0x00000000e6ab0000, 0x00000000e6ab0000, 0x00000000e8000000)
 concurrent mark-sweep generation total 393216K, used 194658K [0x00000000e8000000, 0x0000000100000000, 0x0000000100000000)
 Metaspace       used 30977K, capacity 31346K, committed 31868K, reserved 1077248K
  class space    used 3484K, capacity 3625K, committed 3708K, reserved 1048576K
}
2018-11-12T14:39:28.511+0100: 303.725: Total time for which application threads were stopped: 0.0027024 seconds, Stopping threads took: 0.0000267 seconds
2018-11-12T14:39:28.661+0100: 303.876: Total time for which application threads were stopped: 0.0000951 seconds, Stopping threads took: 0.0000236 seconds
{Heap before GC invocations=312 (full 3):
 par new generation   total 109248K, used 92017K [0x00000000e0000000, 0x00000000e8000000, 0x00000000e8000000)
  eden space 87424K, 100% used [0x00000000e0000000, 0x00000000e5560000, 0x00000000e5560000)
  from space 21824K,  21% used [0x00000000e5560000, 0x00000000e59dc480, 0x00000000e6ab0000)
  to   space 21824K,   0% used [0x00000000e6ab0000, 0x00000000e6ab0000, 0x00000000e8000000)
 concurrent mark-sweep generation total 393216K, used 194658K [0x00000000e8000000, 0x0000000100000000, 0x0000000100000000)
 Metaspace       used 30977K, capacity 31346K, committed 31868K, reserved 1077248K
  class space    used 3484K, capacity 3625K, committed 3708K, reserved 1048576K
2018-11-12T14:39:28.722+0100: 303.936: [GC (Allocation Failure) 2018-11-12T14:39:28.722+0100: 303.936: [ParNew
Desired survivor size 20112992 bytes, new threshold 8 (max 8)
- age   1:    1374192 bytes,    1374192 total
- age   2:    1454568 bytes,    2828760 total
- age   3:     158528 bytes,    2987288 total
- age   4:      32032 bytes,    3019320 total
- age   5:      23656 bytes,    3042976 total
- age   6:      27640 bytes,    3070616 total
- age   7:      74760 bytes,    3145376 total
- age   8:     349272 bytes,    3494648 total
: 92017K->4213K(109248K), 0.0027862 secs] 286675K->199380K(502464K), 0.0029429 secs] [Times: user=0.00 sys=0.00, real=0.00 secs] 
Heap after GC invocations=313 (full 3):
 par new generation   total 109248K, used 4213K [0x00000000e0000000, 0x00000000e8000000, 0x00000000e8000000)
  eden space 87424K,   0% used [0x00000000e0000000, 0x00000000e0000000, 0x00000000e5560000)
  from space 21824K,  19% used [0x00000000e6ab0000, 0x00000000e6ecd450, 0x00000000e8000000)
  to   space 21824K,   0% used [0x00000000e5560000, 0x00000000e5560000, 0x00000000e6ab0000)
 concurrent mark-sweep generation total 393216K, used 195167K [0x00000000e8000000, 0x0000000100000000, 0x0000000100000000)
 Metaspace       used 30977K, capacity 31346K, committed 31868K, reserved 1077248K
  class space    used 3484K, capacity 3625K, committed 3708K, reserved 1048576K
}
2018-11-12T14:39:28.725+0100: 303.939: Total time for which application threads were stopped: 0.0031824 seconds, Stopping threads took: 0.0000346 seconds
2018-11-12T14:39:28.773+0100: 303.987: Total time for which application threads were stopped: 0.0001061 seconds, Stopping threads took: 0.0000260 seconds
{Heap before GC invocations=313 (full 3):
 par new generation   total 109248K, used 91637K [0x00000000e0000000, 0x00000000e8000000, 0x00000000e8000000)
  eden space 87424K, 100% used [0x00000000e0000000, 0x00000000e5560000, 0x00000000e5560000)
  from space 21824K,  19% used [0x00000000e6ab0000, 0x00000000e6ecd450, 0x00000000e8000000)
  to   space 21824K,   0% used [0x00000000e5560000, 0x00000000e5560000, 0x00000000e6ab0000)
 concurrent mark-sweep generation total 393216K, used 195167K [0x00000000e8000000, 0x0000000100000000, 0x0000000100000000)
 Metaspace       used 30977K, capacity 31346K, committed 31868K, reserved 1077248K
  class space    used 3484K, capacity 3625K, committed 3708K, reserved 1048576K
2018-11-12T14:39:29.034+0100: 304.248: [GC (Allocation Failure) 2018-11-12T14:39:29.034+0100: 304.248: [ParNew
Desired survivor size 20112992 bytes, new threshold 8 (max 8)
- age   1:    1574544 bytes,    1574544 total
- age   2:     590976 bytes,    2165520 total
- age   3:    1450320 bytes,    3615840 total
- age   4:     158528 bytes,    3774368 total
- age   5:      32032 bytes,    3806400 total
- age   6:      23600 bytes,    3830000 total
- age   7:      27640 bytes,    3857640 total
- age   8:      74760 bytes,    3932400 total
: 91637K->5249K(109248K), 0.0024578 secs] 286804K->200758K(502464K), 0.0025409 secs] [Times: user=0.05 sys=0.01, real=0.00 secs] 
Heap after GC invocations=314 (full 3):
 par new generation   total 109248K, used 5249K [0x00000000e0000000, 0x00000000e8000000, 0x00000000e8000000)
  eden space 87424K,   0% used [0x00000000e0000000, 0x00000000e0000000, 0x00000000e5560000)
  from space 21824K,  24% used [0x00000000e5560000, 0x00000000e5a80558, 0x00000000e6ab0000)
  to   space 21824K,   0% used [0x00000000e6ab0000, 0x00000000e6ab0000, 0x00000000e8000000)
 concurrent mark-sweep generation total 393216K, used 195509K [0x00000000e8000000, 0x0000000100000000, 0x0000000100000000)
 Metaspace       used 30977K, capacity 31346K, committed 31868K, reserved 1077248K
  class space    used 3484K, capacity 3625K, committed 3708K, reserved 1048576K
}
2018-11-12T14:39:29.036+0100: 304.250: Total time for which application threads were stopped: 0.0027729 seconds, Stopping threads took: 0.0000318 seconds
{Heap before GC invocations=314 (full 3):
 par new generation   total 109248K, used 92673K [0x00000000e0000000, 0x00000000e8000000, 0x00000000e8000000)
  eden space 87424K, 100% used [0x00000000e0000000, 0x00000000e5560000, 0x00000000e5560000)
  from space 21824K,  24% used [0x00000000e5560000, 0x00000000e5a80558, 0x00000000e6ab0000)
  to   space 21824K,   0% used [0x00000000e6ab0000, 0x00000000e6ab0000, 0x00000000e8000000)
 concurrent mark-sweep generation total 393216K, used 195509K [0x00000000e8000000, 0x0000000100000000, 0x0000000100000000)
 Metaspace       used 30977K, capacity 31346K, committed 31868K, reserved 1077248K
  class space    used 3484K, capacity 3625K, committed 3708K, reserved 1048576K
2018-11-12T14:39:29.290+0100: 304.504: [GC (Allocation Failure) 2018-11-12T14:39:29.290+0100: 304.504: [ParNew
Desired survivor size 20112992 bytes, new threshold 8 (max 8)
- age   1:    1644944 bytes,    1644944 total
- age   2:     761472 bytes,    2406416 total
- age   3:     580784 bytes,    2987200 total
- age   4:    1431080 bytes,    4418280 total
- age   5:     158528 bytes,    4576808 total
- age   6:      32032 bytes,    4608840 total
- age   7:      23600 bytes,    4632440 total
- age   8:      27640 bytes,    4660080 total
: 92673K->5532K(109248K), 0.0026087 secs] 288182K->201114K(502464K), 0.0026870 secs] [Times: user=0.00 sys=0.00, real=0.00 secs] 
Heap after GC invocations=315 (full 3):
 par new generation   total 109248K, used 5532K [0x00000000e0000000, 0x00000000e8000000, 0x00000000e8000000)
  eden space 87424K,   0% used [0x00000000e0000000, 0x00000000e0000000, 0x00000000e5560000)
  from space 21824K,  25% used [0x00000000e6ab0000, 0x00000000e70173a0, 0x00000000e8000000)
  to   space 21824K,   0% used [0x00000000e5560000, 0x00000000e5560000, 0x00000000e6ab0000)
 concurrent mark-sweep generation total 393216K, used 195582K [0x00000000e8000000, 0x0000000100000000, 0x0000000100000000)
 Metaspace       used 30977K, capacity 31346K, committed 31868K, reserved 1077248K
  class space    used 3484K, capacity 3625K, committed 3708K, reserved 1048576K
}
2018-11-12T14:39:29.293+0100: 304.507: Total time for which application threads were stopped: 0.0029207 seconds, Stopping threads took: 0.0000246 seconds
{Heap before GC invocations=315 (full 3):
 par new generation   total 109248K, used 92956K [0x00000000e0000000, 0x00000000e8000000, 0x00000000e8000000)
  eden space 87424K, 100% used [0x00000000e0000000, 0x00000000e5560000, 0x00000000e5560000)
  from space 21824K,  25% used [0x00000000e6ab0000, 0x00000000e70173a0, 0x00000000e8000000)
  to   space 21824K,   0% used [0x00000000e5560000, 0x00000000e5560000, 0x00000000e6ab0000)
 concurrent mark-sweep generation total 393216K, used 195582K [0x00000000e8000000, 0x0000000100000000, 0x0000000100000000)
 Metaspace       used 30977K, capacity 31346K, committed 31868K, reserved 1077248K
  class space    used 3484K, capacity 3625K, committed 3708K, reserved 1048576K
2018-11-12T14:39:29.572+0100: 304.786: [GC (Allocation Failure) 2018-11-12T14:39:29.572+0100: 304.786: [ParNew
Desired survivor size 20112992 bytes, new threshold 8 (max 8)
- age   1:    2038632 bytes,    2038632 total
- age   2:     599928 bytes,    2638560 total
- age   3:     597600 bytes,    3236160 total
- age   4:     580784 bytes,    3816944 total
- age   5:    1431080 bytes,    5248024 total
- age   6:     158528 bytes,    5406552 total
- age   7:      32032 bytes,    5438584 total
- age   8:      23600 bytes,    5462184 total
: 92956K->7552K(109248K), 0.0037178 secs] 288538K->203161K(502464K), 0.0038311 secs] [Times: user=0.00 sys=0.00, real=0.00 secs] 
Heap after GC invocations=316 (full 3):
 par new generation   total 109248K, used 7552K [0x00000000e0000000, 0x00000000e8000000, 0x00000000e8000000)
  eden space 87424K,   0% used [0x00000000e0000000, 0x00000000e0000000, 0x00000000e5560000)
  from space 21824K,  34% used [0x00000000e5560000, 0x00000000e5cc02c0, 0x00000000e6ab0000)
  to   space 21824K,   0% used [0x00000000e6ab0000, 0x00000000e6ab0000, 0x00000000e8000000)
 concurrent mark-sweep generation total 393216K, used 195609K [0x00000000e8000000, 0x0000000100000000, 0x0000000100000000)
 Metaspace       used 30977K, capacity 31346K, committed 31868K, reserved 1077248K
  class space    used 3484K, capacity 3625K, committed 3708K, reserved 1048576K
}
2018-11-12T14:39:29.576+0100: 304.790: Total time for which application threads were stopped: 0.0041267 seconds, Stopping threads took: 0.0000558 seconds
{Heap before GC invocations=316 (full 3):
 par new generation   total 109248K, used 94976K [0x00000000e0000000, 0x00000000e8000000, 0x00000000e8000000)
  eden space 87424K, 100% used [0x00000000e0000000, 0x00000000e5560000, 0x00000000e5560000)
  from space 21824K,  34% used [0x00000000e5560000, 0x00000000e5cc02c0, 0x00000000e6ab0000)
  to   space 21824K,   0% used [0x00000000e6ab0000, 0x00000000e6ab0000, 0x00000000e8000000)
 concurrent mark-sweep generation total 393216K, used 195609K [0x00000000e8000000, 0x0000000100000000, 0x0000000100000000)
 Metaspace       used 30977K, capacity 31346K, committed 31868K, reserved 1077248K
  class space    used 3484K, capacity 3625K, committed 3708K, reserved 1048576K
2018-11-12T14:39:29.857+0100: 305.071: [GC (Allocation Failure) 2018-11-12T14:39:29.857+0100: 305.071: [ParNew
Desired survivor size 20112992 bytes, new threshold 8 (max 8)
- age   1:    1746120 bytes,    1746120 total
- age   2:     923984 bytes,    2670104 total
- age   3:     598176 bytes,    3268280 total
- age   4:     580928 bytes,    3849208 total
- age   5:     580256 bytes,    4429464 total
- age   6:    1431080 bytes,    5860544 total
- age   7:     158528 bytes,    6019072 total
- age   8:      32032 bytes,    6051104 total
: 94976K->7718K(109248K), 0.0026385 secs] 290585K->203350K(502464K), 0.0027308 secs] [Times: user=0.00 sys=0.00, real=0.00 secs] 
Heap after GC invocations=317 (full 3):
 par new generation   total 109248K, used 7718K [0x00000000e0000000, 0x00000000e8000000, 0x00000000e8000000)
  eden space 87424K,   0% used [0x00000000e0000000, 0x00000000e0000000, 0x00000000e5560000)
  from space 21824K,  35% used [0x00000000e6ab0000, 0x00000000e7239850, 0x00000000e8000000)
  to   space 21824K,   0% used [0x00000000e5560000, 0x00000000e5560000, 0x00000000e6ab0000)
 concurrent mark-sweep generation total 393216K, used 195632K [0x00000000e8000000, 0x0000000100000000, 0x0000000100000000)
 Metaspace       used 30977K, capacity 31346K, committed 31868K, reserved 1077248K
  class space    used 3484K, capacity 3625K, committed 3708K, reserved 1048576K
}
2018-11-12T14:39:29.860+0100: 305.073: Total time for which application threads were stopped: 0.0029693 seconds, Stopping threads took: 0.0000311 seconds
{Heap before GC invocations=317 (full 3):
 par new generation   total 109248K, used 95142K [0x00000000e0000000, 0x00000000e8000000, 0x00000000e8000000)
  eden space 87424K, 100% used [0x00000000e0000000, 0x00000000e5560000, 0x00000000e5560000)
  from space 21824K,  35% used [0x00000000e6ab0000, 0x00000000e7239850, 0x00000000e8000000)
  to   space 21824K,   0% used [0x00000000e5560000, 0x00000000e5560000, 0x00000000e6ab0000)
 concurrent mark-sweep generation total 393216K, used 195632K [0x00000000e8000000, 0x0000000100000000, 0x0000000100000000)
 Metaspace       used 30977K, capacity 31346K, committed 31868K, reserved 1077248K
  class space    used 3484K, capacity 3625K, committed 3708K, reserved 1048576K
2018-11-12T14:39:30.127+0100: 305.342: [GC (Allocation Failure) 2018-11-12T14:39:30.127+0100: 305.342: [ParNew
Desired survivor size 20112992 bytes, new threshold 8 (max 8)
- age   1:    1981256 bytes,    1981256 total
- age   2:     556040 bytes,    2537296 total
- age   3:     923832 bytes,    3461128 total
- age   4:     597120 bytes,    4058248 total
- age   5:     580872 bytes,    4639120 total
- age   6:     580256 bytes,    5219376 total
- age   7:    1431080 bytes,    6650456 total
- age   8:     158528 bytes,    6808984 total
: 95142K->7526K(109248K), 0.0034520 secs] 290774K->203190K(502464K), 0.0036563 secs] [Times: user=0.06 sys=0.00, real=0.00 secs] 
Heap after GC invocations=318 (full 3):
 par new generation   total 109248K, used 7526K [0x00000000e0000000, 0x00000000e8000000, 0x00000000e8000000)
  eden space 87424K,   0% used [0x00000000e0000000, 0x00000000e0000000, 0x00000000e5560000)
  from space 21824K,  34% used [0x00000000e5560000, 0x00000000e5cb9b00, 0x00000000e6ab0000)
  to   space 21824K,   0% used [0x00000000e6ab0000, 0x00000000e6ab0000, 0x00000000e8000000)
 concurrent mark-sweep generation total 393216K, used 195663K [0x00000000e8000000, 0x0000000100000000, 0x0000000100000000)
 Metaspace       used 30977K, capacity 31346K, committed 31868K, reserved 1077248K
  class space    used 3484K, capacity 3625K, committed 3708K, reserved 1048576K
}
2018-11-12T14:39:30.131+0100: 305.346: Total time for which application threads were stopped: 0.0039272 seconds, Stopping threads took: 0.0000308 seconds
{Heap before GC invocations=318 (full 3):
 par new generation   total 109248K, used 94950K [0x00000000e0000000, 0x00000000e8000000, 0x00000000e8000000)
  eden space 87424K, 100% used [0x00000000e0000000, 0x00000000e5560000, 0x00000000e5560000)
  from space 21824K,  34% used [0x00000000e5560000, 0x00000000e5cb9b00, 0x00000000e6ab0000)
  to   space 21824K,   0% used [0x00000000e6ab0000, 0x00000000e6ab0000, 0x00000000e8000000)
 concurrent mark-sweep generation total 393216K, used 195663K [0x00000000e8000000, 0x0000000100000000, 0x0000000100000000)
 Metaspace       used 30977K, capacity 31346K, committed 31868K, reserved 1077248K
  class space    used 3484K, capacity 3625K, committed 3708K, reserved 1048576K
2018-11-12T14:39:30.422+0100: 305.636: [GC (Allocation Failure) 2018-11-12T14:39:30.422+0100: 305.636: [ParNew
Desired survivor size 20112992 bytes, new threshold 8 (max 8)
- age   1:    2291136 bytes,    2291136 total
- age   2:     526544 bytes,    2817680 total
- age   3:     553824 bytes,    3371504 total
- age   4:     923832 bytes,    4295336 total
- age   5:     563504 bytes,    4858840 total
- age   6:     580872 bytes,    5439712 total
- age   7:     580256 bytes,    6019968 total
- age   8:    1431080 bytes,    7451048 total
: 94950K->10658K(109248K), 0.0034530 secs] 290614K->206477K(502464K), 0.0035488 secs] [Times: user=0.03 sys=0.02, real=0.00 secs] 
Heap after GC invocations=319 (full 3):
 par new generation   total 109248K, used 10658K [0x00000000e0000000, 0x00000000e8000000, 0x00000000e8000000)
  eden space 87424K,   0% used [0x00000000e0000000, 0x00000000e0000000, 0x00000000e5560000)
  from space 21824K,  48% used [0x00000000e6ab0000, 0x00000000e7518b00, 0x00000000e8000000)
  to   space 21824K,   0% used [0x00000000e5560000, 0x00000000e5560000, 0x00000000e6ab0000)
 concurrent mark-sweep generation total 393216K, used 195818K [0x00000000e8000000, 0x0000000100000000, 0x0000000100000000)
 Metaspace       used 30977K, capacity 31346K, committed 31868K, reserved 1077248K
  class space    used 3484K, capacity 3625K, committed 3708K, reserved 1048576K
}
2018-11-12T14:39:30.425+0100: 305.640: Total time for which application threads were stopped: 0.0037829 seconds, Stopping threads took: 0.0000243 seconds
{Heap before GC invocations=319 (full 3):
 par new generation   total 109248K, used 98082K [0x00000000e0000000, 0x00000000e8000000, 0x00000000e8000000)
  eden space 87424K, 100% used [0x00000000e0000000, 0x00000000e5560000, 0x00000000e5560000)
  from space 21824K,  48% used [0x00000000e6ab0000, 0x00000000e7518b00, 0x00000000e8000000)
  to   space 21824K,   0% used [0x00000000e5560000, 0x00000000e5560000, 0x00000000e6ab0000)
 concurrent mark-sweep generation total 393216K, used 195818K [0x00000000e8000000, 0x0000000100000000, 0x0000000100000000)
 Metaspace       used 30977K, capacity 31346K, committed 31868K, reserved 1077248K
  class space    used 3484K, capacity 3625K, committed 3708K, reserved 1048576K
2018-11-12T14:39:30.770+0100: 305.984: [GC (Allocation Failure) 2018-11-12T14:39:30.770+0100: 305.984: [ParNew
Desired survivor size 20112992 bytes, new threshold 8 (max 8)
- age   1:    2803856 bytes,    2803856 total
- age   2:     686416 bytes,    3490272 total
- age   3:     526544 bytes,    4016816 total
- age   4:     553824 bytes,    4570640 total
- age   5:     661672 bytes,    5232312 total
- age   6:     563504 bytes,    5795816 total
- age   7:     580872 bytes,    6376688 total
- age   8:     580232 bytes,    6956920 total
: 98082K->8623K(109248K), 0.0036036 secs] 293901K->205841K(502464K), 0.0037264 secs] [Times: user=0.00 sys=0.00, real=0.00 secs] 
Heap after GC invocations=320 (full 3):
 par new generation   total 109248K, used 8623K [0x00000000e0000000, 0x00000000e8000000, 0x00000000e8000000)
  eden space 87424K,   0% used [0x00000000e0000000, 0x00000000e0000000, 0x00000000e5560000)
  from space 21824K,  39% used [0x00000000e5560000, 0x00000000e5dcbcd8, 0x00000000e6ab0000)
  to   space 21824K,   0% used [0x00000000e6ab0000, 0x00000000e6ab0000, 0x00000000e8000000)
 concurrent mark-sweep generation total 393216K, used 197218K [0x00000000e8000000, 0x0000000100000000, 0x0000000100000000)
 Metaspace       used 30977K, capacity 31346K, committed 31868K, reserved 1077248K
  class space    used 3484K, capacity 3625K, committed 3708K, reserved 1048576K
}
2018-11-12T14:39:30.774+0100: 305.988: Total time for which application threads were stopped: 0.0039621 seconds, Stopping threads took: 0.0000267 seconds
2018-11-12T14:39:30.774+0100: 305.988: [GC (CMS Initial Mark) [1 CMS-initial-mark: 197218K(393216K)] 206112K(502464K), 0.0005878 secs] [Times: user=0.00 sys=0.00, real=0.00 secs] 
2018-11-12T14:39:30.775+0100: 305.989: Total time for which application threads were stopped: 0.0007609 seconds, Stopping threads took: 0.0000510 seconds
2018-11-12T14:39:30.775+0100: 305.989: [CMS-concurrent-mark-start]
2018-11-12T14:39:30.837+0100: 306.051: [CMS-concurrent-mark: 0.062/0.062 secs] [Times: user=0.22 sys=0.00, real=0.06 secs] 
2018-11-12T14:39:30.837+0100: 306.051: [CMS-concurrent-preclean-start]
2018-11-12T14:39:30.838+0100: 306.052: [CMS-concurrent-preclean: 0.001/0.001 secs] [Times: user=0.00 sys=0.00, real=0.00 secs] 
2018-11-12T14:39:30.838+0100: 306.052: [GC (CMS Final Remark) [YG occupancy: 9164 K (109248 K)]{Heap before GC invocations=320 (full 4):
 par new generation   total 109248K, used 9164K [0x00000000e0000000, 0x00000000e8000000, 0x00000000e8000000)
  eden space 87424K,   0% used [0x00000000e0000000, 0x00000000e00875e0, 0x00000000e5560000)
  from space 21824K,  39% used [0x00000000e5560000, 0x00000000e5dcbcd8, 0x00000000e6ab0000)
  to   space 21824K,   0% used [0x00000000e6ab0000, 0x00000000e6ab0000, 0x00000000e8000000)
 concurrent mark-sweep generation total 393216K, used 197218K [0x00000000e8000000, 0x0000000100000000, 0x0000000100000000)
 Metaspace       used 30977K, capacity 31346K, committed 31868K, reserved 1077248K
  class space    used 3484K, capacity 3625K, committed 3708K, reserved 1048576K
2018-11-12T14:39:30.838+0100: 306.052: [GC (CMS Final Remark) 2018-11-12T14:39:30.838+0100: 306.052: [ParNew
Desired survivor size 20112992 bytes, new threshold 8 (max 8)
- age   1:      11808 bytes,      11808 total
- age   2:    2751360 bytes,    2763168 total
- age   3:     686416 bytes,    3449584 total
- age   4:     526544 bytes,    3976128 total
- age   5:     553824 bytes,    4529952 total
- age   6:     661672 bytes,    5191624 total
- age   7:     563504 bytes,    5755128 total
- age   8:     580872 bytes,    6336000 total
: 9164K->7311K(109248K), 0.0029655 secs] 206382K->205095K(502464K), 0.0030309 secs] [Times: user=0.00 sys=0.00, real=0.00 secs] 
Heap after GC invocations=321 (full 4):
 par new generation   total 109248K, used 7311K [0x00000000e0000000, 0x00000000e8000000, 0x00000000e8000000)
  eden space 87424K,   0% used [0x00000000e0000000, 0x00000000e0000000, 0x00000000e5560000)
  from space 21824K,  33% used [0x00000000e6ab0000, 0x00000000e71d3c68, 0x00000000e8000000)
  to   space 21824K,   0% used [0x00000000e5560000, 0x00000000e5560000, 0x00000000e6ab0000)
 concurrent mark-sweep generation total 393216K, used 197784K [0x00000000e8000000, 0x0000000100000000, 0x0000000100000000)
 Metaspace       used 30977K, capacity 31346K, committed 31868K, reserved 1077248K
  class space    used 3484K, capacity 3625K, committed 3708K, reserved 1048576K
}
2018-11-12T14:39:30.841+0100: 306.055: [Rescan (parallel) , 0.0008786 secs]2018-11-12T14:39:30.842+0100: 306.056: [weak refs processing, 0.0004099 secs]2018-11-12T14:39:30.842+0100: 306.057: [class unloading, 0.0076461 secs]2018-11-12T14:39:30.850+0100: 306.064: [scrub symbol table, 0.0063505 secs]2018-11-12T14:39:30.856+0100: 306.071: [scrub string table, 0.0011742 secs][1 CMS-remark: 197784K(393216K)] 205095K(502464K), 0.0198339 secs] [Times: user=0.02 sys=0.00, real=0.02 secs] 
2018-11-12T14:39:30.858+0100: 306.072: Total time for which application threads were stopped: 0.0200053 seconds, Stopping threads took: 0.0000479 seconds
2018-11-12T14:39:30.858+0100: 306.072: [CMS-concurrent-sweep-start]
2018-11-12T14:39:30.948+0100: 306.162: [CMS-concurrent-sweep: 0.090/0.090 secs] [Times: user=0.19 sys=0.00, real=0.09 secs] 
2018-11-12T14:39:30.948+0100: 306.162: [CMS-concurrent-reset-start]
2018-11-12T14:39:30.949+0100: 306.163: [CMS-concurrent-reset: 0.000/0.000 secs] [Times: user=0.00 sys=0.00, real=0.00 secs] 
2018-11-12T14:39:31.011+0100: 306.225: Total time for which application threads were stopped: 0.0000937 seconds, Stopping threads took: 0.0000222 seconds
{Heap before GC invocations=321 (full 4):
 par new generation   total 109248K, used 94735K [0x00000000e0000000, 0x00000000e8000000, 0x00000000e8000000)
  eden space 87424K, 100% used [0x00000000e0000000, 0x00000000e5560000, 0x00000000e5560000)
  from space 21824K,  33% used [0x00000000e6ab0000, 0x00000000e71d3c68, 0x00000000e8000000)
  to   space 21824K,   0% used [0x00000000e5560000, 0x00000000e5560000, 0x00000000e6ab0000)
 concurrent mark-sweep generation total 393216K, used 126212K [0x00000000e8000000, 0x0000000100000000, 0x0000000100000000)
 Metaspace       used 30977K, capacity 31346K, committed 31868K, reserved 1077248K
  class space    used 3484K, capacity 3625K, committed 3708K, reserved 1048576K
2018-11-12T14:39:31.202+0100: 306.416: [GC (Allocation Failure) 2018-11-12T14:39:31.202+0100: 306.416: [ParNew
Desired survivor size 20112992 bytes, new threshold 8 (max 8)
- age   1:    2311216 bytes,    2311216 total
- age   3:    1328760 bytes,    3639976 total
- age   4:     599680 bytes,    4239656 total
- age   5:     526488 bytes,    4766144 total
- age   6:     552768 bytes,    5318912 total
- age   7:     596096 bytes,    5915008 total
- age   8:     563504 bytes,    6478512 total
: 94735K->10078K(109248K), 0.0030528 secs] 220948K->136859K(502464K), 0.0031294 secs] [Times: user=0.00 sys=0.00, real=0.00 secs] 
Heap after GC invocations=322 (full 4):
 par new generation   total 109248K, used 10078K [0x00000000e0000000, 0x00000000e8000000, 0x00000000e8000000)
  eden space 87424K,   0% used [0x00000000e0000000, 0x00000000e0000000, 0x00000000e5560000)
  from space 21824K,  46% used [0x00000000e5560000, 0x00000000e5f37bb8, 0x00000000e6ab0000)
  to   space 21824K,   0% used [0x00000000e6ab0000, 0x00000000e6ab0000, 0x00000000e8000000)
 concurrent mark-sweep generation total 393216K, used 126780K [0x00000000e8000000, 0x0000000100000000, 0x0000000100000000)
 Metaspace       used 30977K, capacity 31346K, committed 31868K, reserved 1077248K
  class space    used 3484K, capacity 3625K, committed 3708K, reserved 1048576K
}
2018-11-12T14:39:31.205+0100: 306.419: Total time for which application threads were stopped: 0.0033165 seconds, Stopping threads took: 0.0000233 seconds
2018-11-12T14:39:31.390+0100: 306.604: Total time for which application threads were stopped: 0.0001228 seconds, Stopping threads took: 0.0000373 seconds
2018-11-12T14:39:31.418+0100: 306.632: Total time for which application threads were stopped: 0.0001348 seconds, Stopping threads took: 0.0000281 seconds
{Heap before GC invocations=322 (full 4):
 par new generation   total 109248K, used 97502K [0x00000000e0000000, 0x00000000e8000000, 0x00000000e8000000)
  eden space 87424K, 100% used [0x00000000e0000000, 0x00000000e5560000, 0x00000000e5560000)
  from space 21824K,  46% used [0x00000000e5560000, 0x00000000e5f37bb8, 0x00000000e6ab0000)
  to   space 21824K,   0% used [0x00000000e6ab0000, 0x00000000e6ab0000, 0x00000000e8000000)
 concurrent mark-sweep generation total 393216K, used 126780K [0x00000000e8000000, 0x0000000100000000, 0x0000000100000000)
 Metaspace       used 30977K, capacity 31346K, committed 31868K, reserved 1077248K
  class space    used 3484K, capacity 3625K, committed 3708K, reserved 1048576K
2018-11-12T14:39:31.458+0100: 306.672: [GC (Allocation Failure) 2018-11-12T14:39:31.458+0100: 306.672: [ParNew
Desired survivor size 20112992 bytes, new threshold 8 (max 8)
- age   1:    2808256 bytes,    2808256 total
- age   2:     662320 bytes,    3470576 total
- age   4:    1078504 bytes,    4549080 total
- age   5:     596368 bytes,    5145448 total
- age   6:     526488 bytes,    5671936 total
- age   7:     552768 bytes,    6224704 total
- age   8:     596096 bytes,    6820800 total
: 97502K->8371K(109248K), 0.0030617 secs] 224283K->135702K(502464K), 0.0032560 secs] [Times: user=0.00 sys=0.00, real=0.00 secs] 
Heap after GC invocations=323 (full 4):
 par new generation   total 109248K, used 8371K [0x00000000e0000000, 0x00000000e8000000, 0x00000000e8000000)
  eden space 87424K,   0% used [0x00000000e0000000, 0x00000000e0000000, 0x00000000e5560000)
  from space 21824K,  38% used [0x00000000e6ab0000, 0x00000000e72dcfc0, 0x00000000e8000000)
  to   space 21824K,   0% used [0x00000000e5560000, 0x00000000e5560000, 0x00000000e6ab0000)
 concurrent mark-sweep generation total 393216K, used 127330K [0x00000000e8000000, 0x0000000100000000, 0x0000000100000000)
 Metaspace       used 30977K, capacity 31346K, committed 31868K, reserved 1077248K
  class space    used 3484K, capacity 3625K, committed 3708K, reserved 1048576K
}
2018-11-12T14:39:31.462+0100: 306.675: Total time for which application threads were stopped: 0.0034517 seconds, Stopping threads took: 0.0000260 seconds
{Heap before GC invocations=323 (full 4):
 par new generation   total 109248K, used 95795K [0x00000000e0000000, 0x00000000e8000000, 0x00000000e8000000)
  eden space 87424K, 100% used [0x00000000e0000000, 0x00000000e5560000, 0x00000000e5560000)
  from space 21824K,  38% used [0x00000000e6ab0000, 0x00000000e72dcfc0, 0x00000000e8000000)
  to   space 21824K,   0% used [0x00000000e5560000, 0x00000000e5560000, 0x00000000e6ab0000)
 concurrent mark-sweep generation total 393216K, used 127330K [0x00000000e8000000, 0x0000000100000000, 0x0000000100000000)
 Metaspace       used 30977K, capacity 31346K, committed 31868K, reserved 1077248K
  class space    used 3484K, capacity 3625K, committed 3708K, reserved 1048576K
2018-11-12T14:39:31.698+0100: 306.911: [GC (Allocation Failure) 2018-11-12T14:39:31.698+0100: 306.911: [ParNew
Desired survivor size 20112992 bytes, new threshold 8 (max 8)
- age   1:    1256864 bytes,    1256864 total
- age   2:    1904720 bytes,    3161584 total
- age   3:     661784 bytes,    3823368 total
- age   5:    1078504 bytes,    4901872 total
- age   6:     596056 bytes,    5497928 total
- age   7:     524408 bytes,    6022336 total
- age   8:     552768 bytes,    6575104 total
: 95795K->7586K(109248K), 0.0031270 secs] 223126K->135499K(502464K), 0.0032098 secs] [Times: user=0.00 sys=0.00, real=0.00 secs] 
Heap after GC invocations=324 (full 4):
 par new generation   total 109248K, used 7586K [0x00000000e0000000, 0x00000000e8000000, 0x00000000e8000000)
  eden space 87424K,   0% used [0x00000000e0000000, 0x00000000e0000000, 0x00000000e5560000)
  from space 21824K,  34% used [0x00000000e5560000, 0x00000000e5cc8b40, 0x00000000e6ab0000)
  to   space 21824K,   0% used [0x00000000e6ab0000, 0x00000000e6ab0000, 0x00000000e8000000)
 concurrent mark-sweep generation total 393216K, used 127912K [0x00000000e8000000, 0x0000000100000000, 0x0000000100000000)
 Metaspace       used 30977K, capacity 31346K, committed 31868K, reserved 1077248K
  class space    used 3484K, capacity 3625K, committed 3708K, reserved 1048576K
}
2018-11-12T14:39:31.701+0100: 306.915: Total time for which application threads were stopped: 0.0034606 seconds, Stopping threads took: 0.0000393 seconds
{Heap before GC invocations=324 (full 4):
 par new generation   total 109248K, used 95010K [0x00000000e0000000, 0x00000000e8000000, 0x00000000e8000000)
  eden space 87424K, 100% used [0x00000000e0000000, 0x00000000e5560000, 0x00000000e5560000)
  from space 21824K,  34% used [0x00000000e5560000, 0x00000000e5cc8b40, 0x00000000e6ab0000)
  to   space 21824K,   0% used [0x00000000e6ab0000, 0x00000000e6ab0000, 0x00000000e8000000)
 concurrent mark-sweep generation total 393216K, used 127912K [0x00000000e8000000, 0x0000000100000000, 0x0000000100000000)
 Metaspace       used 30977K, capacity 31346K, committed 31868K, reserved 1077248K
  class space    used 3484K, capacity 3625K, committed 3708K, reserved 1048576K
2018-11-12T14:39:31.928+0100: 307.143: [GC (Allocation Failure) 2018-11-12T14:39:31.928+0100: 307.143: [ParNew
Desired survivor size 20112992 bytes, new threshold 8 (max 8)
- age   1:    2495992 bytes,    2495992 total
- age   2:     851520 bytes,    3347512 total
- age   3:     493144 bytes,    3840656 total
- age   4:     661784 bytes,    4502440 total
- age   6:    1078424 bytes,    5580864 total
- age   7:     596056 bytes,    6176920 total
- age   8:     524408 bytes,    6701328 total
: 95010K->8306K(109248K), 0.0027308 secs] 222923K->136759K(502464K), 0.0028160 secs] [Times: user=0.00 sys=0.00, real=0.00 secs] 
Heap after GC invocations=325 (full 4):
 par new generation   total 109248K, used 8306K [0x00000000e0000000, 0x00000000e8000000, 0x00000000e8000000)
  eden space 87424K,   0% used [0x00000000e0000000, 0x00000000e0000000, 0x00000000e5560000)
  from space 21824K,  38% used [0x00000000e6ab0000, 0x00000000e72cc9b8, 0x00000000e8000000)
  to   space 21824K,   0% used [0x00000000e5560000, 0x00000000e5560000, 0x00000000e6ab0000)
 concurrent mark-sweep generation total 393216K, used 128452K [0x00000000e8000000, 0x0000000100000000, 0x0000000100000000)
 Metaspace       used 30977K, capacity 31346K, committed 31868K, reserved 1077248K
  class space    used 3484K, capacity 3625K, committed 3708K, reserved 1048576K
}
2018-11-12T14:39:31.931+0100: 307.146: Total time for which application threads were stopped: 0.0030237 seconds, Stopping threads took: 0.0000277 seconds
{Heap before GC invocations=325 (full 4):
 par new generation   total 109248K, used 95730K [0x00000000e0000000, 0x00000000e8000000, 0x00000000e8000000)
  eden space 87424K, 100% used [0x00000000e0000000, 0x00000000e5560000, 0x00000000e5560000)
  from space 21824K,  38% used [0x00000000e6ab0000, 0x00000000e72cc9b8, 0x00000000e8000000)
  to   space 21824K,   0% used [0x00000000e5560000, 0x00000000e5560000, 0x00000000e6ab0000)
 concurrent mark-sweep generation total 393216K, used 128452K [0x00000000e8000000, 0x0000000100000000, 0x0000000100000000)
 Metaspace       used 30977K, capacity 31346K, committed 31868K, reserved 1077248K
  class space    used 3484K, capacity 3625K, committed 3708K, reserved 1048576K
2018-11-12T14:39:32.156+0100: 307.370: [GC (Allocation Failure) 2018-11-12T14:39:32.156+0100: 307.370: [ParNew
Desired survivor size 20112992 bytes, new threshold 8 (max 8)
- age   1:    3111960 bytes,    3111960 total
- age   2:     645120 bytes,    3757080 total
- age   3:     534792 bytes,    4291872 total
- age   4:     493144 bytes,    4785016 total
- age   5:     661728 bytes,    5446744 total
- age   7:    1078424 bytes,    6525168 total
- age   8:     596056 bytes,    7121224 total
: 95730K->7866K(109248K), 0.0040251 secs] 224183K->136831K(502464K), 0.0041068 secs] [Times: user=0.00 sys=0.00, real=0.00 secs] 
Heap after GC invocations=326 (full 4):
 par new generation   total 109248K, used 7866K [0x00000000e0000000, 0x00000000e8000000, 0x00000000e8000000)
  eden space 87424K,   0% used [0x00000000e0000000, 0x00000000e0000000, 0x00000000e5560000)
  from space 21824K,  36% used [0x00000000e5560000, 0x00000000e5d0e9f0, 0x00000000e6ab0000)
  to   space 21824K,   0% used [0x00000000e6ab0000, 0x00000000e6ab0000, 0x00000000e8000000)
 concurrent mark-sweep generation total 393216K, used 128964K [0x00000000e8000000, 0x0000000100000000, 0x0000000100000000)
 Metaspace       used 30977K, capacity 31346K, committed 31868K, reserved 1077248K
  class space    used 3484K, capacity 3625K, committed 3708K, reserved 1048576K
}
2018-11-12T14:39:32.160+0100: 307.374: Total time for which application threads were stopped: 0.0043101 seconds, Stopping threads took: 0.0000229 seconds
{Heap before GC invocations=326 (full 4):
 par new generation   total 109248K, used 95290K [0x00000000e0000000, 0x00000000e8000000, 0x00000000e8000000)
  eden space 87424K, 100% used [0x00000000e0000000, 0x00000000e5560000, 0x00000000e5560000)
  from space 21824K,  36% used [0x00000000e5560000, 0x00000000e5d0e9f0, 0x00000000e6ab0000)
  to   space 21824K,   0% used [0x00000000e6ab0000, 0x00000000e6ab0000, 0x00000000e8000000)
 concurrent mark-sweep generation total 393216K, used 128964K [0x00000000e8000000, 0x0000000100000000, 0x0000000100000000)
 Metaspace       used 30977K, capacity 31346K, committed 31868K, reserved 1077248K
  class space    used 3484K, capacity 3625K, committed 3708K, reserved 1048576K
2018-11-12T14:39:32.385+0100: 307.600: [GC (Allocation Failure) 2018-11-12T14:39:32.385+0100: 307.600: [ParNew
Desired survivor size 20112992 bytes, new threshold 8 (max 8)
- age   1:    1717536 bytes,    1717536 total
- age   2:    2277896 bytes,    3995432 total
- age   3:     514384 bytes,    4509816 total
- age   4:     534792 bytes,    5044608 total
- age   5:     493144 bytes,    5537752 total
- age   6:     661728 bytes,    6199480 total
- age   8:    1078424 bytes,    7277904 total
: 95290K->9346K(109248K), 0.0052242 secs] 224255K->138893K(502464K), 0.0053313 secs] [Times: user=0.00 sys=0.00, real=0.01 secs] 
Heap after GC invocations=327 (full 4):
 par new generation   total 109248K, used 9346K [0x00000000e0000000, 0x00000000e8000000, 0x00000000e8000000)
  eden space 87424K,   0% used [0x00000000e0000000, 0x00000000e0000000, 0x00000000e5560000)
  from space 21824K,  42% used [0x00000000e6ab0000, 0x00000000e73d0828, 0x00000000e8000000)
  to   space 21824K,   0% used [0x00000000e5560000, 0x00000000e5560000, 0x00000000e6ab0000)
 concurrent mark-sweep generation total 393216K, used 129547K [0x00000000e8000000, 0x0000000100000000, 0x0000000100000000)
 Metaspace       used 30977K, capacity 31346K, committed 31868K, reserved 1077248K
  class space    used 3484K, capacity 3625K, committed 3708K, reserved 1048576K
}
2018-11-12T14:39:32.391+0100: 307.605: Total time for which application threads were stopped: 0.0056327 seconds, Stopping threads took: 0.0000414 seconds
{Heap before GC invocations=327 (full 4):
 par new generation   total 109248K, used 96770K [0x00000000e0000000, 0x00000000e8000000, 0x00000000e8000000)
  eden space 87424K, 100% used [0x00000000e0000000, 0x00000000e5560000, 0x00000000e5560000)
  from space 21824K,  42% used [0x00000000e6ab0000, 0x00000000e73d0828, 0x00000000e8000000)
  to   space 21824K,   0% used [0x00000000e5560000, 0x00000000e5560000, 0x00000000e6ab0000)
 concurrent mark-sweep generation total 393216K, used 129547K [0x00000000e8000000, 0x0000000100000000, 0x0000000100000000)
 Metaspace       used 30977K, capacity 31346K, committed 31868K, reserved 1077248K
  class space    used 3484K, capacity 3625K, committed 3708K, reserved 1048576K
2018-11-12T14:39:32.642+0100: 307.856: [GC (Allocation Failure) 2018-11-12T14:39:32.642+0100: 307.856: [ParNew
Desired survivor size 20112992 bytes, new threshold 8 (max 8)
- age   1:    3103960 bytes,    3103960 total
- age   2:    1114104 bytes,    4218064 total
- age   3:     630272 bytes,    4848336 total
- age   4:     514384 bytes,    5362720 total
- age   5:     534336 bytes,    5897056 total
- age   6:     488192 bytes,    6385248 total
- age   7:     661728 bytes,    7046976 total
: 96770K->8062K(109248K), 0.0032378 secs] 226317K->138662K(502464K), 0.0033333 secs] [Times: user=0.05 sys=0.00, real=0.00 secs] 
Heap after GC invocations=328 (full 4):
 par new generation   total 109248K, used 8062K [0x00000000e0000000, 0x00000000e8000000, 0x00000000e8000000)
  eden space 87424K,   0% used [0x00000000e0000000, 0x00000000e0000000, 0x00000000e5560000)
  from space 21824K,  36% used [0x00000000e5560000, 0x00000000e5d3f930, 0x00000000e6ab0000)
  to   space 21824K,   0% used [0x00000000e6ab0000, 0x00000000e6ab0000, 0x00000000e8000000)
 concurrent mark-sweep generation total 393216K, used 130600K [0x00000000e8000000, 0x0000000100000000, 0x0000000100000000)
 Metaspace       used 30977K, capacity 31346K, committed 31868K, reserved 1077248K
  class space    used 3484K, capacity 3625K, committed 3708K, reserved 1048576K
}
2018-11-12T14:39:32.645+0100: 307.860: Total time for which application threads were stopped: 0.0035663 seconds, Stopping threads took: 0.0000257 seconds
{Heap before GC invocations=328 (full 4):
 par new generation   total 109248K, used 95486K [0x00000000e0000000, 0x00000000e8000000, 0x00000000e8000000)
  eden space 87424K, 100% used [0x00000000e0000000, 0x00000000e5560000, 0x00000000e5560000)
  from space 21824K,  36% used [0x00000000e5560000, 0x00000000e5d3f930, 0x00000000e6ab0000)
  to   space 21824K,   0% used [0x00000000e6ab0000, 0x00000000e6ab0000, 0x00000000e8000000)
 concurrent mark-sweep generation total 393216K, used 130600K [0x00000000e8000000, 0x0000000100000000, 0x0000000100000000)
 Metaspace       used 30977K, capacity 31346K, committed 31868K, reserved 1077248K
  class space    used 3484K, capacity 3625K, committed 3708K, reserved 1048576K
2018-11-12T14:39:32.881+0100: 308.096: [GC (Allocation Failure) 2018-11-12T14:39:32.881+0100: 308.096: [ParNew
Desired survivor size 20112992 bytes, new threshold 8 (max 8)
- age   1:    2446040 bytes,    2446040 total
- age   2:    2385448 bytes,    4831488 total
- age   3:     705056 bytes,    5536544 total
- age   4:     630272 bytes,    6166816 total
- age   5:     514384 bytes,    6681200 total
- age   6:     534312 bytes,    7215512 total
- age   7:     488168 bytes,    7703680 total
- age   8:     661728 bytes,    8365408 total
: 95486K->10809K(109248K), 0.0032385 secs] 226086K->141410K(502464K), 0.0033220 secs] [Times: user=0.00 sys=0.00, real=0.00 secs] 
Heap after GC invocations=329 (full 4):
 par new generation   total 109248K, used 10809K [0x00000000e0000000, 0x00000000e8000000, 0x00000000e8000000)
  eden space 87424K,   0% used [0x00000000e0000000, 0x00000000e0000000, 0x00000000e5560000)
  from space 21824K,  49% used [0x00000000e6ab0000, 0x00000000e753e7f8, 0x00000000e8000000)
  to   space 21824K,   0% used [0x00000000e5560000, 0x00000000e5560000, 0x00000000e6ab0000)
 concurrent mark-sweep generation total 393216K, used 130600K [0x00000000e8000000, 0x0000000100000000, 0x0000000100000000)
 Metaspace       used 30977K, capacity 31346K, committed 31868K, reserved 1077248K
  class space    used 3484K, capacity 3625K, committed 3708K, reserved 1048576K
}
2018-11-12T14:39:32.885+0100: 308.099: Total time for which application threads were stopped: 0.0035276 seconds, Stopping threads took: 0.0000250 seconds
2018-11-12T14:39:32.919+0100: 308.134: Total time for which application threads were stopped: 0.0001016 seconds, Stopping threads took: 0.0000246 seconds
2018-11-12T14:39:32.996+0100: 308.210: Total time for which application threads were stopped: 0.0001071 seconds, Stopping threads took: 0.0000239 seconds
{Heap before GC invocations=329 (full 4):
 par new generation   total 109248K, used 98233K [0x00000000e0000000, 0x00000000e8000000, 0x00000000e8000000)
  eden space 87424K, 100% used [0x00000000e0000000, 0x00000000e5560000, 0x00000000e5560000)
  from space 21824K,  49% used [0x00000000e6ab0000, 0x00000000e753e7f8, 0x00000000e8000000)
  to   space 21824K,   0% used [0x00000000e5560000, 0x00000000e5560000, 0x00000000e6ab0000)
 concurrent mark-sweep generation total 393216K, used 130600K [0x00000000e8000000, 0x0000000100000000, 0x0000000100000000)
 Metaspace       used 30977K, capacity 31346K, committed 31868K, reserved 1077248K
  class space    used 3484K, capacity 3625K, committed 3708K, reserved 1048576K
2018-11-12T14:39:33.113+0100: 308.328: [GC (Allocation Failure) 2018-11-12T14:39:33.114+0100: 308.328: [ParNew
Desired survivor size 20112992 bytes, new threshold 8 (max 8)
- age   1:    3243264 bytes,    3243264 total
- age   2:    2036712 bytes,    5279976 total
- age   3:     531912 bytes,    5811888 total
- age   4:     566184 bytes,    6378072 total
- age   5:     630216 bytes,    7008288 total
- age   6:     514280 bytes,    7522568 total
- age   7:     534312 bytes,    8056880 total
- age   8:     488168 bytes,    8545048 total
: 98233K->10388K(109248K), 0.0031633 secs] 228834K->141633K(502464K), 0.0032724 secs] [Times: user=0.00 sys=0.00, real=0.00 secs] 
Heap after GC invocations=330 (full 4):
 par new generation   total 109248K, used 10388K [0x00000000e0000000, 0x00000000e8000000, 0x00000000e8000000)
  eden space 87424K,   0% used [0x00000000e0000000, 0x00000000e0000000, 0x00000000e5560000)
  from space 21824K,  47% used [0x00000000e5560000, 0x00000000e5f85350, 0x00000000e6ab0000)
  to   space 21824K,   0% used [0x00000000e6ab0000, 0x00000000e6ab0000, 0x00000000e8000000)
 concurrent mark-sweep generation total 393216K, used 131244K [0x00000000e8000000, 0x0000000100000000, 0x0000000100000000)
 Metaspace       used 30977K, capacity 31346K, committed 31868K, reserved 1077248K
  class space    used 3484K, capacity 3625K, committed 3708K, reserved 1048576K
}
2018-11-12T14:39:33.117+0100: 308.332: Total time for which application threads were stopped: 0.0034729 seconds, Stopping threads took: 0.0000352 seconds
{Heap before GC invocations=330 (full 4):
 par new generation   total 109248K, used 97812K [0x00000000e0000000, 0x00000000e8000000, 0x00000000e8000000)
  eden space 87424K, 100% used [0x00000000e0000000, 0x00000000e5560000, 0x00000000e5560000)
  from space 21824K,  47% used [0x00000000e5560000, 0x00000000e5f85350, 0x00000000e6ab0000)
  to   space 21824K,   0% used [0x00000000e6ab0000, 0x00000000e6ab0000, 0x00000000e8000000)
 concurrent mark-sweep generation total 393216K, used 131244K [0x00000000e8000000, 0x0000000100000000, 0x0000000100000000)
 Metaspace       used 30977K, capacity 31346K, committed 31868K, reserved 1077248K
  class space    used 3484K, capacity 3625K, committed 3708K, reserved 1048576K
2018-11-12T14:39:33.343+0100: 308.557: [GC (Allocation Failure) 2018-11-12T14:39:33.343+0100: 308.557: [ParNew
Desired survivor size 20112992 bytes, new threshold 8 (max 8)
- age   1:    1503672 bytes,    1503672 total
- age   2:    2800584 bytes,    4304256 total
- age   3:    1576568 bytes,    5880824 total
- age   4:     531912 bytes,    6412736 total
- age   5:     566184 bytes,    6978920 total
- age   6:     630216 bytes,    7609136 total
- age   7:     514280 bytes,    8123416 total
- age   8:     534312 bytes,    8657728 total
: 97812K->9034K(109248K), 0.0031393 secs] 229057K->140756K(502464K), 0.0032204 secs] [Times: user=0.00 sys=0.00, real=0.00 secs] 
Heap after GC invocations=331 (full 4):
 par new generation   total 109248K, used 9034K [0x00000000e0000000, 0x00000000e8000000, 0x00000000e8000000)
  eden space 87424K,   0% used [0x00000000e0000000, 0x00000000e0000000, 0x00000000e5560000)
  from space 21824K,  41% used [0x00000000e6ab0000, 0x00000000e7382af8, 0x00000000e8000000)
  to   space 21824K,   0% used [0x00000000e5560000, 0x00000000e5560000, 0x00000000e6ab0000)
 concurrent mark-sweep generation total 393216K, used 131721K [0x00000000e8000000, 0x0000000100000000, 0x0000000100000000)
 Metaspace       used 30977K, capacity 31346K, committed 31868K, reserved 1077248K
  class space    used 3484K, capacity 3625K, committed 3708K, reserved 1048576K
}
2018-11-12T14:39:33.346+0100: 308.560: Total time for which application threads were stopped: 0.0034161 seconds, Stopping threads took: 0.0000253 seconds
2018-11-12T14:39:33.459+0100: 308.673: Total time for which application threads were stopped: 0.0001040 seconds, Stopping threads took: 0.0000236 seconds
{Heap before GC invocations=331 (full 4):
 par new generation   total 109248K, used 96458K [0x00000000e0000000, 0x00000000e8000000, 0x00000000e8000000)
  eden space 87424K, 100% used [0x00000000e0000000, 0x00000000e5560000, 0x00000000e5560000)
  from space 21824K,  41% used [0x00000000e6ab0000, 0x00000000e7382af8, 0x00000000e8000000)
  to   space 21824K,   0% used [0x00000000e5560000, 0x00000000e5560000, 0x00000000e6ab0000)
 concurrent mark-sweep generation total 393216K, used 131721K [0x00000000e8000000, 0x0000000100000000, 0x0000000100000000)
 Metaspace       used 30977K, capacity 31346K, committed 31868K, reserved 1077248K
  class space    used 3484K, capacity 3625K, committed 3708K, reserved 1048576K
2018-11-12T14:39:33.589+0100: 308.803: [GC (Allocation Failure) 2018-11-12T14:39:33.589+0100: 308.803: [ParNew
Desired survivor size 20112992 bytes, new threshold 8 (max 8)
- age   1:    3523912 bytes,    3523912 total
- age   2:    1080944 bytes,    4604856 total
- age   3:     715320 bytes,    5320176 total
- age   4:    1576568 bytes,    6896744 total
- age   5:     531912 bytes,    7428656 total
- age   6:     566184 bytes,    7994840 total
- age   7:     630216 bytes,    8625056 total
- age   8:     514280 bytes,    9139336 total
: 96458K->12217K(109248K), 0.0031585 secs] 228180K->144460K(502464K), 0.0032461 secs] [Times: user=0.00 sys=0.00, real=0.00 secs] 
Heap after GC invocations=332 (full 4):
 par new generation   total 109248K, used 12217K [0x00000000e0000000, 0x00000000e8000000, 0x00000000e8000000)
  eden space 87424K,   0% used [0x00000000e0000000, 0x00000000e0000000, 0x00000000e5560000)
  from space 21824K,  55% used [0x00000000e5560000, 0x00000000e614e5b0, 0x00000000e6ab0000)
  to   space 21824K,   0% used [0x00000000e6ab0000, 0x00000000e6ab0000, 0x00000000e8000000)
 concurrent mark-sweep generation total 393216K, used 132243K [0x00000000e8000000, 0x0000000100000000, 0x0000000100000000)
 Metaspace       used 30977K, capacity 31346K, committed 31868K, reserved 1077248K
  class space    used 3484K, capacity 3625K, committed 3708K, reserved 1048576K
}
2018-11-12T14:39:33.592+0100: 308.806: Total time for which application threads were stopped: 0.0034428 seconds, Stopping threads took: 0.0000257 seconds
{Heap before GC invocations=332 (full 4):
 par new generation   total 109248K, used 99641K [0x00000000e0000000, 0x00000000e8000000, 0x00000000e8000000)
  eden space 87424K, 100% used [0x00000000e0000000, 0x00000000e5560000, 0x00000000e5560000)
  from space 21824K,  55% used [0x00000000e5560000, 0x00000000e614e5b0, 0x00000000e6ab0000)
  to   space 21824K,   0% used [0x00000000e6ab0000, 0x00000000e6ab0000, 0x00000000e8000000)
 concurrent mark-sweep generation total 393216K, used 132243K [0x00000000e8000000, 0x0000000100000000, 0x0000000100000000)
 Metaspace       used 30977K, capacity 31346K, committed 31868K, reserved 1077248K
  class space    used 3484K, capacity 3625K, committed 3708K, reserved 1048576K
2018-11-12T14:39:33.847+0100: 309.061: [GC (Allocation Failure) 2018-11-12T14:39:33.847+0100: 309.061: [ParNew
Desired survivor size 20112992 bytes, new threshold 8 (max 8)
- age   1:    1184248 bytes,    1184248 total
- age   2:    3092824 bytes,    4277072 total
- age   3:    1070664 bytes,    5347736 total
- age   4:     559088 bytes,    5906824 total
- age   5:    1576568 bytes,    7483392 total
- age   6:     531912 bytes,    8015304 total
- age   7:     566160 bytes,    8581464 total
- age   8:     630216 bytes,    9211680 total
: 99641K->10650K(109248K), 0.0029799 secs] 231884K->143396K(502464K), 0.0030719 secs] [Times: user=0.06 sys=0.00, real=0.00 secs] 
Heap after GC invocations=333 (full 4):
 par new generation   total 109248K, used 10650K [0x00000000e0000000, 0x00000000e8000000, 0x00000000e8000000)
  eden space 87424K,   0% used [0x00000000e0000000, 0x00000000e0000000, 0x00000000e5560000)
  from space 21824K,  48% used [0x00000000e6ab0000, 0x00000000e7516ae0, 0x00000000e8000000)
  to   space 21824K,   0% used [0x00000000e5560000, 0x00000000e5560000, 0x00000000e6ab0000)
 concurrent mark-sweep generation total 393216K, used 132745K [0x00000000e8000000, 0x0000000100000000, 0x0000000100000000)
 Metaspace       used 30977K, capacity 31346K, committed 31868K, reserved 1077248K
  class space    used 3484K, capacity 3625K, committed 3708K, reserved 1048576K
}
2018-11-12T14:39:33.850+0100: 309.064: Total time for which application threads were stopped: 0.0033011 seconds, Stopping threads took: 0.0000277 seconds
{Heap before GC invocations=333 (full 4):
 par new generation   total 109248K, used 98074K [0x00000000e0000000, 0x00000000e8000000, 0x00000000e8000000)
  eden space 87424K, 100% used [0x00000000e0000000, 0x00000000e5560000, 0x00000000e5560000)
  from space 21824K,  48% used [0x00000000e6ab0000, 0x00000000e7516ae0, 0x00000000e8000000)
  to   space 21824K,   0% used [0x00000000e5560000, 0x00000000e5560000, 0x00000000e6ab0000)
 concurrent mark-sweep generation total 393216K, used 132745K [0x00000000e8000000, 0x0000000100000000, 0x0000000100000000)
 Metaspace       used 30977K, capacity 31346K, committed 31868K, reserved 1077248K
  class space    used 3484K, capacity 3625K, committed 3708K, reserved 1048576K
2018-11-12T14:39:34.089+0100: 309.303: [GC (Allocation Failure) 2018-11-12T14:39:34.089+0100: 309.303: [ParNew
Desired survivor size 20112992 bytes, new threshold 8 (max 8)
- age   1:    4560056 bytes,    4560056 total
- age   2:     748120 bytes,    5308176 total
- age   3:     746936 bytes,    6055112 total
- age   4:     563312 bytes,    6618424 total
- age   5:     559032 bytes,    7177456 total
- age   6:    1576568 bytes,    8754024 total
- age   7:     531912 bytes,    9285936 total
- age   8:     566160 bytes,    9852096 total
: 98074K->11819K(109248K), 0.0032307 secs] 230820K->145181K(502464K), 0.0033203 secs] [Times: user=0.00 sys=0.00, real=0.00 secs] 
Heap after GC invocations=334 (full 4):
 par new generation   total 109248K, used 11819K [0x00000000e0000000, 0x00000000e8000000, 0x00000000e8000000)
  eden space 87424K,   0% used [0x00000000e0000000, 0x00000000e0000000, 0x00000000e5560000)
  from space 21824K,  54% used [0x00000000e5560000, 0x00000000e60eafc8, 0x00000000e6ab0000)
  to   space 21824K,   0% used [0x00000000e6ab0000, 0x00000000e6ab0000, 0x00000000e8000000)
 concurrent mark-sweep generation total 393216K, used 133361K [0x00000000e8000000, 0x0000000100000000, 0x0000000100000000)
 Metaspace       used 30977K, capacity 31346K, committed 31868K, reserved 1077248K
  class space    used 3484K, capacity 3625K, committed 3708K, reserved 1048576K
}
2018-11-12T14:39:34.092+0100: 309.306: Total time for which application threads were stopped: 0.0035215 seconds, Stopping threads took: 0.0000250 seconds
2018-11-12T14:39:34.220+0100: 309.434: Total time for which application threads were stopped: 0.0001002 seconds, Stopping threads took: 0.0000250 seconds
{Heap before GC invocations=334 (full 4):
 par new generation   total 109248K, used 99243K [0x00000000e0000000, 0x00000000e8000000, 0x00000000e8000000)
  eden space 87424K, 100% used [0x00000000e0000000, 0x00000000e5560000, 0x00000000e5560000)
  from space 21824K,  54% used [0x00000000e5560000, 0x00000000e60eafc8, 0x00000000e6ab0000)
  to   space 21824K,   0% used [0x00000000e6ab0000, 0x00000000e6ab0000, 0x00000000e8000000)
 concurrent mark-sweep generation total 393216K, used 133361K [0x00000000e8000000, 0x0000000100000000, 0x0000000100000000)
 Metaspace       used 30977K, capacity 31346K, committed 31868K, reserved 1077248K
  class space    used 3484K, capacity 3625K, committed 3708K, reserved 1048576K
2018-11-12T14:39:34.310+0100: 309.524: [GC (Allocation Failure) 2018-11-12T14:39:34.310+0100: 309.524: [ParNew
Desired survivor size 20112992 bytes, new threshold 8 (max 8)
- age   1:     947448 bytes,     947448 total
- age   2:    3797440 bytes,    4744888 total
- age   3:     748120 bytes,    5493008 total
- age   4:     746936 bytes,    6239944 total
- age   5:     563312 bytes,    6803256 total
- age   6:     559032 bytes,    7362288 total
- age   7:    1576568 bytes,    8938856 total
- age   8:     524488 bytes,    9463344 total
: 99243K->10609K(109248K), 0.0033302 secs] 232605K->144523K(502464K), 0.0034250 secs] [Times: user=0.00 sys=0.00, real=0.00 secs] 
Heap after GC invocations=335 (full 4):
 par new generation   total 109248K, used 10609K [0x00000000e0000000, 0x00000000e8000000, 0x00000000e8000000)
  eden space 87424K,   0% used [0x00000000e0000000, 0x00000000e0000000, 0x00000000e5560000)
  from space 21824K,  48% used [0x00000000e6ab0000, 0x00000000e750c430, 0x00000000e8000000)
  to   space 21824K,   0% used [0x00000000e5560000, 0x00000000e5560000, 0x00000000e6ab0000)
 concurrent mark-sweep generation total 393216K, used 133914K [0x00000000e8000000, 0x0000000100000000, 0x0000000100000000)
 Metaspace       used 30977K, capacity 31346K, committed 31868K, reserved 1077248K
  class space    used 3484K, capacity 3625K, committed 3708K, reserved 1048576K
}
2018-11-12T14:39:34.313+0100: 309.527: Total time for which application threads were stopped: 0.0036320 seconds, Stopping threads took: 0.0000304 seconds
{Heap before GC invocations=335 (full 4):
 par new generation   total 109248K, used 98033K [0x00000000e0000000, 0x00000000e8000000, 0x00000000e8000000)
  eden space 87424K, 100% used [0x00000000e0000000, 0x00000000e5560000, 0x00000000e5560000)
  from space 21824K,  48% used [0x00000000e6ab0000, 0x00000000e750c430, 0x00000000e8000000)
  to   space 21824K,   0% used [0x00000000e5560000, 0x00000000e5560000, 0x00000000e6ab0000)
 concurrent mark-sweep generation total 393216K, used 133914K [0x00000000e8000000, 0x0000000100000000, 0x0000000100000000)
 Metaspace       used 30977K, capacity 31346K, committed 31868K, reserved 1077248K
  class space    used 3484K, capacity 3625K, committed 3708K, reserved 1048576K
2018-11-12T14:39:34.533+0100: 309.748: [GC (Allocation Failure) 2018-11-12T14:39:34.533+0100: 309.748: [ParNew
Desired survivor size 20112992 bytes, new threshold 8 (max 8)
- age   1:    1694056 bytes,    1694056 total
- age   2:     541584 bytes,    2235640 total
- age   3:    3226640 bytes,    5462280 total
- age   4:     747008 bytes,    6209288 total
- age   5:     746936 bytes,    6956224 total
- age   6:     563312 bytes,    7519536 total
- age   7:     559032 bytes,    8078568 total
- age   8:    1576568 bytes,    9655136 total
: 98033K->12099K(109248K), 0.0031373 secs] 231947K->146526K(502464K), 0.0032183 secs] [Times: user=0.05 sys=0.00, real=0.00 secs] 
Heap after GC invocations=336 (full 4):
 par new generation   total 109248K, used 12099K [0x00000000e0000000, 0x00000000e8000000, 0x00000000e8000000)
  eden space 87424K,   0% used [0x00000000e0000000, 0x00000000e0000000, 0x00000000e5560000)
  from space 21824K,  55% used [0x00000000e5560000, 0x00000000e6130fb0, 0x00000000e6ab0000)
  to   space 21824K,   0% used [0x00000000e6ab0000, 0x00000000e6ab0000, 0x00000000e8000000)
 concurrent mark-sweep generation total 393216K, used 134426K [0x00000000e8000000, 0x0000000100000000, 0x0000000100000000)
 Metaspace       used 30977K, capacity 31346K, committed 31868K, reserved 1077248K
  class space    used 3484K, capacity 3625K, committed 3708K, reserved 1048576K
}
2018-11-12T14:39:34.536+0100: 309.751: Total time for which application threads were stopped: 0.0034178 seconds, Stopping threads took: 0.0000260 seconds
{Heap before GC invocations=336 (full 4):
 par new generation   total 109248K, used 99523K [0x00000000e0000000, 0x00000000e8000000, 0x00000000e8000000)
  eden space 87424K, 100% used [0x00000000e0000000, 0x00000000e5560000, 0x00000000e5560000)
  from space 21824K,  55% used [0x00000000e5560000, 0x00000000e6130fb0, 0x00000000e6ab0000)
  to   space 21824K,   0% used [0x00000000e6ab0000, 0x00000000e6ab0000, 0x00000000e8000000)
 concurrent mark-sweep generation total 393216K, used 134426K [0x00000000e8000000, 0x0000000100000000, 0x0000000100000000)
 Metaspace       used 30977K, capacity 31346K, committed 31868K, reserved 1077248K
  class space    used 3484K, capacity 3625K, committed 3708K, reserved 1048576K
2018-11-12T14:39:34.748+0100: 309.963: [GC (Allocation Failure) 2018-11-12T14:39:34.748+0100: 309.963: [ParNew
Desired survivor size 20112992 bytes, new threshold 8 (max 8)
- age   1:    3850592 bytes,    3850592 total
- age   2:    1195088 bytes,    5045680 total
- age   3:     541584 bytes,    5587264 total
- age   4:     575704 bytes,    6162968 total
- age   5:     747008 bytes,    6909976 total
- age   6:     746936 bytes,    7656912 total
- age   7:     563288 bytes,    8220200 total
- age   8:     559032 bytes,    8779232 total
: 99523K->10363K(109248K), 0.0036306 secs] 233950K->146329K(502464K), 0.0037059 secs] [Times: user=0.00 sys=0.00, real=0.00 secs] 
Heap after GC invocations=337 (full 4):
 par new generation   total 109248K, used 10363K [0x00000000e0000000, 0x00000000e8000000, 0x00000000e8000000)
  eden space 87424K,   0% used [0x00000000e0000000, 0x00000000e0000000, 0x00000000e5560000)
  from space 21824K,  47% used [0x00000000e6ab0000, 0x00000000e74cece8, 0x00000000e8000000)
  to   space 21824K,   0% used [0x00000000e5560000, 0x00000000e5560000, 0x00000000e6ab0000)
 concurrent mark-sweep generation total 393216K, used 135966K [0x00000000e8000000, 0x0000000100000000, 0x0000000100000000)
 Metaspace       used 30977K, capacity 31346K, committed 31868K, reserved 1077248K
  class space    used 3484K, capacity 3625K, committed 3708K, reserved 1048576K
}
2018-11-12T14:39:34.752+0100: 309.966: Total time for which application threads were stopped: 0.0039655 seconds, Stopping threads took: 0.0000582 seconds
{Heap before GC invocations=337 (full 4):
 par new generation   total 109248K, used 97787K [0x00000000e0000000, 0x00000000e8000000, 0x00000000e8000000)
  eden space 87424K, 100% used [0x00000000e0000000, 0x00000000e5560000, 0x00000000e5560000)
  from space 21824K,  47% used [0x00000000e6ab0000, 0x00000000e74cece8, 0x00000000e8000000)
  to   space 21824K,   0% used [0x00000000e5560000, 0x00000000e5560000, 0x00000000e6ab0000)
 concurrent mark-sweep generation total 393216K, used 135966K [0x00000000e8000000, 0x0000000100000000, 0x0000000100000000)
 Metaspace       used 30977K, capacity 31346K, committed 31868K, reserved 1077248K
  class space    used 3484K, capacity 3625K, committed 3708K, reserved 1048576K
2018-11-12T14:39:35.001+0100: 310.215: [GC (Allocation Failure) 2018-11-12T14:39:35.001+0100: 310.215: [ParNew
Desired survivor size 20112992 bytes, new threshold 8 (max 8)
- age   1:    1339456 bytes,    1339456 total
- age   2:    3504096 bytes,    4843552 total
- age   3:    1195088 bytes,    6038640 total
- age   4:     541584 bytes,    6580224 total
- age   5:     575704 bytes,    7155928 total
- age   6:     571232 bytes,    7727160 total
- age   7:     746936 bytes,    8474096 total
- age   8:     563264 bytes,    9037360 total
: 97787K->11022K(109248K), 0.0033969 secs] 233753K->147535K(502464K), 0.0034794 secs] [Times: user=0.05 sys=0.00, real=0.00 secs] 
Heap after GC invocations=338 (full 4):
 par new generation   total 109248K, used 11022K [0x00000000e0000000, 0x00000000e8000000, 0x00000000e8000000)
  eden space 87424K,   0% used [0x00000000e0000000, 0x00000000e0000000, 0x00000000e5560000)
  from space 21824K,  50% used [0x00000000e5560000, 0x00000000e6023ad0, 0x00000000e6ab0000)
  to   space 21824K,   0% used [0x00000000e6ab0000, 0x00000000e6ab0000, 0x00000000e8000000)
 concurrent mark-sweep generation total 393216K, used 136512K [0x00000000e8000000, 0x0000000100000000, 0x0000000100000000)
 Metaspace       used 30977K, capacity 31346K, committed 31868K, reserved 1077248K
  class space    used 3484K, capacity 3625K, committed 3708K, reserved 1048576K
}
2018-11-12T14:39:35.005+0100: 310.219: Total time for which application threads were stopped: 0.0036768 seconds, Stopping threads took: 0.0000250 seconds
{Heap before GC invocations=338 (full 4):
 par new generation   total 109248K, used 98446K [0x00000000e0000000, 0x00000000e8000000, 0x00000000e8000000)
  eden space 87424K, 100% used [0x00000000e0000000, 0x00000000e5560000, 0x00000000e5560000)
  from space 21824K,  50% used [0x00000000e5560000, 0x00000000e6023ad0, 0x00000000e6ab0000)
  to   space 21824K,   0% used [0x00000000e6ab0000, 0x00000000e6ab0000, 0x00000000e8000000)
 concurrent mark-sweep generation total 393216K, used 136512K [0x00000000e8000000, 0x0000000100000000, 0x0000000100000000)
 Metaspace       used 30977K, capacity 31346K, committed 31868K, reserved 1077248K
  class space    used 3484K, capacity 3625K, committed 3708K, reserved 1048576K
2018-11-12T14:39:35.238+0100: 310.452: [GC (Allocation Failure) 2018-11-12T14:39:35.238+0100: 310.452: [ParNew
Desired survivor size 20112992 bytes, new threshold 8 (max 8)
- age   1:     993320 bytes,     993320 total
- age   2:     736080 bytes,    1729400 total
- age   3:    3504096 bytes,    5233496 total
- age   4:    1193832 bytes,    6427328 total
- age   5:     541584 bytes,    6968912 total
- age   6:     575648 bytes,    7544560 total
- age   7:     571232 bytes,    8115792 total
- age   8:     746936 bytes,    8862728 total
: 98446K->11036K(109248K), 0.0031424 secs] 234959K->148099K(502464K), 0.0032290 secs] [Times: user=0.00 sys=0.00, real=0.00 secs] 
Heap after GC invocations=339 (full 4):
 par new generation   total 109248K, used 11036K [0x00000000e0000000, 0x00000000e8000000, 0x00000000e8000000)
  eden space 87424K,   0% used [0x00000000e0000000, 0x00000000e0000000, 0x00000000e5560000)
  from space 21824K,  50% used [0x00000000e6ab0000, 0x00000000e75771a8, 0x00000000e8000000)
  to   space 21824K,   0% used [0x00000000e5560000, 0x00000000e5560000, 0x00000000e6ab0000)
 concurrent mark-sweep generation total 393216K, used 137063K [0x00000000e8000000, 0x0000000100000000, 0x0000000100000000)
 Metaspace       used 30977K, capacity 31346K, committed 31868K, reserved 1077248K
  class space    used 3484K, capacity 3625K, committed 3708K, reserved 1048576K
}
2018-11-12T14:39:35.242+0100: 310.456: Total time for which application threads were stopped: 0.0034246 seconds, Stopping threads took: 0.0000328 seconds
2018-11-12T14:39:35.305+0100: 310.519: Total time for which application threads were stopped: 0.0002973 seconds, Stopping threads took: 0.0000229 seconds
{Heap before GC invocations=339 (full 4):
 par new generation   total 109248K, used 98460K [0x00000000e0000000, 0x00000000e8000000, 0x00000000e8000000)
  eden space 87424K, 100% used [0x00000000e0000000, 0x00000000e5560000, 0x00000000e5560000)
  from space 21824K,  50% used [0x00000000e6ab0000, 0x00000000e75771a8, 0x00000000e8000000)
  to   space 21824K,   0% used [0x00000000e5560000, 0x00000000e5560000, 0x00000000e6ab0000)
 concurrent mark-sweep generation total 393216K, used 137063K [0x00000000e8000000, 0x0000000100000000, 0x0000000100000000)
 Metaspace       used 30977K, capacity 31346K, committed 31868K, reserved 1077248K
  class space    used 3484K, capacity 3625K, committed 3708K, reserved 1048576K
2018-11-12T14:39:35.457+0100: 310.671: [GC (Allocation Failure) 2018-11-12T14:39:35.457+0100: 310.671: [ParNew
Desired survivor size 20112992 bytes, new threshold 8 (max 8)
- age   1:    5040752 bytes,    5040752 total
- age   2:     564224 bytes,    5604976 total
- age   3:     736080 bytes,    6341056 total
- age   4:     528392 bytes,    6869448 total
- age   5:     551688 bytes,    7421136 total
- age   6:     541584 bytes,    7962720 total
- age   7:     575648 bytes,    8538368 total
- age   8:     571232 bytes,    9109600 total
: 98460K->10489K(109248K), 0.0033911 secs] 235523K->148282K(502464K), 0.0034907 secs] [Times: user=0.00 sys=0.00, real=0.00 secs] 
Heap after GC invocations=340 (full 4):
 par new generation   total 109248K, used 10489K [0x00000000e0000000, 0x00000000e8000000, 0x00000000e8000000)
  eden space 87424K,   0% used [0x00000000e0000000, 0x00000000e0000000, 0x00000000e5560000)
  from space 21824K,  48% used [0x00000000e5560000, 0x00000000e5f9e5a8, 0x00000000e6ab0000)
  to   space 21824K,   0% used [0x00000000e6ab0000, 0x00000000e6ab0000, 0x00000000e8000000)
 concurrent mark-sweep generation total 393216K, used 137792K [0x00000000e8000000, 0x0000000100000000, 0x0000000100000000)
 Metaspace       used 30977K, capacity 31346K, committed 31868K, reserved 1077248K
  class space    used 3484K, capacity 3625K, committed 3708K, reserved 1048576K
}
2018-11-12T14:39:35.461+0100: 310.674: Total time for which application threads were stopped: 0.0037079 seconds, Stopping threads took: 0.0000253 seconds
{Heap before GC invocations=340 (full 4):
 par new generation   total 109248K, used 97913K [0x00000000e0000000, 0x00000000e8000000, 0x00000000e8000000)
  eden space 87424K, 100% used [0x00000000e0000000, 0x00000000e5560000, 0x00000000e5560000)
  from space 21824K,  48% used [0x00000000e5560000, 0x00000000e5f9e5a8, 0x00000000e6ab0000)
  to   space 21824K,   0% used [0x00000000e6ab0000, 0x00000000e6ab0000, 0x00000000e8000000)
 concurrent mark-sweep generation total 393216K, used 137792K [0x00000000e8000000, 0x0000000100000000, 0x0000000100000000)
 Metaspace       used 30977K, capacity 31346K, committed 31868K, reserved 1077248K
  class space    used 3484K, capacity 3625K, committed 3708K, reserved 1048576K
2018-11-12T14:39:35.695+0100: 310.909: [GC (Allocation Failure) 2018-11-12T14:39:35.695+0100: 310.909: [ParNew
Desired survivor size 20112992 bytes, new threshold 8 (max 8)
- age   1:     931824 bytes,     931824 total
- age   2:    4599712 bytes,    5531536 total
- age   3:     564224 bytes,    6095760 total
- age   4:     736080 bytes,    6831840 total
- age   5:     521744 bytes,    7353584 total
- age   6:     551688 bytes,    7905272 total
- age   7:     541584 bytes,    8446856 total
- age   8:     575648 bytes,    9022504 total
: 97913K->10474K(109248K), 0.0036330 secs] 235706K->148825K(502464K), 0.0037373 secs] [Times: user=0.00 sys=0.00, real=0.00 secs] 
Heap after GC invocations=341 (full 4):
 par new generation   total 109248K, used 10474K [0x00000000e0000000, 0x00000000e8000000, 0x00000000e8000000)
  eden space 87424K,   0% used [0x00000000e0000000, 0x00000000e0000000, 0x00000000e5560000)
  from space 21824K,  47% used [0x00000000e6ab0000, 0x00000000e74ea9e0, 0x00000000e8000000)
  to   space 21824K,   0% used [0x00000000e5560000, 0x00000000e5560000, 0x00000000e6ab0000)
 concurrent mark-sweep generation total 393216K, used 138350K [0x00000000e8000000, 0x0000000100000000, 0x0000000100000000)
 Metaspace       used 30977K, capacity 31346K, committed 31868K, reserved 1077248K
  class space    used 3484K, capacity 3625K, committed 3708K, reserved 1048576K
}
2018-11-12T14:39:35.699+0100: 310.913: Total time for which application threads were stopped: 0.0039803 seconds, Stopping threads took: 0.0000339 seconds
{Heap before GC invocations=341 (full 4):
 par new generation   total 109248K, used 97898K [0x00000000e0000000, 0x00000000e8000000, 0x00000000e8000000)
  eden space 87424K, 100% used [0x00000000e0000000, 0x00000000e5560000, 0x00000000e5560000)
  from space 21824K,  47% used [0x00000000e6ab0000, 0x00000000e74ea9e0, 0x00000000e8000000)
  to   space 21824K,   0% used [0x00000000e5560000, 0x00000000e5560000, 0x00000000e6ab0000)
 concurrent mark-sweep generation total 393216K, used 138350K [0x00000000e8000000, 0x0000000100000000, 0x0000000100000000)
 Metaspace       used 30977K, capacity 31346K, committed 31868K, reserved 1077248K
  class space    used 3484K, capacity 3625K, committed 3708K, reserved 1048576K
2018-11-12T14:39:35.935+0100: 311.149: [GC (Allocation Failure) 2018-11-12T14:39:35.935+0100: 311.149: [ParNew
Desired survivor size 20112992 bytes, new threshold 8 (max 8)
- age   1:     915176 bytes,     915176 total
- age   2:     511792 bytes,    1426968 total
- age   3:    4599712 bytes,    6026680 total
- age   4:     562808 bytes,    6589488 total
- age   5:     736080 bytes,    7325568 total
- age   6:     521744 bytes,    7847312 total
- age   7:     551688 bytes,    8399000 total
- age   8:     541584 bytes,    8940584 total
: 97898K->12298K(109248K), 0.0032163 secs] 236249K->151211K(502464K), 0.0033111 secs] [Times: user=0.00 sys=0.00, real=0.00 secs] 
Heap after GC invocations=342 (full 4):
 par new generation   total 109248K, used 12298K [0x00000000e0000000, 0x00000000e8000000, 0x00000000e8000000)
  eden space 87424K,   0% used [0x00000000e0000000, 0x00000000e0000000, 0x00000000e5560000)
  from space 21824K,  56% used [0x00000000e5560000, 0x00000000e6162858, 0x00000000e6ab0000)
  to   space 21824K,   0% used [0x00000000e6ab0000, 0x00000000e6ab0000, 0x00000000e8000000)
 concurrent mark-sweep generation total 393216K, used 138913K [0x00000000e8000000, 0x0000000100000000, 0x0000000100000000)
 Metaspace       used 30977K, capacity 31346K, committed 31868K, reserved 1077248K
  class space    used 3484K, capacity 3625K, committed 3708K, reserved 1048576K
}
2018-11-12T14:39:35.938+0100: 311.153: Total time for which application threads were stopped: 0.0035345 seconds, Stopping threads took: 0.0000311 seconds
{Heap before GC invocations=342 (full 4):
 par new generation   total 109248K, used 99722K [0x00000000e0000000, 0x00000000e8000000, 0x00000000e8000000)
  eden space 87424K, 100% used [0x00000000e0000000, 0x00000000e5560000, 0x00000000e5560000)
  from space 21824K,  56% used [0x00000000e5560000, 0x00000000e6162858, 0x00000000e6ab0000)
  to   space 21824K,   0% used [0x00000000e6ab0000, 0x00000000e6ab0000, 0x00000000e8000000)
 concurrent mark-sweep generation total 393216K, used 138913K [0x00000000e8000000, 0x0000000100000000, 0x0000000100000000)
 Metaspace       used 30977K, capacity 31346K, committed 31868K, reserved 1077248K
  class space    used 3484K, capacity 3625K, committed 3708K, reserved 1048576K
2018-11-12T14:39:36.183+0100: 311.397: [GC (Allocation Failure) 2018-11-12T14:39:36.183+0100: 311.397: [ParNew
Desired survivor size 20112992 bytes, new threshold 8 (max 8)
- age   1:    5495160 bytes,    5495160 total
- age   2:     568688 bytes,    6063848 total
- age   3:     511792 bytes,    6575640 total
- age   4:     537152 bytes,    7112792 total
- age   5:     562752 bytes,    7675544 total
- age   6:     736080 bytes,    8411624 total
- age   7:     521744 bytes,    8933368 total
- age   8:     551688 bytes,    9485056 total
: 99722K->10710K(109248K), 0.0036203 secs] 238635K->150153K(502464K), 0.0036987 secs] [Times: user=0.00 sys=0.00, real=0.00 secs] 
Heap after GC invocations=343 (full 4):
 par new generation   total 109248K, used 10710K [0x00000000e0000000, 0x00000000e8000000, 0x00000000e8000000)
  eden space 87424K,   0% used [0x00000000e0000000, 0x00000000e0000000, 0x00000000e5560000)
  from space 21824K,  49% used [0x00000000e6ab0000, 0x00000000e7525b58, 0x00000000e8000000)
  to   space 21824K,   0% used [0x00000000e5560000, 0x00000000e5560000, 0x00000000e6ab0000)
 concurrent mark-sweep generation total 393216K, used 139442K [0x00000000e8000000, 0x0000000100000000, 0x0000000100000000)
 Metaspace       used 30977K, capacity 31346K, committed 31868K, reserved 1077248K
  class space    used 3484K, capacity 3625K, committed 3708K, reserved 1048576K
}
2018-11-12T14:39:36.187+0100: 311.400: Total time for which application threads were stopped: 0.0038913 seconds, Stopping threads took: 0.0000328 seconds
{Heap before GC invocations=343 (full 4):
 par new generation   total 109248K, used 98134K [0x00000000e0000000, 0x00000000e8000000, 0x00000000e8000000)
  eden space 87424K, 100% used [0x00000000e0000000, 0x00000000e5560000, 0x00000000e5560000)
  from space 21824K,  49% used [0x00000000e6ab0000, 0x00000000e7525b58, 0x00000000e8000000)
  to   space 21824K,   0% used [0x00000000e5560000, 0x00000000e5560000, 0x00000000e6ab0000)
 concurrent mark-sweep generation total 393216K, used 139442K [0x00000000e8000000, 0x0000000100000000, 0x0000000100000000)
 Metaspace       used 30977K, capacity 31346K, committed 31868K, reserved 1077248K
  class space    used 3484K, capacity 3625K, committed 3708K, reserved 1048576K
2018-11-12T14:39:36.443+0100: 311.656: [GC (Allocation Failure) 2018-11-12T14:39:36.443+0100: 311.656: [ParNew
Desired survivor size 20112992 bytes, new threshold 8 (max 8)
- age   1:    1170112 bytes,    1170112 total
- age   2:    5048488 bytes,    6218600 total
- age   3:     567648 bytes,    6786248 total
- age   4:     504344 bytes,    7290592 total
- age   5:     529680 bytes,    7820272 total
- age   6:     562752 bytes,    8383024 total
- age   7:     538352 bytes,    8921376 total
- age   8:     521744 bytes,    9443120 total
: 98134K->10995K(109248K), 0.0033600 secs] 237577K->150976K(502464K), 0.0035259 secs] [Times: user=0.00 sys=0.00, real=0.00 secs] 
Heap after GC invocations=344 (full 4):
 par new generation   total 109248K, used 10995K [0x00000000e0000000, 0x00000000e8000000, 0x00000000e8000000)
  eden space 87424K,   0% used [0x00000000e0000000, 0x00000000e0000000, 0x00000000e5560000)
  from space 21824K,  50% used [0x00000000e5560000, 0x00000000e601cd50, 0x00000000e6ab0000)
  to   space 21824K,   0% used [0x00000000e6ab0000, 0x00000000e6ab0000, 0x00000000e8000000)
 concurrent mark-sweep generation total 393216K, used 139981K [0x00000000e8000000, 0x0000000100000000, 0x0000000100000000)
 Metaspace       used 30977K, capacity 31346K, committed 31868K, reserved 1077248K
  class space    used 3484K, capacity 3625K, committed 3708K, reserved 1048576K
}
2018-11-12T14:39:36.446+0100: 311.660: Total time for which application threads were stopped: 0.0038824 seconds, Stopping threads took: 0.0000496 seconds
{Heap before GC invocations=344 (full 4):
 par new generation   total 109248K, used 98419K [0x00000000e0000000, 0x00000000e8000000, 0x00000000e8000000)
  eden space 87424K, 100% used [0x00000000e0000000, 0x00000000e5560000, 0x00000000e5560000)
  from space 21824K,  50% used [0x00000000e5560000, 0x00000000e601cd50, 0x00000000e6ab0000)
  to   space 21824K,   0% used [0x00000000e6ab0000, 0x00000000e6ab0000, 0x00000000e8000000)
 concurrent mark-sweep generation total 393216K, used 139981K [0x00000000e8000000, 0x0000000100000000, 0x0000000100000000)
 Metaspace       used 30977K, capacity 31346K, committed 31868K, reserved 1077248K
  class space    used 3484K, capacity 3625K, committed 3708K, reserved 1048576K
2018-11-12T14:39:36.718+0100: 311.933: [GC (Allocation Failure) 2018-11-12T14:39:36.718+0100: 311.933: [ParNew
Desired survivor size 20112992 bytes, new threshold 8 (max 8)
- age   1:     839752 bytes,     839752 total
- age   2:     774120 bytes,    1613872 total
- age   3:    5048488 bytes,    6662360 total
- age   4:     567648 bytes,    7230008 total
- age   5:     504344 bytes,    7734352 total
- age   6:     529680 bytes,    8264032 total
- age   7:     562752 bytes,    8826784 total
- age   8:     538352 bytes,    9365136 total
: 98419K->11943K(109248K), 0.0029683 secs] 238400K->152434K(502464K), 0.0030445 secs] [Times: user=0.00 sys=0.00, real=0.00 secs] 
Heap after GC invocations=345 (full 4):
 par new generation   total 109248K, used 11943K [0x00000000e0000000, 0x00000000e8000000, 0x00000000e8000000)
  eden space 87424K,   0% used [0x00000000e0000000, 0x00000000e0000000, 0x00000000e5560000)
  from space 21824K,  54% used [0x00000000e6ab0000, 0x00000000e7659f90, 0x00000000e8000000)
  to   space 21824K,   0% used [0x00000000e5560000, 0x00000000e5560000, 0x00000000e6ab0000)
 concurrent mark-sweep generation total 393216K, used 140490K [0x00000000e8000000, 0x0000000100000000, 0x0000000100000000)
 Metaspace       used 30977K, capacity 31346K, committed 31868K, reserved 1077248K
  class space    used 3484K, capacity 3625K, committed 3708K, reserved 1048576K
}
2018-11-12T14:39:36.721+0100: 311.936: Total time for which application threads were stopped: 0.0032409 seconds, Stopping threads took: 0.0000277 seconds
{Heap before GC invocations=345 (full 4):
 par new generation   total 109248K, used 99367K [0x00000000e0000000, 0x00000000e8000000, 0x00000000e8000000)
  eden space 87424K, 100% used [0x00000000e0000000, 0x00000000e5560000, 0x00000000e5560000)
  from space 21824K,  54% used [0x00000000e6ab0000, 0x00000000e7659f90, 0x00000000e8000000)
  to   space 21824K,   0% used [0x00000000e5560000, 0x00000000e5560000, 0x00000000e6ab0000)
 concurrent mark-sweep generation total 393216K, used 140490K [0x00000000e8000000, 0x0000000100000000, 0x0000000100000000)
 Metaspace       used 30977K, capacity 31346K, committed 31868K, reserved 1077248K
  class space    used 3484K, capacity 3625K, committed 3708K, reserved 1048576K
2018-11-12T14:39:36.953+0100: 312.167: [GC (Allocation Failure) 2018-11-12T14:39:36.953+0100: 312.167: [ParNew
Desired survivor size 20112992 bytes, new threshold 8 (max 8)
- age   1:    3185640 bytes,    3185640 total
- age   2:     572912 bytes,    3758552 total
- age   3:     850040 bytes,    4608592 total
- age   4:    5057824 bytes,    9666416 total
- age   5:     566056 bytes,   10232472 total
- age   6:     504320 bytes,   10736792 total
- age   7:     529680 bytes,   11266472 total
- age   8:     562752 bytes,   11829224 total
: 99367K->13030K(109248K), 0.0032779 secs] 239858K->154046K(502464K), 0.0033771 secs] [Times: user=0.06 sys=0.00, real=0.00 secs] 
Heap after GC invocations=346 (full 4):
 par new generation   total 109248K, used 13030K [0x00000000e0000000, 0x00000000e8000000, 0x00000000e8000000)
  eden space 87424K,   0% used [0x00000000e0000000, 0x00000000e0000000, 0x00000000e5560000)
  from space 21824K,  59% used [0x00000000e5560000, 0x00000000e6219898, 0x00000000e6ab0000)
  to   space 21824K,   0% used [0x00000000e6ab0000, 0x00000000e6ab0000, 0x00000000e8000000)
 concurrent mark-sweep generation total 393216K, used 141016K [0x00000000e8000000, 0x0000000100000000, 0x0000000100000000)
 Metaspace       used 30977K, capacity 31346K, committed 31868K, reserved 1077248K
  class space    used 3484K, capacity 3625K, committed 3708K, reserved 1048576K
}
2018-11-12T14:39:36.957+0100: 312.171: Total time for which application threads were stopped: 0.0036460 seconds, Stopping threads took: 0.0000332 seconds
{Heap before GC invocations=346 (full 4):
 par new generation   total 109248K, used 100454K [0x00000000e0000000, 0x00000000e8000000, 0x00000000e8000000)
  eden space 87424K, 100% used [0x00000000e0000000, 0x00000000e5560000, 0x00000000e5560000)
  from space 21824K,  59% used [0x00000000e5560000, 0x00000000e6219898, 0x00000000e6ab0000)
  to   space 21824K,   0% used [0x00000000e6ab0000, 0x00000000e6ab0000, 0x00000000e8000000)
 concurrent mark-sweep generation total 393216K, used 141016K [0x00000000e8000000, 0x0000000100000000, 0x0000000100000000)
 Metaspace       used 30977K, capacity 31346K, committed 31868K, reserved 1077248K
  class space    used 3484K, capacity 3625K, committed 3708K, reserved 1048576K
2018-11-12T14:39:37.153+0100: 312.367: [GC (Allocation Failure) 2018-11-12T14:39:37.153+0100: 312.367: [ParNew
Desired survivor size 20112992 bytes, new threshold 8 (max 8)
- age   1:    5195072 bytes,    5195072 total
- age   2:    2687128 bytes,    7882200 total
- age   3:     493872 bytes,    8376072 total
- age   4:     774120 bytes,    9150192 total
- age   5:    1406800 bytes,   10556992 total
- age   6:     566056 bytes,   11123048 total
- age   7:     504320 bytes,   11627368 total
- age   8:     529680 bytes,   12157048 total
: 100454K->14514K(109248K), 0.0035136 secs] 241470K->156080K(502464K), 0.0036012 secs] [Times: user=0.00 sys=0.00, real=0.00 secs] 
Heap after GC invocations=347 (full 4):
 par new generation   total 109248K, used 14514K [0x00000000e0000000, 0x00000000e8000000, 0x00000000e8000000)
  eden space 87424K,   0% used [0x00000000e0000000, 0x00000000e0000000, 0x00000000e5560000)
  from space 21824K,  66% used [0x00000000e6ab0000, 0x00000000e78dc890, 0x00000000e8000000)
  to   space 21824K,   0% used [0x00000000e5560000, 0x00000000e5560000, 0x00000000e6ab0000)
 concurrent mark-sweep generation total 393216K, used 141566K [0x00000000e8000000, 0x0000000100000000, 0x0000000100000000)
 Metaspace       used 30977K, capacity 31346K, committed 31868K, reserved 1077248K
  class space    used 3484K, capacity 3625K, committed 3708K, reserved 1048576K
}
2018-11-12T14:39:37.157+0100: 312.371: Total time for which application threads were stopped: 0.0038482 seconds, Stopping threads took: 0.0000315 seconds
{Heap before GC invocations=347 (full 4):
 par new generation   total 109248K, used 101938K [0x00000000e0000000, 0x00000000e8000000, 0x00000000e8000000)
  eden space 87424K, 100% used [0x00000000e0000000, 0x00000000e5560000, 0x00000000e5560000)
  from space 21824K,  66% used [0x00000000e6ab0000, 0x00000000e78dc890, 0x00000000e8000000)
  to   space 21824K,   0% used [0x00000000e5560000, 0x00000000e5560000, 0x00000000e6ab0000)
 concurrent mark-sweep generation total 393216K, used 141566K [0x00000000e8000000, 0x0000000100000000, 0x0000000100000000)
 Metaspace       used 30977K, capacity 31346K, committed 31868K, reserved 1077248K
  class space    used 3484K, capacity 3625K, committed 3708K, reserved 1048576K
2018-11-12T14:39:37.355+0100: 312.570: [GC (Allocation Failure) 2018-11-12T14:39:37.355+0100: 312.570: [ParNew
Desired survivor size 20112992 bytes, new threshold 8 (max 8)
- age   1:    1921280 bytes,    1921280 total
- age   2:    4738440 bytes,    6659720 total
- age   3:    2687128 bytes,    9346848 total
- age   4:     493872 bytes,    9840720 total
- age   5:     757384 bytes,   10598104 total
- age   6:     477984 bytes,   11076088 total
- age   7:     566056 bytes,   11642144 total
- age   8:     504320 bytes,   12146464 total
: 101938K->13807K(109248K), 0.0032765 secs] 243504K->155891K(502464K), 0.0033696 secs] [Times: user=0.00 sys=0.00, real=0.00 secs] 
Heap after GC invocations=348 (full 4):
 par new generation   total 109248K, used 13807K [0x00000000e0000000, 0x00000000e8000000, 0x00000000e8000000)
  eden space 87424K,   0% used [0x00000000e0000000, 0x00000000e0000000, 0x00000000e5560000)
  from space 21824K,  63% used [0x00000000e5560000, 0x00000000e62dbe38, 0x00000000e6ab0000)
  to   space 21824K,   0% used [0x00000000e6ab0000, 0x00000000e6ab0000, 0x00000000e8000000)
 concurrent mark-sweep generation total 393216K, used 142083K [0x00000000e8000000, 0x0000000100000000, 0x0000000100000000)
 Metaspace       used 30977K, capacity 31346K, committed 31868K, reserved 1077248K
  class space    used 3484K, capacity 3625K, committed 3708K, reserved 1048576K
}
2018-11-12T14:39:37.359+0100: 312.574: Total time for which application threads were stopped: 0.0035865 seconds, Stopping threads took: 0.0000356 seconds
{Heap before GC invocations=348 (full 4):
 par new generation   total 109248K, used 101231K [0x00000000e0000000, 0x00000000e8000000, 0x00000000e8000000)
  eden space 87424K, 100% used [0x00000000e0000000, 0x00000000e5560000, 0x00000000e5560000)
  from space 21824K,  63% used [0x00000000e5560000, 0x00000000e62dbe38, 0x00000000e6ab0000)
  to   space 21824K,   0% used [0x00000000e6ab0000, 0x00000000e6ab0000, 0x00000000e8000000)
 concurrent mark-sweep generation total 393216K, used 142083K [0x00000000e8000000, 0x0000000100000000, 0x0000000100000000)
 Metaspace       used 30977K, capacity 31346K, committed 31868K, reserved 1077248K
  class space    used 3484K, capacity 3625K, committed 3708K, reserved 1048576K
2018-11-12T14:39:37.571+0100: 312.786: [GC (Allocation Failure) 2018-11-12T14:39:37.571+0100: 312.786: [ParNew
Desired survivor size 20112992 bytes, new threshold 8 (max 8)
- age   1:     977616 bytes,     977616 total
- age   2:    1640064 bytes,    2617680 total
- age   3:    4738440 bytes,    7356120 total
- age   4:    2688168 bytes,   10044288 total
- age   5:     493872 bytes,   10538160 total
- age   6:     757384 bytes,   11295544 total
- age   7:     477984 bytes,   11773528 total
- age   8:     566056 bytes,   12339584 total
: 101231K->13858K(109248K), 0.0036364 secs] 243315K->156435K(502464K), 0.0037295 secs] [Times: user=0.00 sys=0.00, real=0.00 secs] 
Heap after GC invocations=349 (full 4):
 par new generation   total 109248K, used 13858K [0x00000000e0000000, 0x00000000e8000000, 0x00000000e8000000)
  eden space 87424K,   0% used [0x00000000e0000000, 0x00000000e0000000, 0x00000000e5560000)
  from space 21824K,  63% used [0x00000000e6ab0000, 0x00000000e7838ba0, 0x00000000e8000000)
  to   space 21824K,   0% used [0x00000000e5560000, 0x00000000e5560000, 0x00000000e6ab0000)
 concurrent mark-sweep generation total 393216K, used 142576K [0x00000000e8000000, 0x0000000100000000, 0x0000000100000000)
 Metaspace       used 30977K, capacity 31346K, committed 31868K, reserved 1077248K
  class space    used 3484K, capacity 3625K, committed 3708K, reserved 1048576K
}
2018-11-12T14:39:37.575+0100: 312.789: Total time for which application threads were stopped: 0.0039590 seconds, Stopping threads took: 0.0000239 seconds
{Heap before GC invocations=349 (full 4):
 par new generation   total 109248K, used 101282K [0x00000000e0000000, 0x00000000e8000000, 0x00000000e8000000)
  eden space 87424K, 100% used [0x00000000e0000000, 0x00000000e5560000, 0x00000000e5560000)
  from space 21824K,  63% used [0x00000000e6ab0000, 0x00000000e7838ba0, 0x00000000e8000000)
  to   space 21824K,   0% used [0x00000000e5560000, 0x00000000e5560000, 0x00000000e6ab0000)
 concurrent mark-sweep generation total 393216K, used 142576K [0x00000000e8000000, 0x0000000100000000, 0x0000000100000000)
 Metaspace       used 30977K, capacity 31346K, committed 31868K, reserved 1077248K
  class space    used 3484K, capacity 3625K, committed 3708K, reserved 1048576K
2018-11-12T14:39:37.789+0100: 313.003: [GC (Allocation Failure) 2018-11-12T14:39:37.789+0100: 313.003: [ParNew
Desired survivor size 20112992 bytes, new threshold 8 (max 8)
- age   1:    1134248 bytes,    1134248 total
- age   2:     566136 bytes,    1700384 total
- age   3:    1509456 bytes,    3209840 total
- age   4:    4738440 bytes,    7948280 total
- age   5:    2685336 bytes,   10633616 total
- age   6:     493872 bytes,   11127488 total
- age   7:     534904 bytes,   11662392 total
- age   8:     477984 bytes,   12140376 total
: 101282K->15002K(109248K), 0.0031619 secs] 243859K->158132K(502464K), 0.0032632 secs] [Times: user=0.00 sys=0.00, real=0.00 secs] 
Heap after GC invocations=350 (full 4):
 par new generation   total 109248K, used 15002K [0x00000000e0000000, 0x00000000e8000000, 0x00000000e8000000)
  eden space 87424K,   0% used [0x00000000e0000000, 0x00000000e0000000, 0x00000000e5560000)
  from space 21824K,  68% used [0x00000000e5560000, 0x00000000e6406bf0, 0x00000000e6ab0000)
  to   space 21824K,   0% used [0x00000000e6ab0000, 0x00000000e6ab0000, 0x00000000e8000000)
 concurrent mark-sweep generation total 393216K, used 143129K [0x00000000e8000000, 0x0000000100000000, 0x0000000100000000)
 Metaspace       used 30977K, capacity 31346K, committed 31868K, reserved 1077248K
  class space    used 3484K, capacity 3625K, committed 3708K, reserved 1048576K
}
2018-11-12T14:39:37.792+0100: 313.006: Total time for which application threads were stopped: 0.0035133 seconds, Stopping threads took: 0.0000263 seconds
{Heap before GC invocations=350 (full 4):
 par new generation   total 109248K, used 102426K [0x00000000e0000000, 0x00000000e8000000, 0x00000000e8000000)
  eden space 87424K, 100% used [0x00000000e0000000, 0x00000000e5560000, 0x00000000e5560000)
  from space 21824K,  68% used [0x00000000e5560000, 0x00000000e6406bf0, 0x00000000e6ab0000)
  to   space 21824K,   0% used [0x00000000e6ab0000, 0x00000000e6ab0000, 0x00000000e8000000)
 concurrent mark-sweep generation total 393216K, used 143129K [0x00000000e8000000, 0x0000000100000000, 0x0000000100000000)
 Metaspace       used 30977K, capacity 31346K, committed 31868K, reserved 1077248K
  class space    used 3484K, capacity 3625K, committed 3708K, reserved 1048576K
2018-11-12T14:39:38.010+0100: 313.223: [GC (Allocation Failure) 2018-11-12T14:39:38.010+0100: 313.223: [ParNew
Desired survivor size 20112992 bytes, new threshold 8 (max 8)
- age   1:    5755352 bytes,    5755352 total
- age   2:     788080 bytes,    6543432 total
- age   3:     566136 bytes,    7109568 total
- age   4:    1509456 bytes,    8619024 total
- age   5:     511064 bytes,    9130088 total
- age   6:    2685336 bytes,   11815424 total
- age   7:     493872 bytes,   12309296 total
- age   8:     534904 bytes,   12844200 total
: 102426K->14636K(109248K), 0.0045875 secs] 245556K->158232K(502464K), 0.0046837 secs] [Times: user=0.00 sys=0.00, real=0.00 secs] 
Heap after GC invocations=351 (full 4):
 par new generation   total 109248K, used 14636K [0x00000000e0000000, 0x00000000e8000000, 0x00000000e8000000)
  eden space 87424K,   0% used [0x00000000e0000000, 0x00000000e0000000, 0x00000000e5560000)
  from space 21824K,  67% used [0x00000000e6ab0000, 0x00000000e78fb080, 0x00000000e8000000)
  to   space 21824K,   0% used [0x00000000e5560000, 0x00000000e5560000, 0x00000000e6ab0000)
 concurrent mark-sweep generation total 393216K, used 143596K [0x00000000e8000000, 0x0000000100000000, 0x0000000100000000)
 Metaspace       used 30977K, capacity 31346K, committed 31868K, reserved 1077248K
  class space    used 3484K, capacity 3625K, committed 3708K, reserved 1048576K
}
2018-11-12T14:39:38.014+0100: 313.228: Total time for which application threads were stopped: 0.0049078 seconds, Stopping threads took: 0.0000267 seconds
{Heap before GC invocations=351 (full 4):
 par new generation   total 109248K, used 102060K [0x00000000e0000000, 0x00000000e8000000, 0x00000000e8000000)
  eden space 87424K, 100% used [0x00000000e0000000, 0x00000000e5560000, 0x00000000e5560000)
  from space 21824K,  67% used [0x00000000e6ab0000, 0x00000000e78fb080, 0x00000000e8000000)
  to   space 21824K,   0% used [0x00000000e5560000, 0x00000000e5560000, 0x00000000e6ab0000)
 concurrent mark-sweep generation total 393216K, used 143596K [0x00000000e8000000, 0x0000000100000000, 0x0000000100000000)
 Metaspace       used 30977K, capacity 31346K, committed 31868K, reserved 1077248K
  class space    used 3484K, capacity 3625K, committed 3708K, reserved 1048576K
2018-11-12T14:39:38.246+0100: 313.460: [GC (Allocation Failure) 2018-11-12T14:39:38.246+0100: 313.460: [ParNew
Desired survivor size 20112992 bytes, new threshold 8 (max 8)
- age   1:    2620408 bytes,    2620408 total
- age   2:    5268488 bytes,    7888896 total
- age   3:     788080 bytes,    8676976 total
- age   4:     566136 bytes,    9243112 total
- age   5:     595152 bytes,    9838264 total
- age   6:     511008 bytes,   10349272 total
- age   7:    2685336 bytes,   13034608 total
- age   8:     493872 bytes,   13528480 total
: 102060K->15096K(109248K), 0.0035612 secs] 245656K->159215K(502464K), 0.0036374 secs] [Times: user=0.00 sys=0.00, real=0.00 secs] 
Heap after GC invocations=352 (full 4):
 par new generation   total 109248K, used 15096K [0x00000000e0000000, 0x00000000e8000000, 0x00000000e8000000)
  eden space 87424K,   0% used [0x00000000e0000000, 0x00000000e0000000, 0x00000000e5560000)
  from space 21824K,  69% used [0x00000000e5560000, 0x00000000e641e068, 0x00000000e6ab0000)
  to   space 21824K,   0% used [0x00000000e6ab0000, 0x00000000e6ab0000, 0x00000000e8000000)
 concurrent mark-sweep generation total 393216K, used 144119K [0x00000000e8000000, 0x0000000100000000, 0x0000000100000000)
 Metaspace       used 30977K, capacity 31346K, committed 31868K, reserved 1077248K
  class space    used 3484K, capacity 3625K, committed 3708K, reserved 1048576K
}
2018-11-12T14:39:38.249+0100: 313.464: Total time for which application threads were stopped: 0.0038307 seconds, Stopping threads took: 0.0000253 seconds
{Heap before GC invocations=352 (full 4):
 par new generation   total 109248K, used 102520K [0x00000000e0000000, 0x00000000e8000000, 0x00000000e8000000)
  eden space 87424K, 100% used [0x00000000e0000000, 0x00000000e5560000, 0x00000000e5560000)
  from space 21824K,  69% used [0x00000000e5560000, 0x00000000e641e068, 0x00000000e6ab0000)
  to   space 21824K,   0% used [0x00000000e6ab0000, 0x00000000e6ab0000, 0x00000000e8000000)
 concurrent mark-sweep generation total 393216K, used 144119K [0x00000000e8000000, 0x0000000100000000, 0x0000000100000000)
 Metaspace       used 30977K, capacity 31346K, committed 31868K, reserved 1077248K
  class space    used 3484K, capacity 3625K, committed 3708K, reserved 1048576K
2018-11-12T14:39:38.475+0100: 313.690: [GC (Allocation Failure) 2018-11-12T14:39:38.475+0100: 313.690: [ParNew
Desired survivor size 20112992 bytes, new threshold 8 (max 8)
- age   1:    1002768 bytes,    1002768 total
- age   2:    2397440 bytes,    3400208 total
- age   3:    5268488 bytes,    8668696 total
- age   4:     783968 bytes,    9452664 total
- age   5:     566136 bytes,   10018800 total
- age   6:     576336 bytes,   10595136 total
- age   7:     511008 bytes,   11106144 total
- age   8:    2685336 bytes,   13791480 total
: 102520K->14769K(109248K), 0.0036463 secs] 246639K->159370K(502464K), 0.0037305 secs] [Times: user=0.00 sys=0.00, real=0.00 secs] 
Heap after GC invocations=353 (full 4):
 par new generation   total 109248K, used 14769K [0x00000000e0000000, 0x00000000e8000000, 0x00000000e8000000)
  eden space 87424K,   0% used [0x00000000e0000000, 0x00000000e0000000, 0x00000000e5560000)
  from space 21824K,  67% used [0x00000000e6ab0000, 0x00000000e791c430, 0x00000000e8000000)
  to   space 21824K,   0% used [0x00000000e5560000, 0x00000000e5560000, 0x00000000e6ab0000)
 concurrent mark-sweep generation total 393216K, used 144601K [0x00000000e8000000, 0x0000000100000000, 0x0000000100000000)
 Metaspace       used 30977K, capacity 31346K, committed 31868K, reserved 1077248K
  class space    used 3484K, capacity 3625K, committed 3708K, reserved 1048576K
}
2018-11-12T14:39:38.479+0100: 313.693: Total time for which application threads were stopped: 0.0039293 seconds, Stopping threads took: 0.0000349 seconds
{Heap before GC invocations=353 (full 4):
 par new generation   total 109248K, used 102193K [0x00000000e0000000, 0x00000000e8000000, 0x00000000e8000000)
  eden space 87424K, 100% used [0x00000000e0000000, 0x00000000e5560000, 0x00000000e5560000)
  from space 21824K,  67% used [0x00000000e6ab0000, 0x00000000e791c430, 0x00000000e8000000)
  to   space 21824K,   0% used [0x00000000e5560000, 0x00000000e5560000, 0x00000000e6ab0000)
 concurrent mark-sweep generation total 393216K, used 144601K [0x00000000e8000000, 0x0000000100000000, 0x0000000100000000)
 Metaspace       used 30977K, capacity 31346K, committed 31868K, reserved 1077248K
  class space    used 3484K, capacity 3625K, committed 3708K, reserved 1048576K
2018-11-12T14:39:38.701+0100: 313.915: [GC (Allocation Failure) 2018-11-12T14:39:38.701+0100: 313.915: [ParNew
Desired survivor size 20112992 bytes, new threshold 8 (max 8)
- age   1:    1042744 bytes,    1042744 total
- age   2:     519608 bytes,    1562352 total
- age   3:    2250504 bytes,    3812856 total
- age   4:    5268488 bytes,    9081344 total
- age   5:     781952 bytes,    9863296 total
- age   6:     566136 bytes,   10429432 total
- age   7:     576336 bytes,   11005768 total
- age   8:     511008 bytes,   11516776 total
: 102193K->14582K(109248K), 0.0036628 secs] 246794K->161806K(502464K), 0.0037456 secs] [Times: user=0.00 sys=0.00, real=0.00 secs] 
Heap after GC invocations=354 (full 4):
 par new generation   total 109248K, used 14582K [0x00000000e0000000, 0x00000000e8000000, 0x00000000e8000000)
  eden space 87424K,   0% used [0x00000000e0000000, 0x00000000e0000000, 0x00000000e5560000)
  from space 21824K,  66% used [0x00000000e5560000, 0x00000000e639d840, 0x00000000e6ab0000)
  to   space 21824K,   0% used [0x00000000e6ab0000, 0x00000000e6ab0000, 0x00000000e8000000)
 concurrent mark-sweep generation total 393216K, used 147224K [0x00000000e8000000, 0x0000000100000000, 0x0000000100000000)
 Metaspace       used 30977K, capacity 31346K, committed 31868K, reserved 1077248K
  class space    used 3484K, capacity 3625K, committed 3708K, reserved 1048576K
}
2018-11-12T14:39:38.705+0100: 313.919: Total time for which application threads were stopped: 0.0039539 seconds, Stopping threads took: 0.0000260 seconds
{Heap before GC invocations=354 (full 4):
 par new generation   total 109248K, used 102006K [0x00000000e0000000, 0x00000000e8000000, 0x00000000e8000000)
  eden space 87424K, 100% used [0x00000000e0000000, 0x00000000e5560000, 0x00000000e5560000)
  from space 21824K,  66% used [0x00000000e5560000, 0x00000000e639d840, 0x00000000e6ab0000)
  to   space 21824K,   0% used [0x00000000e6ab0000, 0x00000000e6ab0000, 0x00000000e8000000)
 concurrent mark-sweep generation total 393216K, used 147224K [0x00000000e8000000, 0x0000000100000000, 0x0000000100000000)
 Metaspace       used 30977K, capacity 31346K, committed 31868K, reserved 1077248K
  class space    used 3484K, capacity 3625K, committed 3708K, reserved 1048576K
2018-11-12T14:39:38.964+0100: 314.178: [GC (Allocation Failure) 2018-11-12T14:39:38.964+0100: 314.178: [ParNew
Desired survivor size 20112992 bytes, new threshold 8 (max 8)
- age   1:     954216 bytes,     954216 total
- age   2:     562504 bytes,    1516720 total
- age   3:     519608 bytes,    2036328 total
- age   4:    2250504 bytes,    4286832 total
- age   5:    5268512 bytes,    9555344 total
- age   6:     781952 bytes,   10337296 total
- age   7:     566136 bytes,   10903432 total
- age   8:     576360 bytes,   11479792 total
: 102006K->13935K(109248K), 0.0034606 secs] 249230K->161658K(502464K), 0.0035639 secs] [Times: user=0.00 sys=0.00, real=0.00 secs] 
Heap after GC invocations=355 (full 4):
 par new generation   total 109248K, used 13935K [0x00000000e0000000, 0x00000000e8000000, 0x00000000e8000000)
  eden space 87424K,   0% used [0x00000000e0000000, 0x00000000e0000000, 0x00000000e5560000)
  from space 21824K,  63% used [0x00000000e6ab0000, 0x00000000e784bd80, 0x00000000e8000000)
  to   space 21824K,   0% used [0x00000000e5560000, 0x00000000e5560000, 0x00000000e6ab0000)
 concurrent mark-sweep generation total 393216K, used 147723K [0x00000000e8000000, 0x0000000100000000, 0x0000000100000000)
 Metaspace       used 30977K, capacity 31346K, committed 31868K, reserved 1077248K
  class space    used 3484K, capacity 3625K, committed 3708K, reserved 1048576K
}
2018-11-12T14:39:38.967+0100: 314.182: Total time for which application threads were stopped: 0.0037931 seconds, Stopping threads took: 0.0000342 seconds
{Heap before GC invocations=355 (full 4):
 par new generation   total 109248K, used 101359K [0x00000000e0000000, 0x00000000e8000000, 0x00000000e8000000)
  eden space 87424K, 100% used [0x00000000e0000000, 0x00000000e5560000, 0x00000000e5560000)
  from space 21824K,  63% used [0x00000000e6ab0000, 0x00000000e784bd80, 0x00000000e8000000)
  to   space 21824K,   0% used [0x00000000e5560000, 0x00000000e5560000, 0x00000000e6ab0000)
 concurrent mark-sweep generation total 393216K, used 147723K [0x00000000e8000000, 0x0000000100000000, 0x0000000100000000)
 Metaspace       used 30977K, capacity 31346K, committed 31868K, reserved 1077248K
  class space    used 3484K, capacity 3625K, committed 3708K, reserved 1048576K
2018-11-12T14:39:39.210+0100: 314.424: [GC (Allocation Failure) 2018-11-12T14:39:39.211+0100: 314.425: [ParNew
Desired survivor size 20112992 bytes, new threshold 8 (max 8)
- age   1:    6260480 bytes,    6260480 total
- age   2:     526024 bytes,    6786504 total
- age   3:     562504 bytes,    7349008 total
- age   4:     519608 bytes,    7868616 total
- age   5:    2250448 bytes,   10119064 total
- age   6:     512696 bytes,   10631760 total
- age   7:     781952 bytes,   11413712 total
- age   8:     566136 bytes,   11979848 total
: 101359K->12320K(109248K), 0.0039197 secs] 249082K->160607K(502464K), 0.0040107 secs] [Times: user=0.00 sys=0.00, real=0.00 secs] 
Heap after GC invocations=356 (full 4):
 par new generation   total 109248K, used 12320K [0x00000000e0000000, 0x00000000e8000000, 0x00000000e8000000)
  eden space 87424K,   0% used [0x00000000e0000000, 0x00000000e0000000, 0x00000000e5560000)
  from space 21824K,  56% used [0x00000000e5560000, 0x00000000e61683a8, 0x00000000e6ab0000)
  to   space 21824K,   0% used [0x00000000e6ab0000, 0x00000000e6ab0000, 0x00000000e8000000)
 concurrent mark-sweep generation total 393216K, used 148286K [0x00000000e8000000, 0x0000000100000000, 0x0000000100000000)
 Metaspace       used 30977K, capacity 31346K, committed 31868K, reserved 1077248K
  class space    used 3484K, capacity 3625K, committed 3708K, reserved 1048576K
}
2018-11-12T14:39:39.215+0100: 314.429: Total time for which application threads were stopped: 0.0042184 seconds, Stopping threads took: 0.0000301 seconds
{Heap before GC invocations=356 (full 4):
 par new generation   total 109248K, used 99744K [0x00000000e0000000, 0x00000000e8000000, 0x00000000e8000000)
  eden space 87424K, 100% used [0x00000000e0000000, 0x00000000e5560000, 0x00000000e5560000)
  from space 21824K,  56% used [0x00000000e5560000, 0x00000000e61683a8, 0x00000000e6ab0000)
  to   space 21824K,   0% used [0x00000000e6ab0000, 0x00000000e6ab0000, 0x00000000e8000000)
 concurrent mark-sweep generation total 393216K, used 148286K [0x00000000e8000000, 0x0000000100000000, 0x0000000100000000)
 Metaspace       used 30977K, capacity 31346K, committed 31868K, reserved 1077248K
  class space    used 3484K, capacity 3625K, committed 3708K, reserved 1048576K
2018-11-12T14:39:39.428+0100: 314.642: [GC (Allocation Failure) 2018-11-12T14:39:39.428+0100: 314.642: [ParNew
Desired survivor size 20112992 bytes, new threshold 8 (max 8)
- age   1:    2142864 bytes,    2142864 total
- age   2:    5842704 bytes,    7985568 total
- age   3:     526024 bytes,    8511592 total
- age   4:     562504 bytes,    9074096 total
- age   5:     519608 bytes,    9593704 total
- age   6:    1221848 bytes,   10815552 total
- age   7:     512696 bytes,   11328248 total
- age   8:     781928 bytes,   12110176 total
: 99744K->14067K(109248K), 0.0034038 secs] 248031K->162906K(502464K), 0.0034879 secs] [Times: user=0.00 sys=0.00, real=0.00 secs] 
Heap after GC invocations=357 (full 4):
 par new generation   total 109248K, used 14067K [0x00000000e0000000, 0x00000000e8000000, 0x00000000e8000000)
  eden space 87424K,   0% used [0x00000000e0000000, 0x00000000e0000000, 0x00000000e5560000)
  from space 21824K,  64% used [0x00000000e6ab0000, 0x00000000e786cc80, 0x00000000e8000000)
  to   space 21824K,   0% used [0x00000000e5560000, 0x00000000e5560000, 0x00000000e6ab0000)
 concurrent mark-sweep generation total 393216K, used 148839K [0x00000000e8000000, 0x0000000100000000, 0x0000000100000000)
 Metaspace       used 30977K, capacity 31346K, committed 31868K, reserved 1077248K
  class space    used 3484K, capacity 3625K, committed 3708K, reserved 1048576K
}
2018-11-12T14:39:39.431+0100: 314.646: Total time for which application threads were stopped: 0.0036737 seconds, Stopping threads took: 0.0000246 seconds
{Heap before GC invocations=357 (full 4):
 par new generation   total 109248K, used 101491K [0x00000000e0000000, 0x00000000e8000000, 0x00000000e8000000)
  eden space 87424K, 100% used [0x00000000e0000000, 0x00000000e5560000, 0x00000000e5560000)
  from space 21824K,  64% used [0x00000000e6ab0000, 0x00000000e786cc80, 0x00000000e8000000)
  to   space 21824K,   0% used [0x00000000e5560000, 0x00000000e5560000, 0x00000000e6ab0000)
 concurrent mark-sweep generation total 393216K, used 148839K [0x00000000e8000000, 0x0000000100000000, 0x0000000100000000)
 Metaspace       used 30977K, capacity 31346K, committed 31868K, reserved 1077248K
  class space    used 3484K, capacity 3625K, committed 3708K, reserved 1048576K
2018-11-12T14:39:39.669+0100: 314.883: [GC (Allocation Failure) 2018-11-12T14:39:39.669+0100: 314.883: [ParNew
Desired survivor size 20112992 bytes, new threshold 8 (max 8)
- age   1:    1204376 bytes,    1204376 total
- age   2:    1699192 bytes,    2903568 total
- age   3:    5842704 bytes,    8746272 total
- age   4:     526024 bytes,    9272296 total
- age   5:     562504 bytes,    9834800 total
- age   6:     498368 bytes,   10333168 total
- age   7:    1221848 bytes,   11555016 total
- age   8:     512696 bytes,   12067712 total
: 101491K->14121K(109248K), 0.0032426 secs] 250330K->163480K(502464K), 0.0033230 secs] [Times: user=0.00 sys=0.00, real=0.00 secs] 
Heap after GC invocations=358 (full 4):
 par new generation   total 109248K, used 14121K [0x00000000e0000000, 0x00000000e8000000, 0x00000000e8000000)
  eden space 87424K,   0% used [0x00000000e0000000, 0x00000000e0000000, 0x00000000e5560000)
  from space 21824K,  64% used [0x00000000e5560000, 0x00000000e632a788, 0x00000000e6ab0000)
  to   space 21824K,   0% used [0x00000000e6ab0000, 0x00000000e6ab0000, 0x00000000e8000000)
 concurrent mark-sweep generation total 393216K, used 149358K [0x00000000e8000000, 0x0000000100000000, 0x0000000100000000)
 Metaspace       used 30977K, capacity 31346K, committed 31868K, reserved 1077248K
  class space    used 3484K, capacity 3625K, committed 3708K, reserved 1048576K
}
2018-11-12T14:39:39.672+0100: 314.886: Total time for which application threads were stopped: 0.0035762 seconds, Stopping threads took: 0.0000606 seconds
{Heap before GC invocations=358 (full 4):
 par new generation   total 109248K, used 101545K [0x00000000e0000000, 0x00000000e8000000, 0x00000000e8000000)
  eden space 87424K, 100% used [0x00000000e0000000, 0x00000000e5560000, 0x00000000e5560000)
  from space 21824K,  64% used [0x00000000e5560000, 0x00000000e632a788, 0x00000000e6ab0000)
  to   space 21824K,   0% used [0x00000000e6ab0000, 0x00000000e6ab0000, 0x00000000e8000000)
 concurrent mark-sweep generation total 393216K, used 149358K [0x00000000e8000000, 0x0000000100000000, 0x0000000100000000)
 Metaspace       used 30977K, capacity 31346K, committed 31868K, reserved 1077248K
  class space    used 3484K, capacity 3625K, committed 3708K, reserved 1048576K
2018-11-12T14:39:39.920+0100: 315.134: [GC (Allocation Failure) 2018-11-12T14:39:39.920+0100: 315.134: [ParNew
Desired survivor size 20112992 bytes, new threshold 8 (max 8)
- age   1:     923680 bytes,     923680 total
- age   2:     872896 bytes,    1796576 total
- age   3:    1731976 bytes,    3528552 total
- age   4:    5842704 bytes,    9371256 total
- age   5:     526024 bytes,    9897280 total
- age   6:     562504 bytes,   10459784 total
- age   7:     498368 bytes,   10958152 total
- age   8:    1221848 bytes,   12180000 total
: 101545K->13118K(109248K), 0.0035129 secs] 250904K->162978K(502464K), 0.0036142 secs] [Times: user=0.00 sys=0.00, real=0.00 secs] 
Heap after GC invocations=359 (full 4):
 par new generation   total 109248K, used 13118K [0x00000000e0000000, 0x00000000e8000000, 0x00000000e8000000)
  eden space 87424K,   0% used [0x00000000e0000000, 0x00000000e0000000, 0x00000000e5560000)
  from space 21824K,  60% used [0x00000000e6ab0000, 0x00000000e777fad8, 0x00000000e8000000)
  to   space 21824K,   0% used [0x00000000e5560000, 0x00000000e5560000, 0x00000000e6ab0000)
 concurrent mark-sweep generation total 393216K, used 149859K [0x00000000e8000000, 0x0000000100000000, 0x0000000100000000)
 Metaspace       used 30977K, capacity 31346K, committed 31868K, reserved 1077248K
  class space    used 3484K, capacity 3625K, committed 3708K, reserved 1048576K
}
2018-11-12T14:39:39.924+0100: 315.138: Total time for which application threads were stopped: 0.0038468 seconds, Stopping threads took: 0.0000346 seconds
2018-11-12T14:39:40.023+0100: 315.237: Total time for which application threads were stopped: 0.0001112 seconds, Stopping threads took: 0.0000281 seconds
{Heap before GC invocations=359 (full 4):
 par new generation   total 109248K, used 100542K [0x00000000e0000000, 0x00000000e8000000, 0x00000000e8000000)
  eden space 87424K, 100% used [0x00000000e0000000, 0x00000000e5560000, 0x00000000e5560000)
  from space 21824K,  60% used [0x00000000e6ab0000, 0x00000000e777fad8, 0x00000000e8000000)
  to   space 21824K,   0% used [0x00000000e5560000, 0x00000000e5560000, 0x00000000e6ab0000)
 concurrent mark-sweep generation total 393216K, used 149859K [0x00000000e8000000, 0x0000000100000000, 0x0000000100000000)
 Metaspace       used 30977K, capacity 31346K, committed 31868K, reserved 1077248K
  class space    used 3484K, capacity 3625K, committed 3708K, reserved 1048576K
2018-11-12T14:39:40.174+0100: 315.388: [GC (Allocation Failure) 2018-11-12T14:39:40.174+0100: 315.388: [ParNew
Desired survivor size 20112992 bytes, new threshold 8 (max 8)
- age   1:     975776 bytes,     975776 total
- age   2:     515544 bytes,    1491320 total
- age   3:     872896 bytes,    2364216 total
- age   4:    1699192 bytes,    4063408 total
- age   5:    6606968 bytes,   10670376 total
- age   6:     526024 bytes,   11196400 total
- age   7:     560232 bytes,   11756632 total
- age   8:     498368 bytes,   12255000 total
: 100542K->15703K(109248K), 0.0034842 secs] 250402K->166756K(502464K), 0.0035718 secs] [Times: user=0.05 sys=0.02, real=0.00 secs] 
Heap after GC invocations=360 (full 4):
 par new generation   total 109248K, used 15703K [0x00000000e0000000, 0x00000000e8000000, 0x00000000e8000000)
  eden space 87424K,   0% used [0x00000000e0000000, 0x00000000e0000000, 0x00000000e5560000)
  from space 21824K,  71% used [0x00000000e5560000, 0x00000000e64b5f40, 0x00000000e6ab0000)
  to   space 21824K,   0% used [0x00000000e6ab0000, 0x00000000e6ab0000, 0x00000000e8000000)
 concurrent mark-sweep generation total 393216K, used 151053K [0x00000000e8000000, 0x0000000100000000, 0x0000000100000000)
 Metaspace       used 30977K, capacity 31346K, committed 31868K, reserved 1077248K
  class space    used 3484K, capacity 3625K, committed 3708K, reserved 1048576K
}
2018-11-12T14:39:40.178+0100: 315.392: Total time for which application threads were stopped: 0.0037698 seconds, Stopping threads took: 0.0000277 seconds
{Heap before GC invocations=360 (full 4):
 par new generation   total 109248K, used 103127K [0x00000000e0000000, 0x00000000e8000000, 0x00000000e8000000)
  eden space 87424K, 100% used [0x00000000e0000000, 0x00000000e5560000, 0x00000000e5560000)
  from space 21824K,  71% used [0x00000000e5560000, 0x00000000e64b5f40, 0x00000000e6ab0000)
  to   space 21824K,   0% used [0x00000000e6ab0000, 0x00000000e6ab0000, 0x00000000e8000000)
 concurrent mark-sweep generation total 393216K, used 151053K [0x00000000e8000000, 0x0000000100000000, 0x0000000100000000)
 Metaspace       used 30977K, capacity 31346K, committed 31868K, reserved 1077248K
  class space    used 3484K, capacity 3625K, committed 3708K, reserved 1048576K
2018-11-12T14:39:40.415+0100: 315.629: [GC (Allocation Failure) 2018-11-12T14:39:40.415+0100: 315.629: [ParNew
Desired survivor size 20112992 bytes, new threshold 8 (max 8)
- age   1:     956936 bytes,     956936 total
- age   2:     500056 bytes,    1456992 total
- age   3:     515544 bytes,    1972536 total
- age   4:     872896 bytes,    2845432 total
- age   5:    1699168 bytes,    4544600 total
- age   6:    5842648 bytes,   10387248 total
- age   7:     526024 bytes,   10913272 total
- age   8:     560232 bytes,   11473504 total
: 103127K->13172K(109248K), 0.0034879 secs] 254180K->164712K(502464K), 0.0035738 secs] [Times: user=0.00 sys=0.00, real=0.00 secs] 
Heap after GC invocations=361 (full 4):
 par new generation   total 109248K, used 13172K [0x00000000e0000000, 0x00000000e8000000, 0x00000000e8000000)
  eden space 87424K,   0% used [0x00000000e0000000, 0x00000000e0000000, 0x00000000e5560000)
  from space 21824K,  60% used [0x00000000e6ab0000, 0x00000000e778d118, 0x00000000e8000000)
  to   space 21824K,   0% used [0x00000000e5560000, 0x00000000e5560000, 0x00000000e6ab0000)
 concurrent mark-sweep generation total 393216K, used 151539K [0x00000000e8000000, 0x0000000100000000, 0x0000000100000000)
 Metaspace       used 30977K, capacity 31346K, committed 31868K, reserved 1077248K
  class space    used 3484K, capacity 3625K, committed 3708K, reserved 1048576K
}
2018-11-12T14:39:40.419+0100: 315.633: Total time for which application threads were stopped: 0.0037726 seconds, Stopping threads took: 0.0000257 seconds
{Heap before GC invocations=361 (full 4):
 par new generation   total 109248K, used 100596K [0x00000000e0000000, 0x00000000e8000000, 0x00000000e8000000)
  eden space 87424K, 100% used [0x00000000e0000000, 0x00000000e5560000, 0x00000000e5560000)
  from space 21824K,  60% used [0x00000000e6ab0000, 0x00000000e778d118, 0x00000000e8000000)
  to   space 21824K,   0% used [0x00000000e5560000, 0x00000000e5560000, 0x00000000e6ab0000)
 concurrent mark-sweep generation total 393216K, used 151539K [0x00000000e8000000, 0x0000000100000000, 0x0000000100000000)
 Metaspace       used 30977K, capacity 31346K, committed 31868K, reserved 1077248K
  class space    used 3484K, capacity 3625K, committed 3708K, reserved 1048576K
2018-11-12T14:39:40.637+0100: 315.851: [GC (Allocation Failure) 2018-11-12T14:39:40.637+0100: 315.851: [ParNew
Desired survivor size 20112992 bytes, new threshold 8 (max 8)
- age   1:    7819200 bytes,    7819200 total
- age   2:     532472 bytes,    8351672 total
- age   3:     500056 bytes,    8851728 total
- age   4:     515544 bytes,    9367272 total
- age   5:     872896 bytes,   10240168 total
- age   6:    1699168 bytes,   11939336 total
- age   7:     492360 bytes,   12431696 total
- age   8:     526024 bytes,   12957720 total
: 100596K->14359K(109248K), 0.0033182 secs] 252136K->166446K(502464K), 0.0034103 secs] [Times: user=0.00 sys=0.00, real=0.00 secs] 
Heap after GC invocations=362 (full 4):
 par new generation   total 109248K, used 14359K [0x00000000e0000000, 0x00000000e8000000, 0x00000000e8000000)
  eden space 87424K,   0% used [0x00000000e0000000, 0x00000000e0000000, 0x00000000e5560000)
  from space 21824K,  65% used [0x00000000e5560000, 0x00000000e6365dd0, 0x00000000e6ab0000)
  to   space 21824K,   0% used [0x00000000e6ab0000, 0x00000000e6ab0000, 0x00000000e8000000)
 concurrent mark-sweep generation total 393216K, used 152087K [0x00000000e8000000, 0x0000000100000000, 0x0000000100000000)
 Metaspace       used 30977K, capacity 31346K, committed 31868K, reserved 1077248K
  class space    used 3484K, capacity 3625K, committed 3708K, reserved 1048576K
}
2018-11-12T14:39:40.640+0100: 315.855: Total time for which application threads were stopped: 0.0036094 seconds, Stopping threads took: 0.0000257 seconds
{Heap before GC invocations=362 (full 4):
 par new generation   total 109248K, used 101783K [0x00000000e0000000, 0x00000000e8000000, 0x00000000e8000000)
  eden space 87424K, 100% used [0x00000000e0000000, 0x00000000e5560000, 0x00000000e5560000)
  from space 21824K,  65% used [0x00000000e5560000, 0x00000000e6365dd0, 0x00000000e6ab0000)
  to   space 21824K,   0% used [0x00000000e6ab0000, 0x00000000e6ab0000, 0x00000000e8000000)
 concurrent mark-sweep generation total 393216K, used 152087K [0x00000000e8000000, 0x0000000100000000, 0x0000000100000000)
 Metaspace       used 30977K, capacity 31346K, committed 31868K, reserved 1077248K
  class space    used 3484K, capacity 3625K, committed 3708K, reserved 1048576K
2018-11-12T14:39:40.879+0100: 316.094: [GC (Allocation Failure) 2018-11-12T14:39:40.879+0100: 316.094: [ParNew
Desired survivor size 20112992 bytes, new threshold 8 (max 8)
- age   1:    2257912 bytes,    2257912 total
- age   2:    6518488 bytes,    8776400 total
- age   3:     528408 bytes,    9304808 total
- age   4:     500104 bytes,    9804912 total
- age   5:     515544 bytes,   10320456 total
- age   6:     849040 bytes,   11169496 total
- age   7:     542016 bytes,   11711512 total
- age   8:     492360 bytes,   12203872 total
: 101783K->14245K(109248K), 0.0033439 secs] 253870K->166846K(502464K), 0.0034240 secs] [Times: user=0.00 sys=0.00, real=0.00 secs] 
Heap after GC invocations=363 (full 4):
 par new generation   total 109248K, used 14245K [0x00000000e0000000, 0x00000000e8000000, 0x00000000e8000000)
  eden space 87424K,   0% used [0x00000000e0000000, 0x00000000e0000000, 0x00000000e5560000)
  from space 21824K,  65% used [0x00000000e6ab0000, 0x00000000e7899550, 0x00000000e8000000)
  to   space 21824K,   0% used [0x00000000e5560000, 0x00000000e5560000, 0x00000000e6ab0000)
 concurrent mark-sweep generation total 393216K, used 152601K [0x00000000e8000000, 0x0000000100000000, 0x0000000100000000)
 Metaspace       used 30977K, capacity 31346K, committed 31868K, reserved 1077248K
  class space    used 3484K, capacity 3625K, committed 3708K, reserved 1048576K
}
2018-11-12T14:39:40.883+0100: 316.097: Total time for which application threads were stopped: 0.0036231 seconds, Stopping threads took: 0.0000263 seconds
{Heap before GC invocations=363 (full 4):
 par new generation   total 109248K, used 101669K [0x00000000e0000000, 0x00000000e8000000, 0x00000000e8000000)
  eden space 87424K, 100% used [0x00000000e0000000, 0x00000000e5560000, 0x00000000e5560000)
  from space 21824K,  65% used [0x00000000e6ab0000, 0x00000000e7899550, 0x00000000e8000000)
  to   space 21824K,   0% used [0x00000000e5560000, 0x00000000e5560000, 0x00000000e6ab0000)
 concurrent mark-sweep generation total 393216K, used 152601K [0x00000000e8000000, 0x0000000100000000, 0x0000000100000000)
 Metaspace       used 30977K, capacity 31346K, committed 31868K, reserved 1077248K
  class space    used 3484K, capacity 3625K, committed 3708K, reserved 1048576K
2018-11-12T14:39:41.130+0100: 316.344: [GC (Allocation Failure) 2018-11-12T14:39:41.130+0100: 316.344: [ParNew
Desired survivor size 20112992 bytes, new threshold 8 (max 8)
- age   1:     887368 bytes,     887368 total
- age   2:    1867880 bytes,    2755248 total
- age   3:    6518464 bytes,    9273712 total
- age   4:     528360 bytes,    9802072 total
- age   5:     500000 bytes,   10302072 total
- age   6:     515544 bytes,   10817616 total
- age   7:     849040 bytes,   11666656 total
- age   8:     541992 bytes,   12208648 total
: 101669K->13702K(109248K), 0.0039023 secs] 254270K->166784K(502464K), 0.0039837 secs] [Times: user=0.00 sys=0.00, real=0.00 secs] 
Heap after GC invocations=364 (full 4):
 par new generation   total 109248K, used 13702K [0x00000000e0000000, 0x00000000e8000000, 0x00000000e8000000)
  eden space 87424K,   0% used [0x00000000e0000000, 0x00000000e0000000, 0x00000000e5560000)
  from space 21824K,  62% used [0x00000000e5560000, 0x00000000e62c1800, 0x00000000e6ab0000)
  to   space 21824K,   0% used [0x00000000e6ab0000, 0x00000000e6ab0000, 0x00000000e8000000)
 concurrent mark-sweep generation total 393216K, used 153082K [0x00000000e8000000, 0x0000000100000000, 0x0000000100000000)
 Metaspace       used 30977K, capacity 31346K, committed 31868K, reserved 1077248K
  class space    used 3484K, capacity 3625K, committed 3708K, reserved 1048576K
}
2018-11-12T14:39:41.134+0100: 316.348: Total time for which application threads were stopped: 0.0041989 seconds, Stopping threads took: 0.0000383 seconds
2018-11-12T14:39:41.299+0100: 316.513: Total time for which application threads were stopped: 0.0001091 seconds, Stopping threads took: 0.0000281 seconds
2018-11-12T14:39:41.300+0100: 316.515: Total time for which application threads were stopped: 0.0000732 seconds, Stopping threads took: 0.0000246 seconds
2018-11-12T14:39:41.301+0100: 316.515: Total time for which application threads were stopped: 0.0000708 seconds, Stopping threads took: 0.0000222 seconds
{Heap before GC invocations=364 (full 4):
 par new generation   total 109248K, used 101126K [0x00000000e0000000, 0x00000000e8000000, 0x00000000e8000000)
  eden space 87424K, 100% used [0x00000000e0000000, 0x00000000e5560000, 0x00000000e5560000)
  from space 21824K,  62% used [0x00000000e5560000, 0x00000000e62c1800, 0x00000000e6ab0000)
  to   space 21824K,   0% used [0x00000000e6ab0000, 0x00000000e6ab0000, 0x00000000e8000000)
 concurrent mark-sweep generation total 393216K, used 153082K [0x00000000e8000000, 0x0000000100000000, 0x0000000100000000)
 Metaspace       used 30978K, capacity 31346K, committed 31868K, reserved 1077248K
  class space    used 3484K, capacity 3625K, committed 3708K, reserved 1048576K
2018-11-12T14:39:41.530+0100: 316.745: [GC (Allocation Failure) 2018-11-12T14:39:41.530+0100: 316.745: [ParNew
Desired survivor size 20112992 bytes, new threshold 8 (max 8)
- age   1:     710408 bytes,     710408 total
- age   2:     505944 bytes,    1216352 total
- age   3:    1863288 bytes,    3079640 total
- age   4:    6518080 bytes,    9597720 total
- age   5:     527976 bytes,   10125696 total
- age   6:     499568 bytes,   10625264 total
- age   7:     515208 bytes,   11140472 total
- age   8:     848560 bytes,   11989032 total
: 101126K->13090K(109248K), 0.0033983 secs] 254208K->166701K(502464K), 0.0034643 secs] [Times: user=0.00 sys=0.00, real=0.00 secs] 
Heap after GC invocations=365 (full 4):
 par new generation   total 109248K, used 13090K [0x00000000e0000000, 0x00000000e8000000, 0x00000000e8000000)
  eden space 87424K,   0% used [0x00000000e0000000, 0x00000000e0000000, 0x00000000e5560000)
  from space 21824K,  59% used [0x00000000e6ab0000, 0x00000000e7778a70, 0x00000000e8000000)
  to   space 21824K,   0% used [0x00000000e5560000, 0x00000000e5560000, 0x00000000e6ab0000)
 concurrent mark-sweep generation total 393216K, used 153611K [0x00000000e8000000, 0x0000000100000000, 0x0000000100000000)
 Metaspace       used 30978K, capacity 31346K, committed 31868K, reserved 1077248K
  class space    used 3484K, capacity 3625K, committed 3708K, reserved 1048576K
}
2018-11-12T14:39:41.534+0100: 316.748: Total time for which application threads were stopped: 0.0036511 seconds, Stopping threads took: 0.0000315 seconds
{Heap before GC invocations=365 (full 4):
 par new generation   total 109248K, used 100514K [0x00000000e0000000, 0x00000000e8000000, 0x00000000e8000000)
  eden space 87424K, 100% used [0x00000000e0000000, 0x00000000e5560000, 0x00000000e5560000)
  from space 21824K,  59% used [0x00000000e6ab0000, 0x00000000e7778a70, 0x00000000e8000000)
  to   space 21824K,   0% used [0x00000000e5560000, 0x00000000e5560000, 0x00000000e6ab0000)
 concurrent mark-sweep generation total 393216K, used 153611K [0x00000000e8000000, 0x0000000100000000, 0x0000000100000000)
 Metaspace       used 30978K, capacity 31346K, committed 31868K, reserved 1077248K
  class space    used 3484K, capacity 3625K, committed 3708K, reserved 1048576K
2018-11-12T14:39:41.624+0100: 316.838: [GC (Allocation Failure) 2018-11-12T14:39:41.624+0100: 316.838: [ParNew
Desired survivor size 20112992 bytes, new threshold 8 (max 8)
- age   1:      93368 bytes,      93368 total
- age   2:     646128 bytes,     739496 total
- age   3:     505944 bytes,    1245440 total
- age   4:    1863288 bytes,    3108728 total
- age   5:    6518080 bytes,    9626808 total
- age   6:     527976 bytes,   10154784 total
- age   7:     499568 bytes,   10654352 total
- age   8:     515208 bytes,   11169560 total
: 100514K->13930K(109248K), 0.0033015 secs] 254125K->168371K(502464K), 0.0033788 secs] [Times: user=0.00 sys=0.00, real=0.00 secs] 
Heap after GC invocations=366 (full 4):
 par new generation   total 109248K, used 13930K [0x00000000e0000000, 0x00000000e8000000, 0x00000000e8000000)
  eden space 87424K,   0% used [0x00000000e0000000, 0x00000000e0000000, 0x00000000e5560000)
  from space 21824K,  63% used [0x00000000e5560000, 0x00000000e62fabd0, 0x00000000e6ab0000)
  to   space 21824K,   0% used [0x00000000e6ab0000, 0x00000000e6ab0000, 0x00000000e8000000)
 concurrent mark-sweep generation total 393216K, used 154440K [0x00000000e8000000, 0x0000000100000000, 0x0000000100000000)
 Metaspace       used 30978K, capacity 31346K, committed 31868K, reserved 1077248K
  class space    used 3484K, capacity 3625K, committed 3708K, reserved 1048576K
}
2018-11-12T14:39:41.627+0100: 316.842: Total time for which application threads were stopped: 0.0036221 seconds, Stopping threads took: 0.0000250 seconds
{Heap before GC invocations=366 (full 4):
 par new generation   total 109248K, used 101354K [0x00000000e0000000, 0x00000000e8000000, 0x00000000e8000000)
  eden space 87424K, 100% used [0x00000000e0000000, 0x00000000e5560000, 0x00000000e5560000)
  from space 21824K,  63% used [0x00000000e5560000, 0x00000000e62fabd0, 0x00000000e6ab0000)
  to   space 21824K,   0% used [0x00000000e6ab0000, 0x00000000e6ab0000, 0x00000000e8000000)
 concurrent mark-sweep generation total 393216K, used 154440K [0x00000000e8000000, 0x0000000100000000, 0x0000000100000000)
 Metaspace       used 30978K, capacity 31346K, committed 31868K, reserved 1077248K
  class space    used 3484K, capacity 3625K, committed 3708K, reserved 1048576K
2018-11-12T14:39:41.711+0100: 316.926: [GC (Allocation Failure) 2018-11-12T14:39:41.711+0100: 316.926: [ParNew
Desired survivor size 20112992 bytes, new threshold 8 (max 8)
- age   1:      73408 bytes,      73408 total
- age   2:      62904 bytes,     136312 total
- age   3:     646128 bytes,     782440 total
- age   4:     505944 bytes,    1288384 total
- age   5:    1863288 bytes,    3151672 total
- age   6:    6518080 bytes,    9669752 total
- age   7:     527976 bytes,   10197728 total
- age   8:     499568 bytes,   10697296 total
: 101354K->12103K(109248K), 0.0032618 secs] 255795K->167046K(502464K), 0.0033285 secs] [Times: user=0.00 sys=0.00, real=0.00 secs] 
Heap after GC invocations=367 (full 4):
 par new generation   total 109248K, used 12103K [0x00000000e0000000, 0x00000000e8000000, 0x00000000e8000000)
  eden space 87424K,   0% used [0x00000000e0000000, 0x00000000e0000000, 0x00000000e5560000)
  from space 21824K,  55% used [0x00000000e6ab0000, 0x00000000e7681c90, 0x00000000e8000000)
  to   space 21824K,   0% used [0x00000000e5560000, 0x00000000e5560000, 0x00000000e6ab0000)
 concurrent mark-sweep generation total 393216K, used 154943K [0x00000000e8000000, 0x0000000100000000, 0x0000000100000000)
 Metaspace       used 30978K, capacity 31346K, committed 31868K, reserved 1077248K
  class space    used 3484K, capacity 3625K, committed 3708K, reserved 1048576K
}
2018-11-12T14:39:41.715+0100: 316.929: Total time for which application threads were stopped: 0.0035078 seconds, Stopping threads took: 0.0000322 seconds
2018-11-12T14:39:41.749+0100: 316.963: Total time for which application threads were stopped: 0.0000886 seconds, Stopping threads took: 0.0000216 seconds
2018-11-12T14:39:41.749+0100: 316.963: Total time for which application threads were stopped: 0.0000612 seconds, Stopping threads took: 0.0000229 seconds
2018-11-12T14:39:41.749+0100: 316.964: Total time for which application threads were stopped: 0.0000547 seconds, Stopping threads took: 0.0000137 seconds
2018-11-12T14:39:41.749+0100: 316.964: Total time for which application threads were stopped: 0.0000452 seconds, Stopping threads took: 0.0000092 seconds
2018-11-12T14:39:41.749+0100: 316.964: Total time for which application threads were stopped: 0.0000421 seconds, Stopping threads took: 0.0000171 seconds
2018-11-12T14:39:41.750+0100: 316.964: Total time for which application threads were stopped: 0.0000441 seconds, Stopping threads took: 0.0000082 seconds
2018-11-12T14:39:41.750+0100: 316.964: Total time for which application threads were stopped: 0.0000404 seconds, Stopping threads took: 0.0000082 seconds
2018-11-12T14:39:41.750+0100: 316.964: Total time for which application threads were stopped: 0.0000506 seconds, Stopping threads took: 0.0000178 seconds
2018-11-12T14:39:41.750+0100: 316.964: Total time for which application threads were stopped: 0.0000352 seconds, Stopping threads took: 0.0000086 seconds
2018-11-12T14:39:41.750+0100: 316.964: Total time for which application threads were stopped: 0.0000346 seconds, Stopping threads took: 0.0000089 seconds
2018-11-12T14:39:41.750+0100: 316.964: Total time for which application threads were stopped: 0.0000346 seconds, Stopping threads took: 0.0000089 seconds
2018-11-12T14:39:41.753+0100: 316.967: Total time for which application threads were stopped: 0.0001026 seconds, Stopping threads took: 0.0000267 seconds
2018-11-12T14:39:41.753+0100: 316.967: Total time for which application threads were stopped: 0.0000879 seconds, Stopping threads took: 0.0000274 seconds
2018-11-12T14:39:41.753+0100: 316.967: Total time for which application threads were stopped: 0.0000958 seconds, Stopping threads took: 0.0000383 seconds
2018-11-12T14:39:41.753+0100: 316.967: Total time for which application threads were stopped: 0.0000725 seconds, Stopping threads took: 0.0000263 seconds
2018-11-12T14:39:41.753+0100: 316.967: Total time for which application threads were stopped: 0.0000636 seconds, Stopping threads took: 0.0000260 seconds
2018-11-12T14:39:41.757+0100: 316.971: Total time for which application threads were stopped: 0.0000777 seconds, Stopping threads took: 0.0000281 seconds
2018-11-12T14:39:41.757+0100: 316.971: Total time for which application threads were stopped: 0.0000606 seconds, Stopping threads took: 0.0000147 seconds
2018-11-12T14:39:41.757+0100: 316.971: Total time for which application threads were stopped: 0.0000479 seconds, Stopping threads took: 0.0000185 seconds
2018-11-12T14:39:41.757+0100: 316.972: Total time for which application threads were stopped: 0.0000448 seconds, Stopping threads took: 0.0000089 seconds
2018-11-12T14:39:41.758+0100: 316.972: Total time for which application threads were stopped: 0.0001259 seconds, Stopping threads took: 0.0000089 seconds
2018-11-12T14:39:41.758+0100: 316.972: Total time for which application threads were stopped: 0.0000496 seconds, Stopping threads took: 0.0000161 seconds
2018-11-12T14:39:41.903+0100: 317.118: Total time for which application threads were stopped: 0.0002309 seconds, Stopping threads took: 0.0001396 seconds
2018-11-12T14:39:41.904+0100: 317.118: Total time for which application threads were stopped: 0.0000978 seconds, Stopping threads took: 0.0000137 seconds
2018-11-12T14:39:41.904+0100: 317.118: Total time for which application threads were stopped: 0.0000718 seconds, Stopping threads took: 0.0000174 seconds
2018-11-12T14:39:41.904+0100: 317.118: Total time for which application threads were stopped: 0.0000698 seconds, Stopping threads took: 0.0000161 seconds
2018-11-12T14:39:41.904+0100: 317.118: Total time for which application threads were stopped: 0.0000650 seconds, Stopping threads took: 0.0000147 seconds
2018-11-12T14:39:41.904+0100: 317.118: Total time for which application threads were stopped: 0.0000599 seconds, Stopping threads took: 0.0000140 seconds
2018-11-12T14:39:41.904+0100: 317.118: Total time for which application threads were stopped: 0.0000630 seconds, Stopping threads took: 0.0000151 seconds
2018-11-12T14:39:41.904+0100: 317.118: Total time for which application threads were stopped: 0.0000616 seconds, Stopping threads took: 0.0000157 seconds
2018-11-12T14:39:41.904+0100: 317.118: Total time for which application threads were stopped: 0.0000900 seconds, Stopping threads took: 0.0000308 seconds
2018-11-12T14:39:41.904+0100: 317.119: Total time for which application threads were stopped: 0.0001444 seconds, Stopping threads took: 0.0000154 seconds
2018-11-12T14:39:41.907+0100: 317.121: Total time for which application threads were stopped: 0.0001143 seconds, Stopping threads took: 0.0000438 seconds
2018-11-12T14:39:41.914+0100: 317.128: Total time for which application threads were stopped: 0.0000862 seconds, Stopping threads took: 0.0000219 seconds
2018-11-12T14:40:03.897+0100: 339.111: Total time for which application threads were stopped: 0.0000777 seconds, Stopping threads took: 0.0000222 seconds
2018-11-12T14:40:03.898+0100: 339.112: Total time for which application threads were stopped: 0.0000852 seconds, Stopping threads took: 0.0000291 seconds
2018-11-12T14:40:04.898+0100: 340.112: Total time for which application threads were stopped: 0.0002128 seconds, Stopping threads took: 0.0000705 seconds
2018-11-12T14:49:59.711+0100: 934.925: Total time for which application threads were stopped: 0.0001071 seconds, Stopping threads took: 0.0000308 seconds
2018-11-12T14:49:59.712+0100: 934.926: Total time for which application threads were stopped: 0.0000558 seconds, Stopping threads took: 0.0000137 seconds
2018-11-12T14:50:00.712+0100: 935.926: Total time for which application threads were stopped: 0.0002364 seconds, Stopping threads took: 0.0000756 seconds
2018-11-12T14:50:08.797+0100: 944.011: Total time for which application threads were stopped: 0.0000907 seconds, Stopping threads took: 0.0000322 seconds
2018-11-12T14:50:08.800+0100: 944.015: Total time for which application threads were stopped: 0.0000941 seconds, Stopping threads took: 0.0000294 seconds
2018-11-12T14:50:08.801+0100: 944.015: Total time for which application threads were stopped: 0.0000855 seconds, Stopping threads took: 0.0000233 seconds
2018-11-12T14:50:08.801+0100: 944.015: Total time for which application threads were stopped: 0.0000773 seconds, Stopping threads took: 0.0000243 seconds
2018-11-12T14:50:08.801+0100: 944.015: Total time for which application threads were stopped: 0.0000595 seconds, Stopping threads took: 0.0000219 seconds
2018-11-12T14:50:08.801+0100: 944.016: Total time for which application threads were stopped: 0.0000558 seconds, Stopping threads took: 0.0000209 seconds
2018-11-12T14:50:08.802+0100: 944.017: Total time for which application threads were stopped: 0.0000746 seconds, Stopping threads took: 0.0000192 seconds
2018-11-12T14:50:08.808+0100: 944.023: Total time for which application threads were stopped: 0.0000845 seconds, Stopping threads took: 0.0000198 seconds
2018-11-12T14:50:08.809+0100: 944.024: Total time for which application threads were stopped: 0.0001642 seconds, Stopping threads took: 0.0000978 seconds
2018-11-12T14:50:08.813+0100: 944.027: Total time for which application threads were stopped: 0.0002042 seconds, Stopping threads took: 0.0000937 seconds
2018-11-12T14:50:09.814+0100: 945.028: Total time for which application threads were stopped: 0.0002443 seconds, Stopping threads took: 0.0000732 seconds
2018-11-12T14:51:16.323+0100: 1011.537: Total time for which application threads were stopped: 0.0001108 seconds, Stopping threads took: 0.0000229 seconds
2018-11-12T14:51:16.323+0100: 1011.537: Total time for which application threads were stopped: 0.0000677 seconds, Stopping threads took: 0.0000140 seconds
2018-11-12T14:51:16.324+0100: 1011.539: Total time for which application threads were stopped: 0.0000886 seconds, Stopping threads took: 0.0000216 seconds
2018-11-12T14:51:16.325+0100: 1011.540: Total time for which application threads were stopped: 0.0000681 seconds, Stopping threads took: 0.0000140 seconds
2018-11-12T14:51:16.327+0100: 1011.541: Total time for which application threads were stopped: 0.0001221 seconds, Stopping threads took: 0.0000246 seconds
2018-11-12T14:51:35.772+0100: 1030.987: Total time for which application threads were stopped: 0.0006463 seconds, Stopping threads took: 0.0000233 seconds
2018-11-12T14:51:35.776+0100: 1030.990: Total time for which application threads were stopped: 0.0001201 seconds, Stopping threads took: 0.0000359 seconds
2018-11-12T14:51:35.777+0100: 1030.991: Total time for which application threads were stopped: 0.0000948 seconds, Stopping threads took: 0.0000558 seconds
2018-11-12T14:51:35.777+0100: 1030.992: Total time for which application threads were stopped: 0.0000698 seconds, Stopping threads took: 0.0000267 seconds
2018-11-12T14:51:35.778+0100: 1030.992: Total time for which application threads were stopped: 0.0000568 seconds, Stopping threads took: 0.0000243 seconds
2018-11-12T14:51:35.778+0100: 1030.992: Total time for which application threads were stopped: 0.0000510 seconds, Stopping threads took: 0.0000181 seconds
2018-11-12T14:51:35.778+0100: 1030.992: Total time for which application threads were stopped: 0.0000359 seconds, Stopping threads took: 0.0000099 seconds
2018-11-12T14:51:36.778+0100: 1031.992: Total time for which application threads were stopped: 0.0002114 seconds, Stopping threads took: 0.0000636 seconds
Heap
 par new generation   total 109248K, used 51466K [0x00000000e0000000, 0x00000000e8000000, 0x00000000e8000000)
  eden space 87424K,  45% used [0x00000000e0000000, 0x00000000e2670bd8, 0x00000000e5560000)
  from space 21824K,  55% used [0x00000000e6ab0000, 0x00000000e7681c90, 0x00000000e8000000)
  to   space 21824K,   0% used [0x00000000e5560000, 0x00000000e5560000, 0x00000000e6ab0000)
 concurrent mark-sweep generation total 393216K, used 154943K [0x00000000e8000000, 0x0000000100000000, 0x0000000100000000)
 Metaspace       used 31140K, capacity 31550K, committed 31868K, reserved 1077248K
  class space    used 3502K, capacity 3627K, committed 3708K, reserved 1048576K
