Java HotSpot(TM) 64-Bit Server VM (25.73-b02) for windows-amd64 JRE (1.8.0_73-b02), built on Jan 29 2016 17:38:49 by "java_re" with MS VC++ 10.0 (VS2010)
Memory: 4k page, physical 16680680k(8038944k free), swap 33359460k(24718476k free)
CommandLine flags: -XX:CMSInitiatingOccupancyFraction=50 -XX:CMSMaxAbortablePrecleanTime=6000 -XX:+CMSParallelRemarkEnabled -XX:+CMSScavengeBeforeRemark -XX:ConcGCThreads=4 -XX:InitialHeapSize=2147483648 -XX:MaxHeapSize=2147483648 -XX:MaxTenuringThreshold=8 -XX:NewRatio=3 -XX:OldPLABSize=16 -XX:ParallelGCThreads=4 -XX:+ParallelRefProcEnabled -XX:PretenureSizeThreshold=67108864 -XX:+PrintGC -XX:+PrintGCApplicationStoppedTime -XX:+PrintGCDateStamps -XX:+PrintGCDetails -XX:+PrintGCTimeStamps -XX:+PrintHeapAtGC -XX:+PrintTenuringDistribution -XX:SurvivorRatio=4 -XX:TargetSurvivorRatio=90 -XX:ThreadStackSize=256 -XX:+UseCMSInitiatingOccupancyOnly -XX:+UseCompressedClassPointers -XX:+UseCompressedOops -XX:+UseConcMarkSweepGC -XX:-UseLargePagesIndividualAllocation -XX:+UseParNewGC 
2018-12-13T20:50:04.867+0100: 0.244: Total time for which application threads were stopped: 0.0001291 seconds, Stopping threads took: 0.0000179 seconds
2018-12-13T20:50:04.981+0100: 0.359: Total time for which application threads were stopped: 0.0001141 seconds, Stopping threads took: 0.0000151 seconds
2018-12-13T20:50:05.023+0100: 0.400: Total time for which application threads were stopped: 0.0001274 seconds, Stopping threads took: 0.0000162 seconds
2018-12-13T20:50:05.029+0100: 0.406: Total time for which application threads were stopped: 0.0000885 seconds, Stopping threads took: 0.0000142 seconds
2018-12-13T20:50:05.308+0100: 0.686: Total time for which application threads were stopped: 0.0001840 seconds, Stopping threads took: 0.0000461 seconds
2018-12-13T20:50:05.515+0100: 0.892: Total time for which application threads were stopped: 0.0002091 seconds, Stopping threads took: 0.0000199 seconds
2018-12-13T20:50:05.516+0100: 0.893: Total time for which application threads were stopped: 0.0000657 seconds, Stopping threads took: 0.0000117 seconds
2018-12-13T20:50:05.518+0100: 0.895: Total time for which application threads were stopped: 0.0000913 seconds, Stopping threads took: 0.0000310 seconds
2018-12-13T20:50:05.673+0100: 1.051: Total time for which application threads were stopped: 0.0002881 seconds, Stopping threads took: 0.0000799 seconds
2018-12-13T20:50:05.990+0100: 1.367: Total time for which application threads were stopped: 0.0002890 seconds, Stopping threads took: 0.0000196 seconds
2018-12-13T20:50:06.020+0100: 1.397: Total time for which application threads were stopped: 0.0002452 seconds, Stopping threads took: 0.0000222 seconds
2018-12-13T20:50:06.046+0100: 1.423: Total time for which application threads were stopped: 0.0002600 seconds, Stopping threads took: 0.0000208 seconds
2018-12-13T20:50:06.068+0100: 1.445: Total time for which application threads were stopped: 0.0000956 seconds, Stopping threads took: 0.0000284 seconds
{Heap before GC invocations=0 (full 0):
 par new generation   total 436928K, used 349568K [0x0000000080000000, 0x00000000a0000000, 0x00000000a0000000)
  eden space 349568K, 100% used [0x0000000080000000, 0x0000000095560000, 0x0000000095560000)
  from space 87360K,   0% used [0x0000000095560000, 0x0000000095560018, 0x000000009aab0000)
  to   space 87360K,   0% used [0x000000009aab0000, 0x000000009aab0000, 0x00000000a0000000)
 concurrent mark-sweep generation total 1572864K, used 0K [0x00000000a0000000, 0x0000000100000000, 0x0000000100000000)
 Metaspace       used 20360K, capacity 20724K, committed 20992K, reserved 1067008K
  class space    used 2394K, capacity 2520K, committed 2560K, reserved 1048576K
2018-12-13T20:50:06.068+0100: 1.445: [GC (GCLocker Initiated GC) 2018-12-13T20:50:06.068+0100: 1.445: [ParNew
Desired survivor size 80510976 bytes, new threshold 8 (max 8)
- age   1:   17700872 bytes,   17700872 total
: 349568K->17476K(436928K), 0.0116846 secs] 349568K->17476K(2009792K), 0.0118240 secs] [Times: user=0.06 sys=0.00, real=0.01 secs] 
Heap after GC invocations=1 (full 0):
 par new generation   total 436928K, used 17476K [0x0000000080000000, 0x00000000a0000000, 0x00000000a0000000)
  eden space 349568K,   0% used [0x0000000080000000, 0x0000000080000000, 0x0000000095560000)
  from space 87360K,  20% used [0x000000009aab0000, 0x000000009bbc1248, 0x00000000a0000000)
  to   space 87360K,   0% used [0x0000000095560000, 0x0000000095560000, 0x000000009aab0000)
 concurrent mark-sweep generation total 1572864K, used 0K [0x00000000a0000000, 0x0000000100000000, 0x0000000100000000)
 Metaspace       used 20360K, capacity 20724K, committed 20992K, reserved 1067008K
  class space    used 2394K, capacity 2520K, committed 2560K, reserved 1048576K
}
2018-12-13T20:50:06.080+0100: 1.457: Total time for which application threads were stopped: 0.0119412 seconds, Stopping threads took: 0.0000111 seconds
2018-12-13T20:50:06.108+0100: 1.486: Total time for which application threads were stopped: 0.0000859 seconds, Stopping threads took: 0.0000219 seconds
2018-12-13T20:50:06.111+0100: 1.488: Total time for which application threads were stopped: 0.0002731 seconds, Stopping threads took: 0.0000464 seconds
2018-12-13T20:50:06.120+0100: 1.497: Total time for which application threads were stopped: 0.0001294 seconds, Stopping threads took: 0.0000623 seconds
2018-12-13T20:50:06.143+0100: 1.520: Total time for which application threads were stopped: 0.0001163 seconds, Stopping threads took: 0.0000361 seconds
2018-12-13T20:50:06.174+0100: 1.552: Total time for which application threads were stopped: 0.0001286 seconds, Stopping threads took: 0.0000287 seconds
2018-12-13T20:50:06.185+0100: 1.562: Total time for which application threads were stopped: 0.0001473 seconds, Stopping threads took: 0.0000338 seconds
2018-12-13T20:50:06.207+0100: 1.584: Total time for which application threads were stopped: 0.0001087 seconds, Stopping threads took: 0.0000293 seconds
2018-12-13T20:50:06.207+0100: 1.584: Total time for which application threads were stopped: 0.0000469 seconds, Stopping threads took: 0.0000236 seconds
2018-12-13T20:50:06.226+0100: 1.604: Total time for which application threads were stopped: 0.0000745 seconds, Stopping threads took: 0.0000193 seconds
2018-12-13T20:50:06.233+0100: 1.611: Total time for which application threads were stopped: 0.0000742 seconds, Stopping threads took: 0.0000219 seconds
2018-12-13T20:50:06.269+0100: 1.646: Total time for which application threads were stopped: 0.0001303 seconds, Stopping threads took: 0.0000560 seconds
2018-12-13T20:50:06.305+0100: 1.682: Total time for which application threads were stopped: 0.0001010 seconds, Stopping threads took: 0.0000282 seconds
2018-12-13T20:50:06.409+0100: 1.786: Total time for which application threads were stopped: 0.0003368 seconds, Stopping threads took: 0.0000239 seconds
2018-12-13T20:50:06.817+0100: 2.194: Total time for which application threads were stopped: 0.0001109 seconds, Stopping threads took: 0.0000202 seconds
2018-12-13T20:50:06.821+0100: 2.198: Total time for which application threads were stopped: 0.0002972 seconds, Stopping threads took: 0.0000182 seconds
2018-12-13T20:50:06.828+0100: 2.205: Total time for which application threads were stopped: 0.0002725 seconds, Stopping threads took: 0.0000174 seconds
2018-12-13T20:50:06.832+0100: 2.209: Total time for which application threads were stopped: 0.0000606 seconds, Stopping threads took: 0.0000151 seconds
2018-12-13T20:50:06.835+0100: 2.212: Total time for which application threads were stopped: 0.0000495 seconds, Stopping threads took: 0.0000142 seconds
{Heap before GC invocations=1 (full 0):
 par new generation   total 436928K, used 367044K [0x0000000080000000, 0x00000000a0000000, 0x00000000a0000000)
  eden space 349568K, 100% used [0x0000000080000000, 0x0000000095560000, 0x0000000095560000)
  from space 87360K,  20% used [0x000000009aab0000, 0x000000009bbc1290, 0x00000000a0000000)
  to   space 87360K,   0% used [0x0000000095560000, 0x0000000095560000, 0x000000009aab0000)
 concurrent mark-sweep generation total 1572864K, used 0K [0x00000000a0000000, 0x0000000100000000, 0x0000000100000000)
 Metaspace       used 24266K, capacity 24822K, committed 25204K, reserved 1071104K
  class space    used 2904K, capacity 3095K, committed 3144K, reserved 1048576K
2018-12-13T20:50:06.835+0100: 2.212: [GC (GCLocker Initiated GC) 2018-12-13T20:50:06.835+0100: 2.212: [ParNew
Desired survivor size 80510976 bytes, new threshold 8 (max 8)
- age   1:   73063872 bytes,   73063872 total
- age   2:    7375864 bytes,   80439736 total
: 367044K->81522K(436928K), 0.0521284 secs] 367044K->81522K(2009792K), 0.0521722 secs] [Times: user=0.19 sys=0.06, real=0.05 secs] 
Heap after GC invocations=2 (full 0):
 par new generation   total 436928K, used 81522K [0x0000000080000000, 0x00000000a0000000, 0x00000000a0000000)
  eden space 349568K,   0% used [0x0000000080000000, 0x0000000080000000, 0x0000000095560000)
  from space 87360K,  93% used [0x0000000095560000, 0x000000009a4fc850, 0x000000009aab0000)
  to   space 87360K,   0% used [0x000000009aab0000, 0x000000009aab0000, 0x00000000a0000000)
 concurrent mark-sweep generation total 1572864K, used 0K [0x00000000a0000000, 0x0000000100000000, 0x0000000100000000)
 Metaspace       used 24266K, capacity 24822K, committed 25204K, reserved 1071104K
  class space    used 2904K, capacity 3095K, committed 3144K, reserved 1048576K
}
2018-12-13T20:50:06.887+0100: 2.264: Total time for which application threads were stopped: 0.0523452 seconds, Stopping threads took: 0.0000154 seconds
2018-12-13T20:50:06.889+0100: 2.266: [GC (CMS Initial Mark) [1 CMS-initial-mark: 0K(1572864K)] 91249K(2009792K), 0.0088368 secs] [Times: user=0.00 sys=0.00, real=0.01 secs] 
2018-12-13T20:50:06.898+0100: 2.275: Total time for which application threads were stopped: 0.0089415 seconds, Stopping threads took: 0.0000205 seconds
2018-12-13T20:50:06.898+0100: 2.275: [CMS-concurrent-mark-start]
2018-12-13T20:50:06.898+0100: 2.276: [CMS-concurrent-mark: 0.001/0.001 secs] [Times: user=0.00 sys=0.00, real=0.00 secs] 
2018-12-13T20:50:06.898+0100: 2.276: [CMS-concurrent-preclean-start]
2018-12-13T20:50:06.901+0100: 2.278: [CMS-concurrent-preclean: 0.003/0.003 secs] [Times: user=0.06 sys=0.02, real=0.00 secs] 
2018-12-13T20:50:06.901+0100: 2.278: [CMS-concurrent-abortable-preclean-start]
2018-12-13T20:50:06.927+0100: 2.304: Total time for which application threads were stopped: 0.0000785 seconds, Stopping threads took: 0.0000213 seconds
2018-12-13T20:50:06.943+0100: 2.321: Total time for which application threads were stopped: 0.0000796 seconds, Stopping threads took: 0.0000265 seconds
2018-12-13T20:50:06.963+0100: 2.341: Total time for which application threads were stopped: 0.0000981 seconds, Stopping threads took: 0.0000213 seconds
2018-12-13T20:50:06.990+0100: 2.367: Total time for which application threads were stopped: 0.0000842 seconds, Stopping threads took: 0.0000307 seconds
2018-12-13T20:50:07.051+0100: 2.428: Total time for which application threads were stopped: 0.0035234 seconds, Stopping threads took: 0.0034213 seconds
2018-12-13T20:50:07.165+0100: 2.543: Total time for which application threads were stopped: 0.0001317 seconds, Stopping threads took: 0.0000762 seconds
2018-12-13T20:50:07.285+0100: 2.662: Total time for which application threads were stopped: 0.0006118 seconds, Stopping threads took: 0.0001667 seconds
2018-12-13T20:50:07.287+0100: 2.665: Total time for which application threads were stopped: 0.0000893 seconds, Stopping threads took: 0.0000293 seconds
2018-12-13T20:50:07.327+0100: 2.704: Total time for which application threads were stopped: 0.0001200 seconds, Stopping threads took: 0.0000364 seconds
2018-12-13T20:50:07.425+0100: 2.802: Total time for which application threads were stopped: 0.0003877 seconds, Stopping threads took: 0.0000245 seconds
2018-12-13T20:50:07.826+0100: 3.203: Total time for which application threads were stopped: 0.0001084 seconds, Stopping threads took: 0.0000208 seconds
2018-12-13T20:50:07.834+0100: 3.211: Total time for which application threads were stopped: 0.0000725 seconds, Stopping threads took: 0.0000205 seconds
2018-12-13T20:50:07.834+0100: 3.211: [CMS-concurrent-abortable-preclean: 0.878/0.933 secs] [Times: user=4.71 sys=0.17, real=0.93 secs] 
2018-12-13T20:50:07.834+0100: 3.211: [GC (CMS Final Remark) [YG occupancy: 384359 K (436928 K)]2018-12-13T20:50:07.834+0100: 3.211: [Rescan (parallel) , 0.0423956 secs]2018-12-13T20:50:07.876+0100: 3.254: [weak refs processing, 0.0003718 secs]2018-12-13T20:50:07.877+0100: 3.254: [class unloading, 0.0028641 secs]2018-12-13T20:50:07.880+0100: 3.257: [scrub symbol table, 0.0030091 secs]2018-12-13T20:50:07.883+0100: 3.260: [scrub string table, 0.0005561 secs][1 CMS-remark: 0K(1572864K)] 384359K(2009792K), 0.0501501 secs] [Times: user=0.20 sys=0.00, real=0.05 secs] 
2018-12-13T20:50:07.884+0100: 3.261: Total time for which application threads were stopped: 0.0502323 seconds, Stopping threads took: 0.0000185 seconds
2018-12-13T20:50:07.884+0100: 3.261: [CMS-concurrent-sweep-start]
{Heap before GC invocations=2 (full 1):
 par new generation   total 436928K, used 384359K [0x0000000080000000, 0x00000000a0000000, 0x00000000a0000000)
  eden space 349568K,  86% used [0x0000000080000000, 0x00000000927bd3c8, 0x0000000095560000)
  from space 87360K,  93% used [0x0000000095560000, 0x000000009a4fc850, 0x000000009aab0000)
  to   space 87360K,   0% used [0x000000009aab0000, 0x000000009aab0000, 0x00000000a0000000)
 concurrent mark-sweep generation total 1572864K, used 0K [0x00000000a0000000, 0x0000000100000000, 0x0000000100000000)
 Metaspace       used 27534K, capacity 28008K, committed 28524K, reserved 1075200K
  class space    used 3300K, capacity 3450K, committed 3576K, reserved 1048576K
2018-12-13T20:50:07.884+0100: 3.262: [GC (GCLocker Initiated GC) 2018-12-13T20:50:07.884+0100: 3.262: [ParNew
Desired survivor size 80510976 bytes, new threshold 2 (max 8)
- age   1:   55524608 bytes,   55524608 total
- age   2:   26579624 bytes,   82104232 total
- age   3:    7352296 bytes,   89456528 total
: 384359K->87360K(436928K), 0.2972821 secs] 384359K->164925K(2009792K), 0.2973231 secs] [Times: user=1.03 sys=0.03, real=0.30 secs] 
Heap after GC invocations=3 (full 1):
 par new generation   total 436928K, used 87360K [0x0000000080000000, 0x00000000a0000000, 0x00000000a0000000)
  eden space 349568K,   0% used [0x0000000080000000, 0x0000000080000000, 0x0000000095560000)
  from space 87360K, 100% used [0x000000009aab0000, 0x00000000a0000000, 0x00000000a0000000)
  to   space 87360K,   0% used [0x0000000095560000, 0x0000000095560000, 0x000000009aab0000)
 concurrent mark-sweep generation total 1572864K, used 77565K [0x00000000a0000000, 0x0000000100000000, 0x0000000100000000)
 Metaspace       used 27534K, capacity 28008K, committed 28524K, reserved 1075200K
  class space    used 3300K, capacity 3450K, committed 3576K, reserved 1048576K
}
2018-12-13T20:50:08.182+0100: 3.559: Total time for which application threads were stopped: 0.2974596 seconds, Stopping threads took: 0.0000162 seconds
2018-12-13T20:50:08.203+0100: 3.580: [CMS-concurrent-sweep: 0.319/0.319 secs] [Times: user=1.09 sys=0.03, real=0.32 secs] 
2018-12-13T20:50:08.203+0100: 3.580: [CMS-concurrent-reset-start]
2018-12-13T20:50:08.210+0100: 3.587: [CMS-concurrent-reset: 0.007/0.007 secs] [Times: user=0.00 sys=0.00, real=0.01 secs] 
2018-12-13T20:50:08.683+0100: 4.060: Total time for which application threads were stopped: 0.0002153 seconds, Stopping threads took: 0.0000395 seconds
2018-12-13T20:50:08.745+0100: 4.122: Total time for which application threads were stopped: 0.0038144 seconds, Stopping threads took: 0.0037308 seconds
{Heap before GC invocations=3 (full 1):
 par new generation   total 436928K, used 436928K [0x0000000080000000, 0x00000000a0000000, 0x00000000a0000000)
  eden space 349568K, 100% used [0x0000000080000000, 0x0000000095560000, 0x0000000095560000)
  from space 87360K, 100% used [0x000000009aab0000, 0x00000000a0000000, 0x00000000a0000000)
  to   space 87360K,   0% used [0x0000000095560000, 0x0000000095560000, 0x000000009aab0000)
 concurrent mark-sweep generation total 1572864K, used 77597K [0x00000000a0000000, 0x0000000100000000, 0x0000000100000000)
 Metaspace       used 29272K, capacity 29860K, committed 30060K, reserved 1075200K
  class space    used 3525K, capacity 3752K, committed 3832K, reserved 1048576K
2018-12-13T20:50:08.745+0100: 4.122: [GC (GCLocker Initiated GC) 2018-12-13T20:50:08.745+0100: 4.122: [ParNew
Desired survivor size 80510976 bytes, new threshold 2 (max 8)
- age   1:   62362752 bytes,   62362752 total
- age   2:   21877864 bytes,   84240616 total
: 436928K->87360K(436928K), 0.1145577 secs] 514525K->266384K(2009792K), 0.1146111 secs] [Times: user=0.39 sys=0.05, real=0.11 secs] 
Heap after GC invocations=4 (full 1):
 par new generation   total 436928K, used 87360K [0x0000000080000000, 0x00000000a0000000, 0x00000000a0000000)
  eden space 349568K,   0% used [0x0000000080000000, 0x0000000080000000, 0x0000000095560000)
  from space 87360K, 100% used [0x0000000095560000, 0x000000009aab0000, 0x000000009aab0000)
  to   space 87360K,   0% used [0x000000009aab0000, 0x000000009aab0000, 0x00000000a0000000)
 concurrent mark-sweep generation total 1572864K, used 179024K [0x00000000a0000000, 0x0000000100000000, 0x0000000100000000)
 Metaspace       used 29272K, capacity 29860K, committed 30060K, reserved 1075200K
  class space    used 3525K, capacity 3752K, committed 3832K, reserved 1048576K
}
2018-12-13T20:50:08.860+0100: 4.237: Total time for which application threads were stopped: 0.1150415 seconds, Stopping threads took: 0.0000273 seconds
2018-12-13T20:50:08.934+0100: 4.311: Total time for which application threads were stopped: 0.0200492 seconds, Stopping threads took: 0.0199534 seconds
2018-12-13T20:50:08.956+0100: 4.333: Total time for which application threads were stopped: 0.0003098 seconds, Stopping threads took: 0.0002139 seconds
2018-12-13T20:50:09.468+0100: 4.844: Total time for which application threads were stopped: 0.0019516 seconds, Stopping threads took: 0.0018312 seconds
2018-12-13T20:50:09.468+0100: 4.844: Total time for which application threads were stopped: 0.0000580 seconds, Stopping threads took: 0.0000293 seconds
2018-12-13T20:50:09.468+0100: 4.844: Total time for which application threads were stopped: 0.0000449 seconds, Stopping threads took: 0.0000222 seconds
2018-12-13T20:50:09.468+0100: 4.844: Total time for which application threads were stopped: 0.0000583 seconds, Stopping threads took: 0.0000210 seconds
{Heap before GC invocations=4 (full 1):
 par new generation   total 436928K, used 425129K [0x0000000080000000, 0x00000000a0000000, 0x00000000a0000000)
  eden space 349568K,  96% used [0x0000000080000000, 0x00000000949da7b8, 0x0000000095560000)
  from space 87360K, 100% used [0x0000000095560000, 0x000000009aab0000, 0x000000009aab0000)
  to   space 87360K,   0% used [0x000000009aab0000, 0x000000009aab0000, 0x00000000a0000000)
 concurrent mark-sweep generation total 1572864K, used 192141K [0x00000000a0000000, 0x0000000100000000, 0x0000000100000000)
 Metaspace       used 30242K, capacity 30962K, committed 31096K, reserved 1077248K
  class space    used 3640K, capacity 3901K, committed 3960K, reserved 1048576K
2018-12-13T20:50:09.471+0100: 4.847: [GC (GCLocker Initiated GC) 2018-12-13T20:50:09.471+0100: 4.847: [ParNew
Desired survivor size 80510976 bytes, new threshold 2 (max 8)
- age   1:   68223048 bytes,   68223048 total
- age   2:   21233304 bytes,   89456352 total
: 425129K->87360K(436928K), 0.1161963 secs] 617271K->380419K(2009792K), 0.1162490 secs] [Times: user=0.41 sys=0.05, real=0.12 secs] 
Heap after GC invocations=5 (full 1):
 par new generation   total 436928K, used 87360K [0x0000000080000000, 0x00000000a0000000, 0x00000000a0000000)
  eden space 349568K,   0% used [0x0000000080000000, 0x0000000080000000, 0x0000000095560000)
  from space 87360K, 100% used [0x000000009aab0000, 0x00000000a0000000, 0x00000000a0000000)
  to   space 87360K,   0% used [0x0000000095560000, 0x0000000095560000, 0x000000009aab0000)
 concurrent mark-sweep generation total 1572864K, used 293059K [0x00000000a0000000, 0x0000000100000000, 0x0000000100000000)
 Metaspace       used 30242K, capacity 30962K, committed 31096K, reserved 1077248K
  class space    used 3640K, capacity 3901K, committed 3960K, reserved 1048576K
}
2018-12-13T20:50:09.587+0100: 4.964: Total time for which application threads were stopped: 0.1194399 seconds, Stopping threads took: 0.0030745 seconds
2018-12-13T20:50:09.588+0100: 4.964: Total time for which application threads were stopped: 0.0001539 seconds, Stopping threads took: 0.0000558 seconds
2018-12-13T20:50:09.588+0100: 4.964: Total time for which application threads were stopped: 0.0000728 seconds, Stopping threads took: 0.0000122 seconds
2018-12-13T20:50:09.588+0100: 4.964: Total time for which application threads were stopped: 0.0001052 seconds, Stopping threads took: 0.0000430 seconds
2018-12-13T20:50:09.588+0100: 4.964: Total time for which application threads were stopped: 0.0000759 seconds, Stopping threads took: 0.0000270 seconds
2018-12-13T20:50:09.588+0100: 4.965: Total time for which application threads were stopped: 0.0000668 seconds, Stopping threads took: 0.0000239 seconds
2018-12-13T20:50:09.588+0100: 4.965: Total time for which application threads were stopped: 0.0000740 seconds, Stopping threads took: 0.0000296 seconds
2018-12-13T20:50:09.589+0100: 4.965: Total time for which application threads were stopped: 0.0000703 seconds, Stopping threads took: 0.0000296 seconds
2018-12-13T20:50:09.589+0100: 4.965: Total time for which application threads were stopped: 0.0000626 seconds, Stopping threads took: 0.0000330 seconds
2018-12-13T20:50:09.589+0100: 4.965: Total time for which application threads were stopped: 0.0000572 seconds, Stopping threads took: 0.0000245 seconds
2018-12-13T20:50:09.589+0100: 4.965: Total time for which application threads were stopped: 0.0000600 seconds, Stopping threads took: 0.0000350 seconds
2018-12-13T20:50:09.589+0100: 4.965: Total time for which application threads were stopped: 0.0000688 seconds, Stopping threads took: 0.0000302 seconds
2018-12-13T20:50:09.589+0100: 4.965: Total time for which application threads were stopped: 0.0000529 seconds, Stopping threads took: 0.0000205 seconds
2018-12-13T20:50:09.589+0100: 4.966: Total time for which application threads were stopped: 0.0000660 seconds, Stopping threads took: 0.0000259 seconds
2018-12-13T20:50:09.589+0100: 4.966: Total time for which application threads were stopped: 0.0000540 seconds, Stopping threads took: 0.0000210 seconds
2018-12-13T20:50:09.589+0100: 4.966: Total time for which application threads were stopped: 0.0000771 seconds, Stopping threads took: 0.0000449 seconds
2018-12-13T20:50:09.589+0100: 4.966: Total time for which application threads were stopped: 0.0000577 seconds, Stopping threads took: 0.0000247 seconds
2018-12-13T20:50:09.589+0100: 4.966: Total time for which application threads were stopped: 0.0000705 seconds, Stopping threads took: 0.0000381 seconds
2018-12-13T20:50:09.590+0100: 4.966: Total time for which application threads were stopped: 0.0000637 seconds, Stopping threads took: 0.0000256 seconds
2018-12-13T20:50:09.590+0100: 4.966: Total time for which application threads were stopped: 0.0000583 seconds, Stopping threads took: 0.0000242 seconds
2018-12-13T20:50:09.590+0100: 4.966: Total time for which application threads were stopped: 0.0000660 seconds, Stopping threads took: 0.0000299 seconds
2018-12-13T20:50:09.590+0100: 4.966: Total time for which application threads were stopped: 0.0000580 seconds, Stopping threads took: 0.0000213 seconds
2018-12-13T20:50:09.590+0100: 4.966: Total time for which application threads were stopped: 0.0000540 seconds, Stopping threads took: 0.0000245 seconds
2018-12-13T20:50:09.590+0100: 4.966: Total time for which application threads were stopped: 0.0000560 seconds, Stopping threads took: 0.0000179 seconds
2018-12-13T20:50:09.590+0100: 4.966: Total time for which application threads were stopped: 0.0000543 seconds, Stopping threads took: 0.0000228 seconds
2018-12-13T20:50:09.590+0100: 4.967: Total time for which application threads were stopped: 0.0000643 seconds, Stopping threads took: 0.0000284 seconds
2018-12-13T20:50:09.590+0100: 4.967: Total time for which application threads were stopped: 0.0001508 seconds, Stopping threads took: 0.0000230 seconds
2018-12-13T20:50:09.590+0100: 4.967: Total time for which application threads were stopped: 0.0000577 seconds, Stopping threads took: 0.0000225 seconds
2018-12-13T20:50:09.590+0100: 4.967: Total time for which application threads were stopped: 0.0000540 seconds, Stopping threads took: 0.0000228 seconds
2018-12-13T20:50:09.591+0100: 4.967: Total time for which application threads were stopped: 0.0000634 seconds, Stopping threads took: 0.0000236 seconds
2018-12-13T20:50:09.591+0100: 4.967: Total time for which application threads were stopped: 0.0000617 seconds, Stopping threads took: 0.0000307 seconds
2018-12-13T20:50:09.591+0100: 4.967: Total time for which application threads were stopped: 0.0000799 seconds, Stopping threads took: 0.0000415 seconds
2018-12-13T20:50:09.591+0100: 4.967: Total time for which application threads were stopped: 0.0000765 seconds, Stopping threads took: 0.0000361 seconds
2018-12-13T20:50:09.591+0100: 4.967: Total time for which application threads were stopped: 0.0000549 seconds, Stopping threads took: 0.0000242 seconds
2018-12-13T20:50:09.870+0100: 5.246: Total time for which application threads were stopped: 0.0002492 seconds, Stopping threads took: 0.0001089 seconds
{Heap before GC invocations=5 (full 1):
 par new generation   total 436928K, used 436928K [0x0000000080000000, 0x00000000a0000000, 0x00000000a0000000)
  eden space 349568K, 100% used [0x0000000080000000, 0x0000000095560000, 0x0000000095560000)
  from space 87360K, 100% used [0x000000009aab0000, 0x00000000a0000000, 0x00000000a0000000)
  to   space 87360K,   0% used [0x0000000095560000, 0x0000000095560000, 0x000000009aab0000)
 concurrent mark-sweep generation total 1572864K, used 293059K [0x00000000a0000000, 0x0000000100000000, 0x0000000100000000)
 Metaspace       used 30768K, capacity 31434K, committed 31736K, reserved 1077248K
  class space    used 3708K, capacity 3973K, committed 4088K, reserved 1048576K
2018-12-13T20:50:09.870+0100: 5.246: [GC (GCLocker Initiated GC) 2018-12-13T20:50:09.870+0100: 5.246: [ParNew
Desired survivor size 80510976 bytes, new threshold 2 (max 8)
- age   1:   48588632 bytes,   48588632 total
- age   2:   34248944 bytes,   82837576 total
: 436928K->87360K(436928K), 0.0941742 secs] 729987K->505949K(2009792K), 0.0942826 secs] [Times: user=0.30 sys=0.05, real=0.09 secs] 
Heap after GC invocations=6 (full 1):
 par new generation   total 436928K, used 87360K [0x0000000080000000, 0x00000000a0000000, 0x00000000a0000000)
  eden space 349568K,   0% used [0x0000000080000000, 0x0000000080000000, 0x0000000095560000)
  from space 87360K, 100% used [0x0000000095560000, 0x000000009aab0000, 0x000000009aab0000)
  to   space 87360K,   0% used [0x000000009aab0000, 0x000000009aab0000, 0x00000000a0000000)
 concurrent mark-sweep generation total 1572864K, used 418589K [0x00000000a0000000, 0x0000000100000000, 0x0000000100000000)
 Metaspace       used 30768K, capacity 31434K, committed 31736K, reserved 1077248K
  class space    used 3708K, capacity 3973K, committed 4088K, reserved 1048576K
}
2018-12-13T20:50:09.964+0100: 5.340: Total time for which application threads were stopped: 0.0944629 seconds, Stopping threads took: 0.0000216 seconds
2018-12-13T20:50:09.964+0100: 5.341: Total time for which application threads were stopped: 0.0001616 seconds, Stopping threads took: 0.0000549 seconds
2018-12-13T20:50:09.964+0100: 5.341: Total time for which application threads were stopped: 0.0001030 seconds, Stopping threads took: 0.0000265 seconds
2018-12-13T20:50:09.965+0100: 5.341: Total time for which application threads were stopped: 0.0000751 seconds, Stopping threads took: 0.0000279 seconds
2018-12-13T20:50:09.965+0100: 5.341: Total time for which application threads were stopped: 0.0000597 seconds, Stopping threads took: 0.0000188 seconds
2018-12-13T20:50:09.965+0100: 5.341: Total time for which application threads were stopped: 0.0000862 seconds, Stopping threads took: 0.0000213 seconds
2018-12-13T20:50:09.966+0100: 5.342: Total time for which application threads were stopped: 0.0011514 seconds, Stopping threads took: 0.0010493 seconds
2018-12-13T20:50:09.967+0100: 5.343: Total time for which application threads were stopped: 0.0002313 seconds, Stopping threads took: 0.0001838 seconds
2018-12-13T20:50:09.967+0100: 5.343: Total time for which application threads were stopped: 0.0000643 seconds, Stopping threads took: 0.0000262 seconds
2018-12-13T20:50:09.967+0100: 5.343: Total time for which application threads were stopped: 0.0000677 seconds, Stopping threads took: 0.0000302 seconds
2018-12-13T20:50:09.967+0100: 5.343: Total time for which application threads were stopped: 0.0000566 seconds, Stopping threads took: 0.0000247 seconds
2018-12-13T20:50:09.967+0100: 5.343: Total time for which application threads were stopped: 0.0000540 seconds, Stopping threads took: 0.0000210 seconds
2018-12-13T20:50:09.967+0100: 5.343: Total time for which application threads were stopped: 0.0000518 seconds, Stopping threads took: 0.0000247 seconds
2018-12-13T20:50:09.967+0100: 5.344: Total time for which application threads were stopped: 0.0000526 seconds, Stopping threads took: 0.0000265 seconds
2018-12-13T20:50:09.967+0100: 5.344: Total time for which application threads were stopped: 0.0000731 seconds, Stopping threads took: 0.0000435 seconds
2018-12-13T20:50:09.967+0100: 5.344: Total time for which application threads were stopped: 0.0000546 seconds, Stopping threads took: 0.0000219 seconds
2018-12-13T20:50:09.967+0100: 5.344: Total time for which application threads were stopped: 0.0000569 seconds, Stopping threads took: 0.0000250 seconds
2018-12-13T20:50:09.968+0100: 5.344: Total time for which application threads were stopped: 0.0002429 seconds, Stopping threads took: 0.0002142 seconds
2018-12-13T20:50:09.968+0100: 5.344: Total time for which application threads were stopped: 0.0000666 seconds, Stopping threads took: 0.0000222 seconds
2018-12-13T20:50:09.968+0100: 5.344: Total time for which application threads were stopped: 0.0000802 seconds, Stopping threads took: 0.0000464 seconds
2018-12-13T20:50:09.968+0100: 5.344: Total time for which application threads were stopped: 0.0000526 seconds, Stopping threads took: 0.0000213 seconds
2018-12-13T20:50:09.968+0100: 5.344: Total time for which application threads were stopped: 0.0000540 seconds, Stopping threads took: 0.0000162 seconds
2018-12-13T20:50:09.968+0100: 5.345: Total time for which application threads were stopped: 0.0001476 seconds, Stopping threads took: 0.0000199 seconds
2018-12-13T20:50:09.968+0100: 5.345: Total time for which application threads were stopped: 0.0000566 seconds, Stopping threads took: 0.0000213 seconds
2018-12-13T20:50:09.968+0100: 5.345: Total time for which application threads were stopped: 0.0000563 seconds, Stopping threads took: 0.0000213 seconds
2018-12-13T20:50:09.969+0100: 5.345: Total time for which application threads were stopped: 0.0002415 seconds, Stopping threads took: 0.0002028 seconds
2018-12-13T20:50:09.969+0100: 5.345: Total time for which application threads were stopped: 0.0000606 seconds, Stopping threads took: 0.0000265 seconds
2018-12-13T20:50:09.969+0100: 5.345: Total time for which application threads were stopped: 0.0000634 seconds, Stopping threads took: 0.0000225 seconds
2018-12-13T20:50:09.969+0100: 5.345: Total time for which application threads were stopped: 0.0000626 seconds, Stopping threads took: 0.0000222 seconds
2018-12-13T20:50:09.969+0100: 5.345: Total time for which application threads were stopped: 0.0000558 seconds, Stopping threads took: 0.0000222 seconds
2018-12-13T20:50:09.969+0100: 5.346: Total time for which application threads were stopped: 0.0000455 seconds, Stopping threads took: 0.0000196 seconds
2018-12-13T20:50:09.969+0100: 5.346: Total time for which application threads were stopped: 0.0000634 seconds, Stopping threads took: 0.0000262 seconds
2018-12-13T20:50:09.969+0100: 5.346: Total time for which application threads were stopped: 0.0000569 seconds, Stopping threads took: 0.0000236 seconds
2018-12-13T20:50:09.969+0100: 5.346: Total time for which application threads were stopped: 0.0000586 seconds, Stopping threads took: 0.0000228 seconds
2018-12-13T20:50:09.969+0100: 5.346: Total time for which application threads were stopped: 0.0000612 seconds, Stopping threads took: 0.0000282 seconds
2018-12-13T20:50:09.970+0100: 5.346: Total time for which application threads were stopped: 0.0002321 seconds, Stopping threads took: 0.0001977 seconds
2018-12-13T20:50:09.970+0100: 5.346: Total time for which application threads were stopped: 0.0000577 seconds, Stopping threads took: 0.0000247 seconds
2018-12-13T20:50:09.970+0100: 5.346: Total time for which application threads were stopped: 0.0000606 seconds, Stopping threads took: 0.0000222 seconds
2018-12-13T20:50:09.970+0100: 5.346: Total time for which application threads were stopped: 0.0000555 seconds, Stopping threads took: 0.0000216 seconds
2018-12-13T20:50:09.970+0100: 5.346: Total time for which application threads were stopped: 0.0000540 seconds, Stopping threads took: 0.0000225 seconds
2018-12-13T20:50:09.970+0100: 5.346: Total time for which application threads were stopped: 0.0000575 seconds, Stopping threads took: 0.0000219 seconds
2018-12-13T20:50:09.970+0100: 5.347: Total time for which application threads were stopped: 0.0000634 seconds, Stopping threads took: 0.0000293 seconds
2018-12-13T20:50:09.970+0100: 5.347: Total time for which application threads were stopped: 0.0000580 seconds, Stopping threads took: 0.0000222 seconds
2018-12-13T20:50:09.970+0100: 5.347: Total time for which application threads were stopped: 0.0000603 seconds, Stopping threads took: 0.0000276 seconds
2018-12-13T20:50:10.258+0100: 5.634: Total time for which application threads were stopped: 0.0001206 seconds, Stopping threads took: 0.0000316 seconds
2018-12-13T20:50:10.271+0100: 5.647: Total time for which application threads were stopped: 0.0000836 seconds, Stopping threads took: 0.0000191 seconds
2018-12-13T20:50:10.276+0100: 5.653: Total time for which application threads were stopped: 0.0001434 seconds, Stopping threads took: 0.0000188 seconds
2018-12-13T20:50:10.429+0100: 5.805: Total time for which application threads were stopped: 0.0001075 seconds, Stopping threads took: 0.0000358 seconds
2018-12-13T20:50:10.433+0100: 5.810: Total time for which application threads were stopped: 0.0002409 seconds, Stopping threads took: 0.0001422 seconds
2018-12-13T20:50:10.436+0100: 5.812: Total time for which application threads were stopped: 0.0001343 seconds, Stopping threads took: 0.0000418 seconds
2018-12-13T20:50:10.437+0100: 5.813: Total time for which application threads were stopped: 0.0000822 seconds, Stopping threads took: 0.0000293 seconds
2018-12-13T20:50:10.446+0100: 5.822: Total time for which application threads were stopped: 0.0000799 seconds, Stopping threads took: 0.0000233 seconds
2018-12-13T20:50:10.533+0100: 5.909: Total time for which application threads were stopped: 0.0034031 seconds, Stopping threads took: 0.0033342 seconds
2018-12-13T20:50:10.542+0100: 5.918: Total time for which application threads were stopped: 0.0001343 seconds, Stopping threads took: 0.0000333 seconds
2018-12-13T20:50:10.542+0100: 5.918: Total time for which application threads were stopped: 0.0000814 seconds, Stopping threads took: 0.0000256 seconds
2018-12-13T20:50:10.542+0100: 5.918: Total time for which application threads were stopped: 0.0000543 seconds, Stopping threads took: 0.0000213 seconds
2018-12-13T20:50:10.544+0100: 5.921: Total time for which application threads were stopped: 0.0000987 seconds, Stopping threads took: 0.0000287 seconds
{Heap before GC invocations=6 (full 1):
 par new generation   total 436928K, used 436928K [0x0000000080000000, 0x00000000a0000000, 0x00000000a0000000)
  eden space 349568K, 100% used [0x0000000080000000, 0x0000000095560000, 0x0000000095560000)
  from space 87360K, 100% used [0x0000000095560000, 0x000000009aab0000, 0x000000009aab0000)
  to   space 87360K,   0% used [0x000000009aab0000, 0x000000009aab0000, 0x00000000a0000000)
 concurrent mark-sweep generation total 1572864K, used 418589K [0x00000000a0000000, 0x0000000100000000, 0x0000000100000000)
 Metaspace       used 31134K, capacity 31888K, committed 31992K, reserved 1077248K
  class space    used 3750K, capacity 4038K, committed 4088K, reserved 1048576K
2018-12-13T20:50:10.560+0100: 5.937: [GC (Allocation Failure) 2018-12-13T20:50:10.560+0100: 5.937: [ParNew
Desired survivor size 80510976 bytes, new threshold 2 (max 8)
- age   1:   64245096 bytes,   64245096 total
- age   2:   25211400 bytes,   89456496 total
: 436928K->87360K(436928K), 0.1364222 secs] 855517K->613595K(2009792K), 0.1364916 secs] [Times: user=0.50 sys=0.06, real=0.14 secs] 
Heap after GC invocations=7 (full 1):
 par new generation   total 436928K, used 87360K [0x0000000080000000, 0x00000000a0000000, 0x00000000a0000000)
  eden space 349568K,   0% used [0x0000000080000000, 0x0000000080000000, 0x0000000095560000)
  from space 87360K, 100% used [0x000000009aab0000, 0x00000000a0000000, 0x00000000a0000000)
  to   space 87360K,   0% used [0x0000000095560000, 0x0000000095560000, 0x000000009aab0000)
 concurrent mark-sweep generation total 1572864K, used 526235K [0x00000000a0000000, 0x0000000100000000, 0x0000000100000000)
 Metaspace       used 31134K, capacity 31888K, committed 31992K, reserved 1077248K
  class space    used 3750K, capacity 4038K, committed 4088K, reserved 1048576K
}
2018-12-13T20:50:10.697+0100: 6.073: Total time for which application threads were stopped: 0.1367007 seconds, Stopping threads took: 0.0000333 seconds
2018-12-13T20:50:10.697+0100: 6.073: Total time for which application threads were stopped: 0.0000899 seconds, Stopping threads took: 0.0000347 seconds
2018-12-13T20:50:10.697+0100: 6.073: Total time for which application threads were stopped: 0.0001033 seconds, Stopping threads took: 0.0000654 seconds
2018-12-13T20:50:10.697+0100: 6.074: Total time for which application threads were stopped: 0.0000640 seconds, Stopping threads took: 0.0000148 seconds
2018-12-13T20:50:10.697+0100: 6.074: Total time for which application threads were stopped: 0.0001545 seconds, Stopping threads took: 0.0000267 seconds
2018-12-13T20:50:10.698+0100: 6.074: Total time for which application threads were stopped: 0.0000728 seconds, Stopping threads took: 0.0000162 seconds
2018-12-13T20:50:10.698+0100: 6.074: Total time for which application threads were stopped: 0.0000617 seconds, Stopping threads took: 0.0000128 seconds
2018-12-13T20:50:10.698+0100: 6.074: Total time for which application threads were stopped: 0.0000546 seconds, Stopping threads took: 0.0000114 seconds
2018-12-13T20:50:10.698+0100: 6.074: Total time for which application threads were stopped: 0.0000495 seconds, Stopping threads took: 0.0000176 seconds
2018-12-13T20:50:10.698+0100: 6.074: Total time for which application threads were stopped: 0.0000540 seconds, Stopping threads took: 0.0000205 seconds
2018-12-13T20:50:10.698+0100: 6.075: Total time for which application threads were stopped: 0.0002500 seconds, Stopping threads took: 0.0002187 seconds
2018-12-13T20:50:10.698+0100: 6.075: Total time for which application threads were stopped: 0.0000501 seconds, Stopping threads took: 0.0000216 seconds
2018-12-13T20:50:10.698+0100: 6.075: Total time for which application threads were stopped: 0.0000441 seconds, Stopping threads took: 0.0000139 seconds
2018-12-13T20:50:10.699+0100: 6.075: Total time for which application threads were stopped: 0.0001132 seconds, Stopping threads took: 0.0000822 seconds
2018-12-13T20:50:10.699+0100: 6.075: Total time for which application threads were stopped: 0.0000674 seconds, Stopping threads took: 0.0000387 seconds
2018-12-13T20:50:10.699+0100: 6.075: Total time for which application threads were stopped: 0.0000486 seconds, Stopping threads took: 0.0000213 seconds
2018-12-13T20:50:10.699+0100: 6.075: Total time for which application threads were stopped: 0.0000466 seconds, Stopping threads took: 0.0000165 seconds
2018-12-13T20:50:10.699+0100: 6.075: Total time for which application threads were stopped: 0.0001072 seconds, Stopping threads took: 0.0000734 seconds
2018-12-13T20:50:10.699+0100: 6.075: Total time for which application threads were stopped: 0.0000577 seconds, Stopping threads took: 0.0000188 seconds
2018-12-13T20:50:10.699+0100: 6.076: Total time for which application threads were stopped: 0.0000580 seconds, Stopping threads took: 0.0000159 seconds
2018-12-13T20:50:10.699+0100: 6.076: Total time for which application threads were stopped: 0.0000287 seconds, Stopping threads took: 0.0000082 seconds
2018-12-13T20:50:10.699+0100: 6.076: Total time for which application threads were stopped: 0.0000333 seconds, Stopping threads took: 0.0000134 seconds
2018-12-13T20:50:10.699+0100: 6.076: Total time for which application threads were stopped: 0.0001252 seconds, Stopping threads took: 0.0000091 seconds
2018-12-13T20:50:10.996+0100: 6.372: Total time for which application threads were stopped: 0.0001180 seconds, Stopping threads took: 0.0000478 seconds
2018-12-13T20:50:10.996+0100: 6.373: Total time for which application threads were stopped: 0.0000691 seconds, Stopping threads took: 0.0000210 seconds
2018-12-13T20:50:16.434+0100: 11.810: Total time for which application threads were stopped: 0.0000649 seconds, Stopping threads took: 0.0000193 seconds
2018-12-13T20:50:16.440+0100: 11.817: Total time for which application threads were stopped: 0.0003709 seconds, Stopping threads took: 0.0000293 seconds
2018-12-13T20:50:16.442+0100: 11.818: Total time for which application threads were stopped: 0.0000609 seconds, Stopping threads took: 0.0000151 seconds
2018-12-13T20:50:16.445+0100: 11.821: Total time for which application threads were stopped: 0.0000842 seconds, Stopping threads took: 0.0000321 seconds
2018-12-13T20:50:16.447+0100: 11.824: Total time for which application threads were stopped: 0.0000711 seconds, Stopping threads took: 0.0000307 seconds
2018-12-13T20:50:16.447+0100: 11.824: Total time for which application threads were stopped: 0.0000802 seconds, Stopping threads took: 0.0000555 seconds
2018-12-13T20:50:16.456+0100: 11.833: Total time for which application threads were stopped: 0.0003433 seconds, Stopping threads took: 0.0000156 seconds
2018-12-13T20:50:16.603+0100: 11.980: Total time for which application threads were stopped: 0.0004830 seconds, Stopping threads took: 0.0000245 seconds
2018-12-13T20:50:16.604+0100: 11.981: Total time for which application threads were stopped: 0.0003248 seconds, Stopping threads took: 0.0000151 seconds
2018-12-13T20:50:16.605+0100: 11.981: Total time for which application threads were stopped: 0.0002421 seconds, Stopping threads took: 0.0000134 seconds
2018-12-13T20:50:16.608+0100: 11.984: Total time for which application threads were stopped: 0.0003618 seconds, Stopping threads took: 0.0000179 seconds
2018-12-13T20:50:16.639+0100: 12.016: Total time for which application threads were stopped: 0.0000757 seconds, Stopping threads took: 0.0000199 seconds
2018-12-13T20:50:16.640+0100: 12.016: Total time for which application threads were stopped: 0.0000458 seconds, Stopping threads took: 0.0000168 seconds
2018-12-13T20:50:16.640+0100: 12.017: Total time for which application threads were stopped: 0.0000259 seconds, Stopping threads took: 0.0000094 seconds
2018-12-13T20:50:16.640+0100: 12.017: Total time for which application threads were stopped: 0.0000242 seconds, Stopping threads took: 0.0000082 seconds
2018-12-13T20:50:16.640+0100: 12.017: Total time for which application threads were stopped: 0.0000247 seconds, Stopping threads took: 0.0000085 seconds
2018-12-13T20:50:16.642+0100: 12.019: Total time for which application threads were stopped: 0.0000458 seconds, Stopping threads took: 0.0000145 seconds
2018-12-13T20:50:16.643+0100: 12.020: Total time for which application threads were stopped: 0.0000484 seconds, Stopping threads took: 0.0000185 seconds
2018-12-13T20:50:16.644+0100: 12.020: Total time for which application threads were stopped: 0.0000398 seconds, Stopping threads took: 0.0000131 seconds
2018-12-13T20:50:16.644+0100: 12.021: Total time for which application threads were stopped: 0.0000347 seconds, Stopping threads took: 0.0000111 seconds
2018-12-13T20:50:16.644+0100: 12.021: Total time for which application threads were stopped: 0.0000361 seconds, Stopping threads took: 0.0000097 seconds
2018-12-13T20:50:16.657+0100: 12.034: Total time for which application threads were stopped: 0.0000996 seconds, Stopping threads took: 0.0000279 seconds
2018-12-13T20:50:16.659+0100: 12.036: Total time for which application threads were stopped: 0.0000666 seconds, Stopping threads took: 0.0000193 seconds
2018-12-13T20:50:16.957+0100: 12.334: Total time for which application threads were stopped: 0.0000984 seconds, Stopping threads took: 0.0000336 seconds
2018-12-13T20:50:16.957+0100: 12.334: Total time for which application threads were stopped: 0.0001004 seconds, Stopping threads took: 0.0000401 seconds
2018-12-13T20:50:16.958+0100: 12.334: Total time for which application threads were stopped: 0.0000663 seconds, Stopping threads took: 0.0000225 seconds
2018-12-13T20:50:16.975+0100: 12.352: Total time for which application threads were stopped: 0.0000848 seconds, Stopping threads took: 0.0000213 seconds
2018-12-13T20:50:16.977+0100: 12.354: Total time for which application threads were stopped: 0.0000913 seconds, Stopping threads took: 0.0000472 seconds
2018-12-13T20:50:16.978+0100: 12.354: Total time for which application threads were stopped: 0.0000350 seconds, Stopping threads took: 0.0000117 seconds
2018-12-13T20:50:16.978+0100: 12.355: Total time for which application threads were stopped: 0.0000506 seconds, Stopping threads took: 0.0000188 seconds
2018-12-13T20:50:17.053+0100: 12.430: Total time for which application threads were stopped: 0.0001402 seconds, Stopping threads took: 0.0000276 seconds
2018-12-13T20:50:17.054+0100: 12.431: Total time for which application threads were stopped: 0.0000614 seconds, Stopping threads took: 0.0000159 seconds
2018-12-13T20:50:17.054+0100: 12.431: Total time for which application threads were stopped: 0.0000592 seconds, Stopping threads took: 0.0000142 seconds
2018-12-13T20:50:17.055+0100: 12.432: Total time for which application threads were stopped: 0.0000617 seconds, Stopping threads took: 0.0000191 seconds
2018-12-13T20:50:17.055+0100: 12.432: Total time for which application threads were stopped: 0.0000501 seconds, Stopping threads took: 0.0000162 seconds
2018-12-13T20:50:17.055+0100: 12.432: Total time for which application threads were stopped: 0.0000421 seconds, Stopping threads took: 0.0000134 seconds
2018-12-13T20:50:17.057+0100: 12.433: Total time for which application threads were stopped: 0.0000569 seconds, Stopping threads took: 0.0000230 seconds
2018-12-13T20:50:17.070+0100: 12.447: Total time for which application threads were stopped: 0.0001087 seconds, Stopping threads took: 0.0000282 seconds
2018-12-13T20:50:17.070+0100: 12.447: Total time for which application threads were stopped: 0.0000449 seconds, Stopping threads took: 0.0000131 seconds
2018-12-13T20:50:17.077+0100: 12.454: Total time for which application threads were stopped: 0.0001018 seconds, Stopping threads took: 0.0000265 seconds
2018-12-13T20:50:17.338+0100: 12.715: Total time for which application threads were stopped: 0.0001172 seconds, Stopping threads took: 0.0000543 seconds
2018-12-13T20:50:17.339+0100: 12.716: Total time for which application threads were stopped: 0.0001257 seconds, Stopping threads took: 0.0000737 seconds
2018-12-13T20:50:17.339+0100: 12.716: Total time for which application threads were stopped: 0.0000501 seconds, Stopping threads took: 0.0000225 seconds
2018-12-13T20:50:17.339+0100: 12.716: Total time for which application threads were stopped: 0.0001175 seconds, Stopping threads took: 0.0000751 seconds
2018-12-13T20:50:17.342+0100: 12.718: Total time for which application threads were stopped: 0.0000577 seconds, Stopping threads took: 0.0000191 seconds
2018-12-13T20:50:17.476+0100: 12.853: Total time for which application threads were stopped: 0.0001456 seconds, Stopping threads took: 0.0000344 seconds
2018-12-13T20:50:17.480+0100: 12.857: Total time for which application threads were stopped: 0.0000936 seconds, Stopping threads took: 0.0000250 seconds
2018-12-13T20:50:17.480+0100: 12.857: Total time for which application threads were stopped: 0.0000424 seconds, Stopping threads took: 0.0000105 seconds
2018-12-13T20:50:17.480+0100: 12.857: Total time for which application threads were stopped: 0.0000370 seconds, Stopping threads took: 0.0000100 seconds
2018-12-13T20:50:17.480+0100: 12.857: Total time for which application threads were stopped: 0.0000356 seconds, Stopping threads took: 0.0000094 seconds
2018-12-13T20:50:17.486+0100: 12.863: Total time for which application threads were stopped: 0.0001220 seconds, Stopping threads took: 0.0000333 seconds
2018-12-13T20:50:17.488+0100: 12.865: Total time for which application threads were stopped: 0.0001991 seconds, Stopping threads took: 0.0001115 seconds
2018-12-13T20:50:17.528+0100: 12.905: Total time for which application threads were stopped: 0.0001007 seconds, Stopping threads took: 0.0000307 seconds
2018-12-13T20:50:17.854+0100: 13.231: Total time for which application threads were stopped: 0.0000996 seconds, Stopping threads took: 0.0000327 seconds
2018-12-13T20:50:17.855+0100: 13.232: Total time for which application threads were stopped: 0.0001115 seconds, Stopping threads took: 0.0000782 seconds
2018-12-13T20:50:17.855+0100: 13.232: Total time for which application threads were stopped: 0.0001072 seconds, Stopping threads took: 0.0000759 seconds
2018-12-13T20:50:17.855+0100: 13.232: Total time for which application threads were stopped: 0.0000720 seconds, Stopping threads took: 0.0000316 seconds
2018-12-13T20:50:17.858+0100: 13.235: Total time for which application threads were stopped: 0.0001724 seconds, Stopping threads took: 0.0001306 seconds
2018-12-13T20:50:17.903+0100: 13.280: Total time for which application threads were stopped: 0.0001018 seconds, Stopping threads took: 0.0000253 seconds
2018-12-13T20:50:17.904+0100: 13.281: Total time for which application threads were stopped: 0.0000612 seconds, Stopping threads took: 0.0000151 seconds
2018-12-13T20:50:17.904+0100: 13.281: Total time for which application threads were stopped: 0.0000438 seconds, Stopping threads took: 0.0000114 seconds
2018-12-13T20:50:17.904+0100: 13.281: Total time for which application threads were stopped: 0.0000552 seconds, Stopping threads took: 0.0000148 seconds
2018-12-13T20:50:17.904+0100: 13.281: Total time for which application threads were stopped: 0.0000503 seconds, Stopping threads took: 0.0000117 seconds
2018-12-13T20:50:17.905+0100: 13.281: Total time for which application threads were stopped: 0.0000498 seconds, Stopping threads took: 0.0000154 seconds
2018-12-13T20:50:17.907+0100: 13.283: Total time for which application threads were stopped: 0.0001158 seconds, Stopping threads took: 0.0000634 seconds
2018-12-13T20:50:17.907+0100: 13.284: Total time for which application threads were stopped: 0.0000637 seconds, Stopping threads took: 0.0000267 seconds
2018-12-13T20:50:18.273+0100: 13.650: Total time for which application threads were stopped: 0.0000922 seconds, Stopping threads took: 0.0000245 seconds
2018-12-13T20:50:18.273+0100: 13.650: Total time for which application threads were stopped: 0.0000560 seconds, Stopping threads took: 0.0000165 seconds
2018-12-13T20:50:18.273+0100: 13.650: Total time for which application threads were stopped: 0.0000347 seconds, Stopping threads took: 0.0000102 seconds
2018-12-13T20:50:18.273+0100: 13.650: Total time for which application threads were stopped: 0.0000321 seconds, Stopping threads took: 0.0000091 seconds
2018-12-13T20:50:18.277+0100: 13.654: Total time for which application threads were stopped: 0.0000961 seconds, Stopping threads took: 0.0000486 seconds
2018-12-13T20:50:18.321+0100: 13.698: Total time for which application threads were stopped: 0.0007339 seconds, Stopping threads took: 0.0006187 seconds
2018-12-13T20:50:18.322+0100: 13.699: Total time for which application threads were stopped: 0.0000452 seconds, Stopping threads took: 0.0000131 seconds
2018-12-13T20:50:18.322+0100: 13.699: Total time for which application threads were stopped: 0.0001206 seconds, Stopping threads took: 0.0000171 seconds
2018-12-13T20:50:18.326+0100: 13.703: Total time for which application threads were stopped: 0.0001044 seconds, Stopping threads took: 0.0000344 seconds
2018-12-13T20:50:18.365+0100: 13.742: Total time for which application threads were stopped: 0.0000956 seconds, Stopping threads took: 0.0000245 seconds
2018-12-13T20:50:18.667+0100: 14.044: Total time for which application threads were stopped: 0.0001203 seconds, Stopping threads took: 0.0000620 seconds
2018-12-13T20:50:18.667+0100: 14.044: Total time for which application threads were stopped: 0.0000722 seconds, Stopping threads took: 0.0000182 seconds
2018-12-13T20:50:18.668+0100: 14.044: Total time for which application threads were stopped: 0.0000540 seconds, Stopping threads took: 0.0000137 seconds
2018-12-13T20:50:18.668+0100: 14.045: Total time for which application threads were stopped: 0.0000543 seconds, Stopping threads took: 0.0000225 seconds
2018-12-13T20:50:18.670+0100: 14.047: Total time for which application threads were stopped: 0.0001405 seconds, Stopping threads took: 0.0000865 seconds
2018-12-13T20:50:18.704+0100: 14.081: Total time for which application threads were stopped: 0.0000910 seconds, Stopping threads took: 0.0000225 seconds
2018-12-13T20:50:18.705+0100: 14.082: Total time for which application threads were stopped: 0.0000347 seconds, Stopping threads took: 0.0000108 seconds
2018-12-13T20:50:18.705+0100: 14.082: Total time for which application threads were stopped: 0.0000302 seconds, Stopping threads took: 0.0000091 seconds
2018-12-13T20:50:18.705+0100: 14.082: Total time for which application threads were stopped: 0.0000273 seconds, Stopping threads took: 0.0000088 seconds
2018-12-13T20:50:18.705+0100: 14.082: Total time for which application threads were stopped: 0.0000259 seconds, Stopping threads took: 0.0000085 seconds
2018-12-13T20:50:18.707+0100: 14.084: Total time for which application threads were stopped: 0.0000498 seconds, Stopping threads took: 0.0000171 seconds
2018-12-13T20:50:18.708+0100: 14.085: Total time for which application threads were stopped: 0.0000415 seconds, Stopping threads took: 0.0000128 seconds
2018-12-13T20:50:18.709+0100: 14.086: Total time for which application threads were stopped: 0.0000378 seconds, Stopping threads took: 0.0000125 seconds
2018-12-13T20:50:18.744+0100: 14.121: Total time for which application threads were stopped: 0.0000782 seconds, Stopping threads took: 0.0000219 seconds
2018-12-13T20:50:19.001+0100: 14.377: Total time for which application threads were stopped: 0.0001067 seconds, Stopping threads took: 0.0000245 seconds
2018-12-13T20:50:19.002+0100: 14.378: Total time for which application threads were stopped: 0.0000930 seconds, Stopping threads took: 0.0000307 seconds
2018-12-13T20:50:19.002+0100: 14.379: Total time for which application threads were stopped: 0.0000606 seconds, Stopping threads took: 0.0000174 seconds
2018-12-13T20:50:19.002+0100: 14.379: Total time for which application threads were stopped: 0.0000637 seconds, Stopping threads took: 0.0000176 seconds
2018-12-13T20:50:19.004+0100: 14.381: Total time for which application threads were stopped: 0.0001661 seconds, Stopping threads took: 0.0001252 seconds
2018-12-13T20:50:19.050+0100: 14.427: Total time for which application threads were stopped: 0.0001203 seconds, Stopping threads took: 0.0000293 seconds
2018-12-13T20:50:19.051+0100: 14.427: Total time for which application threads were stopped: 0.0000751 seconds, Stopping threads took: 0.0000199 seconds
2018-12-13T20:50:19.051+0100: 14.428: Total time for which application threads were stopped: 0.0000600 seconds, Stopping threads took: 0.0000148 seconds
2018-12-13T20:50:19.051+0100: 14.428: Total time for which application threads were stopped: 0.0000512 seconds, Stopping threads took: 0.0000117 seconds
2018-12-13T20:50:19.051+0100: 14.428: Total time for which application threads were stopped: 0.0000449 seconds, Stopping threads took: 0.0000111 seconds
2018-12-13T20:50:19.053+0100: 14.430: Total time for which application threads were stopped: 0.0001567 seconds, Stopping threads took: 0.0000836 seconds
2018-12-13T20:50:19.054+0100: 14.431: Total time for which application threads were stopped: 0.0000680 seconds, Stopping threads took: 0.0000182 seconds
2018-12-13T20:50:19.054+0100: 14.431: Total time for which application threads were stopped: 0.0000623 seconds, Stopping threads took: 0.0000171 seconds
2018-12-13T20:50:19.402+0100: 14.779: Total time for which application threads were stopped: 0.0001001 seconds, Stopping threads took: 0.0000265 seconds
2018-12-13T20:50:19.403+0100: 14.780: Total time for which application threads were stopped: 0.0000640 seconds, Stopping threads took: 0.0000358 seconds
2018-12-13T20:50:19.403+0100: 14.780: Total time for which application threads were stopped: 0.0000774 seconds, Stopping threads took: 0.0000509 seconds
2018-12-13T20:50:19.403+0100: 14.780: Total time for which application threads were stopped: 0.0000404 seconds, Stopping threads took: 0.0000108 seconds
2018-12-13T20:50:19.404+0100: 14.781: Total time for which application threads were stopped: 0.0004176 seconds, Stopping threads took: 0.0003885 seconds
2018-12-13T20:50:19.406+0100: 14.783: Total time for which application threads were stopped: 0.0000794 seconds, Stopping threads took: 0.0000387 seconds
2018-12-13T20:50:19.448+0100: 14.824: Total time for which application threads were stopped: 0.0000899 seconds, Stopping threads took: 0.0000290 seconds
2018-12-13T20:50:19.448+0100: 14.825: Total time for which application threads were stopped: 0.0000583 seconds, Stopping threads took: 0.0000165 seconds
2018-12-13T20:50:19.448+0100: 14.825: Total time for which application threads were stopped: 0.0000495 seconds, Stopping threads took: 0.0000131 seconds
2018-12-13T20:50:19.449+0100: 14.825: Total time for which application threads were stopped: 0.0000563 seconds, Stopping threads took: 0.0000111 seconds
2018-12-13T20:50:19.449+0100: 14.825: Total time for which application threads were stopped: 0.0000461 seconds, Stopping threads took: 0.0000145 seconds
2018-12-13T20:50:19.451+0100: 14.828: Total time for which application threads were stopped: 0.0000614 seconds, Stopping threads took: 0.0000310 seconds
2018-12-13T20:50:19.452+0100: 14.829: Total time for which application threads were stopped: 0.0000555 seconds, Stopping threads took: 0.0000168 seconds
2018-12-13T20:50:19.768+0100: 15.145: Total time for which application threads were stopped: 0.0000916 seconds, Stopping threads took: 0.0000239 seconds
2018-12-13T20:50:19.769+0100: 15.145: Total time for which application threads were stopped: 0.0000839 seconds, Stopping threads took: 0.0000375 seconds
2018-12-13T20:50:19.769+0100: 15.146: Total time for which application threads were stopped: 0.0000600 seconds, Stopping threads took: 0.0000171 seconds
2018-12-13T20:50:19.769+0100: 15.146: Total time for which application threads were stopped: 0.0000722 seconds, Stopping threads took: 0.0000404 seconds
2018-12-13T20:50:19.769+0100: 15.146: Total time for which application threads were stopped: 0.0000523 seconds, Stopping threads took: 0.0000222 seconds
2018-12-13T20:50:19.769+0100: 15.146: Total time for which application threads were stopped: 0.0000358 seconds, Stopping threads took: 0.0000171 seconds
2018-12-13T20:50:19.772+0100: 15.149: Total time for which application threads were stopped: 0.0001966 seconds, Stopping threads took: 0.0001425 seconds
2018-12-13T20:50:19.810+0100: 15.187: Total time for which application threads were stopped: 0.0000873 seconds, Stopping threads took: 0.0000242 seconds
2018-12-13T20:50:19.810+0100: 15.187: Total time for which application threads were stopped: 0.0000560 seconds, Stopping threads took: 0.0000165 seconds
2018-12-13T20:50:19.810+0100: 15.187: Total time for which application threads were stopped: 0.0000395 seconds, Stopping threads took: 0.0000139 seconds
2018-12-13T20:50:19.810+0100: 15.187: Total time for which application threads were stopped: 0.0000324 seconds, Stopping threads took: 0.0000117 seconds
2018-12-13T20:50:19.810+0100: 15.187: Total time for which application threads were stopped: 0.0001488 seconds, Stopping threads took: 0.0000108 seconds
2018-12-13T20:50:19.814+0100: 15.190: Total time for which application threads were stopped: 0.0000785 seconds, Stopping threads took: 0.0000253 seconds
2018-12-13T20:50:20.202+0100: 15.579: Total time for which application threads were stopped: 0.0000947 seconds, Stopping threads took: 0.0000273 seconds
2018-12-13T20:50:20.203+0100: 15.579: Total time for which application threads were stopped: 0.0000740 seconds, Stopping threads took: 0.0000210 seconds
2018-12-13T20:50:20.203+0100: 15.580: Total time for which application threads were stopped: 0.0000953 seconds, Stopping threads took: 0.0000444 seconds
2018-12-13T20:50:20.203+0100: 15.580: Total time for which application threads were stopped: 0.0000885 seconds, Stopping threads took: 0.0000555 seconds
2018-12-13T20:50:20.203+0100: 15.580: Total time for which application threads were stopped: 0.0000492 seconds, Stopping threads took: 0.0000174 seconds
2018-12-13T20:50:20.204+0100: 15.581: Total time for which application threads were stopped: 0.0000358 seconds, Stopping threads took: 0.0000171 seconds
2018-12-13T20:50:20.206+0100: 15.583: Total time for which application threads were stopped: 0.0000441 seconds, Stopping threads took: 0.0000162 seconds
2018-12-13T20:50:20.252+0100: 15.629: Total time for which application threads were stopped: 0.0000942 seconds, Stopping threads took: 0.0000279 seconds
2018-12-13T20:50:20.257+0100: 15.634: Total time for which application threads were stopped: 0.0001078 seconds, Stopping threads took: 0.0000327 seconds
2018-12-13T20:50:20.261+0100: 15.638: Total time for which application threads were stopped: 0.0000859 seconds, Stopping threads took: 0.0000267 seconds
2018-12-13T20:50:20.301+0100: 15.678: Total time for which application threads were stopped: 0.0001175 seconds, Stopping threads took: 0.0000324 seconds
2018-12-13T20:50:20.302+0100: 15.679: Total time for which application threads were stopped: 0.0000794 seconds, Stopping threads took: 0.0000333 seconds
2018-12-13T20:50:20.579+0100: 15.956: Total time for which application threads were stopped: 0.0001727 seconds, Stopping threads took: 0.0000577 seconds
2018-12-13T20:50:20.579+0100: 15.956: Total time for which application threads were stopped: 0.0000466 seconds, Stopping threads took: 0.0000165 seconds
2018-12-13T20:50:20.579+0100: 15.956: Total time for which application threads were stopped: 0.0000515 seconds, Stopping threads took: 0.0000148 seconds
2018-12-13T20:50:20.579+0100: 15.956: Total time for which application threads were stopped: 0.0000373 seconds, Stopping threads took: 0.0000131 seconds
2018-12-13T20:50:20.580+0100: 15.957: Total time for which application threads were stopped: 0.0000649 seconds, Stopping threads took: 0.0000336 seconds
2018-12-13T20:50:20.580+0100: 15.957: Total time for which application threads were stopped: 0.0001308 seconds, Stopping threads took: 0.0000145 seconds
2018-12-13T20:50:20.580+0100: 15.957: Total time for which application threads were stopped: 0.0000796 seconds, Stopping threads took: 0.0000478 seconds
2018-12-13T20:50:20.581+0100: 15.957: Total time for which application threads were stopped: 0.0001601 seconds, Stopping threads took: 0.0000481 seconds
2018-12-13T20:50:20.584+0100: 15.961: Total time for which application threads were stopped: 0.0000808 seconds, Stopping threads took: 0.0000378 seconds
2018-12-13T20:50:20.626+0100: 16.003: Total time for which application threads were stopped: 0.0001778 seconds, Stopping threads took: 0.0001158 seconds
2018-12-13T20:50:20.628+0100: 16.005: Total time for which application threads were stopped: 0.0000913 seconds, Stopping threads took: 0.0000205 seconds
2018-12-13T20:50:21.231+0100: 16.608: Total time for which application threads were stopped: 0.0001143 seconds, Stopping threads took: 0.0000546 seconds
2018-12-13T20:50:21.231+0100: 16.608: Total time for which application threads were stopped: 0.0000390 seconds, Stopping threads took: 0.0000125 seconds
2018-12-13T20:50:21.231+0100: 16.608: Total time for which application threads were stopped: 0.0000469 seconds, Stopping threads took: 0.0000182 seconds
2018-12-13T20:50:21.233+0100: 16.610: Total time for which application threads were stopped: 0.0001254 seconds, Stopping threads took: 0.0000910 seconds
2018-12-13T20:50:21.263+0100: 16.640: Total time for which application threads were stopped: 0.0001041 seconds, Stopping threads took: 0.0000262 seconds
2018-12-13T20:50:21.629+0100: 17.006: Total time for which application threads were stopped: 0.0000836 seconds, Stopping threads took: 0.0000270 seconds
2018-12-13T20:50:21.630+0100: 17.007: Total time for which application threads were stopped: 0.0002199 seconds, Stopping threads took: 0.0001516 seconds
2018-12-13T20:50:21.633+0100: 17.010: Total time for which application threads were stopped: 0.0000728 seconds, Stopping threads took: 0.0000236 seconds
2018-12-13T20:50:21.669+0100: 17.046: Total time for which application threads were stopped: 0.0001621 seconds, Stopping threads took: 0.0001004 seconds
2018-12-13T20:50:21.671+0100: 17.048: Total time for which application threads were stopped: 0.0000814 seconds, Stopping threads took: 0.0000319 seconds
2018-12-13T20:50:21.699+0100: 17.076: Total time for which application threads were stopped: 0.0000927 seconds, Stopping threads took: 0.0000253 seconds
2018-12-13T20:50:21.923+0100: 17.300: Total time for which application threads were stopped: 0.0001178 seconds, Stopping threads took: 0.0000469 seconds
2018-12-13T20:50:21.924+0100: 17.301: Total time for which application threads were stopped: 0.0000939 seconds, Stopping threads took: 0.0000663 seconds
2018-12-13T20:50:21.924+0100: 17.301: Total time for which application threads were stopped: 0.0000703 seconds, Stopping threads took: 0.0000435 seconds
2018-12-13T20:50:21.924+0100: 17.301: Total time for which application threads were stopped: 0.0000742 seconds, Stopping threads took: 0.0000481 seconds
2018-12-13T20:50:21.926+0100: 17.303: Total time for which application threads were stopped: 0.0001078 seconds, Stopping threads took: 0.0000802 seconds
2018-12-13T20:50:21.976+0100: 17.353: Total time for which application threads were stopped: 0.0000879 seconds, Stopping threads took: 0.0000225 seconds
2018-12-13T20:50:21.977+0100: 17.354: Total time for which application threads were stopped: 0.0000381 seconds, Stopping threads took: 0.0000119 seconds
2018-12-13T20:50:21.979+0100: 17.356: Total time for which application threads were stopped: 0.0000788 seconds, Stopping threads took: 0.0000247 seconds
2018-12-13T20:50:22.279+0100: 17.656: Total time for which application threads were stopped: 0.0000978 seconds, Stopping threads took: 0.0000293 seconds
2018-12-13T20:50:22.280+0100: 17.657: Total time for which application threads were stopped: 0.0001260 seconds, Stopping threads took: 0.0000777 seconds
2018-12-13T20:50:22.280+0100: 17.657: Total time for which application threads were stopped: 0.0001186 seconds, Stopping threads took: 0.0000791 seconds
2018-12-13T20:50:22.280+0100: 17.657: Total time for which application threads were stopped: 0.0001047 seconds, Stopping threads took: 0.0000668 seconds
2018-12-13T20:50:22.283+0100: 17.660: Total time for which application threads were stopped: 0.0000905 seconds, Stopping threads took: 0.0000594 seconds
{Heap before GC invocations=7 (full 1):
 par new generation   total 436928K, used 436928K [0x0000000080000000, 0x00000000a0000000, 0x00000000a0000000)
  eden space 349568K, 100% used [0x0000000080000000, 0x0000000095560000, 0x0000000095560000)
  from space 87360K, 100% used [0x000000009aab0000, 0x00000000a0000000, 0x00000000a0000000)
  to   space 87360K,   0% used [0x0000000095560000, 0x0000000095560000, 0x000000009aab0000)
 concurrent mark-sweep generation total 1572864K, used 526235K [0x00000000a0000000, 0x0000000100000000, 0x0000000100000000)
 Metaspace       used 32778K, capacity 33532K, committed 33656K, reserved 1079296K
  class space    used 3888K, capacity 4200K, committed 4216K, reserved 1048576K
2018-12-13T20:50:22.311+0100: 17.688: [GC (Allocation Failure) 2018-12-13T20:50:22.311+0100: 17.688: [ParNew
Desired survivor size 80510976 bytes, new threshold 8 (max 8)
- age   1:   11474032 bytes,   11474032 total
- age   2:   56683088 bytes,   68157120 total
: 436928K->87360K(436928K), 0.0647651 secs] 963163K->646353K(2009792K), 0.0648732 secs] [Times: user=0.28 sys=0.00, real=0.06 secs] 
Heap after GC invocations=8 (full 1):
 par new generation   total 436928K, used 87360K [0x0000000080000000, 0x00000000a0000000, 0x00000000a0000000)
  eden space 349568K,   0% used [0x0000000080000000, 0x0000000080000000, 0x0000000095560000)
  from space 87360K, 100% used [0x0000000095560000, 0x000000009aab0000, 0x000000009aab0000)
  to   space 87360K,   0% used [0x000000009aab0000, 0x000000009aab0000, 0x00000000a0000000)
 concurrent mark-sweep generation total 1572864K, used 558993K [0x00000000a0000000, 0x0000000100000000, 0x0000000100000000)
 Metaspace       used 32778K, capacity 33532K, committed 33656K, reserved 1079296K
  class space    used 3888K, capacity 4200K, committed 4216K, reserved 1048576K
}
2018-12-13T20:50:22.376+0100: 17.753: Total time for which application threads were stopped: 0.0651098 seconds, Stopping threads took: 0.0000734 seconds
2018-12-13T20:50:22.383+0100: 17.760: Total time for which application threads were stopped: 0.0000782 seconds, Stopping threads took: 0.0000276 seconds
2018-12-13T20:50:22.385+0100: 17.762: Total time for which application threads were stopped: 0.0000728 seconds, Stopping threads took: 0.0000225 seconds
2018-12-13T20:50:22.447+0100: 17.824: Total time for which application threads were stopped: 0.0000777 seconds, Stopping threads took: 0.0000222 seconds
2018-12-13T20:50:22.731+0100: 18.108: Total time for which application threads were stopped: 0.0000973 seconds, Stopping threads took: 0.0000381 seconds
2018-12-13T20:50:22.732+0100: 18.109: Total time for which application threads were stopped: 0.0000745 seconds, Stopping threads took: 0.0000381 seconds
2018-12-13T20:50:22.732+0100: 18.109: Total time for which application threads were stopped: 0.0001362 seconds, Stopping threads took: 0.0001098 seconds
2018-12-13T20:50:22.732+0100: 18.109: Total time for which application threads were stopped: 0.0000927 seconds, Stopping threads took: 0.0000651 seconds
2018-12-13T20:50:22.735+0100: 18.112: Total time for which application threads were stopped: 0.0001234 seconds, Stopping threads took: 0.0000828 seconds
2018-12-13T20:50:22.795+0100: 18.172: Total time for which application threads were stopped: 0.0001033 seconds, Stopping threads took: 0.0000353 seconds
2018-12-13T20:50:22.797+0100: 18.174: Total time for which application threads were stopped: 0.0000515 seconds, Stopping threads took: 0.0000156 seconds
2018-12-13T20:50:22.825+0100: 18.202: Total time for which application threads were stopped: 0.0000734 seconds, Stopping threads took: 0.0000208 seconds
2018-12-13T20:50:23.101+0100: 18.478: Total time for which application threads were stopped: 0.0000870 seconds, Stopping threads took: 0.0000267 seconds
2018-12-13T20:50:23.102+0100: 18.479: Total time for which application threads were stopped: 0.0000663 seconds, Stopping threads took: 0.0000287 seconds
2018-12-13T20:50:23.102+0100: 18.479: Total time for which application threads were stopped: 0.0000612 seconds, Stopping threads took: 0.0000316 seconds
2018-12-13T20:50:23.102+0100: 18.479: Total time for which application threads were stopped: 0.0000558 seconds, Stopping threads took: 0.0000165 seconds
2018-12-13T20:50:23.106+0100: 18.483: Total time for which application threads were stopped: 0.0001033 seconds, Stopping threads took: 0.0000469 seconds
2018-12-13T20:50:23.138+0100: 18.515: Total time for which application threads were stopped: 0.0001138 seconds, Stopping threads took: 0.0000489 seconds
2018-12-13T20:50:23.140+0100: 18.517: Total time for which application threads were stopped: 0.0001815 seconds, Stopping threads took: 0.0001323 seconds
2018-12-13T20:50:23.176+0100: 18.553: Total time for which application threads were stopped: 0.0000768 seconds, Stopping threads took: 0.0000256 seconds
2018-12-13T20:50:23.480+0100: 18.857: Total time for which application threads were stopped: 0.0001098 seconds, Stopping threads took: 0.0000509 seconds
2018-12-13T20:50:23.481+0100: 18.858: Total time for which application threads were stopped: 0.0000722 seconds, Stopping threads took: 0.0000381 seconds
2018-12-13T20:50:23.481+0100: 18.858: Total time for which application threads were stopped: 0.0000697 seconds, Stopping threads took: 0.0000159 seconds
2018-12-13T20:50:23.481+0100: 18.858: Total time for which application threads were stopped: 0.0001143 seconds, Stopping threads took: 0.0000779 seconds
2018-12-13T20:50:23.483+0100: 18.860: Total time for which application threads were stopped: 0.0000856 seconds, Stopping threads took: 0.0000432 seconds
2018-12-13T20:50:23.517+0100: 18.894: Total time for which application threads were stopped: 0.0000850 seconds, Stopping threads took: 0.0000242 seconds
2018-12-13T20:50:23.519+0100: 18.896: Total time for which application threads were stopped: 0.0000990 seconds, Stopping threads took: 0.0000478 seconds
2018-12-13T20:50:23.572+0100: 18.949: Total time for which application threads were stopped: 0.0000859 seconds, Stopping threads took: 0.0000216 seconds
2018-12-13T20:50:23.839+0100: 19.216: Total time for which application threads were stopped: 0.0000905 seconds, Stopping threads took: 0.0000333 seconds
2018-12-13T20:50:23.840+0100: 19.217: Total time for which application threads were stopped: 0.0001943 seconds, Stopping threads took: 0.0000293 seconds
2018-12-13T20:50:23.840+0100: 19.217: Total time for which application threads were stopped: 0.0000848 seconds, Stopping threads took: 0.0000509 seconds
2018-12-13T20:50:23.840+0100: 19.217: Total time for which application threads were stopped: 0.0001852 seconds, Stopping threads took: 0.0000560 seconds
2018-12-13T20:50:23.842+0100: 19.219: Total time for which application threads were stopped: 0.0000905 seconds, Stopping threads took: 0.0000469 seconds
2018-12-13T20:50:23.874+0100: 19.252: Total time for which application threads were stopped: 0.0000796 seconds, Stopping threads took: 0.0000245 seconds
2018-12-13T20:50:23.882+0100: 19.259: Total time for which application threads were stopped: 0.0001118 seconds, Stopping threads took: 0.0000330 seconds
2018-12-13T20:50:23.918+0100: 19.295: Total time for which application threads were stopped: 0.0001738 seconds, Stopping threads took: 0.0000321 seconds
2018-12-13T20:50:23.921+0100: 19.298: Total time for which application threads were stopped: 0.0000936 seconds, Stopping threads took: 0.0000176 seconds
2018-12-13T20:50:23.932+0100: 19.309: Total time for which application threads were stopped: 0.0001087 seconds, Stopping threads took: 0.0000361 seconds
2018-12-13T20:50:24.277+0100: 19.654: Total time for which application threads were stopped: 0.0000896 seconds, Stopping threads took: 0.0000262 seconds
2018-12-13T20:50:24.277+0100: 19.654: Total time for which application threads were stopped: 0.0000870 seconds, Stopping threads took: 0.0000282 seconds
2018-12-13T20:50:24.277+0100: 19.654: Total time for which application threads were stopped: 0.0000566 seconds, Stopping threads took: 0.0000230 seconds
2018-12-13T20:50:24.277+0100: 19.654: Total time for which application threads were stopped: 0.0000489 seconds, Stopping threads took: 0.0000108 seconds
2018-12-13T20:50:24.278+0100: 19.655: Total time for which application threads were stopped: 0.0001417 seconds, Stopping threads took: 0.0000230 seconds
2018-12-13T20:50:24.280+0100: 19.657: Total time for which application threads were stopped: 0.0001459 seconds, Stopping threads took: 0.0000193 seconds
2018-12-13T20:50:24.325+0100: 19.702: Total time for which application threads were stopped: 0.0000856 seconds, Stopping threads took: 0.0000296 seconds
2018-12-13T20:50:24.364+0100: 19.741: Total time for which application threads were stopped: 0.0000919 seconds, Stopping threads took: 0.0000302 seconds
2018-12-13T20:50:24.366+0100: 19.743: Total time for which application threads were stopped: 0.0000606 seconds, Stopping threads took: 0.0000202 seconds
2018-12-13T20:50:24.369+0100: 19.746: Total time for which application threads were stopped: 0.0000566 seconds, Stopping threads took: 0.0000185 seconds
2018-12-13T20:50:25.102+0100: 20.479: Total time for which application threads were stopped: 0.0000765 seconds, Stopping threads took: 0.0000216 seconds
2018-12-13T20:50:25.102+0100: 20.479: Total time for which application threads were stopped: 0.0000515 seconds, Stopping threads took: 0.0000165 seconds
2018-12-13T20:50:25.102+0100: 20.479: Total time for which application threads were stopped: 0.0000489 seconds, Stopping threads took: 0.0000205 seconds
2018-12-13T20:50:25.136+0100: 20.513: Total time for which application threads were stopped: 0.0001149 seconds, Stopping threads took: 0.0000486 seconds
2018-12-13T20:50:25.383+0100: 20.760: Total time for which application threads were stopped: 0.0001240 seconds, Stopping threads took: 0.0000580 seconds
2018-12-13T20:50:25.383+0100: 20.761: Total time for which application threads were stopped: 0.0000771 seconds, Stopping threads took: 0.0000338 seconds
2018-12-13T20:50:25.384+0100: 20.761: Total time for which application threads were stopped: 0.0000677 seconds, Stopping threads took: 0.0000256 seconds
2018-12-13T20:50:25.417+0100: 20.794: Total time for which application threads were stopped: 0.0001394 seconds, Stopping threads took: 0.0000720 seconds
2018-12-13T20:50:25.765+0100: 21.142: Total time for which application threads were stopped: 0.0001914 seconds, Stopping threads took: 0.0001280 seconds
2018-12-13T20:50:25.765+0100: 21.142: Total time for which application threads were stopped: 0.0002648 seconds, Stopping threads took: 0.0000848 seconds
2018-12-13T20:50:25.765+0100: 21.143: Total time for which application threads were stopped: 0.0000646 seconds, Stopping threads took: 0.0000353 seconds
2018-12-13T20:50:25.765+0100: 21.143: Total time for which application threads were stopped: 0.0000560 seconds, Stopping threads took: 0.0000276 seconds
2018-12-13T20:50:25.802+0100: 21.179: Total time for which application threads were stopped: 0.0001070 seconds, Stopping threads took: 0.0000327 seconds
2018-12-13T20:50:25.848+0100: 21.225: Total time for which application threads were stopped: 0.0000802 seconds, Stopping threads took: 0.0000236 seconds
2018-12-13T20:50:26.966+0100: 22.342: Total time for which application threads were stopped: 0.0001215 seconds, Stopping threads took: 0.0000671 seconds
2018-12-13T20:50:26.966+0100: 22.342: Total time for which application threads were stopped: 0.0000518 seconds, Stopping threads took: 0.0000142 seconds
2018-12-13T20:50:26.966+0100: 22.342: Total time for which application threads were stopped: 0.0000720 seconds, Stopping threads took: 0.0000236 seconds
2018-12-13T20:50:27.001+0100: 22.377: Total time for which application threads were stopped: 0.0000890 seconds, Stopping threads took: 0.0000239 seconds
2018-12-13T20:50:27.150+0100: 22.526: Total time for which application threads were stopped: 0.0000882 seconds, Stopping threads took: 0.0000236 seconds
2018-12-13T20:50:28.150+0100: 23.526: Total time for which application threads were stopped: 0.0000916 seconds, Stopping threads took: 0.0000395 seconds
2018-12-13T20:50:28.326+0100: 23.702: Total time for which application threads were stopped: 0.0000765 seconds, Stopping threads took: 0.0000222 seconds
2018-12-13T20:50:28.326+0100: 23.702: Total time for which application threads were stopped: 0.0000930 seconds, Stopping threads took: 0.0000651 seconds
2018-12-13T20:50:28.326+0100: 23.702: Total time for which application threads were stopped: 0.0000489 seconds, Stopping threads took: 0.0000262 seconds
2018-12-13T20:50:28.363+0100: 23.739: Total time for which application threads were stopped: 0.0000956 seconds, Stopping threads took: 0.0000282 seconds
2018-12-13T20:50:28.406+0100: 23.782: Total time for which application threads were stopped: 0.0000796 seconds, Stopping threads took: 0.0000236 seconds
2018-12-13T20:50:28.724+0100: 24.101: Total time for which application threads were stopped: 0.0000762 seconds, Stopping threads took: 0.0000259 seconds
2018-12-13T20:50:28.724+0100: 24.101: Total time for which application threads were stopped: 0.0000501 seconds, Stopping threads took: 0.0000216 seconds
2018-12-13T20:50:28.724+0100: 24.101: Total time for which application threads were stopped: 0.0000373 seconds, Stopping threads took: 0.0000134 seconds
2018-12-13T20:50:28.765+0100: 24.142: Total time for which application threads were stopped: 0.0001240 seconds, Stopping threads took: 0.0000697 seconds
2018-12-13T20:50:28.793+0100: 24.170: Total time for which application threads were stopped: 0.0000734 seconds, Stopping threads took: 0.0000216 seconds
2018-12-13T20:50:29.058+0100: 24.434: Total time for which application threads were stopped: 0.0001877 seconds, Stopping threads took: 0.0001024 seconds
2018-12-13T20:50:29.058+0100: 24.434: Total time for which application threads were stopped: 0.0000671 seconds, Stopping threads took: 0.0000156 seconds
2018-12-13T20:50:29.058+0100: 24.434: Total time for which application threads were stopped: 0.0001291 seconds, Stopping threads took: 0.0000762 seconds
2018-12-13T20:50:29.101+0100: 24.478: Total time for which application threads were stopped: 0.0000802 seconds, Stopping threads took: 0.0000259 seconds
2018-12-13T20:50:29.135+0100: 24.511: Total time for which application threads were stopped: 0.0000819 seconds, Stopping threads took: 0.0000239 seconds
2018-12-13T20:50:29.486+0100: 24.863: Total time for which application threads were stopped: 0.0001505 seconds, Stopping threads took: 0.0000890 seconds
2018-12-13T20:50:29.486+0100: 24.863: Total time for which application threads were stopped: 0.0001368 seconds, Stopping threads took: 0.0001018 seconds
2018-12-13T20:50:29.487+0100: 24.863: Total time for which application threads were stopped: 0.0000609 seconds, Stopping threads took: 0.0000168 seconds
2018-12-13T20:50:29.487+0100: 24.863: Total time for which application threads were stopped: 0.0000393 seconds, Stopping threads took: 0.0000125 seconds
2018-12-13T20:50:29.531+0100: 24.908: Total time for which application threads were stopped: 0.0001385 seconds, Stopping threads took: 0.0000910 seconds
2018-12-13T20:50:29.533+0100: 24.909: Total time for which application threads were stopped: 0.0000779 seconds, Stopping threads took: 0.0000168 seconds
2018-12-13T20:50:29.561+0100: 24.937: Total time for which application threads were stopped: 0.0001590 seconds, Stopping threads took: 0.0000705 seconds
2018-12-13T20:50:29.562+0100: 24.938: Total time for which application threads were stopped: 0.0000876 seconds, Stopping threads took: 0.0000521 seconds
2018-12-13T20:50:29.565+0100: 24.941: Total time for which application threads were stopped: 0.0001786 seconds, Stopping threads took: 0.0001104 seconds
2018-12-13T20:50:29.878+0100: 25.255: Total time for which application threads were stopped: 0.0001488 seconds, Stopping threads took: 0.0000620 seconds
2018-12-13T20:50:29.878+0100: 25.255: Total time for which application threads were stopped: 0.0000876 seconds, Stopping threads took: 0.0000626 seconds
2018-12-13T20:50:29.878+0100: 25.255: Total time for which application threads were stopped: 0.0000555 seconds, Stopping threads took: 0.0000159 seconds
2018-12-13T20:50:29.879+0100: 25.255: Total time for which application threads were stopped: 0.0000859 seconds, Stopping threads took: 0.0000256 seconds
2018-12-13T20:50:29.879+0100: 25.255: Total time for which application threads were stopped: 0.0000526 seconds, Stopping threads took: 0.0000151 seconds
2018-12-13T20:50:29.882+0100: 25.258: Total time for which application threads were stopped: 0.0001007 seconds, Stopping threads took: 0.0000535 seconds
2018-12-13T20:50:29.921+0100: 25.297: Total time for which application threads were stopped: 0.0000978 seconds, Stopping threads took: 0.0000279 seconds
2018-12-13T20:50:29.953+0100: 25.329: Total time for which application threads were stopped: 0.0001903 seconds, Stopping threads took: 0.0000233 seconds
2018-12-13T20:50:30.751+0100: 26.127: Total time for which application threads were stopped: 0.0000831 seconds, Stopping threads took: 0.0000225 seconds
2018-12-13T20:50:30.751+0100: 26.127: Total time for which application threads were stopped: 0.0000540 seconds, Stopping threads took: 0.0000174 seconds
2018-12-13T20:50:30.751+0100: 26.127: Total time for which application threads were stopped: 0.0000583 seconds, Stopping threads took: 0.0000239 seconds
2018-12-13T20:50:30.787+0100: 26.164: Total time for which application threads were stopped: 0.0000745 seconds, Stopping threads took: 0.0000210 seconds
2018-12-13T20:50:31.081+0100: 26.458: Total time for which application threads were stopped: 0.0000754 seconds, Stopping threads took: 0.0000208 seconds
2018-12-13T20:50:31.082+0100: 26.458: Total time for which application threads were stopped: 0.0001274 seconds, Stopping threads took: 0.0000833 seconds
2018-12-13T20:50:31.082+0100: 26.458: Total time for which application threads were stopped: 0.0000970 seconds, Stopping threads took: 0.0000711 seconds
{Heap before GC invocations=8 (full 1):
 par new generation   total 436928K, used 436928K [0x0000000080000000, 0x00000000a0000000, 0x00000000a0000000)
  eden space 349568K, 100% used [0x0000000080000000, 0x0000000095560000, 0x0000000095560000)
  from space 87360K, 100% used [0x0000000095560000, 0x000000009aab0000, 0x000000009aab0000)
  to   space 87360K,   0% used [0x000000009aab0000, 0x000000009aab0000, 0x00000000a0000000)
 concurrent mark-sweep generation total 1572864K, used 558993K [0x00000000a0000000, 0x0000000100000000, 0x0000000100000000)
 Metaspace       used 32998K, capacity 33852K, committed 33912K, reserved 1079296K
  class space    used 3889K, capacity 4200K, committed 4216K, reserved 1048576K
2018-12-13T20:50:31.082+0100: 26.459: [GC (Allocation Failure) 2018-12-13T20:50:31.082+0100: 26.459: [ParNew
Desired survivor size 80510976 bytes, new threshold 8 (max 8)
- age   1:    2791000 bytes,    2791000 total
- age   2:    9333328 bytes,   12124328 total
- age   3:   56683088 bytes,   68807416 total
: 436928K->81430K(436928K), 0.0231303 secs] 995921K->640424K(2009792K), 0.0231921 secs] [Times: user=0.06 sys=0.00, real=0.02 secs] 
Heap after GC invocations=9 (full 1):
 par new generation   total 436928K, used 81430K [0x0000000080000000, 0x00000000a0000000, 0x00000000a0000000)
  eden space 349568K,   0% used [0x0000000080000000, 0x0000000080000000, 0x0000000095560000)
  from space 87360K,  93% used [0x000000009aab0000, 0x000000009fa35b58, 0x00000000a0000000)
  to   space 87360K,   0% used [0x0000000095560000, 0x0000000095560000, 0x000000009aab0000)
 concurrent mark-sweep generation total 1572864K, used 558993K [0x00000000a0000000, 0x0000000100000000, 0x0000000100000000)
 Metaspace       used 32998K, capacity 33852K, committed 33912K, reserved 1079296K
  class space    used 3889K, capacity 4200K, committed 4216K, reserved 1048576K
}
2018-12-13T20:50:31.105+0100: 26.482: Total time for which application threads were stopped: 0.0234361 seconds, Stopping threads took: 0.0000950 seconds
2018-12-13T20:50:31.138+0100: 26.514: Total time for which application threads were stopped: 0.0002020 seconds, Stopping threads took: 0.0001237 seconds
2018-12-13T20:50:31.433+0100: 26.810: Total time for which application threads were stopped: 0.0001038 seconds, Stopping threads took: 0.0000398 seconds
2018-12-13T20:50:31.434+0100: 26.810: Total time for which application threads were stopped: 0.0000683 seconds, Stopping threads took: 0.0000381 seconds
2018-12-13T20:50:31.434+0100: 26.810: Total time for which application threads were stopped: 0.0000486 seconds, Stopping threads took: 0.0000208 seconds
2018-12-13T20:50:31.474+0100: 26.850: Total time for which application threads were stopped: 0.0001436 seconds, Stopping threads took: 0.0000879 seconds
2018-12-13T20:50:31.851+0100: 27.228: Total time for which application threads were stopped: 0.0001442 seconds, Stopping threads took: 0.0000939 seconds
2018-12-13T20:50:31.851+0100: 27.228: Total time for which application threads were stopped: 0.0001252 seconds, Stopping threads took: 0.0000796 seconds
2018-12-13T20:50:31.852+0100: 27.228: Total time for which application threads were stopped: 0.0000791 seconds, Stopping threads took: 0.0000552 seconds
2018-12-13T20:50:31.895+0100: 27.271: Total time for which application threads were stopped: 0.0000893 seconds, Stopping threads took: 0.0000296 seconds
2018-12-13T20:50:32.202+0100: 27.579: Total time for which application threads were stopped: 0.0001786 seconds, Stopping threads took: 0.0001209 seconds
2018-12-13T20:50:32.203+0100: 27.579: Total time for which application threads were stopped: 0.0000697 seconds, Stopping threads took: 0.0000225 seconds
2018-12-13T20:50:32.203+0100: 27.579: Total time for which application threads were stopped: 0.0000942 seconds, Stopping threads took: 0.0000623 seconds
2018-12-13T20:50:32.226+0100: 27.602: Total time for which application threads were stopped: 0.0001104 seconds, Stopping threads took: 0.0000478 seconds
2018-12-13T20:50:32.587+0100: 27.964: Total time for which application threads were stopped: 0.0001033 seconds, Stopping threads took: 0.0000543 seconds
2018-12-13T20:50:32.587+0100: 27.964: Total time for which application threads were stopped: 0.0000930 seconds, Stopping threads took: 0.0000577 seconds
2018-12-13T20:50:32.587+0100: 27.964: Total time for which application threads were stopped: 0.0000631 seconds, Stopping threads took: 0.0000401 seconds
2018-12-13T20:50:32.626+0100: 28.002: Total time for which application threads were stopped: 0.0001451 seconds, Stopping threads took: 0.0000927 seconds
2018-12-13T20:50:32.959+0100: 28.335: Total time for which application threads were stopped: 0.0002011 seconds, Stopping threads took: 0.0001547 seconds
2018-12-13T20:50:32.959+0100: 28.336: Total time for which application threads were stopped: 0.0001169 seconds, Stopping threads took: 0.0000680 seconds
2018-12-13T20:50:32.959+0100: 28.336: Total time for which application threads were stopped: 0.0001590 seconds, Stopping threads took: 0.0001323 seconds
2018-12-13T20:50:32.999+0100: 28.376: Total time for which application threads were stopped: 0.0001200 seconds, Stopping threads took: 0.0000481 seconds
2018-12-13T20:50:33.942+0100: 29.318: Total time for which application threads were stopped: 0.0002054 seconds, Stopping threads took: 0.0000560 seconds
2018-12-13T20:50:33.942+0100: 29.319: Total time for which application threads were stopped: 0.0001018 seconds, Stopping threads took: 0.0000768 seconds
2018-12-13T20:50:33.942+0100: 29.319: Total time for which application threads were stopped: 0.0001104 seconds, Stopping threads took: 0.0000731 seconds
2018-12-13T20:50:33.985+0100: 29.361: Total time for which application threads were stopped: 0.0001166 seconds, Stopping threads took: 0.0000668 seconds
2018-12-13T20:50:33.986+0100: 29.363: Total time for which application threads were stopped: 0.0001075 seconds, Stopping threads took: 0.0000265 seconds
2018-12-13T20:50:34.014+0100: 29.391: Total time for which application threads were stopped: 0.0001923 seconds, Stopping threads took: 0.0000666 seconds
2018-12-13T20:50:34.313+0100: 29.690: Total time for which application threads were stopped: 0.0001456 seconds, Stopping threads took: 0.0000822 seconds
2018-12-13T20:50:34.313+0100: 29.690: Total time for which application threads were stopped: 0.0001417 seconds, Stopping threads took: 0.0001075 seconds
2018-12-13T20:50:35.179+0100: 30.555: Total time for which application threads were stopped: 0.0000956 seconds, Stopping threads took: 0.0000330 seconds
2018-12-13T20:50:35.179+0100: 30.556: Total time for which application threads were stopped: 0.0001599 seconds, Stopping threads took: 0.0000193 seconds
2018-12-13T20:50:35.497+0100: 30.874: Total time for which application threads were stopped: 0.0001297 seconds, Stopping threads took: 0.0000785 seconds
2018-12-13T20:50:35.826+0100: 31.203: Total time for which application threads were stopped: 0.0001624 seconds, Stopping threads took: 0.0001084 seconds
2018-12-13T20:50:36.282+0100: 31.659: Total time for which application threads were stopped: 0.0000859 seconds, Stopping threads took: 0.0000267 seconds
2018-12-13T20:50:36.662+0100: 32.039: Total time for which application threads were stopped: 0.0002054 seconds, Stopping threads took: 0.0000293 seconds
2018-12-13T20:50:37.662+0100: 33.038: Total time for which application threads were stopped: 0.0001377 seconds, Stopping threads took: 0.0000398 seconds
2018-12-13T20:50:38.020+0100: 33.396: Total time for which application threads were stopped: 0.0000961 seconds, Stopping threads took: 0.0000193 seconds
{Heap before GC invocations=9 (full 1):
 par new generation   total 436928K, used 430998K [0x0000000080000000, 0x00000000a0000000, 0x00000000a0000000)
  eden space 349568K, 100% used [0x0000000080000000, 0x0000000095560000, 0x0000000095560000)
  from space 87360K,  93% used [0x000000009aab0000, 0x000000009fa35b58, 0x00000000a0000000)
  to   space 87360K,   0% used [0x0000000095560000, 0x0000000095560000, 0x000000009aab0000)
 concurrent mark-sweep generation total 1572864K, used 558993K [0x00000000a0000000, 0x0000000100000000, 0x0000000100000000)
 Metaspace       used 33174K, capacity 33986K, committed 34168K, reserved 1079296K
  class space    used 3889K, capacity 4201K, committed 4216K, reserved 1048576K
2018-12-13T20:50:38.376+0100: 33.753: [GC (Allocation Failure) 2018-12-13T20:50:38.376+0100: 33.753: [ParNew
Desired survivor size 80510976 bytes, new threshold 8 (max 8)
- age   1:    3466840 bytes,    3466840 total
- age   2:     702192 bytes,    4169032 total
- age   3:    9325376 bytes,   13494408 total
- age   4:   55705344 bytes,   69199752 total
: 430998K->87360K(436928K), 0.0274357 secs] 989992K->647312K(2009792K), 0.0274903 secs] [Times: user=0.12 sys=0.00, real=0.03 secs] 
Heap after GC invocations=10 (full 1):
 par new generation   total 436928K, used 87360K [0x0000000080000000, 0x00000000a0000000, 0x00000000a0000000)
  eden space 349568K,   0% used [0x0000000080000000, 0x0000000080000000, 0x0000000095560000)
  from space 87360K, 100% used [0x0000000095560000, 0x000000009aab0000, 0x000000009aab0000)
  to   space 87360K,   0% used [0x000000009aab0000, 0x000000009aab0000, 0x00000000a0000000)
 concurrent mark-sweep generation total 1572864K, used 559952K [0x00000000a0000000, 0x0000000100000000, 0x0000000100000000)
 Metaspace       used 33174K, capacity 33986K, committed 34168K, reserved 1079296K
  class space    used 3889K, capacity 4201K, committed 4216K, reserved 1048576K
}
2018-12-13T20:50:38.404+0100: 33.781: Total time for which application threads were stopped: 0.0277497 seconds, Stopping threads took: 0.0001018 seconds
2018-12-13T20:50:39.404+0100: 34.780: Total time for which application threads were stopped: 0.0000990 seconds, Stopping threads took: 0.0000276 seconds
2018-12-13T20:50:40.404+0100: 35.781: Total time for which application threads were stopped: 0.0001570 seconds, Stopping threads took: 0.0000947 seconds
2018-12-13T20:50:41.404+0100: 36.781: Total time for which application threads were stopped: 0.0000973 seconds, Stopping threads took: 0.0000265 seconds
2018-12-13T20:50:41.875+0100: 37.252: Total time for which application threads were stopped: 0.0001337 seconds, Stopping threads took: 0.0000617 seconds
2018-12-13T20:50:42.875+0100: 38.252: Total time for which application threads were stopped: 0.0001422 seconds, Stopping threads took: 0.0000728 seconds
2018-12-13T20:50:43.875+0100: 39.252: Total time for which application threads were stopped: 0.0001047 seconds, Stopping threads took: 0.0000267 seconds
2018-12-13T20:50:44.876+0100: 40.252: Total time for which application threads were stopped: 0.0001340 seconds, Stopping threads took: 0.0000287 seconds
2018-12-13T20:50:45.810+0100: 41.186: Total time for which application threads were stopped: 0.0001411 seconds, Stopping threads took: 0.0000361 seconds
{Heap before GC invocations=10 (full 1):
 par new generation   total 436928K, used 436928K [0x0000000080000000, 0x00000000a0000000, 0x00000000a0000000)
  eden space 349568K, 100% used [0x0000000080000000, 0x0000000095560000, 0x0000000095560000)
  from space 87360K, 100% used [0x0000000095560000, 0x000000009aab0000, 0x000000009aab0000)
  to   space 87360K,   0% used [0x000000009aab0000, 0x000000009aab0000, 0x00000000a0000000)
 concurrent mark-sweep generation total 1572864K, used 559952K [0x00000000a0000000, 0x0000000100000000, 0x0000000100000000)
 Metaspace       used 33384K, capacity 34122K, committed 34424K, reserved 1079296K
  class space    used 3889K, capacity 4201K, committed 4216K, reserved 1048576K
2018-12-13T20:50:45.884+0100: 41.261: [GC (Allocation Failure) 2018-12-13T20:50:45.884+0100: 41.261: [ParNew
Desired survivor size 80510976 bytes, new threshold 8 (max 8)
- age   1:    4477328 bytes,    4477328 total
- age   2:     702616 bytes,    5179944 total
- age   3:     701096 bytes,    5881040 total
- age   4:    9316128 bytes,   15197168 total
- age   5:   55705344 bytes,   70902512 total
: 436928K->87360K(436928K), 0.0328523 secs] 996880K->647332K(2009792K), 0.0329536 secs] [Times: user=0.12 sys=0.00, real=0.03 secs] 
Heap after GC invocations=11 (full 1):
 par new generation   total 436928K, used 87360K [0x0000000080000000, 0x00000000a0000000, 0x00000000a0000000)
  eden space 349568K,   0% used [0x0000000080000000, 0x0000000080000000, 0x0000000095560000)
  from space 87360K, 100% used [0x000000009aab0000, 0x00000000a0000000, 0x00000000a0000000)
  to   space 87360K,   0% used [0x0000000095560000, 0x0000000095560000, 0x000000009aab0000)
 concurrent mark-sweep generation total 1572864K, used 559972K [0x00000000a0000000, 0x0000000100000000, 0x0000000100000000)
 Metaspace       used 33384K, capacity 34122K, committed 34424K, reserved 1079296K
  class space    used 3889K, capacity 4201K, committed 4216K, reserved 1048576K
}
2018-12-13T20:50:45.917+0100: 41.294: Total time for which application threads were stopped: 0.0331279 seconds, Stopping threads took: 0.0000284 seconds
2018-12-13T20:50:46.917+0100: 42.293: Total time for which application threads were stopped: 0.0001200 seconds, Stopping threads took: 0.0000503 seconds
2018-12-13T20:50:47.917+0100: 43.293: Total time for which application threads were stopped: 0.0001570 seconds, Stopping threads took: 0.0000933 seconds
2018-12-13T20:50:48.917+0100: 44.293: Total time for which application threads were stopped: 0.0001280 seconds, Stopping threads took: 0.0000538 seconds
2018-12-13T20:50:49.711+0100: 45.088: Total time for which application threads were stopped: 0.0000885 seconds, Stopping threads took: 0.0000213 seconds
2018-12-13T20:50:50.711+0100: 46.087: Total time for which application threads were stopped: 0.0001823 seconds, Stopping threads took: 0.0001044 seconds
2018-12-13T20:50:51.711+0100: 47.087: Total time for which application threads were stopped: 0.0001172 seconds, Stopping threads took: 0.0000265 seconds
2018-12-13T20:50:52.711+0100: 48.087: Total time for which application threads were stopped: 0.0001010 seconds, Stopping threads took: 0.0000364 seconds
2018-12-13T20:50:53.390+0100: 48.766: Total time for which application threads were stopped: 0.0001166 seconds, Stopping threads took: 0.0000407 seconds
2018-12-13T20:50:54.390+0100: 49.766: Total time for which application threads were stopped: 0.0000882 seconds, Stopping threads took: 0.0000299 seconds
2018-12-13T20:50:55.574+0100: 50.950: Total time for which application threads were stopped: 0.0001923 seconds, Stopping threads took: 0.0000771 seconds
{Heap before GC invocations=11 (full 1):
 par new generation   total 436928K, used 436928K [0x0000000080000000, 0x00000000a0000000, 0x00000000a0000000)
  eden space 349568K, 100% used [0x0000000080000000, 0x0000000095560000, 0x0000000095560000)
  from space 87360K, 100% used [0x000000009aab0000, 0x00000000a0000000, 0x00000000a0000000)
  to   space 87360K,   0% used [0x0000000095560000, 0x0000000095560000, 0x000000009aab0000)
 concurrent mark-sweep generation total 1572864K, used 559972K [0x00000000a0000000, 0x0000000100000000, 0x0000000100000000)
 Metaspace       used 33528K, capacity 34314K, committed 34424K, reserved 1079296K
  class space    used 3892K, capacity 4201K, committed 4216K, reserved 1048576K
2018-12-13T20:50:55.671+0100: 51.048: [GC (Allocation Failure) 2018-12-13T20:50:55.671+0100: 51.048: [ParNew
Desired survivor size 80510976 bytes, new threshold 8 (max 8)
- age   1:    4544872 bytes,    4544872 total
- age   2:      35920 bytes,    4580792 total
- age   3:     697512 bytes,    5278304 total
- age   4:     701096 bytes,    5979400 total
- age   5:    9316128 bytes,   15295528 total
- age   6:   55705344 bytes,   71000872 total
: 436928K->79520K(436928K), 0.0213898 secs] 996900K->639493K(2009792K), 0.0214496 secs] [Times: user=0.06 sys=0.00, real=0.02 secs] 
Heap after GC invocations=12 (full 1):
 par new generation   total 436928K, used 79520K [0x0000000080000000, 0x00000000a0000000, 0x00000000a0000000)
  eden space 349568K,   0% used [0x0000000080000000, 0x0000000080000000, 0x0000000095560000)
  from space 87360K,  91% used [0x0000000095560000, 0x000000009a3082b8, 0x000000009aab0000)
  to   space 87360K,   0% used [0x000000009aab0000, 0x000000009aab0000, 0x00000000a0000000)
 concurrent mark-sweep generation total 1572864K, used 559972K [0x00000000a0000000, 0x0000000100000000, 0x0000000100000000)
 Metaspace       used 33528K, capacity 34314K, committed 34424K, reserved 1079296K
  class space    used 3892K, capacity 4201K, committed 4216K, reserved 1048576K
}
2018-12-13T20:50:55.693+0100: 51.069: Total time for which application threads were stopped: 0.0216233 seconds, Stopping threads took: 0.0000247 seconds
2018-12-13T20:50:55.716+0100: 51.093: Total time for which application threads were stopped: 0.0017926 seconds, Stopping threads took: 0.0015545 seconds
2018-12-13T20:50:56.716+0100: 52.092: Total time for which application threads were stopped: 0.0001385 seconds, Stopping threads took: 0.0000270 seconds
2018-12-13T20:50:57.716+0100: 53.092: Total time for which application threads were stopped: 0.0001428 seconds, Stopping threads took: 0.0000631 seconds
2018-12-13T20:50:58.716+0100: 54.093: Total time for which application threads were stopped: 0.0001135 seconds, Stopping threads took: 0.0000489 seconds
2018-12-13T20:51:00.154+0100: 55.531: Total time for which application threads were stopped: 0.0000984 seconds, Stopping threads took: 0.0000179 seconds
2018-12-13T20:51:01.154+0100: 56.531: Total time for which application threads were stopped: 0.0001240 seconds, Stopping threads took: 0.0000353 seconds
2018-12-13T20:51:02.155+0100: 57.531: Total time for which application threads were stopped: 0.0001377 seconds, Stopping threads took: 0.0000700 seconds
2018-12-13T20:51:03.155+0100: 58.531: Total time for which application threads were stopped: 0.0001300 seconds, Stopping threads took: 0.0000506 seconds
{Heap before GC invocations=12 (full 1):
 par new generation   total 436928K, used 429088K [0x0000000080000000, 0x00000000a0000000, 0x00000000a0000000)
  eden space 349568K, 100% used [0x0000000080000000, 0x0000000095560000, 0x0000000095560000)
  from space 87360K,  91% used [0x0000000095560000, 0x000000009a3082b8, 0x000000009aab0000)
  to   space 87360K,   0% used [0x000000009aab0000, 0x000000009aab0000, 0x00000000a0000000)
 concurrent mark-sweep generation total 1572864K, used 559972K [0x00000000a0000000, 0x0000000100000000, 0x0000000100000000)
 Metaspace       used 33665K, capacity 34506K, committed 34680K, reserved 1079296K
  class space    used 3892K, capacity 4201K, committed 4216K, reserved 1048576K
2018-12-13T20:51:03.744+0100: 59.120: [GC (Allocation Failure) 2018-12-13T20:51:03.744+0100: 59.120: [ParNew
Desired survivor size 80510976 bytes, new threshold 8 (max 8)
- age   1:    4355288 bytes,    4355288 total
- age   2:      43824 bytes,    4399112 total
- age   3:      32872 bytes,    4431984 total
- age   4:     697512 bytes,    5129496 total
- age   5:     701096 bytes,    5830592 total
- age   6:    9316128 bytes,   15146720 total
- age   7:   55705344 bytes,   70852064 total
: 429088K->87360K(436928K), 0.0224391 secs] 989061K->647332K(2009792K), 0.0224946 secs] [Times: user=0.13 sys=0.00, real=0.02 secs] 
Heap after GC invocations=13 (full 1):
 par new generation   total 436928K, used 87360K [0x0000000080000000, 0x00000000a0000000, 0x00000000a0000000)
  eden space 349568K,   0% used [0x0000000080000000, 0x0000000080000000, 0x0000000095560000)
  from space 87360K, 100% used [0x000000009aab0000, 0x00000000a0000000, 0x00000000a0000000)
  to   space 87360K,   0% used [0x0000000095560000, 0x0000000095560000, 0x000000009aab0000)
 concurrent mark-sweep generation total 1572864K, used 559972K [0x00000000a0000000, 0x0000000100000000, 0x0000000100000000)
 Metaspace       used 33665K, capacity 34506K, committed 34680K, reserved 1079296K
  class space    used 3892K, capacity 4201K, committed 4216K, reserved 1048576K
}
2018-12-13T20:51:03.767+0100: 59.143: Total time for which application threads were stopped: 0.0227139 seconds, Stopping threads took: 0.0000390 seconds
2018-12-13T20:51:04.163+0100: 59.539: Total time for which application threads were stopped: 0.0000987 seconds, Stopping threads took: 0.0000287 seconds
2018-12-13T20:51:05.163+0100: 60.539: Total time for which application threads were stopped: 0.0001286 seconds, Stopping threads took: 0.0000486 seconds
2018-12-13T20:51:06.163+0100: 61.539: Total time for which application threads were stopped: 0.0000933 seconds, Stopping threads took: 0.0000267 seconds
2018-12-13T20:51:07.163+0100: 62.539: Total time for which application threads were stopped: 0.0001010 seconds, Stopping threads took: 0.0000336 seconds
2018-12-13T20:51:08.163+0100: 63.539: Total time for which application threads were stopped: 0.0001041 seconds, Stopping threads took: 0.0000282 seconds
2018-12-13T20:51:08.589+0100: 63.966: Total time for which application threads were stopped: 0.0001559 seconds, Stopping threads took: 0.0000833 seconds
2018-12-13T20:51:08.989+0100: 64.366: Total time for which application threads were stopped: 0.0002116 seconds, Stopping threads took: 0.0000401 seconds
2018-12-13T20:51:09.989+0100: 65.365: Total time for which application threads were stopped: 0.0000913 seconds, Stopping threads took: 0.0000279 seconds
{Heap before GC invocations=13 (full 1):
 par new generation   total 436928K, used 436928K [0x0000000080000000, 0x00000000a0000000, 0x00000000a0000000)
  eden space 349568K, 100% used [0x0000000080000000, 0x0000000095560000, 0x0000000095560000)
  from space 87360K, 100% used [0x000000009aab0000, 0x00000000a0000000, 0x00000000a0000000)
  to   space 87360K,   0% used [0x0000000095560000, 0x0000000095560000, 0x000000009aab0000)
 concurrent mark-sweep generation total 1572864K, used 559972K [0x00000000a0000000, 0x0000000100000000, 0x0000000100000000)
 Metaspace       used 33740K, capacity 34570K, committed 34680K, reserved 1079296K
  class space    used 3893K, capacity 4201K, committed 4216K, reserved 1048576K
2018-12-13T20:51:10.756+0100: 66.132: [GC (Allocation Failure) 2018-12-13T20:51:10.756+0100: 66.132: [ParNew
Desired survivor size 80510976 bytes, new threshold 8 (max 8)
- age   1:    4790456 bytes,    4790456 total
- age   2:      10544 bytes,    4801000 total
- age   3:      12984 bytes,    4813984 total
- age   4:      31688 bytes,    4845672 total
- age   5:     697392 bytes,    5543064 total
- age   6:     701096 bytes,    6244160 total
- age   7:    9316008 bytes,   15560168 total
- age   8:   55705344 bytes,   71265512 total
: 436928K->87360K(436928K), 0.0263957 secs] 996900K->647332K(2009792K), 0.0264521 secs] [Times: user=0.06 sys=0.00, real=0.03 secs] 
Heap after GC invocations=14 (full 1):
 par new generation   total 436928K, used 87360K [0x0000000080000000, 0x00000000a0000000, 0x00000000a0000000)
  eden space 349568K,   0% used [0x0000000080000000, 0x0000000080000000, 0x0000000095560000)
  from space 87360K, 100% used [0x0000000095560000, 0x000000009aab0000, 0x000000009aab0000)
  to   space 87360K,   0% used [0x000000009aab0000, 0x000000009aab0000, 0x00000000a0000000)
 concurrent mark-sweep generation total 1572864K, used 559972K [0x00000000a0000000, 0x0000000100000000, 0x0000000100000000)
 Metaspace       used 33740K, capacity 34570K, committed 34680K, reserved 1079296K
  class space    used 3893K, capacity 4201K, committed 4216K, reserved 1048576K
}
2018-12-13T20:51:10.782+0100: 66.159: Total time for which application threads were stopped: 0.0266349 seconds, Stopping threads took: 0.0000228 seconds
2018-12-13T20:51:11.782+0100: 67.158: Total time for which application threads were stopped: 0.0000910 seconds, Stopping threads took: 0.0000245 seconds
2018-12-13T20:51:12.782+0100: 68.158: Total time for which application threads were stopped: 0.0001030 seconds, Stopping threads took: 0.0000287 seconds
2018-12-13T20:51:12.905+0100: 68.282: Total time for which application threads were stopped: 0.0001545 seconds, Stopping threads took: 0.0000956 seconds
2018-12-13T20:51:12.906+0100: 68.282: Total time for which application threads were stopped: 0.0000850 seconds, Stopping threads took: 0.0000304 seconds
2018-12-13T20:51:12.906+0100: 68.282: Total time for which application threads were stopped: 0.0000828 seconds, Stopping threads took: 0.0000603 seconds
2018-12-13T20:51:13.906+0100: 69.282: Total time for which application threads were stopped: 0.0001041 seconds, Stopping threads took: 0.0000393 seconds
2018-12-13T20:51:14.906+0100: 70.282: Total time for which application threads were stopped: 0.0000794 seconds, Stopping threads took: 0.0000228 seconds
2018-12-13T20:51:16.906+0100: 72.282: Total time for which application threads were stopped: 0.0001408 seconds, Stopping threads took: 0.0000740 seconds
2018-12-13T20:51:17.574+0100: 72.951: Total time for which application threads were stopped: 0.0001798 seconds, Stopping threads took: 0.0001055 seconds
{Heap before GC invocations=14 (full 1):
 par new generation   total 436928K, used 436928K [0x0000000080000000, 0x00000000a0000000, 0x00000000a0000000)
  eden space 349568K, 100% used [0x0000000080000000, 0x0000000095560000, 0x0000000095560000)
  from space 87360K, 100% used [0x0000000095560000, 0x000000009aab0000, 0x000000009aab0000)
  to   space 87360K,   0% used [0x000000009aab0000, 0x000000009aab0000, 0x00000000a0000000)
 concurrent mark-sweep generation total 1572864K, used 559972K [0x00000000a0000000, 0x0000000100000000, 0x0000000100000000)
 Metaspace       used 33890K, capacity 34698K, committed 34936K, reserved 1079296K
  class space    used 3893K, capacity 4201K, committed 4216K, reserved 1048576K
2018-12-13T20:51:17.972+0100: 73.349: [GC (Allocation Failure) 2018-12-13T20:51:17.972+0100: 73.349: [ParNew
Desired survivor size 80510976 bytes, new threshold 8 (max 8)
- age   1:    4940912 bytes,    4940912 total
- age   2:      21504 bytes,    4962416 total
- age   3:       8696 bytes,    4971112 total
- age   4:      12984 bytes,    4984096 total
- age   5:      31688 bytes,    5015784 total
- age   6:     697392 bytes,    5713176 total
- age   7:     701096 bytes,    6414272 total
- age   8:    9315816 bytes,   15730088 total
: 436928K->37849K(436928K), 0.0487541 secs] 996900K->652235K(2009792K), 0.0488260 secs] [Times: user=0.17 sys=0.02, real=0.05 secs] 
Heap after GC invocations=15 (full 1):
 par new generation   total 436928K, used 37849K [0x0000000080000000, 0x00000000a0000000, 0x00000000a0000000)
  eden space 349568K,   0% used [0x0000000080000000, 0x0000000080000000, 0x0000000095560000)
  from space 87360K,  43% used [0x000000009aab0000, 0x000000009cfa64a0, 0x00000000a0000000)
  to   space 87360K,   0% used [0x0000000095560000, 0x0000000095560000, 0x000000009aab0000)
 concurrent mark-sweep generation total 1572864K, used 614386K [0x00000000a0000000, 0x0000000100000000, 0x0000000100000000)
 Metaspace       used 33890K, capacity 34698K, committed 34936K, reserved 1079296K
  class space    used 3893K, capacity 4201K, committed 4216K, reserved 1048576K
}
2018-12-13T20:51:18.021+0100: 73.397: Total time for which application threads were stopped: 0.0490593 seconds, Stopping threads took: 0.0000799 seconds
2018-12-13T20:51:19.022+0100: 74.398: Total time for which application threads were stopped: 0.0001843 seconds, Stopping threads took: 0.0001143 seconds
2018-12-13T20:51:20.022+0100: 75.398: Total time for which application threads were stopped: 0.0001220 seconds, Stopping threads took: 0.0000424 seconds
2018-12-13T20:51:21.022+0100: 76.398: Total time for which application threads were stopped: 0.0000936 seconds, Stopping threads took: 0.0000310 seconds
2018-12-13T20:51:22.022+0100: 77.398: Total time for which application threads were stopped: 0.0000933 seconds, Stopping threads took: 0.0000296 seconds
2018-12-13T20:51:22.678+0100: 78.055: Total time for which application threads were stopped: 0.0001161 seconds, Stopping threads took: 0.0000358 seconds
2018-12-13T20:51:23.678+0100: 79.054: Total time for which application threads were stopped: 0.0001200 seconds, Stopping threads took: 0.0000381 seconds
2018-12-13T20:51:25.678+0100: 81.054: Total time for which application threads were stopped: 0.0000950 seconds, Stopping threads took: 0.0000373 seconds
{Heap before GC invocations=15 (full 1):
 par new generation   total 436928K, used 387417K [0x0000000080000000, 0x00000000a0000000, 0x00000000a0000000)
  eden space 349568K, 100% used [0x0000000080000000, 0x0000000095560000, 0x0000000095560000)
  from space 87360K,  43% used [0x000000009aab0000, 0x000000009cfa64a0, 0x00000000a0000000)
  to   space 87360K,   0% used [0x0000000095560000, 0x0000000095560000, 0x000000009aab0000)
 concurrent mark-sweep generation total 1572864K, used 614386K [0x00000000a0000000, 0x0000000100000000, 0x0000000100000000)
 Metaspace       used 33971K, capacity 34770K, committed 34936K, reserved 1079296K
  class space    used 3897K, capacity 4205K, committed 4216K, reserved 1048576K
2018-12-13T20:51:26.152+0100: 81.528: [GC (Allocation Failure) 2018-12-13T20:51:26.152+0100: 81.528: [ParNew
Desired survivor size 80510976 bytes, new threshold 8 (max 8)
- age   1:    5364688 bytes,    5364688 total
- age   2:      14448 bytes,    5379136 total
- age   3:       8360 bytes,    5387496 total
- age   4:       8624 bytes,    5396120 total
- age   5:      12984 bytes,    5409104 total
- age   6:      31688 bytes,    5440792 total
- age   7:     697392 bytes,    6138184 total
- age   8:     701096 bytes,    6839280 total
: 387417K->14708K(436928K), 0.0095263 secs] 1001803K->638197K(2009792K), 0.0095968 secs] [Times: user=0.00 sys=0.00, real=0.01 secs] 
Heap after GC invocations=16 (full 1):
 par new generation   total 436928K, used 14708K [0x0000000080000000, 0x00000000a0000000, 0x00000000a0000000)
  eden space 349568K,   0% used [0x0000000080000000, 0x0000000080000000, 0x0000000095560000)
  from space 87360K,  16% used [0x0000000095560000, 0x00000000963bd080, 0x000000009aab0000)
  to   space 87360K,   0% used [0x000000009aab0000, 0x000000009aab0000, 0x00000000a0000000)
 concurrent mark-sweep generation total 1572864K, used 623488K [0x00000000a0000000, 0x0000000100000000, 0x0000000100000000)
 Metaspace       used 33971K, capacity 34770K, committed 34936K, reserved 1079296K
  class space    used 3897K, capacity 4205K, committed 4216K, reserved 1048576K
}
2018-12-13T20:51:26.162+0100: 81.538: Total time for which application threads were stopped: 0.0097891 seconds, Stopping threads took: 0.0000412 seconds
2018-12-13T20:51:27.072+0100: 82.449: Total time for which application threads were stopped: 0.0001035 seconds, Stopping threads took: 0.0000222 seconds
2018-12-13T20:51:28.072+0100: 83.448: Total time for which application threads were stopped: 0.0001215 seconds, Stopping threads took: 0.0000270 seconds
2018-12-13T20:51:30.072+0100: 85.448: Total time for which application threads were stopped: 0.0000973 seconds, Stopping threads took: 0.0000290 seconds
2018-12-13T20:51:31.072+0100: 86.448: Total time for which application threads were stopped: 0.0001118 seconds, Stopping threads took: 0.0000279 seconds
2018-12-13T20:51:31.523+0100: 86.899: Total time for which application threads were stopped: 0.0001166 seconds, Stopping threads took: 0.0000375 seconds
2018-12-13T20:51:32.523+0100: 87.899: Total time for which application threads were stopped: 0.0001516 seconds, Stopping threads took: 0.0000407 seconds
{Heap before GC invocations=16 (full 1):
 par new generation   total 436928K, used 364276K [0x0000000080000000, 0x00000000a0000000, 0x00000000a0000000)
  eden space 349568K, 100% used [0x0000000080000000, 0x0000000095560000, 0x0000000095560000)
  from space 87360K,  16% used [0x0000000095560000, 0x00000000963bd080, 0x000000009aab0000)
  to   space 87360K,   0% used [0x000000009aab0000, 0x000000009aab0000, 0x00000000a0000000)
 concurrent mark-sweep generation total 1572864K, used 623488K [0x00000000a0000000, 0x0000000100000000, 0x0000000100000000)
 Metaspace       used 33992K, capacity 34770K, committed 34936K, reserved 1079296K
  class space    used 3897K, capacity 4205K, committed 4216K, reserved 1048576K
2018-12-13T20:51:33.099+0100: 88.475: [GC (Allocation Failure) 2018-12-13T20:51:33.099+0100: 88.475: [ParNew
Desired survivor size 80510976 bytes, new threshold 8 (max 8)
- age   1:    1614864 bytes,    1614864 total
- age   2:      32376 bytes,    1647240 total
- age   3:       9488 bytes,    1656728 total
- age   4:       8360 bytes,    1665088 total
- age   5:       8624 bytes,    1673712 total
- age   6:      12984 bytes,    1686696 total
- age   7:      31688 bytes,    1718384 total
- age   8:     697392 bytes,    2415776 total
: 364276K->5242K(436928K), 0.0079948 secs] 987765K->629433K(2009792K), 0.0080512 secs] [Times: user=0.02 sys=0.00, real=0.01 secs] 
Heap after GC invocations=17 (full 1):
 par new generation   total 436928K, used 5242K [0x0000000080000000, 0x00000000a0000000, 0x00000000a0000000)
  eden space 349568K,   0% used [0x0000000080000000, 0x0000000080000000, 0x0000000095560000)
  from space 87360K,   6% used [0x000000009aab0000, 0x000000009afce9b0, 0x00000000a0000000)
  to   space 87360K,   0% used [0x0000000095560000, 0x0000000095560000, 0x000000009aab0000)
 concurrent mark-sweep generation total 1572864K, used 624190K [0x00000000a0000000, 0x0000000100000000, 0x0000000100000000)
 Metaspace       used 33992K, capacity 34770K, committed 34936K, reserved 1079296K
  class space    used 3897K, capacity 4205K, committed 4216K, reserved 1048576K
}
2018-12-13T20:51:33.107+0100: 88.483: Total time for which application threads were stopped: 0.0082739 seconds, Stopping threads took: 0.0000543 seconds
2018-12-13T20:51:34.107+0100: 89.483: Total time for which application threads were stopped: 0.0001058 seconds, Stopping threads took: 0.0000401 seconds
2018-12-13T20:51:35.107+0100: 90.483: Total time for which application threads were stopped: 0.0001033 seconds, Stopping threads took: 0.0000353 seconds
2018-12-13T20:51:36.104+0100: 91.481: Total time for which application threads were stopped: 0.0001098 seconds, Stopping threads took: 0.0000205 seconds
2018-12-13T20:51:36.135+0100: 91.512: Total time for which application threads were stopped: 0.0000987 seconds, Stopping threads took: 0.0000267 seconds
2018-12-13T20:51:36.158+0100: 91.534: Total time for which application threads were stopped: 0.0001030 seconds, Stopping threads took: 0.0000239 seconds
2018-12-13T20:51:36.168+0100: 91.545: Total time for which application threads were stopped: 0.0001445 seconds, Stopping threads took: 0.0000338 seconds
2018-12-13T20:51:36.616+0100: 91.992: Total time for which application threads were stopped: 0.0001004 seconds, Stopping threads took: 0.0000333 seconds
2018-12-13T20:51:37.616+0100: 92.992: Total time for which application threads were stopped: 0.0001101 seconds, Stopping threads took: 0.0000430 seconds
2018-12-13T20:51:38.616+0100: 93.992: Total time for which application threads were stopped: 0.0001215 seconds, Stopping threads took: 0.0000393 seconds
{Heap before GC invocations=17 (full 1):
 par new generation   total 436928K, used 354810K [0x0000000080000000, 0x00000000a0000000, 0x00000000a0000000)
  eden space 349568K, 100% used [0x0000000080000000, 0x0000000095560000, 0x0000000095560000)
  from space 87360K,   6% used [0x000000009aab0000, 0x000000009afce9b0, 0x00000000a0000000)
  to   space 87360K,   0% used [0x0000000095560000, 0x0000000095560000, 0x000000009aab0000)
 concurrent mark-sweep generation total 1572864K, used 624190K [0x00000000a0000000, 0x0000000100000000, 0x0000000100000000)
 Metaspace       used 34026K, capacity 34770K, committed 34936K, reserved 1079296K
  class space    used 3898K, capacity 4205K, committed 4216K, reserved 1048576K
2018-12-13T20:51:40.142+0100: 95.518: [GC (Allocation Failure) 2018-12-13T20:51:40.143+0100: 95.519: [ParNew
Desired survivor size 80510976 bytes, new threshold 8 (max 8)
- age   1:    1995000 bytes,    1995000 total
- age   2:      13992 bytes,    2008992 total
- age   3:      11192 bytes,    2020184 total
- age   4:       9488 bytes,    2029672 total
- age   5:       7056 bytes,    2036728 total
- age   6:       8624 bytes,    2045352 total
- age   7:      12984 bytes,    2058336 total
- age   8:      31688 bytes,    2090024 total
: 354810K->2929K(436928K), 0.0061016 secs] 979001K->627817K(2009792K), 0.0061878 secs] [Times: user=0.00 sys=0.02, real=0.01 secs] 
Heap after GC invocations=18 (full 1):
 par new generation   total 436928K, used 2929K [0x0000000080000000, 0x00000000a0000000, 0x00000000a0000000)
  eden space 349568K,   0% used [0x0000000080000000, 0x0000000080000000, 0x0000000095560000)
  from space 87360K,   3% used [0x0000000095560000, 0x000000009583c400, 0x000000009aab0000)
  to   space 87360K,   0% used [0x000000009aab0000, 0x000000009aab0000, 0x00000000a0000000)
 concurrent mark-sweep generation total 1572864K, used 624888K [0x00000000a0000000, 0x0000000100000000, 0x0000000100000000)
 Metaspace       used 34026K, capacity 34770K, committed 34936K, reserved 1079296K
  class space    used 3898K, capacity 4205K, committed 4216K, reserved 1048576K
}
2018-12-13T20:51:40.149+0100: 95.525: Total time for which application threads were stopped: 0.0064233 seconds, Stopping threads took: 0.0000833 seconds
2018-12-13T20:51:40.554+0100: 95.930: Total time for which application threads were stopped: 0.0001365 seconds, Stopping threads took: 0.0000404 seconds
2018-12-13T20:51:41.054+0100: 96.430: Total time for which application threads were stopped: 0.0001175 seconds, Stopping threads took: 0.0000512 seconds
2018-12-13T20:51:42.054+0100: 97.430: Total time for which application threads were stopped: 0.0001741 seconds, Stopping threads took: 0.0001061 seconds
2018-12-13T20:51:43.054+0100: 98.430: Total time for which application threads were stopped: 0.0001155 seconds, Stopping threads took: 0.0000526 seconds
2018-12-13T20:51:44.054+0100: 99.430: Total time for which application threads were stopped: 0.0001044 seconds, Stopping threads took: 0.0000398 seconds
2018-12-13T20:51:45.356+0100: 100.732: Total time for which application threads were stopped: 0.0002125 seconds, Stopping threads took: 0.0000393 seconds
2018-12-13T20:51:45.356+0100: 100.732: Total time for which application threads were stopped: 0.0001320 seconds, Stopping threads took: 0.0000233 seconds
2018-12-13T20:51:45.821+0100: 101.197: Total time for which application threads were stopped: 0.0001112 seconds, Stopping threads took: 0.0000449 seconds
{Heap before GC invocations=18 (full 1):
 par new generation   total 436928K, used 352497K [0x0000000080000000, 0x00000000a0000000, 0x00000000a0000000)
  eden space 349568K, 100% used [0x0000000080000000, 0x0000000095560000, 0x0000000095560000)
  from space 87360K,   3% used [0x0000000095560000, 0x000000009583c400, 0x000000009aab0000)
  to   space 87360K,   0% used [0x000000009aab0000, 0x000000009aab0000, 0x00000000a0000000)
 concurrent mark-sweep generation total 1572864K, used 624888K [0x00000000a0000000, 0x0000000100000000, 0x0000000100000000)
 Metaspace       used 34069K, capacity 34902K, committed 35192K, reserved 1081344K
  class space    used 3898K, capacity 4205K, committed 4216K, reserved 1048576K
2018-12-13T20:51:46.994+0100: 102.370: [GC (Allocation Failure) 2018-12-13T20:51:46.994+0100: 102.370: [ParNew
Desired survivor size 80510976 bytes, new threshold 8 (max 8)
- age   1:    1557256 bytes,    1557256 total
- age   2:      38544 bytes,    1595800 total
- age   3:       6448 bytes,    1602248 total
- age   4:      11048 bytes,    1613296 total
- age   5:       9488 bytes,    1622784 total
- age   6:       7056 bytes,    1629840 total
- age   7:       8624 bytes,    1638464 total
- age   8:      12984 bytes,    1651448 total
: 352497K->1981K(436928K), 0.0064526 secs] 977385K->626901K(2009792K), 0.0065226 secs] [Times: user=0.00 sys=0.00, real=0.01 secs] 
Heap after GC invocations=19 (full 1):
 par new generation   total 436928K, used 1981K [0x0000000080000000, 0x00000000a0000000, 0x00000000a0000000)
  eden space 349568K,   0% used [0x0000000080000000, 0x0000000080000000, 0x0000000095560000)
  from space 87360K,   2% used [0x000000009aab0000, 0x000000009ac9f520, 0x00000000a0000000)
  to   space 87360K,   0% used [0x0000000095560000, 0x0000000095560000, 0x000000009aab0000)
 concurrent mark-sweep generation total 1572864K, used 624920K [0x00000000a0000000, 0x0000000100000000, 0x0000000100000000)
 Metaspace       used 34069K, capacity 34902K, committed 35192K, reserved 1081344K
  class space    used 3898K, capacity 4205K, committed 4216K, reserved 1048576K
}
2018-12-13T20:51:47.001+0100: 102.377: Total time for which application threads were stopped: 0.0067530 seconds, Stopping threads took: 0.0000757 seconds
2018-12-13T20:51:48.001+0100: 103.377: Total time for which application threads were stopped: 0.0001061 seconds, Stopping threads took: 0.0000375 seconds
2018-12-13T20:51:49.001+0100: 104.377: Total time for which application threads were stopped: 0.0001428 seconds, Stopping threads took: 0.0000626 seconds
2018-12-13T20:51:49.978+0100: 105.355: Total time for which application threads were stopped: 0.0001610 seconds, Stopping threads took: 0.0000614 seconds
2018-12-13T20:51:50.555+0100: 105.932: Total time for which application threads were stopped: 0.0000879 seconds, Stopping threads took: 0.0000202 seconds
2018-12-13T20:51:51.555+0100: 106.931: Total time for which application threads were stopped: 0.0000942 seconds, Stopping threads took: 0.0000265 seconds
2018-12-13T20:51:52.555+0100: 107.931: Total time for which application threads were stopped: 0.0001226 seconds, Stopping threads took: 0.0000236 seconds
{Heap before GC invocations=19 (full 1):
 par new generation   total 436928K, used 351549K [0x0000000080000000, 0x00000000a0000000, 0x00000000a0000000)
  eden space 349568K, 100% used [0x0000000080000000, 0x0000000095560000, 0x0000000095560000)
  from space 87360K,   2% used [0x000000009aab0000, 0x000000009ac9f520, 0x00000000a0000000)
  to   space 87360K,   0% used [0x0000000095560000, 0x0000000095560000, 0x000000009aab0000)
 concurrent mark-sweep generation total 1572864K, used 624920K [0x00000000a0000000, 0x0000000100000000, 0x0000000100000000)
 Metaspace       used 34180K, capacity 34966K, committed 35192K, reserved 1081344K
  class space    used 3898K, capacity 4205K, committed 4216K, reserved 1048576K
2018-12-13T20:51:53.505+0100: 108.882: [GC (Allocation Failure) 2018-12-13T20:51:53.505+0100: 108.882: [ParNew
Desired survivor size 80510976 bytes, new threshold 8 (max 8)
- age   1:    1452528 bytes,    1452528 total
- age   2:      15120 bytes,    1467648 total
- age   3:      14704 bytes,    1482352 total
- age   4:       6376 bytes,    1488728 total
- age   5:      11048 bytes,    1499776 total
- age   6:       9488 bytes,    1509264 total
- age   7:       7056 bytes,    1516320 total
- age   8:       8624 bytes,    1524944 total
: 351549K->1774K(436928K), 0.0070673 secs] 976469K->626707K(2009792K), 0.0071441 secs] [Times: user=0.00 sys=0.00, real=0.01 secs] 
Heap after GC invocations=20 (full 1):
 par new generation   total 436928K, used 1774K [0x0000000080000000, 0x00000000a0000000, 0x00000000a0000000)
  eden space 349568K,   0% used [0x0000000080000000, 0x0000000080000000, 0x0000000095560000)
  from space 87360K,   2% used [0x0000000095560000, 0x000000009571b9a8, 0x000000009aab0000)
  to   space 87360K,   0% used [0x000000009aab0000, 0x000000009aab0000, 0x00000000a0000000)
 concurrent mark-sweep generation total 1572864K, used 624932K [0x00000000a0000000, 0x0000000100000000, 0x0000000100000000)
 Metaspace       used 34180K, capacity 34966K, committed 35192K, reserved 1081344K
  class space    used 3898K, capacity 4205K, committed 4216K, reserved 1048576K
}
2018-12-13T20:51:53.512+0100: 108.889: Total time for which application threads were stopped: 0.0074103 seconds, Stopping threads took: 0.0000276 seconds
2018-12-13T20:51:53.513+0100: 108.889: Total time for which application threads were stopped: 0.0001715 seconds, Stopping threads took: 0.0000156 seconds
2018-12-13T20:51:54.769+0100: 110.144: Total time for which application threads were stopped: 0.0001772 seconds, Stopping threads took: 0.0000777 seconds
2018-12-13T20:51:55.341+0100: 110.716: Total time for which application threads were stopped: 0.0001348 seconds, Stopping threads took: 0.0000478 seconds
2018-12-13T20:51:56.341+0100: 111.716: Total time for which application threads were stopped: 0.0001126 seconds, Stopping threads took: 0.0000276 seconds
2018-12-13T20:51:57.341+0100: 112.717: Total time for which application threads were stopped: 0.0001004 seconds, Stopping threads took: 0.0000239 seconds
2018-12-13T20:51:58.341+0100: 113.717: Total time for which application threads were stopped: 0.0001217 seconds, Stopping threads took: 0.0000313 seconds
2018-12-13T20:51:59.341+0100: 114.717: Total time for which application threads were stopped: 0.0001206 seconds, Stopping threads took: 0.0000279 seconds
2018-12-13T20:51:59.455+0100: 114.831: Total time for which application threads were stopped: 0.0001109 seconds, Stopping threads took: 0.0000222 seconds
{Heap before GC invocations=20 (full 1):
 par new generation   total 436928K, used 351342K [0x0000000080000000, 0x00000000a0000000, 0x00000000a0000000)
  eden space 349568K, 100% used [0x0000000080000000, 0x0000000095560000, 0x0000000095560000)
  from space 87360K,   2% used [0x0000000095560000, 0x000000009571b9a8, 0x000000009aab0000)
  to   space 87360K,   0% used [0x000000009aab0000, 0x000000009aab0000, 0x00000000a0000000)
 concurrent mark-sweep generation total 1572864K, used 624932K [0x00000000a0000000, 0x0000000100000000, 0x0000000100000000)
 Metaspace       used 34203K, capacity 34966K, committed 35192K, reserved 1081344K
  class space    used 3898K, capacity 4205K, committed 4216K, reserved 1048576K
2018-12-13T20:51:59.550+0100: 114.926: [GC (Allocation Failure) 2018-12-13T20:51:59.550+0100: 114.926: [ParNew
Desired survivor size 80510976 bytes, new threshold 8 (max 8)
- age   1:    1871280 bytes,    1871280 total
- age   2:      25680 bytes,    1896960 total
- age   3:       7792 bytes,    1904752 total
- age   4:      14416 bytes,    1919168 total
- age   5:       6376 bytes,    1925544 total
- age   6:      11048 bytes,    1936592 total
- age   7:       9488 bytes,    1946080 total
- age   8:       6936 bytes,    1953016 total
: 351342K->2600K(436928K), 0.0049695 secs] 976275K->627541K(2009792K), 0.0050270 secs] [Times: user=0.00 sys=0.00, real=0.01 secs] 
Heap after GC invocations=21 (full 1):
 par new generation   total 436928K, used 2600K [0x0000000080000000, 0x00000000a0000000, 0x00000000a0000000)
  eden space 349568K,   0% used [0x0000000080000000, 0x0000000080000000, 0x0000000095560000)
  from space 87360K,   2% used [0x000000009aab0000, 0x000000009ad3a278, 0x00000000a0000000)
  to   space 87360K,   0% used [0x0000000095560000, 0x0000000095560000, 0x000000009aab0000)
 concurrent mark-sweep generation total 1572864K, used 624941K [0x00000000a0000000, 0x0000000100000000, 0x0000000100000000)
 Metaspace       used 34203K, capacity 34966K, committed 35192K, reserved 1081344K
  class space    used 3898K, capacity 4205K, committed 4216K, reserved 1048576K
}
2018-12-13T20:51:59.555+0100: 114.931: Total time for which application threads were stopped: 0.0051993 seconds, Stopping threads took: 0.0000250 seconds
2018-12-13T20:52:00.040+0100: 115.416: Total time for which application threads were stopped: 0.0000796 seconds, Stopping threads took: 0.0000210 seconds
2018-12-13T20:52:01.040+0100: 116.416: Total time for which application threads were stopped: 0.0001624 seconds, Stopping threads took: 0.0000885 seconds
2018-12-13T20:52:02.040+0100: 117.416: Total time for which application threads were stopped: 0.0001277 seconds, Stopping threads took: 0.0000535 seconds
2018-12-13T20:52:03.040+0100: 118.416: Total time for which application threads were stopped: 0.0000939 seconds, Stopping threads took: 0.0000239 seconds
2018-12-13T20:52:04.040+0100: 119.416: Total time for which application threads were stopped: 0.0000896 seconds, Stopping threads took: 0.0000250 seconds
2018-12-13T20:52:04.121+0100: 119.497: Total time for which application threads were stopped: 0.0001226 seconds, Stopping threads took: 0.0000259 seconds
2018-12-13T20:52:04.898+0100: 120.274: Total time for which application threads were stopped: 0.0002167 seconds, Stopping threads took: 0.0001451 seconds
2018-12-13T20:52:06.898+0100: 122.274: Total time for which application threads were stopped: 0.0001152 seconds, Stopping threads took: 0.0000378 seconds
{Heap before GC invocations=21 (full 1):
 par new generation   total 436928K, used 352168K [0x0000000080000000, 0x00000000a0000000, 0x00000000a0000000)
  eden space 349568K, 100% used [0x0000000080000000, 0x0000000095560000, 0x0000000095560000)
  from space 87360K,   2% used [0x000000009aab0000, 0x000000009ad3a278, 0x00000000a0000000)
  to   space 87360K,   0% used [0x0000000095560000, 0x0000000095560000, 0x000000009aab0000)
 concurrent mark-sweep generation total 1572864K, used 624941K [0x00000000a0000000, 0x0000000100000000, 0x0000000100000000)
 Metaspace       used 34233K, capacity 35034K, committed 35192K, reserved 1081344K
  class space    used 3898K, capacity 4205K, committed 4216K, reserved 1048576K
2018-12-13T20:52:07.535+0100: 122.911: [GC (Allocation Failure) 2018-12-13T20:52:07.535+0100: 122.911: [ParNew
Desired survivor size 80510976 bytes, new threshold 8 (max 8)
- age   1:    2661984 bytes,    2661984 total
- age   2:       7464 bytes,    2669448 total
- age   3:       4864 bytes,    2674312 total
- age   4:       7576 bytes,    2681888 total
- age   5:      14296 bytes,    2696184 total
- age   6:       6376 bytes,    2702560 total
- age   7:      11048 bytes,    2713608 total
- age   8:       9488 bytes,    2723096 total
: 352168K->2937K(436928K), 0.0060012 secs] 977109K->627885K(2009792K), 0.0060700 secs] [Times: user=0.06 sys=0.00, real=0.01 secs] 
Heap after GC invocations=22 (full 1):
 par new generation   total 436928K, used 2937K [0x0000000080000000, 0x00000000a0000000, 0x00000000a0000000)
  eden space 349568K,   0% used [0x0000000080000000, 0x0000000080000000, 0x0000000095560000)
  from space 87360K,   3% used [0x0000000095560000, 0x000000009583e760, 0x000000009aab0000)
  to   space 87360K,   0% used [0x000000009aab0000, 0x000000009aab0000, 0x00000000a0000000)
 concurrent mark-sweep generation total 1572864K, used 624947K [0x00000000a0000000, 0x0000000100000000, 0x0000000100000000)
 Metaspace       used 34233K, capacity 35034K, committed 35192K, reserved 1081344K
  class space    used 3898K, capacity 4205K, committed 4216K, reserved 1048576K
}
2018-12-13T20:52:07.541+0100: 122.917: Total time for which application threads were stopped: 0.0062575 seconds, Stopping threads took: 0.0000418 seconds
2018-12-13T20:52:07.541+0100: 122.918: Total time for which application threads were stopped: 0.0002008 seconds, Stopping threads took: 0.0000427 seconds
2018-12-13T20:52:09.146+0100: 124.523: Total time for which application threads were stopped: 0.0001536 seconds, Stopping threads took: 0.0000484 seconds
2018-12-13T20:52:09.632+0100: 125.009: Total time for which application threads were stopped: 0.0001240 seconds, Stopping threads took: 0.0000631 seconds
2018-12-13T20:52:10.632+0100: 126.008: Total time for which application threads were stopped: 0.0000987 seconds, Stopping threads took: 0.0000356 seconds
2018-12-13T20:52:11.633+0100: 127.008: Total time for which application threads were stopped: 0.0000836 seconds, Stopping threads took: 0.0000236 seconds
2018-12-13T20:52:12.633+0100: 128.008: Total time for which application threads were stopped: 0.0000998 seconds, Stopping threads took: 0.0000259 seconds
2018-12-13T20:52:13.775+0100: 129.150: Total time for which application threads were stopped: 0.0001263 seconds, Stopping threads took: 0.0000503 seconds
{Heap before GC invocations=22 (full 1):
 par new generation   total 436928K, used 352505K [0x0000000080000000, 0x00000000a0000000, 0x00000000a0000000)
  eden space 349568K, 100% used [0x0000000080000000, 0x0000000095560000, 0x0000000095560000)
  from space 87360K,   3% used [0x0000000095560000, 0x000000009583e760, 0x000000009aab0000)
  to   space 87360K,   0% used [0x000000009aab0000, 0x000000009aab0000, 0x00000000a0000000)
 concurrent mark-sweep generation total 1572864K, used 624947K [0x00000000a0000000, 0x0000000100000000, 0x0000000100000000)
 Metaspace       used 34295K, capacity 35098K, committed 35192K, reserved 1081344K
  class space    used 3898K, capacity 4205K, committed 4216K, reserved 1048576K
2018-12-13T20:52:13.844+0100: 129.220: [GC (Allocation Failure) 2018-12-13T20:52:13.844+0100: 129.220: [ParNew
Desired survivor size 80510976 bytes, new threshold 8 (max 8)
- age   1:    1868904 bytes,    1868904 total
- age   2:    1050080 bytes,    2918984 total
- age   3:       4488 bytes,    2923472 total
- age   4:       4648 bytes,    2928120 total
- age   5:       7576 bytes,    2935696 total
- age   6:      13112 bytes,    2948808 total
- age   7:       6376 bytes,    2955184 total
- age   8:      11048 bytes,    2966232 total
: 352505K->4098K(436928K), 0.0061027 secs] 977453K->629055K(2009792K), 0.0061545 secs] [Times: user=0.00 sys=0.00, real=0.01 secs] 
Heap after GC invocations=23 (full 1):
 par new generation   total 436928K, used 4098K [0x0000000080000000, 0x00000000a0000000, 0x00000000a0000000)
  eden space 349568K,   0% used [0x0000000080000000, 0x0000000080000000, 0x0000000095560000)
  from space 87360K,   4% used [0x000000009aab0000, 0x000000009aeb0828, 0x00000000a0000000)
  to   space 87360K,   0% used [0x0000000095560000, 0x0000000095560000, 0x000000009aab0000)
 concurrent mark-sweep generation total 1572864K, used 624957K [0x00000000a0000000, 0x0000000100000000, 0x0000000100000000)
 Metaspace       used 34295K, capacity 35098K, committed 35192K, reserved 1081344K
  class space    used 3898K, capacity 4205K, committed 4216K, reserved 1048576K
}
2018-12-13T20:52:13.851+0100: 129.226: Total time for which application threads were stopped: 0.0063687 seconds, Stopping threads took: 0.0000401 seconds
2018-12-13T20:52:14.276+0100: 129.651: Total time for which application threads were stopped: 0.0000873 seconds, Stopping threads took: 0.0000242 seconds
2018-12-13T20:52:15.276+0100: 130.651: Total time for which application threads were stopped: 0.0001570 seconds, Stopping threads took: 0.0000594 seconds
2018-12-13T20:52:18.276+0100: 133.652: Total time for which application threads were stopped: 0.0001334 seconds, Stopping threads took: 0.0000546 seconds
2018-12-13T20:52:18.345+0100: 133.721: Total time for which application threads were stopped: 0.0001576 seconds, Stopping threads took: 0.0000384 seconds
2018-12-13T20:52:18.757+0100: 134.133: Total time for which application threads were stopped: 0.0001260 seconds, Stopping threads took: 0.0000683 seconds
{Heap before GC invocations=23 (full 1):
 par new generation   total 436928K, used 353666K [0x0000000080000000, 0x00000000a0000000, 0x00000000a0000000)
  eden space 349568K, 100% used [0x0000000080000000, 0x0000000095560000, 0x0000000095560000)
  from space 87360K,   4% used [0x000000009aab0000, 0x000000009aeb0828, 0x00000000a0000000)
  to   space 87360K,   0% used [0x0000000095560000, 0x0000000095560000, 0x000000009aab0000)
 concurrent mark-sweep generation total 1572864K, used 624957K [0x00000000a0000000, 0x0000000100000000, 0x0000000100000000)
 Metaspace       used 34311K, capacity 35098K, committed 35192K, reserved 1081344K
  class space    used 3898K, capacity 4205K, committed 4216K, reserved 1048576K
2018-12-13T20:52:18.773+0100: 134.149: [GC (Allocation Failure) 2018-12-13T20:52:18.773+0100: 134.149: [ParNew
Desired survivor size 80510976 bytes, new threshold 8 (max 8)
- age   1:    1440824 bytes,    1440824 total
- age   2:      75832 bytes,    1516656 total
- age   3:    1034640 bytes,    2551296 total
- age   4:       4344 bytes,    2555640 total
- age   5:       4648 bytes,    2560288 total
- age   6:       7576 bytes,    2567864 total
- age   7:      13112 bytes,    2580976 total
- age   8:       6376 bytes,    2587352 total
: 353666K->3438K(436928K), 0.0066955 secs] 978623K->628406K(2009792K), 0.0067530 secs] [Times: user=0.00 sys=0.00, real=0.01 secs] 
Heap after GC invocations=24 (full 1):
 par new generation   total 436928K, used 3438K [0x0000000080000000, 0x00000000a0000000, 0x00000000a0000000)
  eden space 349568K,   0% used [0x0000000080000000, 0x0000000080000000, 0x0000000095560000)
  from space 87360K,   3% used [0x0000000095560000, 0x00000000958bba50, 0x000000009aab0000)
  to   space 87360K,   0% used [0x000000009aab0000, 0x000000009aab0000, 0x00000000a0000000)
 concurrent mark-sweep generation total 1572864K, used 624967K [0x00000000a0000000, 0x0000000100000000, 0x0000000100000000)
 Metaspace       used 34311K, capacity 35098K, committed 35192K, reserved 1081344K
  class space    used 3898K, capacity 4205K, committed 4216K, reserved 1048576K
}
2018-12-13T20:52:18.780+0100: 134.156: Total time for which application threads were stopped: 0.0069817 seconds, Stopping threads took: 0.0000731 seconds
2018-12-13T20:52:20.780+0100: 136.156: Total time for which application threads were stopped: 0.0001286 seconds, Stopping threads took: 0.0000387 seconds
2018-12-13T20:52:21.780+0100: 137.156: Total time for which application threads were stopped: 0.0001252 seconds, Stopping threads took: 0.0000393 seconds
2018-12-13T20:52:22.780+0100: 138.156: Total time for which application threads were stopped: 0.0001141 seconds, Stopping threads took: 0.0000284 seconds
2018-12-13T20:52:23.080+0100: 138.456: Total time for which application threads were stopped: 0.0001490 seconds, Stopping threads took: 0.0000393 seconds
2018-12-13T20:52:23.719+0100: 139.096: Total time for which application threads were stopped: 0.0001493 seconds, Stopping threads took: 0.0000765 seconds
2018-12-13T20:52:25.719+0100: 141.095: Total time for which application threads were stopped: 0.0001417 seconds, Stopping threads took: 0.0000404 seconds
2018-12-13T20:52:26.719+0100: 142.095: Total time for which application threads were stopped: 0.0001078 seconds, Stopping threads took: 0.0000373 seconds
2018-12-13T20:52:27.719+0100: 143.095: Total time for which application threads were stopped: 0.0000930 seconds, Stopping threads took: 0.0000284 seconds
2018-12-13T20:52:57.682+0100: 173.058: Total time for which application threads were stopped: 0.0001354 seconds, Stopping threads took: 0.0000668 seconds
{Heap before GC invocations=24 (full 1):
 par new generation   total 436928K, used 353006K [0x0000000080000000, 0x00000000a0000000, 0x00000000a0000000)
  eden space 349568K, 100% used [0x0000000080000000, 0x0000000095560000, 0x0000000095560000)
  from space 87360K,   3% used [0x0000000095560000, 0x00000000958bba50, 0x000000009aab0000)
  to   space 87360K,   0% used [0x000000009aab0000, 0x000000009aab0000, 0x00000000a0000000)
 concurrent mark-sweep generation total 1572864K, used 624967K [0x00000000a0000000, 0x0000000100000000, 0x0000000100000000)
 Metaspace       used 34664K, capacity 35418K, committed 35704K, reserved 1081344K
  class space    used 3901K, capacity 4205K, committed 4216K, reserved 1048576K
2018-12-13T20:52:57.724+0100: 173.100: [GC (Allocation Failure) 2018-12-13T20:52:57.724+0100: 173.100: [ParNew
Desired survivor size 80510976 bytes, new threshold 8 (max 8)
- age   1:    1861072 bytes,    1861072 total
- age   2:       8232 bytes,    1869304 total
- age   3:       5768 bytes,    1875072 total
- age   4:    1034160 bytes,    2909232 total
- age   5:       4192 bytes,    2913424 total
- age   6:       4672 bytes,    2918096 total
- age   7:       7576 bytes,    2925672 total
- age   8:      13080 bytes,    2938752 total
: 353006K->3548K(436928K), 0.0062256 secs] 977974K->628522K(2009792K), 0.0062950 secs] [Times: user=0.00 sys=0.00, real=0.01 secs] 
Heap after GC invocations=25 (full 1):
 par new generation   total 436928K, used 3548K [0x0000000080000000, 0x00000000a0000000, 0x00000000a0000000)
  eden space 349568K,   0% used [0x0000000080000000, 0x0000000080000000, 0x0000000095560000)
  from space 87360K,   4% used [0x000000009aab0000, 0x000000009ae27250, 0x00000000a0000000)
  to   space 87360K,   0% used [0x0000000095560000, 0x0000000095560000, 0x000000009aab0000)
 concurrent mark-sweep generation total 1572864K, used 624974K [0x00000000a0000000, 0x0000000100000000, 0x0000000100000000)
 Metaspace       used 34664K, capacity 35418K, committed 35704K, reserved 1081344K
  class space    used 3901K, capacity 4205K, committed 4216K, reserved 1048576K
}
2018-12-13T20:52:57.730+0100: 173.106: Total time for which application threads were stopped: 0.0065541 seconds, Stopping threads took: 0.0000887 seconds
2018-12-13T20:52:57.730+0100: 173.106: Total time for which application threads were stopped: 0.0000862 seconds, Stopping threads took: 0.0000273 seconds
{Heap before GC invocations=25 (full 1):
 par new generation   total 436928K, used 353116K [0x0000000080000000, 0x00000000a0000000, 0x00000000a0000000)
  eden space 349568K, 100% used [0x0000000080000000, 0x0000000095560000, 0x0000000095560000)
  from space 87360K,   4% used [0x000000009aab0000, 0x000000009ae27250, 0x00000000a0000000)
  to   space 87360K,   0% used [0x0000000095560000, 0x0000000095560000, 0x000000009aab0000)
 concurrent mark-sweep generation total 1572864K, used 624974K [0x00000000a0000000, 0x0000000100000000, 0x0000000100000000)
 Metaspace       used 34664K, capacity 35418K, committed 35704K, reserved 1081344K
  class space    used 3901K, capacity 4205K, committed 4216K, reserved 1048576K
2018-12-13T20:52:58.321+0100: 173.697: [GC (Allocation Failure) 2018-12-13T20:52:58.321+0100: 173.697: [ParNew
Desired survivor size 80510976 bytes, new threshold 8 (max 8)
- age   1:    3134160 bytes,    3134160 total
- age   2:    1369008 bytes,    4503168 total
- age   3:       7464 bytes,    4510632 total
- age   4:       5768 bytes,    4516400 total
- age   5:    1034160 bytes,    5550560 total
- age   6:       4192 bytes,    5554752 total
- age   7:       4648 bytes,    5559400 total
- age   8:       7576 bytes,    5566976 total
: 353116K->6127K(436928K), 0.0072240 secs] 978090K->631114K(2009792K), 0.0072948 secs] [Times: user=0.00 sys=0.00, real=0.01 secs] 
Heap after GC invocations=26 (full 1):
 par new generation   total 436928K, used 6127K [0x0000000080000000, 0x00000000a0000000, 0x00000000a0000000)
  eden space 349568K,   0% used [0x0000000080000000, 0x0000000080000000, 0x0000000095560000)
  from space 87360K,   7% used [0x0000000095560000, 0x0000000095b5bfb8, 0x000000009aab0000)
  to   space 87360K,   0% used [0x000000009aab0000, 0x000000009aab0000, 0x00000000a0000000)
 concurrent mark-sweep generation total 1572864K, used 624986K [0x00000000a0000000, 0x0000000100000000, 0x0000000100000000)
 Metaspace       used 34664K, capacity 35418K, committed 35704K, reserved 1081344K
  class space    used 3901K, capacity 4205K, committed 4216K, reserved 1048576K
}
2018-12-13T20:52:58.328+0100: 173.704: Total time for which application threads were stopped: 0.0074806 seconds, Stopping threads took: 0.0000259 seconds
{Heap before GC invocations=26 (full 1):
 par new generation   total 436928K, used 355695K [0x0000000080000000, 0x00000000a0000000, 0x00000000a0000000)
  eden space 349568K, 100% used [0x0000000080000000, 0x0000000095560000, 0x0000000095560000)
  from space 87360K,   7% used [0x0000000095560000, 0x0000000095b5bfb8, 0x000000009aab0000)
  to   space 87360K,   0% used [0x000000009aab0000, 0x000000009aab0000, 0x00000000a0000000)
 concurrent mark-sweep generation total 1572864K, used 624986K [0x00000000a0000000, 0x0000000100000000, 0x0000000100000000)
 Metaspace       used 34664K, capacity 35418K, committed 35704K, reserved 1081344K
  class space    used 3901K, capacity 4205K, committed 4216K, reserved 1048576K
2018-12-13T20:52:58.939+0100: 174.315: [GC (Allocation Failure) 2018-12-13T20:52:58.939+0100: 174.315: [ParNew
Desired survivor size 80510976 bytes, new threshold 8 (max 8)
- age   1:    2234736 bytes,    2234736 total
- age   2:    2189032 bytes,    4423768 total
- age   3:    1368968 bytes,    5792736 total
- age   4:       7464 bytes,    5800200 total
- age   5:       5768 bytes,    5805968 total
- age   6:    1034160 bytes,    6840128 total
- age   7:       4192 bytes,    6844320 total
- age   8:       4648 bytes,    6848968 total
: 355695K->9005K(436928K), 0.0070815 secs] 980682K->633999K(2009792K), 0.0071554 secs] [Times: user=0.00 sys=0.00, real=0.01 secs] 
Heap after GC invocations=27 (full 1):
 par new generation   total 436928K, used 9005K [0x0000000080000000, 0x00000000a0000000, 0x00000000a0000000)
  eden space 349568K,   0% used [0x0000000080000000, 0x0000000080000000, 0x0000000095560000)
  from space 87360K,  10% used [0x000000009aab0000, 0x000000009b37b600, 0x00000000a0000000)
  to   space 87360K,   0% used [0x0000000095560000, 0x0000000095560000, 0x000000009aab0000)
 concurrent mark-sweep generation total 1572864K, used 624994K [0x00000000a0000000, 0x0000000100000000, 0x0000000100000000)
 Metaspace       used 34664K, capacity 35418K, committed 35704K, reserved 1081344K
  class space    used 3901K, capacity 4205K, committed 4216K, reserved 1048576K
}
2018-12-13T20:52:58.946+0100: 174.322: Total time for which application threads were stopped: 0.0073708 seconds, Stopping threads took: 0.0000424 seconds
{Heap before GC invocations=27 (full 1):
 par new generation   total 436928K, used 358573K [0x0000000080000000, 0x00000000a0000000, 0x00000000a0000000)
  eden space 349568K, 100% used [0x0000000080000000, 0x0000000095560000, 0x0000000095560000)
  from space 87360K,  10% used [0x000000009aab0000, 0x000000009b37b600, 0x00000000a0000000)
  to   space 87360K,   0% used [0x0000000095560000, 0x0000000095560000, 0x000000009aab0000)
 concurrent mark-sweep generation total 1572864K, used 624994K [0x00000000a0000000, 0x0000000100000000, 0x0000000100000000)
 Metaspace       used 34666K, capacity 35482K, committed 35704K, reserved 1081344K
  class space    used 3901K, capacity 4205K, committed 4216K, reserved 1048576K
2018-12-13T20:52:59.575+0100: 174.951: [GC (Allocation Failure) 2018-12-13T20:52:59.575+0100: 174.951: [ParNew
Desired survivor size 80510976 bytes, new threshold 8 (max 8)
- age   1:    2599976 bytes,    2599976 total
- age   2:    1053368 bytes,    3653344 total
- age   3:    2189032 bytes,    5842376 total
- age   4:    1368832 bytes,    7211208 total
- age   5:       7464 bytes,    7218672 total
- age   6:       5768 bytes,    7224440 total
- age   7:    1034160 bytes,    8258600 total
- age   8:       4192 bytes,    8262792 total
: 358573K->9084K(436928K), 0.0069253 secs] 983567K->634083K(2009792K), 0.0069831 secs] [Times: user=0.06 sys=0.00, real=0.01 secs] 
Heap after GC invocations=28 (full 1):
 par new generation   total 436928K, used 9084K [0x0000000080000000, 0x00000000a0000000, 0x00000000a0000000)
  eden space 349568K,   0% used [0x0000000080000000, 0x0000000080000000, 0x0000000095560000)
  from space 87360K,  10% used [0x0000000095560000, 0x0000000095e3f2c0, 0x000000009aab0000)
  to   space 87360K,   0% used [0x000000009aab0000, 0x000000009aab0000, 0x00000000a0000000)
 concurrent mark-sweep generation total 1572864K, used 624998K [0x00000000a0000000, 0x0000000100000000, 0x0000000100000000)
 Metaspace       used 34666K, capacity 35482K, committed 35704K, reserved 1081344K
  class space    used 3901K, capacity 4205K, committed 4216K, reserved 1048576K
}
2018-12-13T20:52:59.582+0100: 174.958: Total time for which application threads were stopped: 0.0071859 seconds, Stopping threads took: 0.0000410 seconds
{Heap before GC invocations=28 (full 1):
 par new generation   total 436928K, used 358652K [0x0000000080000000, 0x00000000a0000000, 0x00000000a0000000)
  eden space 349568K, 100% used [0x0000000080000000, 0x0000000095560000, 0x0000000095560000)
  from space 87360K,  10% used [0x0000000095560000, 0x0000000095e3f2c0, 0x000000009aab0000)
  to   space 87360K,   0% used [0x000000009aab0000, 0x000000009aab0000, 0x00000000a0000000)
 concurrent mark-sweep generation total 1572864K, used 624998K [0x00000000a0000000, 0x0000000100000000, 0x0000000100000000)
 Metaspace       used 34667K, capacity 35482K, committed 35704K, reserved 1081344K
  class space    used 3901K, capacity 4205K, committed 4216K, reserved 1048576K
2018-12-13T20:53:00.204+0100: 175.580: [GC (Allocation Failure) 2018-12-13T20:53:00.204+0100: 175.580: [ParNew
Desired survivor size 80510976 bytes, new threshold 8 (max 8)
- age   1:    2419728 bytes,    2419728 total
- age   2:    1315904 bytes,    3735632 total
- age   3:    1053368 bytes,    4789000 total
- age   4:    2189032 bytes,    6978032 total
- age   5:    1368832 bytes,    8346864 total
- age   6:       7464 bytes,    8354328 total
- age   7:       5768 bytes,    8360096 total
- age   8:    1034160 bytes,    9394256 total
: 358652K->12179K(436928K), 0.0073642 secs] 983651K->637182K(2009792K), 0.0074168 secs] [Times: user=0.00 sys=0.00, real=0.01 secs] 
Heap after GC invocations=29 (full 1):
 par new generation   total 436928K, used 12179K [0x0000000080000000, 0x00000000a0000000, 0x00000000a0000000)
  eden space 349568K,   0% used [0x0000000080000000, 0x0000000080000000, 0x0000000095560000)
  from space 87360K,  13% used [0x000000009aab0000, 0x000000009b694f90, 0x00000000a0000000)
  to   space 87360K,   0% used [0x0000000095560000, 0x0000000095560000, 0x000000009aab0000)
 concurrent mark-sweep generation total 1572864K, used 625003K [0x00000000a0000000, 0x0000000100000000, 0x0000000100000000)
 Metaspace       used 34667K, capacity 35482K, committed 35704K, reserved 1081344K
  class space    used 3901K, capacity 4205K, committed 4216K, reserved 1048576K
}
2018-12-13T20:53:00.211+0100: 175.587: Total time for which application threads were stopped: 0.0076071 seconds, Stopping threads took: 0.0000259 seconds
{Heap before GC invocations=29 (full 1):
 par new generation   total 436928K, used 361747K [0x0000000080000000, 0x00000000a0000000, 0x00000000a0000000)
  eden space 349568K, 100% used [0x0000000080000000, 0x0000000095560000, 0x0000000095560000)
  from space 87360K,  13% used [0x000000009aab0000, 0x000000009b694f90, 0x00000000a0000000)
  to   space 87360K,   0% used [0x0000000095560000, 0x0000000095560000, 0x000000009aab0000)
 concurrent mark-sweep generation total 1572864K, used 625003K [0x00000000a0000000, 0x0000000100000000, 0x0000000100000000)
 Metaspace       used 34667K, capacity 35482K, committed 35704K, reserved 1081344K
  class space    used 3901K, capacity 4205K, committed 4216K, reserved 1048576K
2018-12-13T20:53:00.829+0100: 176.205: [GC (Allocation Failure) 2018-12-13T20:53:00.829+0100: 176.205: [ParNew
Desired survivor size 80510976 bytes, new threshold 8 (max 8)
- age   1:    2794736 bytes,    2794736 total
- age   2:     987424 bytes,    3782160 total
- age   3:    1314392 bytes,    5096552 total
- age   4:     987800 bytes,    6084352 total
- age   5:    2189032 bytes,    8273384 total
- age   6:    1368832 bytes,    9642216 total
- age   7:       7464 bytes,    9649680 total
- age   8:       5768 bytes,    9655448 total
: 361747K->11628K(436928K), 0.0086690 secs] 986750K->637670K(2009792K), 0.0087372 secs] [Times: user=0.00 sys=0.00, real=0.01 secs] 
Heap after GC invocations=30 (full 1):
 par new generation   total 436928K, used 11628K [0x0000000080000000, 0x00000000a0000000, 0x00000000a0000000)
  eden space 349568K,   0% used [0x0000000080000000, 0x0000000080000000, 0x0000000095560000)
  from space 87360K,  13% used [0x0000000095560000, 0x00000000960bb240, 0x000000009aab0000)
  to   space 87360K,   0% used [0x000000009aab0000, 0x000000009aab0000, 0x00000000a0000000)
 concurrent mark-sweep generation total 1572864K, used 626041K [0x00000000a0000000, 0x0000000100000000, 0x0000000100000000)
 Metaspace       used 34667K, capacity 35482K, committed 35704K, reserved 1081344K
  class space    used 3901K, capacity 4205K, committed 4216K, reserved 1048576K
}
2018-12-13T20:53:00.838+0100: 176.214: Total time for which application threads were stopped: 0.0089275 seconds, Stopping threads took: 0.0000253 seconds
{Heap before GC invocations=30 (full 1):
 par new generation   total 436928K, used 361196K [0x0000000080000000, 0x00000000a0000000, 0x00000000a0000000)
  eden space 349568K, 100% used [0x0000000080000000, 0x0000000095560000, 0x0000000095560000)
  from space 87360K,  13% used [0x0000000095560000, 0x00000000960bb240, 0x000000009aab0000)
  to   space 87360K,   0% used [0x000000009aab0000, 0x000000009aab0000, 0x00000000a0000000)
 concurrent mark-sweep generation total 1572864K, used 626041K [0x00000000a0000000, 0x0000000100000000, 0x0000000100000000)
 Metaspace       used 34683K, capacity 35482K, committed 35704K, reserved 1081344K
  class space    used 3901K, capacity 4205K, committed 4216K, reserved 1048576K
2018-12-13T20:53:01.439+0100: 176.815: [GC (Allocation Failure) 2018-12-13T20:53:01.439+0100: 176.815: [ParNew
Desired survivor size 80510976 bytes, new threshold 8 (max 8)
- age   1:    3443904 bytes,    3443904 total
- age   2:    1029568 bytes,    4473472 total
- age   3:     987424 bytes,    5460896 total
- age   4:    1051192 bytes,    6512088 total
- age   5:     987800 bytes,    7499888 total
- age   6:    2189032 bytes,    9688920 total
- age   7:    1368712 bytes,   11057632 total
- age   8:       7464 bytes,   11065096 total
: 361196K->15148K(436928K), 0.0071671 secs] 987238K->641196K(2009792K), 0.0072203 secs] [Times: user=0.00 sys=0.00, real=0.01 secs] 
Heap after GC invocations=31 (full 1):
 par new generation   total 436928K, used 15148K [0x0000000080000000, 0x00000000a0000000, 0x00000000a0000000)
  eden space 349568K,   0% used [0x0000000080000000, 0x0000000080000000, 0x0000000095560000)
  from space 87360K,  17% used [0x000000009aab0000, 0x000000009b97b3a0, 0x00000000a0000000)
  to   space 87360K,   0% used [0x0000000095560000, 0x0000000095560000, 0x000000009aab0000)
 concurrent mark-sweep generation total 1572864K, used 626047K [0x00000000a0000000, 0x0000000100000000, 0x0000000100000000)
 Metaspace       used 34683K, capacity 35482K, committed 35704K, reserved 1081344K
  class space    used 3901K, capacity 4205K, committed 4216K, reserved 1048576K
}
2018-12-13T20:53:01.446+0100: 176.822: Total time for which application threads were stopped: 0.0073992 seconds, Stopping threads took: 0.0000250 seconds
{Heap before GC invocations=31 (full 1):
 par new generation   total 436928K, used 364716K [0x0000000080000000, 0x00000000a0000000, 0x00000000a0000000)
  eden space 349568K, 100% used [0x0000000080000000, 0x0000000095560000, 0x0000000095560000)
  from space 87360K,  17% used [0x000000009aab0000, 0x000000009b97b3a0, 0x00000000a0000000)
  to   space 87360K,   0% used [0x0000000095560000, 0x0000000095560000, 0x000000009aab0000)
 concurrent mark-sweep generation total 1572864K, used 626047K [0x00000000a0000000, 0x0000000100000000, 0x0000000100000000)
 Metaspace       used 34683K, capacity 35482K, committed 35704K, reserved 1081344K
  class space    used 3901K, capacity 4205K, committed 4216K, reserved 1048576K
2018-12-13T20:53:02.050+0100: 177.426: [GC (Allocation Failure) 2018-12-13T20:53:02.050+0100: 177.426: [ParNew
Desired survivor size 80510976 bytes, new threshold 8 (max 8)
- age   1:    2968976 bytes,    2968976 total
- age   2:    1507136 bytes,    4476112 total
- age   3:    1028760 bytes,    5504872 total
- age   4:     987424 bytes,    6492296 total
- age   5:    1083976 bytes,    7576272 total
- age   6:     987800 bytes,    8564072 total
- age   7:    2189032 bytes,   10753104 total
- age   8:    1368648 bytes,   12121752 total
: 364716K->15874K(436928K), 0.0059884 secs] 990764K->641928K(2009792K), 0.0060438 secs] [Times: user=0.00 sys=0.00, real=0.01 secs] 
Heap after GC invocations=32 (full 1):
 par new generation   total 436928K, used 15874K [0x0000000080000000, 0x00000000a0000000, 0x00000000a0000000)
  eden space 349568K,   0% used [0x0000000080000000, 0x0000000080000000, 0x0000000095560000)
  from space 87360K,  18% used [0x0000000095560000, 0x00000000964e0878, 0x000000009aab0000)
  to   space 87360K,   0% used [0x000000009aab0000, 0x000000009aab0000, 0x00000000a0000000)
 concurrent mark-sweep generation total 1572864K, used 626054K [0x00000000a0000000, 0x0000000100000000, 0x0000000100000000)
 Metaspace       used 34683K, capacity 35482K, committed 35704K, reserved 1081344K
  class space    used 3901K, capacity 4205K, committed 4216K, reserved 1048576K
}
2018-12-13T20:53:02.056+0100: 177.432: Total time for which application threads were stopped: 0.0062518 seconds, Stopping threads took: 0.0000410 seconds
{Heap before GC invocations=32 (full 1):
 par new generation   total 436928K, used 365442K [0x0000000080000000, 0x00000000a0000000, 0x00000000a0000000)
  eden space 349568K, 100% used [0x0000000080000000, 0x0000000095560000, 0x0000000095560000)
  from space 87360K,  18% used [0x0000000095560000, 0x00000000964e0878, 0x000000009aab0000)
  to   space 87360K,   0% used [0x000000009aab0000, 0x000000009aab0000, 0x00000000a0000000)
 concurrent mark-sweep generation total 1572864K, used 626054K [0x00000000a0000000, 0x0000000100000000, 0x0000000100000000)
 Metaspace       used 34685K, capacity 35482K, committed 35704K, reserved 1081344K
  class space    used 3901K, capacity 4205K, committed 4216K, reserved 1048576K
2018-12-13T20:53:02.671+0100: 178.047: [GC (Allocation Failure) 2018-12-13T20:53:02.671+0100: 178.047: [ParNew
Desired survivor size 80510976 bytes, new threshold 8 (max 8)
- age   1:    3094880 bytes,    3094880 total
- age   2:    1103176 bytes,    4198056 total
- age   3:    1507136 bytes,    5705192 total
- age   4:    1023808 bytes,    6729000 total
- age   5:     987424 bytes,    7716424 total
- age   6:    1051192 bytes,    8767616 total
- age   7:     987800 bytes,    9755416 total
- age   8:    2189032 bytes,   11944448 total
: 365442K->14546K(436928K), 0.0066673 secs] 991496K->641943K(2009792K), 0.0067291 secs] [Times: user=0.00 sys=0.00, real=0.01 secs] 
Heap after GC invocations=33 (full 1):
 par new generation   total 436928K, used 14546K [0x0000000080000000, 0x00000000a0000000, 0x00000000a0000000)
  eden space 349568K,   0% used [0x0000000080000000, 0x0000000080000000, 0x0000000095560000)
  from space 87360K,  16% used [0x000000009aab0000, 0x000000009b8e4b50, 0x00000000a0000000)
  to   space 87360K,   0% used [0x0000000095560000, 0x0000000095560000, 0x000000009aab0000)
 concurrent mark-sweep generation total 1572864K, used 627396K [0x00000000a0000000, 0x0000000100000000, 0x0000000100000000)
 Metaspace       used 34685K, capacity 35482K, committed 35704K, reserved 1081344K
  class space    used 3901K, capacity 4205K, committed 4216K, reserved 1048576K
}
2018-12-13T20:53:02.678+0100: 178.054: Total time for which application threads were stopped: 0.0069535 seconds, Stopping threads took: 0.0000543 seconds
{Heap before GC invocations=33 (full 1):
 par new generation   total 436928K, used 364114K [0x0000000080000000, 0x00000000a0000000, 0x00000000a0000000)
  eden space 349568K, 100% used [0x0000000080000000, 0x0000000095560000, 0x0000000095560000)
  from space 87360K,  16% used [0x000000009aab0000, 0x000000009b8e4b50, 0x00000000a0000000)
  to   space 87360K,   0% used [0x0000000095560000, 0x0000000095560000, 0x000000009aab0000)
 concurrent mark-sweep generation total 1572864K, used 627396K [0x00000000a0000000, 0x0000000100000000, 0x0000000100000000)
 Metaspace       used 34685K, capacity 35482K, committed 35704K, reserved 1081344K
  class space    used 3901K, capacity 4205K, committed 4216K, reserved 1048576K
2018-12-13T20:53:03.321+0100: 178.697: [GC (Allocation Failure) 2018-12-13T20:53:03.321+0100: 178.697: [ParNew
Desired survivor size 80510976 bytes, new threshold 8 (max 8)
- age   1:    3747840 bytes,    3747840 total
- age   2:     964064 bytes,    4711904 total
- age   3:     946944 bytes,    5658848 total
- age   4:    1507056 bytes,    7165904 total
- age   5:    1021728 bytes,    8187632 total
- age   6:     921872 bytes,    9109504 total
- age   7:    1051192 bytes,   10160696 total
- age   8:     987800 bytes,   11148496 total
: 364114K->16823K(436928K), 0.0073284 secs] 991511K->646386K(2009792K), 0.0073821 secs] [Times: user=0.05 sys=0.00, real=0.01 secs] 
Heap after GC invocations=34 (full 1):
 par new generation   total 436928K, used 16823K [0x0000000080000000, 0x00000000a0000000, 0x00000000a0000000)
  eden space 349568K,   0% used [0x0000000080000000, 0x0000000080000000, 0x0000000095560000)
  from space 87360K,  19% used [0x0000000095560000, 0x00000000965cde80, 0x000000009aab0000)
  to   space 87360K,   0% used [0x000000009aab0000, 0x000000009aab0000, 0x00000000a0000000)
 concurrent mark-sweep generation total 1572864K, used 629563K [0x00000000a0000000, 0x0000000100000000, 0x0000000100000000)
 Metaspace       used 34685K, capacity 35482K, committed 35704K, reserved 1081344K
  class space    used 3901K, capacity 4205K, committed 4216K, reserved 1048576K
}
2018-12-13T20:53:03.328+0100: 178.704: Total time for which application threads were stopped: 0.0075682 seconds, Stopping threads took: 0.0000259 seconds
{Heap before GC invocations=34 (full 1):
 par new generation   total 436928K, used 366391K [0x0000000080000000, 0x00000000a0000000, 0x00000000a0000000)
  eden space 349568K, 100% used [0x0000000080000000, 0x0000000095560000, 0x0000000095560000)
  from space 87360K,  19% used [0x0000000095560000, 0x00000000965cde80, 0x000000009aab0000)
  to   space 87360K,   0% used [0x000000009aab0000, 0x000000009aab0000, 0x00000000a0000000)
 concurrent mark-sweep generation total 1572864K, used 629563K [0x00000000a0000000, 0x0000000100000000, 0x0000000100000000)
 Metaspace       used 34685K, capacity 35482K, committed 35704K, reserved 1081344K
  class space    used 3901K, capacity 4205K, committed 4216K, reserved 1048576K
2018-12-13T20:53:03.923+0100: 179.298: [GC (Allocation Failure) 2018-12-13T20:53:03.923+0100: 179.298: [ParNew
Desired survivor size 80510976 bytes, new threshold 8 (max 8)
- age   1:    1900960 bytes,    1900960 total
- age   2:    2989512 bytes,    4890472 total
- age   3:     959936 bytes,    5850408 total
- age   4:     946944 bytes,    6797352 total
- age   5:    1507056 bytes,    8304408 total
- age   6:    1021728 bytes,    9326136 total
- age   7:     921872 bytes,   10248008 total
- age   8:    1051192 bytes,   11299200 total
: 366391K->12221K(436928K), 0.0064702 secs] 995954K->642749K(2009792K), 0.0065251 secs] [Times: user=0.00 sys=0.00, real=0.01 secs] 
Heap after GC invocations=35 (full 1):
 par new generation   total 436928K, used 12221K [0x0000000080000000, 0x00000000a0000000, 0x00000000a0000000)
  eden space 349568K,   0% used [0x0000000080000000, 0x0000000080000000, 0x0000000095560000)
  from space 87360K,  13% used [0x000000009aab0000, 0x000000009b69f4a0, 0x00000000a0000000)
  to   space 87360K,   0% used [0x0000000095560000, 0x0000000095560000, 0x000000009aab0000)
 concurrent mark-sweep generation total 1572864K, used 630528K [0x00000000a0000000, 0x0000000100000000, 0x0000000100000000)
 Metaspace       used 34685K, capacity 35482K, committed 35704K, reserved 1081344K
  class space    used 3901K, capacity 4205K, committed 4216K, reserved 1048576K
}
2018-12-13T20:53:03.930+0100: 179.305: Total time for which application threads were stopped: 0.0067308 seconds, Stopping threads took: 0.0000401 seconds
{Heap before GC invocations=35 (full 1):
 par new generation   total 436928K, used 361789K [0x0000000080000000, 0x00000000a0000000, 0x00000000a0000000)
  eden space 349568K, 100% used [0x0000000080000000, 0x0000000095560000, 0x0000000095560000)
  from space 87360K,  13% used [0x000000009aab0000, 0x000000009b69f4a0, 0x00000000a0000000)
  to   space 87360K,   0% used [0x0000000095560000, 0x0000000095560000, 0x000000009aab0000)
 concurrent mark-sweep generation total 1572864K, used 630528K [0x00000000a0000000, 0x0000000100000000, 0x0000000100000000)
 Metaspace       used 34696K, capacity 35482K, committed 35704K, reserved 1081344K
  class space    used 3901K, capacity 4205K, committed 4216K, reserved 1048576K
2018-12-13T20:53:04.555+0100: 179.930: [GC (Allocation Failure) 2018-12-13T20:53:04.555+0100: 179.930: [ParNew
Desired survivor size 80510976 bytes, new threshold 8 (max 8)
- age   1:    3915464 bytes,    3915464 total
- age   2:     966512 bytes,    4881976 total
- age   3:    1165336 bytes,    6047312 total
- age   4:     952376 bytes,    6999688 total
- age   5:     945952 bytes,    7945640 total
- age   6:    1507056 bytes,    9452696 total
- age   7:    1021728 bytes,   10474424 total
- age   8:     921872 bytes,   11396296 total
: 361789K->12075K(436928K), 0.0074106 secs] 992317K->643630K(2009792K), 0.0074669 secs] [Times: user=0.05 sys=0.00, real=0.01 secs] 
Heap after GC invocations=36 (full 1):
 par new generation   total 436928K, used 12075K [0x0000000080000000, 0x00000000a0000000, 0x00000000a0000000)
  eden space 349568K,   0% used [0x0000000080000000, 0x0000000080000000, 0x0000000095560000)
  from space 87360K,  13% used [0x0000000095560000, 0x000000009612aea0, 0x000000009aab0000)
  to   space 87360K,   0% used [0x000000009aab0000, 0x000000009aab0000, 0x00000000a0000000)
 concurrent mark-sweep generation total 1572864K, used 631555K [0x00000000a0000000, 0x0000000100000000, 0x0000000100000000)
 Metaspace       used 34696K, capacity 35482K, committed 35704K, reserved 1081344K
  class space    used 3901K, capacity 4205K, committed 4216K, reserved 1048576K
}
2018-12-13T20:53:04.563+0100: 179.938: Total time for which application threads were stopped: 0.0076461 seconds, Stopping threads took: 0.0000242 seconds
{Heap before GC invocations=36 (full 1):
 par new generation   total 436928K, used 361643K [0x0000000080000000, 0x00000000a0000000, 0x00000000a0000000)
  eden space 349568K, 100% used [0x0000000080000000, 0x0000000095560000, 0x0000000095560000)
  from space 87360K,  13% used [0x0000000095560000, 0x000000009612aea0, 0x000000009aab0000)
  to   space 87360K,   0% used [0x000000009aab0000, 0x000000009aab0000, 0x00000000a0000000)
 concurrent mark-sweep generation total 1572864K, used 631555K [0x00000000a0000000, 0x0000000100000000, 0x0000000100000000)
 Metaspace       used 34723K, capacity 35482K, committed 35704K, reserved 1081344K
  class space    used 3901K, capacity 4205K, committed 4216K, reserved 1048576K
2018-12-13T20:53:05.219+0100: 180.595: [GC (Allocation Failure) 2018-12-13T20:53:05.219+0100: 180.595: [ParNew
Desired survivor size 80510976 bytes, new threshold 8 (max 8)
- age   1:    4246584 bytes,    4246584 total
- age   2:    1457624 bytes,    5704208 total
- age   3:     965600 bytes,    6669808 total
- age   4:    1164424 bytes,    7834232 total
- age   5:     951560 bytes,    8785792 total
- age   6:     945040 bytes,    9730832 total
- age   7:     979824 bytes,   10710656 total
- age   8:    1020720 bytes,   11731376 total
: 361643K->18125K(436928K), 0.0056982 secs] 993198K->650580K(2009792K), 0.0057506 secs] [Times: user=0.00 sys=0.00, real=0.01 secs] 
Heap after GC invocations=37 (full 1):
 par new generation   total 436928K, used 18125K [0x0000000080000000, 0x00000000a0000000, 0x00000000a0000000)
  eden space 349568K,   0% used [0x0000000080000000, 0x0000000080000000, 0x0000000095560000)
  from space 87360K,  20% used [0x000000009aab0000, 0x000000009bc636e8, 0x00000000a0000000)
  to   space 87360K,   0% used [0x0000000095560000, 0x0000000095560000, 0x000000009aab0000)
 concurrent mark-sweep generation total 1572864K, used 632454K [0x00000000a0000000, 0x0000000100000000, 0x0000000100000000)
 Metaspace       used 34723K, capacity 35482K, committed 35704K, reserved 1081344K
  class space    used 3901K, capacity 4205K, committed 4216K, reserved 1048576K
}
2018-12-13T20:53:05.225+0100: 180.600: Total time for which application threads were stopped: 0.0059554 seconds, Stopping threads took: 0.0000236 seconds
2018-12-13T20:53:06.225+0100: 181.600: Total time for which application threads were stopped: 0.0001087 seconds, Stopping threads took: 0.0000265 seconds
2018-12-13T20:53:06.272+0100: 181.648: Total time for which application threads were stopped: 0.0006258 seconds, Stopping threads took: 0.0000233 seconds
2018-12-13T20:53:06.401+0100: 181.776: Total time for which application threads were stopped: 0.0002762 seconds, Stopping threads took: 0.0001448 seconds
2018-12-13T20:53:06.424+0100: 181.799: Total time for which application threads were stopped: 0.0001764 seconds, Stopping threads took: 0.0000668 seconds
2018-12-13T20:53:06.424+0100: 181.800: Total time for which application threads were stopped: 0.0001701 seconds, Stopping threads took: 0.0000899 seconds
2018-12-13T20:53:06.684+0100: 182.059: Total time for which application threads were stopped: 0.0007268 seconds, Stopping threads took: 0.0000267 seconds
2018-12-13T20:53:06.728+0100: 182.103: Total time for which application threads were stopped: 0.0007452 seconds, Stopping threads took: 0.0000307 seconds
2018-12-13T20:53:06.868+0100: 182.243: Total time for which application threads were stopped: 0.0001991 seconds, Stopping threads took: 0.0000390 seconds
2018-12-13T20:53:06.868+0100: 182.244: Total time for which application threads were stopped: 0.0000791 seconds, Stopping threads took: 0.0000228 seconds
{Heap before GC invocations=37 (full 1):
 par new generation   total 436928K, used 367693K [0x0000000080000000, 0x00000000a0000000, 0x00000000a0000000)
  eden space 349568K, 100% used [0x0000000080000000, 0x0000000095560000, 0x0000000095560000)
  from space 87360K,  20% used [0x000000009aab0000, 0x000000009bc636e8, 0x00000000a0000000)
  to   space 87360K,   0% used [0x0000000095560000, 0x0000000095560000, 0x000000009aab0000)
 concurrent mark-sweep generation total 1572864K, used 632454K [0x00000000a0000000, 0x0000000100000000, 0x0000000100000000)
 Metaspace       used 35695K, capacity 36540K, committed 36856K, reserved 1081344K
  class space    used 4015K, capacity 4314K, committed 4344K, reserved 1048576K
2018-12-13T20:53:06.959+0100: 182.335: [GC (Allocation Failure) 2018-12-13T20:53:06.959+0100: 182.335: [ParNew
Desired survivor size 80510976 bytes, new threshold 8 (max 8)
- age   1:    8173800 bytes,    8173800 total
- age   2:    4000896 bytes,   12174696 total
- age   3:    1453888 bytes,   13628584 total
- age   4:     961800 bytes,   14590384 total
- age   5:    1161024 bytes,   15751408 total
- age   6:     948760 bytes,   16700168 total
- age   7:     941056 bytes,   17641224 total
- age   8:     976688 bytes,   18617912 total
: 367693K->19750K(436928K), 0.0126025 secs] 1000148K->653198K(2009792K), 0.0126938 secs] [Times: user=0.00 sys=0.00, real=0.01 secs] 
Heap after GC invocations=38 (full 1):
 par new generation   total 436928K, used 19750K [0x0000000080000000, 0x00000000a0000000, 0x00000000a0000000)
  eden space 349568K,   0% used [0x0000000080000000, 0x0000000080000000, 0x0000000095560000)
  from space 87360K,  22% used [0x0000000095560000, 0x00000000968a9998, 0x000000009aab0000)
  to   space 87360K,   0% used [0x000000009aab0000, 0x000000009aab0000, 0x00000000a0000000)
 concurrent mark-sweep generation total 1572864K, used 633448K [0x00000000a0000000, 0x0000000100000000, 0x0000000100000000)
 Metaspace       used 35695K, capacity 36540K, committed 36856K, reserved 1081344K
  class space    used 4015K, capacity 4314K, committed 4344K, reserved 1048576K
}
2018-12-13T20:53:06.972+0100: 182.348: Total time for which application threads were stopped: 0.0129538 seconds, Stopping threads took: 0.0000361 seconds
2018-12-13T20:53:06.992+0100: 182.368: Total time for which application threads were stopped: 0.0001357 seconds, Stopping threads took: 0.0000395 seconds
2018-12-13T20:53:07.069+0100: 182.444: Total time for which application threads were stopped: 0.0001795 seconds, Stopping threads took: 0.0000626 seconds
2018-12-13T20:53:07.104+0100: 182.480: Total time for which application threads were stopped: 0.0001966 seconds, Stopping threads took: 0.0000976 seconds
2018-12-13T20:53:07.294+0100: 182.670: Total time for which application threads were stopped: 0.0001337 seconds, Stopping threads took: 0.0000464 seconds
2018-12-13T20:53:07.490+0100: 182.866: Total time for which application threads were stopped: 0.0001670 seconds, Stopping threads took: 0.0000612 seconds
2018-12-13T20:53:07.659+0100: 183.034: Total time for which application threads were stopped: 0.0004252 seconds, Stopping threads took: 0.0000407 seconds
{Heap before GC invocations=38 (full 1):
 par new generation   total 436928K, used 369318K [0x0000000080000000, 0x00000000a0000000, 0x00000000a0000000)
  eden space 349568K, 100% used [0x0000000080000000, 0x0000000095560000, 0x0000000095560000)
  from space 87360K,  22% used [0x0000000095560000, 0x00000000968a9998, 0x000000009aab0000)
  to   space 87360K,   0% used [0x000000009aab0000, 0x000000009aab0000, 0x00000000a0000000)
 concurrent mark-sweep generation total 1572864K, used 633448K [0x00000000a0000000, 0x0000000100000000, 0x0000000100000000)
 Metaspace       used 35701K, capacity 36540K, committed 36856K, reserved 1081344K
  class space    used 4015K, capacity 4314K, committed 4344K, reserved 1048576K
2018-12-13T20:53:07.690+0100: 183.066: [GC (Allocation Failure) 2018-12-13T20:53:07.690+0100: 183.066: [ParNew
Desired survivor size 80510976 bytes, new threshold 8 (max 8)
- age   1:    1710184 bytes,    1710184 total
- age   2:    6638624 bytes,    8348808 total
- age   3:    4000896 bytes,   12349704 total
- age   4:    1453888 bytes,   13803592 total
- age   5:     961800 bytes,   14765392 total
- age   6:    1161024 bytes,   15926416 total
- age   7:     948760 bytes,   16875176 total
- age   8:     941056 bytes,   17816232 total
: 369318K->22514K(436928K), 0.0086075 secs] 1002766K->656916K(2009792K), 0.0086920 secs] [Times: user=0.08 sys=0.00, real=0.01 secs] 
Heap after GC invocations=39 (full 1):
 par new generation   total 436928K, used 22514K [0x0000000080000000, 0x00000000a0000000, 0x00000000a0000000)
  eden space 349568K,   0% used [0x0000000080000000, 0x0000000080000000, 0x0000000095560000)
  from space 87360K,  25% used [0x000000009aab0000, 0x000000009c0ac8f8, 0x00000000a0000000)
  to   space 87360K,   0% used [0x0000000095560000, 0x0000000095560000, 0x000000009aab0000)
 concurrent mark-sweep generation total 1572864K, used 634402K [0x00000000a0000000, 0x0000000100000000, 0x0000000100000000)
 Metaspace       used 35701K, capacity 36540K, committed 36856K, reserved 1081344K
  class space    used 4015K, capacity 4314K, committed 4344K, reserved 1048576K
}
2018-12-13T20:53:07.699+0100: 183.074: Total time for which application threads were stopped: 0.0089594 seconds, Stopping threads took: 0.0000358 seconds
2018-12-13T20:53:08.091+0100: 183.467: Total time for which application threads were stopped: 0.0001624 seconds, Stopping threads took: 0.0000404 seconds
2018-12-13T20:53:08.198+0100: 183.573: Total time for which application threads were stopped: 0.0001510 seconds, Stopping threads took: 0.0000501 seconds
{Heap before GC invocations=39 (full 1):
 par new generation   total 436928K, used 372082K [0x0000000080000000, 0x00000000a0000000, 0x00000000a0000000)
  eden space 349568K, 100% used [0x0000000080000000, 0x0000000095560000, 0x0000000095560000)
  from space 87360K,  25% used [0x000000009aab0000, 0x000000009c0ac8f8, 0x00000000a0000000)
  to   space 87360K,   0% used [0x0000000095560000, 0x0000000095560000, 0x000000009aab0000)
 concurrent mark-sweep generation total 1572864K, used 634402K [0x00000000a0000000, 0x0000000100000000, 0x0000000100000000)
 Metaspace       used 35701K, capacity 36540K, committed 36856K, reserved 1081344K
  class space    used 4015K, capacity 4314K, committed 4344K, reserved 1048576K
2018-12-13T20:53:08.385+0100: 183.761: [GC (Allocation Failure) 2018-12-13T20:53:08.385+0100: 183.761: [ParNew
Desired survivor size 80510976 bytes, new threshold 8 (max 8)
- age   1:    2085304 bytes,    2085304 total
- age   2:    1026112 bytes,    3111416 total
- age   3:    6638648 bytes,    9750064 total
- age   4:    4000896 bytes,   13750960 total
- age   5:    1453888 bytes,   15204848 total
- age   6:     961800 bytes,   16166648 total
- age   7:    1161024 bytes,   17327672 total
- age   8:     948760 bytes,   18276432 total
: 372082K->28464K(436928K), 0.0087930 secs] 1006484K->663786K(2009792K), 0.0088664 secs] [Times: user=0.08 sys=0.00, real=0.01 secs] 
Heap after GC invocations=40 (full 1):
 par new generation   total 436928K, used 28464K [0x0000000080000000, 0x00000000a0000000, 0x00000000a0000000)
  eden space 349568K,   0% used [0x0000000080000000, 0x0000000080000000, 0x0000000095560000)
  from space 87360K,  32% used [0x0000000095560000, 0x000000009712c168, 0x000000009aab0000)
  to   space 87360K,   0% used [0x000000009aab0000, 0x000000009aab0000, 0x00000000a0000000)
 concurrent mark-sweep generation total 1572864K, used 635321K [0x00000000a0000000, 0x0000000100000000, 0x0000000100000000)
 Metaspace       used 35701K, capacity 36540K, committed 36856K, reserved 1081344K
  class space    used 4015K, capacity 4314K, committed 4344K, reserved 1048576K
}
2018-12-13T20:53:08.394+0100: 183.770: Total time for which application threads were stopped: 0.0090857 seconds, Stopping threads took: 0.0000299 seconds
2018-12-13T20:53:08.395+0100: 183.770: Total time for which application threads were stopped: 0.0002247 seconds, Stopping threads took: 0.0000964 seconds
2018-12-13T20:53:08.406+0100: 183.782: Total time for which application threads were stopped: 0.0001550 seconds, Stopping threads took: 0.0000543 seconds
2018-12-13T20:53:08.416+0100: 183.791: Total time for which application threads were stopped: 0.0001889 seconds, Stopping threads took: 0.0000432 seconds
2018-12-13T20:53:08.471+0100: 183.846: Total time for which application threads were stopped: 0.0001408 seconds, Stopping threads took: 0.0000430 seconds
2018-12-13T20:53:08.532+0100: 183.907: Total time for which application threads were stopped: 0.0001263 seconds, Stopping threads took: 0.0000390 seconds
2018-12-13T20:53:08.603+0100: 183.978: Total time for which application threads were stopped: 0.0001892 seconds, Stopping threads took: 0.0000506 seconds
2018-12-13T20:53:08.607+0100: 183.982: Total time for which application threads were stopped: 0.0001331 seconds, Stopping threads took: 0.0000370 seconds
2018-12-13T20:53:08.628+0100: 184.003: Total time for which application threads were stopped: 0.0001741 seconds, Stopping threads took: 0.0000412 seconds
2018-12-13T20:53:09.021+0100: 184.396: Total time for which application threads were stopped: 0.0001684 seconds, Stopping threads took: 0.0000759 seconds
{Heap before GC invocations=40 (full 1):
 par new generation   total 436928K, used 378032K [0x0000000080000000, 0x00000000a0000000, 0x00000000a0000000)
  eden space 349568K, 100% used [0x0000000080000000, 0x0000000095560000, 0x0000000095560000)
  from space 87360K,  32% used [0x0000000095560000, 0x000000009712c168, 0x000000009aab0000)
  to   space 87360K,   0% used [0x000000009aab0000, 0x000000009aab0000, 0x00000000a0000000)
 concurrent mark-sweep generation total 1572864K, used 635321K [0x00000000a0000000, 0x0000000100000000, 0x0000000100000000)
 Metaspace       used 35701K, capacity 36540K, committed 36856K, reserved 1081344K
  class space    used 4015K, capacity 4314K, committed 4344K, reserved 1048576K
2018-12-13T20:53:09.066+0100: 184.441: [GC (Allocation Failure) 2018-12-13T20:53:09.066+0100: 184.441: [ParNew
Desired survivor size 80510976 bytes, new threshold 8 (max 8)
- age   1:    2880592 bytes,    2880592 total
- age   2:    1001712 bytes,    3882304 total
- age   3:    1026112 bytes,    4908416 total
- age   4:    6570920 bytes,   11479336 total
- age   5:    4000896 bytes,   15480232 total
- age   6:    1453888 bytes,   16934120 total
- age   7:     961800 bytes,   17895920 total
- age   8:    1161024 bytes,   19056944 total
: 378032K->23217K(436928K), 0.0096093 secs] 1013354K->659466K(2009792K), 0.0096878 secs] [Times: user=0.00 sys=0.00, real=0.01 secs] 
Heap after GC invocations=41 (full 1):
 par new generation   total 436928K, used 23217K [0x0000000080000000, 0x00000000a0000000, 0x00000000a0000000)
  eden space 349568K,   0% used [0x0000000080000000, 0x0000000080000000, 0x0000000095560000)
  from space 87360K,  26% used [0x000000009aab0000, 0x000000009c15c660, 0x00000000a0000000)
  to   space 87360K,   0% used [0x0000000095560000, 0x0000000095560000, 0x000000009aab0000)
 concurrent mark-sweep generation total 1572864K, used 636248K [0x00000000a0000000, 0x0000000100000000, 0x0000000100000000)
 Metaspace       used 35701K, capacity 36540K, committed 36856K, reserved 1081344K
  class space    used 4015K, capacity 4314K, committed 4344K, reserved 1048576K
}
2018-12-13T20:53:09.076+0100: 184.451: Total time for which application threads were stopped: 0.0099131 seconds, Stopping threads took: 0.0000304 seconds
2018-12-13T20:53:09.091+0100: 184.466: Total time for which application threads were stopped: 0.0001627 seconds, Stopping threads took: 0.0000742 seconds
2018-12-13T20:53:09.114+0100: 184.489: Total time for which application threads were stopped: 0.0002253 seconds, Stopping threads took: 0.0001243 seconds
2018-12-13T20:53:09.151+0100: 184.527: Total time for which application threads were stopped: 0.0003450 seconds, Stopping threads took: 0.0000742 seconds
{Heap before GC invocations=41 (full 1):
 par new generation   total 436928K, used 372785K [0x0000000080000000, 0x00000000a0000000, 0x00000000a0000000)
  eden space 349568K, 100% used [0x0000000080000000, 0x0000000095560000, 0x0000000095560000)
  from space 87360K,  26% used [0x000000009aab0000, 0x000000009c15c660, 0x00000000a0000000)
  to   space 87360K,   0% used [0x0000000095560000, 0x0000000095560000, 0x000000009aab0000)
 concurrent mark-sweep generation total 1572864K, used 636248K [0x00000000a0000000, 0x0000000100000000, 0x0000000100000000)
 Metaspace       used 35703K, capacity 36544K, committed 36856K, reserved 1081344K
  class space    used 4015K, capacity 4314K, committed 4344K, reserved 1048576K
2018-12-13T20:53:09.790+0100: 185.165: [GC (Allocation Failure) 2018-12-13T20:53:09.790+0100: 185.165: [ParNew
Desired survivor size 80510976 bytes, new threshold 8 (max 8)
- age   1:    2578936 bytes,    2578936 total
- age   2:    1227784 bytes,    3806720 total
- age   3:     968928 bytes,    4775648 total
- age   4:    1026112 bytes,    5801760 total
- age   5:    6569784 bytes,   12371544 total
- age   6:    4000896 bytes,   16372440 total
- age   7:    1453888 bytes,   17826328 total
- age   8:     961800 bytes,   18788128 total
: 372785K->21999K(436928K), 0.0098312 secs] 1009034K->659382K(2009792K), 0.0099034 secs] [Times: user=0.05 sys=0.00, real=0.01 secs] 
Heap after GC invocations=42 (full 1):
 par new generation   total 436928K, used 21999K [0x0000000080000000, 0x00000000a0000000, 0x00000000a0000000)
  eden space 349568K,   0% used [0x0000000080000000, 0x0000000080000000, 0x0000000095560000)
  from space 87360K,  25% used [0x0000000095560000, 0x0000000096adbf90, 0x000000009aab0000)
  to   space 87360K,   0% used [0x000000009aab0000, 0x000000009aab0000, 0x00000000a0000000)
 concurrent mark-sweep generation total 1572864K, used 637382K [0x00000000a0000000, 0x0000000100000000, 0x0000000100000000)
 Metaspace       used 35703K, capacity 36544K, committed 36856K, reserved 1081344K
  class space    used 4015K, capacity 4314K, committed 4344K, reserved 1048576K
}
2018-12-13T20:53:09.800+0100: 185.175: Total time for which application threads were stopped: 0.0102084 seconds, Stopping threads took: 0.0000552 seconds
{Heap before GC invocations=42 (full 1):
 par new generation   total 436928K, used 371567K [0x0000000080000000, 0x00000000a0000000, 0x00000000a0000000)
  eden space 349568K, 100% used [0x0000000080000000, 0x0000000095560000, 0x0000000095560000)
  from space 87360K,  25% used [0x0000000095560000, 0x0000000096adbf90, 0x000000009aab0000)
  to   space 87360K,   0% used [0x000000009aab0000, 0x000000009aab0000, 0x00000000a0000000)
 concurrent mark-sweep generation total 1572864K, used 637382K [0x00000000a0000000, 0x0000000100000000, 0x0000000100000000)
 Metaspace       used 35707K, capacity 36544K, committed 36856K, reserved 1081344K
  class space    used 4015K, capacity 4314K, committed 4344K, reserved 1048576K
2018-12-13T20:53:10.415+0100: 185.791: [GC (Allocation Failure) 2018-12-13T20:53:10.415+0100: 185.791: [ParNew
Desired survivor size 80510976 bytes, new threshold 8 (max 8)
- age   1:    2650192 bytes,    2650192 total
- age   2:    1027872 bytes,    3678064 total
- age   3:    1223416 bytes,    4901480 total
- age   4:     936144 bytes,    5837624 total
- age   5:    1022000 bytes,    6859624 total
- age   6:    6570096 bytes,   13429720 total
- age   7:    4000896 bytes,   17430616 total
- age   8:    1453888 bytes,   18884504 total
: 371567K->26141K(436928K), 0.0077886 secs] 1008950K->664463K(2009792K), 0.0078802 secs] [Times: user=0.06 sys=0.00, real=0.01 secs] 
Heap after GC invocations=43 (full 1):
 par new generation   total 436928K, used 26141K [0x0000000080000000, 0x00000000a0000000, 0x00000000a0000000)
  eden space 349568K,   0% used [0x0000000080000000, 0x0000000080000000, 0x0000000095560000)
  from space 87360K,  29% used [0x000000009aab0000, 0x000000009c437500, 0x00000000a0000000)
  to   space 87360K,   0% used [0x0000000095560000, 0x0000000095560000, 0x000000009aab0000)
 concurrent mark-sweep generation total 1572864K, used 638322K [0x00000000a0000000, 0x0000000100000000, 0x0000000100000000)
 Metaspace       used 35707K, capacity 36544K, committed 36856K, reserved 1081344K
  class space    used 4015K, capacity 4314K, committed 4344K, reserved 1048576K
}
2018-12-13T20:53:10.423+0100: 185.799: Total time for which application threads were stopped: 0.0081516 seconds, Stopping threads took: 0.0000566 seconds
{Heap before GC invocations=43 (full 1):
 par new generation   total 436928K, used 375709K [0x0000000080000000, 0x00000000a0000000, 0x00000000a0000000)
  eden space 349568K, 100% used [0x0000000080000000, 0x0000000095560000, 0x0000000095560000)
  from space 87360K,  29% used [0x000000009aab0000, 0x000000009c437500, 0x00000000a0000000)
  to   space 87360K,   0% used [0x0000000095560000, 0x0000000095560000, 0x000000009aab0000)
 concurrent mark-sweep generation total 1572864K, used 638322K [0x00000000a0000000, 0x0000000100000000, 0x0000000100000000)
 Metaspace       used 35723K, capacity 36544K, committed 36856K, reserved 1081344K
  class space    used 4015K, capacity 4314K, committed 4344K, reserved 1048576K
2018-12-13T20:53:11.035+0100: 186.410: [GC (Allocation Failure) 2018-12-13T20:53:11.035+0100: 186.410: [ParNew
Desired survivor size 80510976 bytes, new threshold 8 (max 8)
- age   1:    3396784 bytes,    3396784 total
- age   2:     946056 bytes,    4342840 total
- age   3:    1027200 bytes,    5370040 total
- age   4:     959176 bytes,    6329216 total
- age   5:     936144 bytes,    7265360 total
- age   6:    1022000 bytes,    8287360 total
- age   7:    6569728 bytes,   14857088 total
- age   8:    4000896 bytes,   18857984 total
: 375709K->23708K(436928K), 0.0104519 secs] 1014031K->663451K(2009792K), 0.0105827 secs] [Times: user=0.03 sys=0.00, real=0.01 secs] 
Heap after GC invocations=44 (full 1):
 par new generation   total 436928K, used 23708K [0x0000000080000000, 0x00000000a0000000, 0x00000000a0000000)
  eden space 349568K,   0% used [0x0000000080000000, 0x0000000080000000, 0x0000000095560000)
  from space 87360K,  27% used [0x0000000095560000, 0x0000000096c87240, 0x000000009aab0000)
  to   space 87360K,   0% used [0x000000009aab0000, 0x000000009aab0000, 0x00000000a0000000)
 concurrent mark-sweep generation total 1572864K, used 639742K [0x00000000a0000000, 0x0000000100000000, 0x0000000100000000)
 Metaspace       used 35723K, capacity 36544K, committed 36856K, reserved 1081344K
  class space    used 4015K, capacity 4314K, committed 4344K, reserved 1048576K
}
2018-12-13T20:53:11.045+0100: 186.421: Total time for which application threads were stopped: 0.0108532 seconds, Stopping threads took: 0.0000540 seconds
{Heap before GC invocations=44 (full 1):
 par new generation   total 436928K, used 373276K [0x0000000080000000, 0x00000000a0000000, 0x00000000a0000000)
  eden space 349568K, 100% used [0x0000000080000000, 0x0000000095560000, 0x0000000095560000)
  from space 87360K,  27% used [0x0000000095560000, 0x0000000096c87240, 0x000000009aab0000)
  to   space 87360K,   0% used [0x000000009aab0000, 0x000000009aab0000, 0x00000000a0000000)
 concurrent mark-sweep generation total 1572864K, used 639742K [0x00000000a0000000, 0x0000000100000000, 0x0000000100000000)
 Metaspace       used 35724K, capacity 36544K, committed 36856K, reserved 1081344K
  class space    used 4015K, capacity 4314K, committed 4344K, reserved 1048576K
2018-12-13T20:53:11.633+0100: 187.008: [GC (Allocation Failure) 2018-12-13T20:53:11.633+0100: 187.008: [ParNew
Desired survivor size 80510976 bytes, new threshold 8 (max 8)
- age   1:    2784888 bytes,    2784888 total
- age   2:    1480240 bytes,    4265128 total
- age   3:     933992 bytes,    5199120 total
- age   4:    1027200 bytes,    6226320 total
- age   5:     959176 bytes,    7185496 total
- age   6:     936144 bytes,    8121640 total
- age   7:    1022000 bytes,    9143640 total
- age   8:    6569696 bytes,   15713336 total
: 373276K->20897K(436928K), 0.0122444 secs] 1013019K->664547K(2009792K), 0.0123181 secs] [Times: user=0.05 sys=0.00, real=0.01 secs] 
Heap after GC invocations=45 (full 1):
 par new generation   total 436928K, used 20897K [0x0000000080000000, 0x00000000a0000000, 0x00000000a0000000)
  eden space 349568K,   0% used [0x0000000080000000, 0x0000000080000000, 0x0000000095560000)
  from space 87360K,  23% used [0x000000009aab0000, 0x000000009bf185c0, 0x00000000a0000000)
  to   space 87360K,   0% used [0x0000000095560000, 0x0000000095560000, 0x000000009aab0000)
 concurrent mark-sweep generation total 1572864K, used 643650K [0x00000000a0000000, 0x0000000100000000, 0x0000000100000000)
 Metaspace       used 35724K, capacity 36544K, committed 36856K, reserved 1081344K
  class space    used 4015K, capacity 4314K, committed 4344K, reserved 1048576K
}
2018-12-13T20:53:11.645+0100: 187.021: Total time for which application threads were stopped: 0.0126512 seconds, Stopping threads took: 0.0001101 seconds
{Heap before GC invocations=45 (full 1):
 par new generation   total 436928K, used 370465K [0x0000000080000000, 0x00000000a0000000, 0x00000000a0000000)
  eden space 349568K, 100% used [0x0000000080000000, 0x0000000095560000, 0x0000000095560000)
  from space 87360K,  23% used [0x000000009aab0000, 0x000000009bf185c0, 0x00000000a0000000)
  to   space 87360K,   0% used [0x0000000095560000, 0x0000000095560000, 0x000000009aab0000)
 concurrent mark-sweep generation total 1572864K, used 643650K [0x00000000a0000000, 0x0000000100000000, 0x0000000100000000)
 Metaspace       used 35724K, capacity 36544K, committed 36856K, reserved 1081344K
  class space    used 4015K, capacity 4314K, committed 4344K, reserved 1048576K
2018-12-13T20:53:12.304+0100: 187.680: [GC (Allocation Failure) 2018-12-13T20:53:12.305+0100: 187.680: [ParNew
Desired survivor size 80510976 bytes, new threshold 8 (max 8)
- age   1:    2733736 bytes,    2733736 total
- age   2:    1090208 bytes,    3823944 total
- age   3:    1480240 bytes,    5304184 total
- age   4:     929040 bytes,    6233224 total
- age   5:    1027200 bytes,    7260424 total
- age   6:     959176 bytes,    8219600 total
- age   7:     936144 bytes,    9155744 total
- age   8:    1022000 bytes,   10177744 total
: 370465K->12830K(436928K), 0.0181551 secs] 1014115K->663019K(2009792K), 0.0182513 secs] [Times: user=0.06 sys=0.00, real=0.02 secs] 
Heap after GC invocations=46 (full 1):
 par new generation   total 436928K, used 12830K [0x0000000080000000, 0x00000000a0000000, 0x00000000a0000000)
  eden space 349568K,   0% used [0x0000000080000000, 0x0000000080000000, 0x0000000095560000)
  from space 87360K,  14% used [0x0000000095560000, 0x00000000961e7b30, 0x000000009aab0000)
  to   space 87360K,   0% used [0x000000009aab0000, 0x000000009aab0000, 0x00000000a0000000)
 concurrent mark-sweep generation total 1572864K, used 650188K [0x00000000a0000000, 0x0000000100000000, 0x0000000100000000)
 Metaspace       used 35724K, capacity 36544K, committed 36856K, reserved 1081344K
  class space    used 4015K, capacity 4314K, committed 4344K, reserved 1048576K
}
2018-12-13T20:53:12.323+0100: 187.699: Total time for which application threads were stopped: 0.0185596 seconds, Stopping threads took: 0.0000944 seconds
2018-12-13T20:53:12.395+0100: 187.770: Total time for which application threads were stopped: 0.0002102 seconds, Stopping threads took: 0.0000936 seconds
2018-12-13T20:53:12.416+0100: 187.792: Total time for which application threads were stopped: 0.0001991 seconds, Stopping threads took: 0.0001004 seconds
2018-12-13T20:53:12.603+0100: 187.978: Total time for which application threads were stopped: 0.0001735 seconds, Stopping threads took: 0.0000353 seconds
2018-12-13T20:53:12.628+0100: 188.003: Total time for which application threads were stopped: 0.0001368 seconds, Stopping threads took: 0.0000364 seconds
{Heap before GC invocations=46 (full 1):
 par new generation   total 436928K, used 362398K [0x0000000080000000, 0x00000000a0000000, 0x00000000a0000000)
  eden space 349568K, 100% used [0x0000000080000000, 0x0000000095560000, 0x0000000095560000)
  from space 87360K,  14% used [0x0000000095560000, 0x00000000961e7b30, 0x000000009aab0000)
  to   space 87360K,   0% used [0x000000009aab0000, 0x000000009aab0000, 0x00000000a0000000)
 concurrent mark-sweep generation total 1572864K, used 650188K [0x00000000a0000000, 0x0000000100000000, 0x0000000100000000)
 Metaspace       used 35727K, capacity 36544K, committed 36856K, reserved 1081344K
  class space    used 4015K, capacity 4314K, committed 4344K, reserved 1048576K
2018-12-13T20:53:12.972+0100: 188.347: [GC (Allocation Failure) 2018-12-13T20:53:12.972+0100: 188.347: [ParNew
Desired survivor size 80510976 bytes, new threshold 8 (max 8)
- age   1:    3353904 bytes,    3353904 total
- age   2:     874928 bytes,    4228832 total
- age   3:     933976 bytes,    5162808 total
- age   4:    1480160 bytes,    6642968 total
- age   5:     926960 bytes,    7569928 total
- age   6:     961648 bytes,    8531576 total
- age   7:     959176 bytes,    9490752 total
- age   8:     936144 bytes,   10426896 total
: 362398K->13014K(436928K), 0.0064142 secs] 1012587K->664200K(2009792K), 0.0064813 secs] [Times: user=0.00 sys=0.00, real=0.01 secs] 
Heap after GC invocations=47 (full 1):
 par new generation   total 436928K, used 13014K [0x0000000080000000, 0x00000000a0000000, 0x00000000a0000000)
  eden space 349568K,   0% used [0x0000000080000000, 0x0000000080000000, 0x0000000095560000)
  from space 87360K,  14% used [0x000000009aab0000, 0x000000009b765920, 0x00000000a0000000)
  to   space 87360K,   0% used [0x0000000095560000, 0x0000000095560000, 0x000000009aab0000)
 concurrent mark-sweep generation total 1572864K, used 651186K [0x00000000a0000000, 0x0000000100000000, 0x0000000100000000)
 Metaspace       used 35727K, capacity 36544K, committed 36856K, reserved 1081344K
  class space    used 4015K, capacity 4314K, committed 4344K, reserved 1048576K
}
2018-12-13T20:53:12.978+0100: 188.354: Total time for which application threads were stopped: 0.0068036 seconds, Stopping threads took: 0.0001399 seconds
{Heap before GC invocations=47 (full 1):
 par new generation   total 436928K, used 362582K [0x0000000080000000, 0x00000000a0000000, 0x00000000a0000000)
  eden space 349568K, 100% used [0x0000000080000000, 0x0000000095560000, 0x0000000095560000)
  from space 87360K,  14% used [0x000000009aab0000, 0x000000009b765920, 0x00000000a0000000)
  to   space 87360K,   0% used [0x0000000095560000, 0x0000000095560000, 0x000000009aab0000)
 concurrent mark-sweep generation total 1572864K, used 651186K [0x00000000a0000000, 0x0000000100000000, 0x0000000100000000)
 Metaspace       used 35727K, capacity 36544K, committed 36856K, reserved 1081344K
  class space    used 4015K, capacity 4314K, committed 4344K, reserved 1048576K
2018-12-13T20:53:13.569+0100: 188.945: [GC (Allocation Failure) 2018-12-13T20:53:13.569+0100: 188.945: [ParNew
Desired survivor size 80510976 bytes, new threshold 8 (max 8)
- age   1:    1861520 bytes,    1861520 total
- age   2:    2905288 bytes,    4766808 total
- age   3:     866672 bytes,    5633480 total
- age   4:     920568 bytes,    6554048 total
- age   5:    1479168 bytes,    8033216 total
- age   6:     926960 bytes,    8960176 total
- age   7:     961648 bytes,    9921824 total
- age   8:     959176 bytes,   10881000 total
: 362582K->11780K(436928K), 0.0059471 secs] 1013768K->663881K(2009792K), 0.0060251 secs] [Times: user=0.06 sys=0.00, real=0.01 secs] 
Heap after GC invocations=48 (full 1):
 par new generation   total 436928K, used 11780K [0x0000000080000000, 0x00000000a0000000, 0x00000000a0000000)
  eden space 349568K,   0% used [0x0000000080000000, 0x0000000080000000, 0x0000000095560000)
  from space 87360K,  13% used [0x0000000095560000, 0x00000000960e11c0, 0x000000009aab0000)
  to   space 87360K,   0% used [0x000000009aab0000, 0x000000009aab0000, 0x00000000a0000000)
 concurrent mark-sweep generation total 1572864K, used 652100K [0x00000000a0000000, 0x0000000100000000, 0x0000000100000000)
 Metaspace       used 35727K, capacity 36544K, committed 36856K, reserved 1081344K
  class space    used 4015K, capacity 4314K, committed 4344K, reserved 1048576K
}
2018-12-13T20:53:13.575+0100: 188.951: Total time for which application threads were stopped: 0.0062461 seconds, Stopping threads took: 0.0000310 seconds
{Heap before GC invocations=48 (full 1):
 par new generation   total 436928K, used 361348K [0x0000000080000000, 0x00000000a0000000, 0x00000000a0000000)
  eden space 349568K, 100% used [0x0000000080000000, 0x0000000095560000, 0x0000000095560000)
  from space 87360K,  13% used [0x0000000095560000, 0x00000000960e11c0, 0x000000009aab0000)
  to   space 87360K,   0% used [0x000000009aab0000, 0x000000009aab0000, 0x00000000a0000000)
 concurrent mark-sweep generation total 1572864K, used 652100K [0x00000000a0000000, 0x0000000100000000, 0x0000000100000000)
 Metaspace       used 35727K, capacity 36544K, committed 36856K, reserved 1081344K
  class space    used 4015K, capacity 4314K, committed 4344K, reserved 1048576K
2018-12-13T20:53:14.194+0100: 189.570: [GC (Allocation Failure) 2018-12-13T20:53:14.194+0100: 189.570: [ParNew
Desired survivor size 80510976 bytes, new threshold 8 (max 8)
- age   1:    3852232 bytes,    3852232 total
- age   2:     949720 bytes,    4801952 total
- age   3:    1081112 bytes,    5883064 total
- age   4:     859112 bytes,    6742176 total
- age   5:     920568 bytes,    7662744 total
- age   6:    1479168 bytes,    9141912 total
- age   7:     926960 bytes,   10068872 total
- age   8:     961648 bytes,   11030520 total
: 361348K->15198K(436928K), 0.0061386 secs] 1013449K->668235K(2009792K), 0.0062168 secs] [Times: user=0.06 sys=0.00, real=0.01 secs] 
Heap after GC invocations=49 (full 1):
 par new generation   total 436928K, used 15198K [0x0000000080000000, 0x00000000a0000000, 0x00000000a0000000)
  eden space 349568K,   0% used [0x0000000080000000, 0x0000000080000000, 0x0000000095560000)
  from space 87360K,  17% used [0x000000009aab0000, 0x000000009b987898, 0x00000000a0000000)
  to   space 87360K,   0% used [0x0000000095560000, 0x0000000095560000, 0x000000009aab0000)
 concurrent mark-sweep generation total 1572864K, used 653037K [0x00000000a0000000, 0x0000000100000000, 0x0000000100000000)
 Metaspace       used 35727K, capacity 36544K, committed 36856K, reserved 1081344K
  class space    used 4015K, capacity 4314K, committed 4344K, reserved 1048576K
}
2018-12-13T20:53:14.200+0100: 189.576: Total time for which application threads were stopped: 0.0064332 seconds, Stopping threads took: 0.0000327 seconds
{Heap before GC invocations=49 (full 1):
 par new generation   total 436928K, used 364766K [0x0000000080000000, 0x00000000a0000000, 0x00000000a0000000)
  eden space 349568K, 100% used [0x0000000080000000, 0x0000000095560000, 0x0000000095560000)
  from space 87360K,  17% used [0x000000009aab0000, 0x000000009b987898, 0x00000000a0000000)
  to   space 87360K,   0% used [0x0000000095560000, 0x0000000095560000, 0x000000009aab0000)
 concurrent mark-sweep generation total 1572864K, used 653037K [0x00000000a0000000, 0x0000000100000000, 0x0000000100000000)
 Metaspace       used 35731K, capacity 36544K, committed 36856K, reserved 1081344K
  class space    used 4015K, capacity 4314K, committed 4344K, reserved 1048576K
2018-12-13T20:53:14.815+0100: 190.191: [GC (Allocation Failure) 2018-12-13T20:53:14.815+0100: 190.191: [ParNew
Desired survivor size 80510976 bytes, new threshold 8 (max 8)
- age   1:    4263824 bytes,    4263824 total
- age   2:    1406784 bytes,    5670608 total
- age   3:     948856 bytes,    6619464 total
- age   4:    1080248 bytes,    7699712 total
- age   5:     858296 bytes,    8558008 total
- age   6:     919608 bytes,    9477616 total
- age   7:     949920 bytes,   10427536 total
- age   8:     926048 bytes,   11353584 total
: 364766K->14027K(436928K), 0.0069504 secs] 1017803K->668002K(2009792K), 0.0070127 secs] [Times: user=0.05 sys=0.00, real=0.01 secs] 
Heap after GC invocations=50 (full 1):
 par new generation   total 436928K, used 14027K [0x0000000080000000, 0x00000000a0000000, 0x00000000a0000000)
  eden space 349568K,   0% used [0x0000000080000000, 0x0000000080000000, 0x0000000095560000)
  from space 87360K,  16% used [0x0000000095560000, 0x0000000096312c90, 0x000000009aab0000)
  to   space 87360K,   0% used [0x000000009aab0000, 0x000000009aab0000, 0x00000000a0000000)
 concurrent mark-sweep generation total 1572864K, used 653975K [0x00000000a0000000, 0x0000000100000000, 0x0000000100000000)
 Metaspace       used 35731K, capacity 36544K, committed 36856K, reserved 1081344K
  class space    used 4015K, capacity 4314K, committed 4344K, reserved 1048576K
}
2018-12-13T20:53:14.822+0100: 190.198: Total time for which application threads were stopped: 0.0072962 seconds, Stopping threads took: 0.0000896 seconds
2018-12-13T20:53:15.715+0100: 191.091: Total time for which application threads were stopped: 0.0001926 seconds, Stopping threads took: 0.0000870 seconds
2018-12-13T20:53:16.671+0100: 192.047: Total time for which application threads were stopped: 0.0001385 seconds, Stopping threads took: 0.0000430 seconds
2018-12-13T20:53:18.395+0100: 193.771: Total time for which application threads were stopped: 0.0001178 seconds, Stopping threads took: 0.0000424 seconds
2018-12-13T20:53:18.416+0100: 193.792: Total time for which application threads were stopped: 0.0000873 seconds, Stopping threads took: 0.0000356 seconds
2018-12-13T20:53:18.603+0100: 193.979: Total time for which application threads were stopped: 0.0001143 seconds, Stopping threads took: 0.0000401 seconds
2018-12-13T20:53:18.628+0100: 194.004: Total time for which application threads were stopped: 0.0000722 seconds, Stopping threads took: 0.0000393 seconds
2018-12-13T20:53:20.671+0100: 196.047: Total time for which application threads were stopped: 0.0001223 seconds, Stopping threads took: 0.0000407 seconds
2018-12-13T20:53:26.396+0100: 201.771: Total time for which application threads were stopped: 0.0001308 seconds, Stopping threads took: 0.0000526 seconds
2018-12-13T20:53:26.417+0100: 201.792: Total time for which application threads were stopped: 0.0001055 seconds, Stopping threads took: 0.0000253 seconds
2018-12-13T20:53:26.604+0100: 201.979: Total time for which application threads were stopped: 0.0001655 seconds, Stopping threads took: 0.0000805 seconds
2018-12-13T20:53:26.629+0100: 202.004: Total time for which application threads were stopped: 0.0001189 seconds, Stopping threads took: 0.0000512 seconds
2018-12-13T20:53:26.672+0100: 202.047: Total time for which application threads were stopped: 0.0001468 seconds, Stopping threads took: 0.0000654 seconds
2018-12-13T20:53:34.672+0100: 210.048: Total time for which application threads were stopped: 0.0002566 seconds, Stopping threads took: 0.0000401 seconds
2018-12-13T20:54:01.009+0100: 236.384: Total time for which application threads were stopped: 0.0001018 seconds, Stopping threads took: 0.0000262 seconds
{Heap before GC invocations=50 (full 1):
 par new generation   total 436928K, used 363595K [0x0000000080000000, 0x00000000a0000000, 0x00000000a0000000)
  eden space 349568K, 100% used [0x0000000080000000, 0x0000000095560000, 0x0000000095560000)
  from space 87360K,  16% used [0x0000000095560000, 0x0000000096312c90, 0x000000009aab0000)
  to   space 87360K,   0% used [0x000000009aab0000, 0x000000009aab0000, 0x00000000a0000000)
 concurrent mark-sweep generation total 1572864K, used 653975K [0x00000000a0000000, 0x0000000100000000, 0x0000000100000000)
 Metaspace       used 35758K, capacity 36608K, committed 36856K, reserved 1081344K
  class space    used 4017K, capacity 4314K, committed 4344K, reserved 1048576K
2018-12-13T20:54:01.549+0100: 236.924: [GC (Allocation Failure) 2018-12-13T20:54:01.549+0100: 236.924: [ParNew
Desired survivor size 80510976 bytes, new threshold 8 (max 8)
- age   1:    2279136 bytes,    2279136 total
- age   2:    4052368 bytes,    6331504 total
- age   3:    1403048 bytes,    7734552 total
- age   4:     945136 bytes,    8679688 total
- age   5:    1077048 bytes,    9756736 total
- age   6:     855432 bytes,   10612168 total
- age   7:     915696 bytes,   11527864 total
- age   8:     946864 bytes,   12474728 total
: 363595K->12986K(436928K), 0.0067561 secs] 1017570K->667863K(2009792K), 0.0068292 secs] [Times: user=0.00 sys=0.00, real=0.01 secs] 
Heap after GC invocations=51 (full 1):
 par new generation   total 436928K, used 12986K [0x0000000080000000, 0x00000000a0000000, 0x00000000a0000000)
  eden space 349568K,   0% used [0x0000000080000000, 0x0000000080000000, 0x0000000095560000)
  from space 87360K,  14% used [0x000000009aab0000, 0x000000009b75e810, 0x00000000a0000000)
  to   space 87360K,   0% used [0x0000000095560000, 0x0000000095560000, 0x000000009aab0000)
 concurrent mark-sweep generation total 1572864K, used 654877K [0x00000000a0000000, 0x0000000100000000, 0x0000000100000000)
 Metaspace       used 35758K, capacity 36608K, committed 36856K, reserved 1081344K
  class space    used 4017K, capacity 4314K, committed 4344K, reserved 1048576K
}
2018-12-13T20:54:01.556+0100: 236.931: Total time for which application threads were stopped: 0.0070957 seconds, Stopping threads took: 0.0000944 seconds
{Heap before GC invocations=51 (full 1):
 par new generation   total 436928K, used 362554K [0x0000000080000000, 0x00000000a0000000, 0x00000000a0000000)
  eden space 349568K, 100% used [0x0000000080000000, 0x0000000095560000, 0x0000000095560000)
  from space 87360K,  14% used [0x000000009aab0000, 0x000000009b75e810, 0x00000000a0000000)
  to   space 87360K,   0% used [0x0000000095560000, 0x0000000095560000, 0x000000009aab0000)
 concurrent mark-sweep generation total 1572864K, used 654877K [0x00000000a0000000, 0x0000000100000000, 0x0000000100000000)
 Metaspace       used 35758K, capacity 36608K, committed 36856K, reserved 1081344K
  class space    used 4017K, capacity 4314K, committed 4344K, reserved 1048576K
2018-12-13T20:54:02.162+0100: 237.538: [GC (Allocation Failure) 2018-12-13T20:54:02.162+0100: 237.538: [ParNew
Desired survivor size 80510976 bytes, new threshold 8 (max 8)
- age   1:    2298384 bytes,    2298384 total
- age   2:    1406176 bytes,    3704560 total
- age   3:    4052368 bytes,    7756928 total
- age   4:    1403048 bytes,    9159976 total
- age   5:     945104 bytes,   10105080 total
- age   6:    1077048 bytes,   11182128 total
- age   7:     855432 bytes,   12037560 total
- age   8:     915696 bytes,   12953256 total
: 362554K->17740K(436928K), 0.0066713 secs] 1017431K->673542K(2009792K), 0.0067447 secs] [Times: user=0.06 sys=0.00, real=0.01 secs] 
Heap after GC invocations=52 (full 1):
 par new generation   total 436928K, used 17740K [0x0000000080000000, 0x00000000a0000000, 0x00000000a0000000)
  eden space 349568K,   0% used [0x0000000080000000, 0x0000000080000000, 0x0000000095560000)
  from space 87360K,  20% used [0x0000000095560000, 0x00000000966b3300, 0x000000009aab0000)
  to   space 87360K,   0% used [0x000000009aab0000, 0x000000009aab0000, 0x00000000a0000000)
 concurrent mark-sweep generation total 1572864K, used 655801K [0x00000000a0000000, 0x0000000100000000, 0x0000000100000000)
 Metaspace       used 35758K, capacity 36608K, committed 36856K, reserved 1081344K
  class space    used 4017K, capacity 4314K, committed 4344K, reserved 1048576K
}
2018-12-13T20:54:02.169+0100: 237.544: Total time for which application threads were stopped: 0.0069802 seconds, Stopping threads took: 0.0000427 seconds
{Heap before GC invocations=52 (full 1):
 par new generation   total 436928K, used 367308K [0x0000000080000000, 0x00000000a0000000, 0x00000000a0000000)
  eden space 349568K, 100% used [0x0000000080000000, 0x0000000095560000, 0x0000000095560000)
  from space 87360K,  20% used [0x0000000095560000, 0x00000000966b3300, 0x000000009aab0000)
  to   space 87360K,   0% used [0x000000009aab0000, 0x000000009aab0000, 0x00000000a0000000)
 concurrent mark-sweep generation total 1572864K, used 655801K [0x00000000a0000000, 0x0000000100000000, 0x0000000100000000)
 Metaspace       used 35758K, capacity 36608K, committed 36856K, reserved 1081344K
  class space    used 4017K, capacity 4314K, committed 4344K, reserved 1048576K
2018-12-13T20:54:02.783+0100: 238.158: [GC (Allocation Failure) 2018-12-13T20:54:02.783+0100: 238.159: [ParNew
Desired survivor size 80510976 bytes, new threshold 8 (max 8)
- age   1:    2674680 bytes,    2674680 total
- age   2:    1118896 bytes,    3793576 total
- age   3:    1406176 bytes,    5199752 total
- age   4:    4052368 bytes,    9252120 total
- age   5:    1403048 bytes,   10655168 total
- age   6:     945104 bytes,   11600272 total
- age   7:    1077048 bytes,   12677320 total
- age   8:     855432 bytes,   13532752 total
: 367308K->15528K(436928K), 0.0064253 secs] 1023110K->672224K(2009792K), 0.0064913 secs] [Times: user=0.00 sys=0.00, real=0.01 secs] 
Heap after GC invocations=53 (full 1):
 par new generation   total 436928K, used 15528K [0x0000000080000000, 0x00000000a0000000, 0x00000000a0000000)
  eden space 349568K,   0% used [0x0000000080000000, 0x0000000080000000, 0x0000000095560000)
  from space 87360K,  17% used [0x000000009aab0000, 0x000000009b9da110, 0x00000000a0000000)
  to   space 87360K,   0% used [0x0000000095560000, 0x0000000095560000, 0x000000009aab0000)
 concurrent mark-sweep generation total 1572864K, used 656696K [0x00000000a0000000, 0x0000000100000000, 0x0000000100000000)
 Metaspace       used 35758K, capacity 36608K, committed 36856K, reserved 1081344K
  class space    used 4017K, capacity 4314K, committed 4344K, reserved 1048576K
}
2018-12-13T20:54:02.790+0100: 238.165: Total time for which application threads were stopped: 0.0067513 seconds, Stopping threads took: 0.0000759 seconds
{Heap before GC invocations=53 (full 1):
 par new generation   total 436928K, used 365096K [0x0000000080000000, 0x00000000a0000000, 0x00000000a0000000)
  eden space 349568K, 100% used [0x0000000080000000, 0x0000000095560000, 0x0000000095560000)
  from space 87360K,  17% used [0x000000009aab0000, 0x000000009b9da110, 0x00000000a0000000)
  to   space 87360K,   0% used [0x0000000095560000, 0x0000000095560000, 0x000000009aab0000)
 concurrent mark-sweep generation total 1572864K, used 656696K [0x00000000a0000000, 0x0000000100000000, 0x0000000100000000)
 Metaspace       used 35758K, capacity 36608K, committed 36856K, reserved 1081344K
  class space    used 4017K, capacity 4314K, committed 4344K, reserved 1048576K
2018-12-13T20:54:03.413+0100: 238.788: [GC (Allocation Failure) 2018-12-13T20:54:03.413+0100: 238.788: [ParNew
Desired survivor size 80510976 bytes, new threshold 8 (max 8)
- age   1:    2568376 bytes,    2568376 total
- age   2:    1393376 bytes,    3961752 total
- age   3:    1118368 bytes,    5080120 total
- age   4:    1406040 bytes,    6486160 total
- age   5:    4052368 bytes,   10538528 total
- age   6:    1403048 bytes,   11941576 total
- age   7:     945104 bytes,   12886680 total
- age   8:    1077048 bytes,   13963728 total
: 365096K->19731K(436928K), 0.0061539 secs] 1021792K->677263K(2009792K), 0.0062586 secs] [Times: user=0.05 sys=0.01, real=0.01 secs] 
Heap after GC invocations=54 (full 1):
 par new generation   total 436928K, used 19731K [0x0000000080000000, 0x00000000a0000000, 0x00000000a0000000)
  eden space 349568K,   0% used [0x0000000080000000, 0x0000000080000000, 0x0000000095560000)
  from space 87360K,  22% used [0x0000000095560000, 0x00000000968a4ea0, 0x000000009aab0000)
  to   space 87360K,   0% used [0x000000009aab0000, 0x000000009aab0000, 0x00000000a0000000)
 concurrent mark-sweep generation total 1572864K, used 657531K [0x00000000a0000000, 0x0000000100000000, 0x0000000100000000)
 Metaspace       used 35758K, capacity 36608K, committed 36856K, reserved 1081344K
  class space    used 4017K, capacity 4314K, committed 4344K, reserved 1048576K
}
2018-12-13T20:54:03.419+0100: 238.794: Total time for which application threads were stopped: 0.0065382 seconds, Stopping threads took: 0.0000586 seconds
{Heap before GC invocations=54 (full 1):
 par new generation   total 436928K, used 369299K [0x0000000080000000, 0x00000000a0000000, 0x00000000a0000000)
  eden space 349568K, 100% used [0x0000000080000000, 0x0000000095560000, 0x0000000095560000)
  from space 87360K,  22% used [0x0000000095560000, 0x00000000968a4ea0, 0x000000009aab0000)
  to   space 87360K,   0% used [0x000000009aab0000, 0x000000009aab0000, 0x00000000a0000000)
 concurrent mark-sweep generation total 1572864K, used 657531K [0x00000000a0000000, 0x0000000100000000, 0x0000000100000000)
 Metaspace       used 35759K, capacity 36608K, committed 36856K, reserved 1081344K
  class space    used 4017K, capacity 4314K, committed 4344K, reserved 1048576K
2018-12-13T20:54:04.031+0100: 239.407: [GC (Allocation Failure) 2018-12-13T20:54:04.031+0100: 239.407: [ParNew
Desired survivor size 80510976 bytes, new threshold 8 (max 8)
- age   1:    3015864 bytes,    3015864 total
- age   2:    1060280 bytes,    4076144 total
- age   3:    1382912 bytes,    5459056 total
- age   4:    1052800 bytes,    6511856 total
- age   5:    1401728 bytes,    7913584 total
- age   6:    4052368 bytes,   11965952 total
- age   7:    1403048 bytes,   13369000 total
- age   8:     945104 bytes,   14314104 total
: 369299K->17679K(436928K), 0.0070744 secs] 1026831K->676262K(2009792K), 0.0071435 secs] [Times: user=0.00 sys=0.00, real=0.01 secs] 
Heap after GC invocations=55 (full 1):
 par new generation   total 436928K, used 17679K [0x0000000080000000, 0x00000000a0000000, 0x00000000a0000000)
  eden space 349568K,   0% used [0x0000000080000000, 0x0000000080000000, 0x0000000095560000)
  from space 87360K,  20% used [0x000000009aab0000, 0x000000009bbf3d10, 0x00000000a0000000)
  to   space 87360K,   0% used [0x0000000095560000, 0x0000000095560000, 0x000000009aab0000)
 concurrent mark-sweep generation total 1572864K, used 658583K [0x00000000a0000000, 0x0000000100000000, 0x0000000100000000)
 Metaspace       used 35759K, capacity 36608K, committed 36856K, reserved 1081344K
  class space    used 4017K, capacity 4314K, committed 4344K, reserved 1048576K
}
2018-12-13T20:54:04.039+0100: 239.414: Total time for which application threads were stopped: 0.0073870 seconds, Stopping threads took: 0.0000762 seconds
{Heap before GC invocations=55 (full 1):
 par new generation   total 436928K, used 367247K [0x0000000080000000, 0x00000000a0000000, 0x00000000a0000000)
  eden space 349568K, 100% used [0x0000000080000000, 0x0000000095560000, 0x0000000095560000)
  from space 87360K,  20% used [0x000000009aab0000, 0x000000009bbf3d10, 0x00000000a0000000)
  to   space 87360K,   0% used [0x0000000095560000, 0x0000000095560000, 0x000000009aab0000)
 concurrent mark-sweep generation total 1572864K, used 658583K [0x00000000a0000000, 0x0000000100000000, 0x0000000100000000)
 Metaspace       used 35759K, capacity 36608K, committed 36856K, reserved 1081344K
  class space    used 4017K, capacity 4314K, committed 4344K, reserved 1048576K
2018-12-13T20:54:04.628+0100: 240.003: [GC (Allocation Failure) 2018-12-13T20:54:04.628+0100: 240.003: [ParNew
Desired survivor size 80510976 bytes, new threshold 8 (max 8)
- age   1:    3492528 bytes,    3492528 total
- age   2:    1201376 bytes,    4693904 total
- age   3:    1059240 bytes,    5753144 total
- age   4:    1120752 bytes,    6873896 total
- age   5:    1052800 bytes,    7926696 total
- age   6:    1401672 bytes,    9328368 total
- age   7:    4052368 bytes,   13380736 total
- age   8:    1403048 bytes,   14783784 total
: 367247K->20486K(436928K), 0.0067373 secs] 1025830K->679992K(2009792K), 0.0068050 secs] [Times: user=0.06 sys=0.00, real=0.01 secs] 
Heap after GC invocations=56 (full 1):
 par new generation   total 436928K, used 20486K [0x0000000080000000, 0x00000000a0000000, 0x00000000a0000000)
  eden space 349568K,   0% used [0x0000000080000000, 0x0000000080000000, 0x0000000095560000)
  from space 87360K,  23% used [0x0000000095560000, 0x0000000096961938, 0x000000009aab0000)
  to   space 87360K,   0% used [0x000000009aab0000, 0x000000009aab0000, 0x00000000a0000000)
 concurrent mark-sweep generation total 1572864K, used 659506K [0x00000000a0000000, 0x0000000100000000, 0x0000000100000000)
 Metaspace       used 35759K, capacity 36608K, committed 36856K, reserved 1081344K
  class space    used 4017K, capacity 4314K, committed 4344K, reserved 1048576K
}
2018-12-13T20:54:04.635+0100: 240.010: Total time for which application threads were stopped: 0.0070681 seconds, Stopping threads took: 0.0000939 seconds
{Heap before GC invocations=56 (full 1):
 par new generation   total 436928K, used 370054K [0x0000000080000000, 0x00000000a0000000, 0x00000000a0000000)
  eden space 349568K, 100% used [0x0000000080000000, 0x0000000095560000, 0x0000000095560000)
  from space 87360K,  23% used [0x0000000095560000, 0x0000000096961938, 0x000000009aab0000)
  to   space 87360K,   0% used [0x000000009aab0000, 0x000000009aab0000, 0x00000000a0000000)
 concurrent mark-sweep generation total 1572864K, used 659506K [0x00000000a0000000, 0x0000000100000000, 0x0000000100000000)
 Metaspace       used 35759K, capacity 36608K, committed 36856K, reserved 1081344K
  class space    used 4017K, capacity 4314K, committed 4344K, reserved 1048576K
2018-12-13T20:54:05.251+0100: 240.626: [GC (Allocation Failure) 2018-12-13T20:54:05.251+0100: 240.626: [ParNew
Desired survivor size 80510976 bytes, new threshold 8 (max 8)
- age   1:    3069128 bytes,    3069128 total
- age   2:    1590152 bytes,    4659280 total
- age   3:    1200568 bytes,    5859848 total
- age   4:    1059240 bytes,    6919088 total
- age   5:    1120752 bytes,    8039840 total
- age   6:    1052800 bytes,    9092640 total
- age   7:    1401672 bytes,   10494312 total
- age   8:    4052368 bytes,   14546680 total
: 370054K->17593K(436928K), 0.0065265 secs] 1029560K->678470K(2009792K), 0.0065962 secs] [Times: user=0.06 sys=0.00, real=0.01 secs] 
Heap after GC invocations=57 (full 1):
 par new generation   total 436928K, used 17593K [0x0000000080000000, 0x00000000a0000000, 0x00000000a0000000)
  eden space 349568K,   0% used [0x0000000080000000, 0x0000000080000000, 0x0000000095560000)
  from space 87360K,  20% used [0x000000009aab0000, 0x000000009bbde760, 0x00000000a0000000)
  to   space 87360K,   0% used [0x0000000095560000, 0x0000000095560000, 0x000000009aab0000)
 concurrent mark-sweep generation total 1572864K, used 660876K [0x00000000a0000000, 0x0000000100000000, 0x0000000100000000)
 Metaspace       used 35759K, capacity 36608K, committed 36856K, reserved 1081344K
  class space    used 4017K, capacity 4314K, committed 4344K, reserved 1048576K
}
2018-12-13T20:54:05.257+0100: 240.633: Total time for which application threads were stopped: 0.0068545 seconds, Stopping threads took: 0.0000759 seconds
{Heap before GC invocations=57 (full 1):
 par new generation   total 436928K, used 367161K [0x0000000080000000, 0x00000000a0000000, 0x00000000a0000000)
  eden space 349568K, 100% used [0x0000000080000000, 0x0000000095560000, 0x0000000095560000)
  from space 87360K,  20% used [0x000000009aab0000, 0x000000009bbde760, 0x00000000a0000000)
  to   space 87360K,   0% used [0x0000000095560000, 0x0000000095560000, 0x000000009aab0000)
 concurrent mark-sweep generation total 1572864K, used 660876K [0x00000000a0000000, 0x0000000100000000, 0x0000000100000000)
 Metaspace       used 35760K, capacity 36608K, committed 36856K, reserved 1081344K
  class space    used 4017K, capacity 4314K, committed 4344K, reserved 1048576K
2018-12-13T20:54:05.831+0100: 241.206: [GC (Allocation Failure) 2018-12-13T20:54:05.831+0100: 241.206: [ParNew
Desired survivor size 80510976 bytes, new threshold 8 (max 8)
- age   1:    3149240 bytes,    3149240 total
- age   2:    1195112 bytes,    4344352 total
- age   3:    1590152 bytes,    5934504 total
- age   4:    1195616 bytes,    7130120 total
- age   5:    1059240 bytes,    8189360 total
- age   6:    1120752 bytes,    9310112 total
- age   7:    1052800 bytes,   10362912 total
- age   8:    1401456 bytes,   11764368 total
: 367161K->16500K(436928K), 0.0072340 secs] 1028038K->681334K(2009792K), 0.0072951 secs] [Times: user=0.06 sys=0.00, real=0.01 secs] 
Heap after GC invocations=58 (full 1):
 par new generation   total 436928K, used 16500K [0x0000000080000000, 0x00000000a0000000, 0x00000000a0000000)
  eden space 349568K,   0% used [0x0000000080000000, 0x0000000080000000, 0x0000000095560000)
  from space 87360K,  18% used [0x0000000095560000, 0x000000009657d2a0, 0x000000009aab0000)
  to   space 87360K,   0% used [0x000000009aab0000, 0x000000009aab0000, 0x00000000a0000000)
 concurrent mark-sweep generation total 1572864K, used 664834K [0x00000000a0000000, 0x0000000100000000, 0x0000000100000000)
 Metaspace       used 35760K, capacity 36608K, committed 36856K, reserved 1081344K
  class space    used 4017K, capacity 4314K, committed 4344K, reserved 1048576K
}
2018-12-13T20:54:05.838+0100: 241.214: Total time for which application threads were stopped: 0.0075480 seconds, Stopping threads took: 0.0000745 seconds
{Heap before GC invocations=58 (full 1):
 par new generation   total 436928K, used 366068K [0x0000000080000000, 0x00000000a0000000, 0x00000000a0000000)
  eden space 349568K, 100% used [0x0000000080000000, 0x0000000095560000, 0x0000000095560000)
  from space 87360K,  18% used [0x0000000095560000, 0x000000009657d2a0, 0x000000009aab0000)
  to   space 87360K,   0% used [0x000000009aab0000, 0x000000009aab0000, 0x00000000a0000000)
 concurrent mark-sweep generation total 1572864K, used 664834K [0x00000000a0000000, 0x0000000100000000, 0x0000000100000000)
 Metaspace       used 35760K, capacity 36608K, committed 36856K, reserved 1081344K
  class space    used 4017K, capacity 4314K, committed 4344K, reserved 1048576K
2018-12-13T20:54:06.473+0100: 241.849: [GC (Allocation Failure) 2018-12-13T20:54:06.473+0100: 241.849: [ParNew
Desired survivor size 80510976 bytes, new threshold 8 (max 8)
- age   1:    3639368 bytes,    3639368 total
- age   2:    1040296 bytes,    4679664 total
- age   3:    1038880 bytes,    5718544 total
- age   4:    1590072 bytes,    7308616 total
- age   5:    1127984 bytes,    8436600 total
- age   6:    1059240 bytes,    9495840 total
- age   7:    1120752 bytes,   10616592 total
- age   8:    1052800 bytes,   11669392 total
: 366068K->14628K(436928K), 0.0066907 secs] 1030902K->680833K(2009792K), 0.0067561 secs] [Times: user=0.00 sys=0.00, real=0.01 secs] 
Heap after GC invocations=59 (full 1):
 par new generation   total 436928K, used 14628K [0x0000000080000000, 0x00000000a0000000, 0x00000000a0000000)
  eden space 349568K,   0% used [0x0000000080000000, 0x0000000080000000, 0x0000000095560000)
  from space 87360K,  16% used [0x000000009aab0000, 0x000000009b8f92d0, 0x00000000a0000000)
  to   space 87360K,   0% used [0x0000000095560000, 0x0000000095560000, 0x000000009aab0000)
 concurrent mark-sweep generation total 1572864K, used 666204K [0x00000000a0000000, 0x0000000100000000, 0x0000000100000000)
 Metaspace       used 35760K, capacity 36608K, committed 36856K, reserved 1081344K
  class space    used 4017K, capacity 4314K, committed 4344K, reserved 1048576K
}
2018-12-13T20:54:06.480+0100: 241.855: Total time for which application threads were stopped: 0.0069740 seconds, Stopping threads took: 0.0000418 seconds
{Heap before GC invocations=59 (full 1):
 par new generation   total 436928K, used 364196K [0x0000000080000000, 0x00000000a0000000, 0x00000000a0000000)
  eden space 349568K, 100% used [0x0000000080000000, 0x0000000095560000, 0x0000000095560000)
  from space 87360K,  16% used [0x000000009aab0000, 0x000000009b8f92d0, 0x00000000a0000000)
  to   space 87360K,   0% used [0x0000000095560000, 0x0000000095560000, 0x000000009aab0000)
 concurrent mark-sweep generation total 1572864K, used 666204K [0x00000000a0000000, 0x0000000100000000, 0x0000000100000000)
 Metaspace       used 35760K, capacity 36608K, committed 36856K, reserved 1081344K
  class space    used 4017K, capacity 4314K, committed 4344K, reserved 1048576K
2018-12-13T20:54:07.063+0100: 242.439: [GC (Allocation Failure) 2018-12-13T20:54:07.063+0100: 242.439: [ParNew
Desired survivor size 80510976 bytes, new threshold 8 (max 8)
- age   1:    3515608 bytes,    3515608 total
- age   2:    1399200 bytes,    4914808 total
- age   3:    1040264 bytes,    5955072 total
- age   4:    1024480 bytes,    6979552 total
- age   5:    1590072 bytes,    8569624 total
- age   6:    1127984 bytes,    9697608 total
- age   7:    1059240 bytes,   10756848 total
- age   8:    1120752 bytes,   11877600 total
: 364196K->13613K(436928K), 0.0062447 secs] 1030401K->680846K(2009792K), 0.0063337 secs] [Times: user=0.06 sys=0.00, real=0.01 secs] 
Heap after GC invocations=60 (full 1):
 par new generation   total 436928K, used 13613K [0x0000000080000000, 0x00000000a0000000, 0x00000000a0000000)
  eden space 349568K,   0% used [0x0000000080000000, 0x0000000080000000, 0x0000000095560000)
  from space 87360K,  15% used [0x0000000095560000, 0x00000000962ab560, 0x000000009aab0000)
  to   space 87360K,   0% used [0x000000009aab0000, 0x000000009aab0000, 0x00000000a0000000)
 concurrent mark-sweep generation total 1572864K, used 667232K [0x00000000a0000000, 0x0000000100000000, 0x0000000100000000)
 Metaspace       used 35760K, capacity 36608K, committed 36856K, reserved 1081344K
  class space    used 4017K, capacity 4314K, committed 4344K, reserved 1048576K
}
2018-12-13T20:54:07.070+0100: 242.445: Total time for which application threads were stopped: 0.0065849 seconds, Stopping threads took: 0.0000270 seconds
{Heap before GC invocations=60 (full 1):
 par new generation   total 436928K, used 363181K [0x0000000080000000, 0x00000000a0000000, 0x00000000a0000000)
  eden space 349568K, 100% used [0x0000000080000000, 0x0000000095560000, 0x0000000095560000)
  from space 87360K,  15% used [0x0000000095560000, 0x00000000962ab560, 0x000000009aab0000)
  to   space 87360K,   0% used [0x000000009aab0000, 0x000000009aab0000, 0x00000000a0000000)
 concurrent mark-sweep generation total 1572864K, used 667232K [0x00000000a0000000, 0x0000000100000000, 0x0000000100000000)
 Metaspace       used 35760K, capacity 36608K, committed 36856K, reserved 1081344K
  class space    used 4017K, capacity 4314K, committed 4344K, reserved 1048576K
2018-12-13T20:54:07.687+0100: 243.062: [GC (Allocation Failure) 2018-12-13T20:54:07.687+0100: 243.062: [ParNew
Desired survivor size 80510976 bytes, new threshold 8 (max 8)
- age   1:    3669200 bytes,    3669200 total
- age   2:    1356864 bytes,    5026064 total
- age   3:    1222648 bytes,    6248712 total
- age   4:    1032704 bytes,    7281416 total
- age   5:    1024480 bytes,    8305896 total
- age   6:    1590072 bytes,    9895968 total
- age   7:    1127984 bytes,   11023952 total
- age   8:    1059240 bytes,   12083192 total
: 363181K->17178K(436928K), 0.0067706 secs] 1030414K->685506K(2009792K), 0.0068394 secs] [Times: user=0.06 sys=0.00, real=0.01 secs] 
Heap after GC invocations=61 (full 1):
 par new generation   total 436928K, used 17178K [0x0000000080000000, 0x00000000a0000000, 0x00000000a0000000)
  eden space 349568K,   0% used [0x0000000080000000, 0x0000000080000000, 0x0000000095560000)
  from space 87360K,  19% used [0x000000009aab0000, 0x000000009bb76950, 0x00000000a0000000)
  to   space 87360K,   0% used [0x0000000095560000, 0x0000000095560000, 0x000000009aab0000)
 concurrent mark-sweep generation total 1572864K, used 668327K [0x00000000a0000000, 0x0000000100000000, 0x0000000100000000)
 Metaspace       used 35760K, capacity 36608K, committed 36856K, reserved 1081344K
  class space    used 4017K, capacity 4314K, committed 4344K, reserved 1048576K
}
2018-12-13T20:54:07.694+0100: 243.069: Total time for which application threads were stopped: 0.0070585 seconds, Stopping threads took: 0.0000435 seconds
{Heap before GC invocations=61 (full 1):
 par new generation   total 436928K, used 366746K [0x0000000080000000, 0x00000000a0000000, 0x00000000a0000000)
  eden space 349568K, 100% used [0x0000000080000000, 0x0000000095560000, 0x0000000095560000)
  from space 87360K,  19% used [0x000000009aab0000, 0x000000009bb76950, 0x00000000a0000000)
  to   space 87360K,   0% used [0x0000000095560000, 0x0000000095560000, 0x000000009aab0000)
 concurrent mark-sweep generation total 1572864K, used 668327K [0x00000000a0000000, 0x0000000100000000, 0x0000000100000000)
 Metaspace       used 35766K, capacity 36608K, committed 36856K, reserved 1081344K
  class space    used 4017K, capacity 4314K, committed 4344K, reserved 1048576K
2018-12-13T20:54:08.333+0100: 243.709: [GC (Allocation Failure) 2018-12-13T20:54:08.333+0100: 243.709: [ParNew
Desired survivor size 80510976 bytes, new threshold 8 (max 8)
- age   1:    5796872 bytes,    5796872 total
- age   2:    1240224 bytes,    7037096 total
- age   3:    1074392 bytes,    8111488 total
- age   4:    1221736 bytes,    9333224 total
- age   5:    1031936 bytes,   10365160 total
- age   6:    1023472 bytes,   11388632 total
- age   7:    1062840 bytes,   12451472 total
- age   8:    1135184 bytes,   13586656 total
: 366746K->14630K(436928K), 0.0062373 secs] 1035074K->683992K(2009792K), 0.0062959 secs] [Times: user=0.00 sys=0.00, real=0.01 secs] 
Heap after GC invocations=62 (full 1):
 par new generation   total 436928K, used 14630K [0x0000000080000000, 0x00000000a0000000, 0x00000000a0000000)
  eden space 349568K,   0% used [0x0000000080000000, 0x0000000080000000, 0x0000000095560000)
  from space 87360K,  16% used [0x0000000095560000, 0x00000000963a9b20, 0x000000009aab0000)
  to   space 87360K,   0% used [0x000000009aab0000, 0x000000009aab0000, 0x00000000a0000000)
 concurrent mark-sweep generation total 1572864K, used 669361K [0x00000000a0000000, 0x0000000100000000, 0x0000000100000000)
 Metaspace       used 35766K, capacity 36608K, committed 36856K, reserved 1081344K
  class space    used 4017K, capacity 4314K, committed 4344K, reserved 1048576K
}
2018-12-13T20:54:08.339+0100: 243.715: Total time for which application threads were stopped: 0.0065419 seconds, Stopping threads took: 0.0000751 seconds
2018-12-13T20:54:09.287+0100: 244.663: Total time for which application threads were stopped: 0.0001283 seconds, Stopping threads took: 0.0000501 seconds
2018-12-13T20:54:09.292+0100: 244.667: Total time for which application threads were stopped: 0.0001234 seconds, Stopping threads took: 0.0000395 seconds
2018-12-13T20:54:09.315+0100: 244.691: Total time for which application threads were stopped: 0.0003021 seconds, Stopping threads took: 0.0002093 seconds
2018-12-13T20:54:09.334+0100: 244.710: Total time for which application threads were stopped: 0.0001357 seconds, Stopping threads took: 0.0000415 seconds
2018-12-13T20:54:09.335+0100: 244.710: Total time for which application threads were stopped: 0.0000643 seconds, Stopping threads took: 0.0000302 seconds
2018-12-13T20:54:09.335+0100: 244.710: Total time for which application threads were stopped: 0.0000924 seconds, Stopping threads took: 0.0000569 seconds
2018-12-13T20:54:09.335+0100: 244.711: Total time for which application threads were stopped: 0.0000748 seconds, Stopping threads took: 0.0000395 seconds
2018-12-13T20:54:09.335+0100: 244.711: Total time for which application threads were stopped: 0.0000643 seconds, Stopping threads took: 0.0000324 seconds
2018-12-13T20:54:09.335+0100: 244.711: Total time for which application threads were stopped: 0.0000586 seconds, Stopping threads took: 0.0000302 seconds
2018-12-13T20:54:09.336+0100: 244.711: Total time for which application threads were stopped: 0.0000498 seconds, Stopping threads took: 0.0000191 seconds
2018-12-13T20:54:09.336+0100: 244.711: Total time for which application threads were stopped: 0.0000361 seconds, Stopping threads took: 0.0000082 seconds
2018-12-13T20:54:09.336+0100: 244.711: Total time for which application threads were stopped: 0.0000464 seconds, Stopping threads took: 0.0000137 seconds
2018-12-13T20:54:09.336+0100: 244.712: Total time for which application threads were stopped: 0.0000586 seconds, Stopping threads took: 0.0000174 seconds
{Heap before GC invocations=62 (full 1):
 par new generation   total 436928K, used 364198K [0x0000000080000000, 0x00000000a0000000, 0x00000000a0000000)
  eden space 349568K, 100% used [0x0000000080000000, 0x0000000095560000, 0x0000000095560000)
  from space 87360K,  16% used [0x0000000095560000, 0x00000000963a9b20, 0x000000009aab0000)
  to   space 87360K,   0% used [0x000000009aab0000, 0x000000009aab0000, 0x00000000a0000000)
 concurrent mark-sweep generation total 1572864K, used 669361K [0x00000000a0000000, 0x0000000100000000, 0x0000000100000000)
 Metaspace       used 35785K, capacity 36608K, committed 36856K, reserved 1081344K
  class space    used 4018K, capacity 4314K, committed 4344K, reserved 1048576K
2018-12-13T20:54:09.724+0100: 245.100: [GC (Allocation Failure) 2018-12-13T20:54:09.724+0100: 245.100: [ParNew
Desired survivor size 80510976 bytes, new threshold 8 (max 8)
- age   1:    6541960 bytes,    6541960 total
- age   2:    4519256 bytes,   11061216 total
- age   3:    1236488 bytes,   12297704 total
- age   4:    1070592 bytes,   13368296 total
- age   5:    1218336 bytes,   14586632 total
- age   6:    1029136 bytes,   15615768 total
- age   7:    1019472 bytes,   16635240 total
- age   8:    1059648 bytes,   17694888 total
: 364198K->23045K(436928K), 0.0094984 secs] 1033560K->693504K(2009792K), 0.0095695 secs] [Times: user=0.06 sys=0.00, real=0.01 secs] 
Heap after GC invocations=63 (full 1):
 par new generation   total 436928K, used 23045K [0x0000000080000000, 0x00000000a0000000, 0x00000000a0000000)
  eden space 349568K,   0% used [0x0000000080000000, 0x0000000080000000, 0x0000000095560000)
  from space 87360K,  26% used [0x000000009aab0000, 0x000000009c1315a8, 0x00000000a0000000)
  to   space 87360K,   0% used [0x0000000095560000, 0x0000000095560000, 0x000000009aab0000)
 concurrent mark-sweep generation total 1572864K, used 670458K [0x00000000a0000000, 0x0000000100000000, 0x0000000100000000)
 Metaspace       used 35785K, capacity 36608K, committed 36856K, reserved 1081344K
  class space    used 4018K, capacity 4314K, committed 4344K, reserved 1048576K
}
2018-12-13T20:54:09.734+0100: 245.109: Total time for which application threads were stopped: 0.0098500 seconds, Stopping threads took: 0.0000774 seconds
{Heap before GC invocations=63 (full 1):
 par new generation   total 436928K, used 372613K [0x0000000080000000, 0x00000000a0000000, 0x00000000a0000000)
  eden space 349568K, 100% used [0x0000000080000000, 0x0000000095560000, 0x0000000095560000)
  from space 87360K,  26% used [0x000000009aab0000, 0x000000009c1315a8, 0x00000000a0000000)
  to   space 87360K,   0% used [0x0000000095560000, 0x0000000095560000, 0x000000009aab0000)
 concurrent mark-sweep generation total 1572864K, used 670458K [0x00000000a0000000, 0x0000000100000000, 0x0000000100000000)
 Metaspace       used 35785K, capacity 36608K, committed 36856K, reserved 1081344K
  class space    used 4018K, capacity 4314K, committed 4344K, reserved 1048576K
2018-12-13T20:54:10.334+0100: 245.709: [GC (Allocation Failure) 2018-12-13T20:54:10.334+0100: 245.709: [ParNew
Desired survivor size 80510976 bytes, new threshold 8 (max 8)
- age   1:    2203136 bytes,    2203136 total
- age   2:    5937856 bytes,    8140992 total
- age   3:    4519256 bytes,   12660248 total
- age   4:    1236488 bytes,   13896736 total
- age   5:    1070592 bytes,   14967328 total
- age   6:    1218336 bytes,   16185664 total
- age   7:    1029136 bytes,   17214800 total
- age   8:    1019472 bytes,   18234272 total
: 372613K->22601K(436928K), 0.0094651 secs] 1043072K->694095K(2009792K), 0.0095271 secs] [Times: user=0.05 sys=0.00, real=0.01 secs] 
Heap after GC invocations=64 (full 1):
 par new generation   total 436928K, used 22601K [0x0000000080000000, 0x00000000a0000000, 0x00000000a0000000)
  eden space 349568K,   0% used [0x0000000080000000, 0x0000000080000000, 0x0000000095560000)
  from space 87360K,  25% used [0x0000000095560000, 0x0000000096b72690, 0x000000009aab0000)
  to   space 87360K,   0% used [0x000000009aab0000, 0x000000009aab0000, 0x00000000a0000000)
 concurrent mark-sweep generation total 1572864K, used 671493K [0x00000000a0000000, 0x0000000100000000, 0x0000000100000000)
 Metaspace       used 35785K, capacity 36608K, committed 36856K, reserved 1081344K
  class space    used 4018K, capacity 4314K, committed 4344K, reserved 1048576K
}
2018-12-13T20:54:10.343+0100: 245.719: Total time for which application threads were stopped: 0.0097348 seconds, Stopping threads took: 0.0000284 seconds
{Heap before GC invocations=64 (full 1):
 par new generation   total 436928K, used 372169K [0x0000000080000000, 0x00000000a0000000, 0x00000000a0000000)
  eden space 349568K, 100% used [0x0000000080000000, 0x0000000095560000, 0x0000000095560000)
  from space 87360K,  25% used [0x0000000095560000, 0x0000000096b72690, 0x000000009aab0000)
  to   space 87360K,   0% used [0x000000009aab0000, 0x000000009aab0000, 0x00000000a0000000)
 concurrent mark-sweep generation total 1572864K, used 671493K [0x00000000a0000000, 0x0000000100000000, 0x0000000100000000)
 Metaspace       used 35785K, capacity 36608K, committed 36856K, reserved 1081344K
  class space    used 4018K, capacity 4314K, committed 4344K, reserved 1048576K
2018-12-13T20:54:10.951+0100: 246.327: [GC (Allocation Failure) 2018-12-13T20:54:10.951+0100: 246.327: [ParNew
Desired survivor size 80510976 bytes, new threshold 8 (max 8)
- age   1:    2188760 bytes,    2188760 total
- age   2:    1131096 bytes,    3319856 total
- age   3:    5937856 bytes,    9257712 total
- age   4:    4817144 bytes,   14074856 total
- age   5:    1236488 bytes,   15311344 total
- age   6:    1070592 bytes,   16381936 total
- age   7:    1218336 bytes,   17600272 total
- age   8:    1029104 bytes,   18629376 total
: 372169K->27280K(436928K), 0.0083714 secs] 1043663K->699770K(2009792K), 0.0084369 secs] [Times: user=0.00 sys=0.00, real=0.01 secs] 
Heap after GC invocations=65 (full 1):
 par new generation   total 436928K, used 27280K [0x0000000080000000, 0x00000000a0000000, 0x00000000a0000000)
  eden space 349568K,   0% used [0x0000000080000000, 0x0000000080000000, 0x0000000095560000)
  from space 87360K,  31% used [0x000000009aab0000, 0x000000009c554258, 0x00000000a0000000)
  to   space 87360K,   0% used [0x0000000095560000, 0x0000000095560000, 0x000000009aab0000)
 concurrent mark-sweep generation total 1572864K, used 672489K [0x00000000a0000000, 0x0000000100000000, 0x0000000100000000)
 Metaspace       used 35785K, capacity 36608K, committed 36856K, reserved 1081344K
  class space    used 4018K, capacity 4314K, committed 4344K, reserved 1048576K
}
2018-12-13T20:54:10.960+0100: 246.335: Total time for which application threads were stopped: 0.0086749 seconds, Stopping threads took: 0.0000273 seconds
2018-12-13T20:54:11.315+0100: 246.690: Total time for which application threads were stopped: 0.0002000 seconds, Stopping threads took: 0.0001044 seconds
{Heap before GC invocations=65 (full 1):
 par new generation   total 436928K, used 376848K [0x0000000080000000, 0x00000000a0000000, 0x00000000a0000000)
  eden space 349568K, 100% used [0x0000000080000000, 0x0000000095560000, 0x0000000095560000)
  from space 87360K,  31% used [0x000000009aab0000, 0x000000009c554258, 0x00000000a0000000)
  to   space 87360K,   0% used [0x0000000095560000, 0x0000000095560000, 0x000000009aab0000)
 concurrent mark-sweep generation total 1572864K, used 672489K [0x00000000a0000000, 0x0000000100000000, 0x0000000100000000)
 Metaspace       used 35785K, capacity 36608K, committed 36856K, reserved 1081344K
  class space    used 4018K, capacity 4314K, committed 4344K, reserved 1048576K
2018-12-13T20:54:11.597+0100: 246.973: [GC (Allocation Failure) 2018-12-13T20:54:11.597+0100: 246.973: [ParNew
Desired survivor size 80510976 bytes, new threshold 8 (max 8)
- age   1:    2655304 bytes,    2655304 total
- age   2:     980008 bytes,    3635312 total
- age   3:     999480 bytes,    4634792 total
- age   4:    5903880 bytes,   10538672 total
- age   5:    4519256 bytes,   15057928 total
- age   6:    1236488 bytes,   16294416 total
- age   7:    1070592 bytes,   17365008 total
- age   8:    1218336 bytes,   18583344 total
: 376848K->20931K(436928K), 0.0089540 secs] 1049338K->694426K(2009792K), 0.0090106 secs] [Times: user=0.05 sys=0.00, real=0.01 secs] 
Heap after GC invocations=66 (full 1):
 par new generation   total 436928K, used 20931K [0x0000000080000000, 0x00000000a0000000, 0x00000000a0000000)
  eden space 349568K,   0% used [0x0000000080000000, 0x0000000080000000, 0x0000000095560000)
  from space 87360K,  23% used [0x0000000095560000, 0x00000000969d0ee0, 0x000000009aab0000)
  to   space 87360K,   0% used [0x000000009aab0000, 0x000000009aab0000, 0x00000000a0000000)
 concurrent mark-sweep generation total 1572864K, used 673495K [0x00000000a0000000, 0x0000000100000000, 0x0000000100000000)
 Metaspace       used 35785K, capacity 36608K, committed 36856K, reserved 1081344K
  class space    used 4018K, capacity 4314K, committed 4344K, reserved 1048576K
}
2018-12-13T20:54:11.606+0100: 246.982: Total time for which application threads were stopped: 0.0092174 seconds, Stopping threads took: 0.0000293 seconds
{Heap before GC invocations=66 (full 1):
 par new generation   total 436928K, used 370499K [0x0000000080000000, 0x00000000a0000000, 0x00000000a0000000)
  eden space 349568K, 100% used [0x0000000080000000, 0x0000000095560000, 0x0000000095560000)
  from space 87360K,  23% used [0x0000000095560000, 0x00000000969d0ee0, 0x000000009aab0000)
  to   space 87360K,   0% used [0x000000009aab0000, 0x000000009aab0000, 0x00000000a0000000)
 concurrent mark-sweep generation total 1572864K, used 673495K [0x00000000a0000000, 0x0000000100000000, 0x0000000100000000)
 Metaspace       used 35786K, capacity 36608K, committed 36856K, reserved 1081344K
  class space    used 4018K, capacity 4314K, committed 4344K, reserved 1048576K
2018-12-13T20:54:12.229+0100: 247.605: [GC (Allocation Failure) 2018-12-13T20:54:12.229+0100: 247.605: [ParNew
Desired survivor size 80510976 bytes, new threshold 8 (max 8)
- age   1:    2313624 bytes,    2313624 total
- age   2:    1216608 bytes,    3530232 total
- age   3:     946168 bytes,    4476400 total
- age   4:     999480 bytes,    5475880 total
- age   5:    5904192 bytes,   11380072 total
- age   6:    4519256 bytes,   15899328 total
- age   7:    1236488 bytes,   17135816 total
- age   8:    1070560 bytes,   18206376 total
: 370499K->23556K(436928K), 0.0073016 secs] 1043994K->698241K(2009792K), 0.0073668 secs] [Times: user=0.00 sys=0.00, real=0.01 secs] 
Heap after GC invocations=67 (full 1):
 par new generation   total 436928K, used 23556K [0x0000000080000000, 0x00000000a0000000, 0x00000000a0000000)
  eden space 349568K,   0% used [0x0000000080000000, 0x0000000080000000, 0x0000000095560000)
  from space 87360K,  26% used [0x000000009aab0000, 0x000000009c1b1030, 0x00000000a0000000)
  to   space 87360K,   0% used [0x0000000095560000, 0x0000000095560000, 0x000000009aab0000)
 concurrent mark-sweep generation total 1572864K, used 674685K [0x00000000a0000000, 0x0000000100000000, 0x0000000100000000)
 Metaspace       used 35786K, capacity 36608K, committed 36856K, reserved 1081344K
  class space    used 4018K, capacity 4314K, committed 4344K, reserved 1048576K
}
2018-12-13T20:54:12.236+0100: 247.612: Total time for which application threads were stopped: 0.0075753 seconds, Stopping threads took: 0.0000284 seconds
{Heap before GC invocations=67 (full 1):
 par new generation   total 436928K, used 373124K [0x0000000080000000, 0x00000000a0000000, 0x00000000a0000000)
  eden space 349568K, 100% used [0x0000000080000000, 0x0000000095560000, 0x0000000095560000)
  from space 87360K,  26% used [0x000000009aab0000, 0x000000009c1b1030, 0x00000000a0000000)
  to   space 87360K,   0% used [0x0000000095560000, 0x0000000095560000, 0x000000009aab0000)
 concurrent mark-sweep generation total 1572864K, used 674685K [0x00000000a0000000, 0x0000000100000000, 0x0000000100000000)
 Metaspace       used 35786K, capacity 36608K, committed 36856K, reserved 1081344K
  class space    used 4018K, capacity 4314K, committed 4344K, reserved 1048576K
2018-12-13T20:54:12.838+0100: 248.214: [GC (Allocation Failure) 2018-12-13T20:54:12.838+0100: 248.214: [ParNew
Desired survivor size 80510976 bytes, new threshold 8 (max 8)
- age   1:    2740248 bytes,    2740248 total
- age   2:    1019496 bytes,    3759744 total
- age   3:    1213296 bytes,    4973040 total
- age   4:     946168 bytes,    5919208 total
- age   5:     966696 bytes,    6885904 total
- age   6:    5885376 bytes,   12771280 total
- age   7:    4519256 bytes,   17290536 total
- age   8:    1236488 bytes,   18527024 total
: 373124K->21186K(436928K), 0.0091099 secs] 1047809K->696917K(2009792K), 0.0091636 secs] [Times: user=0.00 sys=0.00, real=0.01 secs] 
Heap after GC invocations=68 (full 1):
 par new generation   total 436928K, used 21186K [0x0000000080000000, 0x00000000a0000000, 0x00000000a0000000)
  eden space 349568K,   0% used [0x0000000080000000, 0x0000000080000000, 0x0000000095560000)
  from space 87360K,  24% used [0x0000000095560000, 0x0000000096a10a00, 0x000000009aab0000)
  to   space 87360K,   0% used [0x000000009aab0000, 0x000000009aab0000, 0x00000000a0000000)
 concurrent mark-sweep generation total 1572864K, used 675731K [0x00000000a0000000, 0x0000000100000000, 0x0000000100000000)
 Metaspace       used 35786K, capacity 36608K, committed 36856K, reserved 1081344K
  class space    used 4018K, capacity 4314K, committed 4344K, reserved 1048576K
}
2018-12-13T20:54:12.847+0100: 248.223: Total time for which application threads were stopped: 0.0093795 seconds, Stopping threads took: 0.0000358 seconds
{Heap before GC invocations=68 (full 1):
 par new generation   total 436928K, used 370754K [0x0000000080000000, 0x00000000a0000000, 0x00000000a0000000)
  eden space 349568K, 100% used [0x0000000080000000, 0x0000000095560000, 0x0000000095560000)
  from space 87360K,  24% used [0x0000000095560000, 0x0000000096a10a00, 0x000000009aab0000)
  to   space 87360K,   0% used [0x000000009aab0000, 0x000000009aab0000, 0x00000000a0000000)
 concurrent mark-sweep generation total 1572864K, used 675731K [0x00000000a0000000, 0x0000000100000000, 0x0000000100000000)
 Metaspace       used 35787K, capacity 36608K, committed 36856K, reserved 1081344K
  class space    used 4018K, capacity 4314K, committed 4344K, reserved 1048576K
2018-12-13T20:54:13.459+0100: 248.835: [GC (Allocation Failure) 2018-12-13T20:54:13.459+0100: 248.835: [ParNew
Desired survivor size 80510976 bytes, new threshold 8 (max 8)
- age   1:    3329760 bytes,    3329760 total
- age   2:    1192432 bytes,    4522192 total
- age   3:    1018824 bytes,    5541016 total
- age   4:     949056 bytes,    6490072 total
- age   5:     946168 bytes,    7436240 total
- age   6:     958488 bytes,    8394728 total
- age   7:    5885376 bytes,   14280104 total
- age   8:    4519256 bytes,   18799360 total
: 370754K->24326K(436928K), 0.0170327 secs] 1046485K->701266K(2009792K), 0.0170930 secs] [Times: user=0.06 sys=0.00, real=0.02 secs] 
Heap after GC invocations=69 (full 1):
 par new generation   total 436928K, used 24326K [0x0000000080000000, 0x00000000a0000000, 0x00000000a0000000)
  eden space 349568K,   0% used [0x0000000080000000, 0x0000000080000000, 0x0000000095560000)
  from space 87360K,  27% used [0x000000009aab0000, 0x000000009c271ba0, 0x00000000a0000000)
  to   space 87360K,   0% used [0x0000000095560000, 0x0000000095560000, 0x000000009aab0000)
 concurrent mark-sweep generation total 1572864K, used 676939K [0x00000000a0000000, 0x0000000100000000, 0x0000000100000000)
 Metaspace       used 35787K, capacity 36608K, committed 36856K, reserved 1081344K
  class space    used 4018K, capacity 4314K, committed 4344K, reserved 1048576K
}
2018-12-13T20:54:13.476+0100: 248.852: Total time for which application threads were stopped: 0.0173263 seconds, Stopping threads took: 0.0000438 seconds
{Heap before GC invocations=69 (full 1):
 par new generation   total 436928K, used 373894K [0x0000000080000000, 0x00000000a0000000, 0x00000000a0000000)
  eden space 349568K, 100% used [0x0000000080000000, 0x0000000095560000, 0x0000000095560000)
  from space 87360K,  27% used [0x000000009aab0000, 0x000000009c271ba0, 0x00000000a0000000)
  to   space 87360K,   0% used [0x0000000095560000, 0x0000000095560000, 0x000000009aab0000)
 concurrent mark-sweep generation total 1572864K, used 676939K [0x00000000a0000000, 0x0000000100000000, 0x0000000100000000)
 Metaspace       used 35787K, capacity 36608K, committed 36856K, reserved 1081344K
  class space    used 4018K, capacity 4314K, committed 4344K, reserved 1048576K
2018-12-13T20:54:14.114+0100: 249.489: [GC (Allocation Failure) 2018-12-13T20:54:14.114+0100: 249.489: [ParNew
Desired survivor size 80510976 bytes, new threshold 8 (max 8)
- age   1:    3249936 bytes,    3249936 total
- age   2:    1478960 bytes,    4728896 total
- age   3:    1027160 bytes,    5756056 total
- age   4:    1018824 bytes,    6774880 total
- age   5:     949056 bytes,    7723936 total
- age   6:     946168 bytes,    8670104 total
- age   7:     958488 bytes,    9628592 total
- age   8:    5885376 bytes,   15513968 total
: 373894K->19655K(436928K), 0.0110890 secs] 1050834K->701008K(2009792K), 0.0111470 secs] [Times: user=0.03 sys=0.00, real=0.01 secs] 
Heap after GC invocations=70 (full 1):
 par new generation   total 436928K, used 19655K [0x0000000080000000, 0x00000000a0000000, 0x00000000a0000000)
  eden space 349568K,   0% used [0x0000000080000000, 0x0000000080000000, 0x0000000095560000)
  from space 87360K,  22% used [0x0000000095560000, 0x0000000096891d48, 0x000000009aab0000)
  to   space 87360K,   0% used [0x000000009aab0000, 0x000000009aab0000, 0x00000000a0000000)
 concurrent mark-sweep generation total 1572864K, used 681352K [0x00000000a0000000, 0x0000000100000000, 0x0000000100000000)
 Metaspace       used 35787K, capacity 36608K, committed 36856K, reserved 1081344K
  class space    used 4018K, capacity 4314K, committed 4344K, reserved 1048576K
}
2018-12-13T20:54:14.125+0100: 249.500: Total time for which application threads were stopped: 0.0113498 seconds, Stopping threads took: 0.0000270 seconds
{Heap before GC invocations=70 (full 1):
 par new generation   total 436928K, used 369223K [0x0000000080000000, 0x00000000a0000000, 0x00000000a0000000)
  eden space 349568K, 100% used [0x0000000080000000, 0x0000000095560000, 0x0000000095560000)
  from space 87360K,  22% used [0x0000000095560000, 0x0000000096891d48, 0x000000009aab0000)
  to   space 87360K,   0% used [0x000000009aab0000, 0x000000009aab0000, 0x00000000a0000000)
 concurrent mark-sweep generation total 1572864K, used 681352K [0x00000000a0000000, 0x0000000100000000, 0x0000000100000000)
 Metaspace       used 35787K, capacity 36608K, committed 36856K, reserved 1081344K
  class space    used 4018K, capacity 4314K, committed 4344K, reserved 1048576K
2018-12-13T20:54:14.748+0100: 250.123: [GC (Allocation Failure) 2018-12-13T20:54:14.748+0100: 250.123: [ParNew
Desired survivor size 80510976 bytes, new threshold 8 (max 8)
- age   1:    3438240 bytes,    3438240 total
- age   2:     937328 bytes,    4375568 total
- age   3:    1478960 bytes,    5854528 total
- age   4:    1027080 bytes,    6881608 total
- age   5:    1018824 bytes,    7900432 total
- age   6:     949056 bytes,    8849488 total
- age   7:     946168 bytes,    9795656 total
- age   8:     958488 bytes,   10754144 total
: 369223K->16960K(436928K), 0.0161467 secs] 1050576K->704176K(2009792K), 0.0162539 secs] [Times: user=0.03 sys=0.00, real=0.02 secs] 
Heap after GC invocations=71 (full 1):
 par new generation   total 436928K, used 16960K [0x0000000080000000, 0x00000000a0000000, 0x00000000a0000000)
  eden space 349568K,   0% used [0x0000000080000000, 0x0000000080000000, 0x0000000095560000)
  from space 87360K,  19% used [0x000000009aab0000, 0x000000009bb40110, 0x00000000a0000000)
  to   space 87360K,   0% used [0x0000000095560000, 0x0000000095560000, 0x000000009aab0000)
 concurrent mark-sweep generation total 1572864K, used 687215K [0x00000000a0000000, 0x0000000100000000, 0x0000000100000000)
 Metaspace       used 35787K, capacity 36608K, committed 36856K, reserved 1081344K
  class space    used 4018K, capacity 4314K, committed 4344K, reserved 1048576K
}
2018-12-13T20:54:14.764+0100: 250.139: Total time for which application threads were stopped: 0.0164940 seconds, Stopping threads took: 0.0000657 seconds
2018-12-13T20:54:15.316+0100: 250.691: Total time for which application threads were stopped: 0.0001465 seconds, Stopping threads took: 0.0000427 seconds
{Heap before GC invocations=71 (full 1):
 par new generation   total 436928K, used 366528K [0x0000000080000000, 0x00000000a0000000, 0x00000000a0000000)
  eden space 349568K, 100% used [0x0000000080000000, 0x0000000095560000, 0x0000000095560000)
  from space 87360K,  19% used [0x000000009aab0000, 0x000000009bb40110, 0x00000000a0000000)
  to   space 87360K,   0% used [0x0000000095560000, 0x0000000095560000, 0x000000009aab0000)
 concurrent mark-sweep generation total 1572864K, used 687215K [0x00000000a0000000, 0x0000000100000000, 0x0000000100000000)
 Metaspace       used 35787K, capacity 36608K, committed 36856K, reserved 1081344K
  class space    used 4018K, capacity 4314K, committed 4344K, reserved 1048576K
2018-12-13T20:54:15.371+0100: 250.746: [GC (Allocation Failure) 2018-12-13T20:54:15.371+0100: 250.746: [ParNew
Desired survivor size 80510976 bytes, new threshold 8 (max 8)
- age   1:    3294840 bytes,    3294840 total
- age   2:    1373768 bytes,    4668608 total
- age   3:     913200 bytes,    5581808 total
- age   4:    1477968 bytes,    7059776 total
- age   5:    1027080 bytes,    8086856 total
- age   6:     951192 bytes,    9038048 total
- age   7:     949056 bytes,    9987104 total
- age   8:     946168 bytes,   10933272 total
: 366528K->12431K(436928K), 0.0065277 secs] 1053744K->700583K(2009792K), 0.0065820 secs] [Times: user=0.00 sys=0.00, real=0.01 secs] 
Heap after GC invocations=72 (full 1):
 par new generation   total 436928K, used 12431K [0x0000000080000000, 0x00000000a0000000, 0x00000000a0000000)
  eden space 349568K,   0% used [0x0000000080000000, 0x0000000080000000, 0x0000000095560000)
  from space 87360K,  14% used [0x0000000095560000, 0x0000000096183d00, 0x000000009aab0000)
  to   space 87360K,   0% used [0x000000009aab0000, 0x000000009aab0000, 0x00000000a0000000)
 concurrent mark-sweep generation total 1572864K, used 688151K [0x00000000a0000000, 0x0000000100000000, 0x0000000100000000)
 Metaspace       used 35787K, capacity 36608K, committed 36856K, reserved 1081344K
  class space    used 4018K, capacity 4314K, committed 4344K, reserved 1048576K
}
2018-12-13T20:54:15.378+0100: 250.753: Total time for which application threads were stopped: 0.0067814 seconds, Stopping threads took: 0.0000307 seconds
{Heap before GC invocations=72 (full 1):
 par new generation   total 436928K, used 361999K [0x0000000080000000, 0x00000000a0000000, 0x00000000a0000000)
  eden space 349568K, 100% used [0x0000000080000000, 0x0000000095560000, 0x0000000095560000)
  from space 87360K,  14% used [0x0000000095560000, 0x0000000096183d00, 0x000000009aab0000)
  to   space 87360K,   0% used [0x000000009aab0000, 0x000000009aab0000, 0x00000000a0000000)
 concurrent mark-sweep generation total 1572864K, used 688151K [0x00000000a0000000, 0x0000000100000000, 0x0000000100000000)
 Metaspace       used 35787K, capacity 36608K, committed 36856K, reserved 1081344K
  class space    used 4018K, capacity 4314K, committed 4344K, reserved 1048576K
2018-12-13T20:54:15.967+0100: 251.342: [GC (Allocation Failure) 2018-12-13T20:54:15.967+0100: 251.342: [ParNew
Desired survivor size 80510976 bytes, new threshold 8 (max 8)
- age   1:    3768264 bytes,    3768264 total
- age   2:    1132440 bytes,    4900704 total
- age   3:     943624 bytes,    5844328 total
- age   4:     913200 bytes,    6757528 total
- age   5:    1477968 bytes,    8235496 total
- age   6:    1027080 bytes,    9262576 total
- age   7:     951192 bytes,   10213768 total
- age   8:     949056 bytes,   11162824 total
: 361999K->14631K(436928K), 0.0070616 secs] 1050151K->703707K(2009792K), 0.0071188 secs] [Times: user=0.05 sys=0.00, real=0.01 secs] 
Heap after GC invocations=73 (full 1):
 par new generation   total 436928K, used 14631K [0x0000000080000000, 0x00000000a0000000, 0x00000000a0000000)
  eden space 349568K,   0% used [0x0000000080000000, 0x0000000080000000, 0x0000000095560000)
  from space 87360K,  16% used [0x000000009aab0000, 0x000000009b8f9c28, 0x00000000a0000000)
  to   space 87360K,   0% used [0x0000000095560000, 0x0000000095560000, 0x000000009aab0000)
 concurrent mark-sweep generation total 1572864K, used 689076K [0x00000000a0000000, 0x0000000100000000, 0x0000000100000000)
 Metaspace       used 35787K, capacity 36608K, committed 36856K, reserved 1081344K
  class space    used 4018K, capacity 4314K, committed 4344K, reserved 1048576K
}
2018-12-13T20:54:15.974+0100: 251.349: Total time for which application threads were stopped: 0.0073204 seconds, Stopping threads took: 0.0000287 seconds
{Heap before GC invocations=73 (full 1):
 par new generation   total 436928K, used 364199K [0x0000000080000000, 0x00000000a0000000, 0x00000000a0000000)
  eden space 349568K, 100% used [0x0000000080000000, 0x0000000095560000, 0x0000000095560000)
  from space 87360K,  16% used [0x000000009aab0000, 0x000000009b8f9c28, 0x00000000a0000000)
  to   space 87360K,   0% used [0x0000000095560000, 0x0000000095560000, 0x000000009aab0000)
 concurrent mark-sweep generation total 1572864K, used 689076K [0x00000000a0000000, 0x0000000100000000, 0x0000000100000000)
 Metaspace       used 35788K, capacity 36608K, committed 36856K, reserved 1081344K
  class space    used 4018K, capacity 4314K, committed 4344K, reserved 1048576K
2018-12-13T20:54:16.608+0100: 251.983: [GC (Allocation Failure) 2018-12-13T20:54:16.608+0100: 251.983: [ParNew
Desired survivor size 80510976 bytes, new threshold 8 (max 8)
- age   1:    2570872 bytes,    2570872 total
- age   2:    2939408 bytes,    5510280 total
- age   3:    1132464 bytes,    6642744 total
- age   4:     943488 bytes,    7586232 total
- age   5:     905776 bytes,    8492008 total
- age   6:     953664 bytes,    9445672 total
- age   7:    1027080 bytes,   10472752 total
- age   8:     951192 bytes,   11423944 total
: 364199K->13649K(436928K), 0.0065664 secs] 1053275K->703652K(2009792K), 0.0066198 secs] [Times: user=0.05 sys=0.00, real=0.01 secs] 
Heap after GC invocations=74 (full 1):
 par new generation   total 436928K, used 13649K [0x0000000080000000, 0x00000000a0000000, 0x00000000a0000000)
  eden space 349568K,   0% used [0x0000000080000000, 0x0000000080000000, 0x0000000095560000)
  from space 87360K,  15% used [0x0000000095560000, 0x00000000962b4450, 0x000000009aab0000)
  to   space 87360K,   0% used [0x000000009aab0000, 0x000000009aab0000, 0x00000000a0000000)
 concurrent mark-sweep generation total 1572864K, used 690003K [0x00000000a0000000, 0x0000000100000000, 0x0000000100000000)
 Metaspace       used 35788K, capacity 36608K, committed 36856K, reserved 1081344K
  class space    used 4018K, capacity 4314K, committed 4344K, reserved 1048576K
}
2018-12-13T20:54:16.614+0100: 251.989: Total time for which application threads were stopped: 0.0068417 seconds, Stopping threads took: 0.0000540 seconds
2018-12-13T20:54:17.614+0100: 252.989: Total time for which application threads were stopped: 0.0001391 seconds, Stopping threads took: 0.0000427 seconds
2018-12-13T20:54:17.873+0100: 253.248: Total time for which application threads were stopped: 0.0001903 seconds, Stopping threads took: 0.0000976 seconds
2018-12-13T20:54:18.855+0100: 254.230: Total time for which application threads were stopped: 0.0001280 seconds, Stopping threads took: 0.0000293 seconds
2018-12-13T20:54:21.316+0100: 256.691: Total time for which application threads were stopped: 0.0001229 seconds, Stopping threads took: 0.0000395 seconds
2018-12-13T20:54:22.855+0100: 258.230: Total time for which application threads were stopped: 0.0001303 seconds, Stopping threads took: 0.0000509 seconds
2018-12-13T20:54:28.855+0100: 264.230: Total time for which application threads were stopped: 0.0001399 seconds, Stopping threads took: 0.0000552 seconds
2018-12-13T20:54:29.316+0100: 264.691: Total time for which application threads were stopped: 0.0001101 seconds, Stopping threads took: 0.0000375 seconds
2018-12-13T20:54:39.317+0100: 274.692: Total time for which application threads were stopped: 0.0001084 seconds, Stopping threads took: 0.0000404 seconds
2018-12-13T20:54:46.856+0100: 282.231: Total time for which application threads were stopped: 0.0001277 seconds, Stopping threads took: 0.0000592 seconds
2018-12-13T20:54:51.318+0100: 286.692: Total time for which application threads were stopped: 0.0001010 seconds, Stopping threads took: 0.0000361 seconds
2018-12-13T20:54:58.857+0100: 294.232: Total time for which application threads were stopped: 0.0001417 seconds, Stopping threads took: 0.0000540 seconds
2018-12-13T20:55:05.318+0100: 300.693: Total time for which application threads were stopped: 0.0001092 seconds, Stopping threads took: 0.0000412 seconds
2018-12-13T20:55:12.858+0100: 308.233: Total time for which application threads were stopped: 0.0000996 seconds, Stopping threads took: 0.0000381 seconds
2018-12-13T20:55:21.319+0100: 316.694: Total time for which application threads were stopped: 0.0001015 seconds, Stopping threads took: 0.0000432 seconds
2018-12-13T21:12:53.380+0100: 1368.748: Total time for which application threads were stopped: 0.0000950 seconds, Stopping threads took: 0.0000319 seconds
2018-12-13T21:13:05.380+0100: 1380.748: Total time for which application threads were stopped: 0.0000998 seconds, Stopping threads took: 0.0000412 seconds
2018-12-13T21:49:35.505+0100: 3570.860: Total time for which application threads were stopped: 0.0001021 seconds, Stopping threads took: 0.0000404 seconds
2018-12-13T21:53:28.519+0100: 3803.872: Total time for which application threads were stopped: 0.0001132 seconds, Stopping threads took: 0.0000481 seconds
2018-12-13T22:06:12.563+0100: 4567.911: Total time for which application threads were stopped: 0.0001135 seconds, Stopping threads took: 0.0000478 seconds
2018-12-13T22:06:35.564+0100: 4590.912: Total time for which application threads were stopped: 0.0001004 seconds, Stopping threads took: 0.0000364 seconds
2018-12-13T22:57:05.737+0100: 7621.066: Total time for which application threads were stopped: 0.0001115 seconds, Stopping threads took: 0.00