Java HotSpot(TM) 64-Bit Server VM (25.171-b11) for windows-amd64 JRE (1.8.0_171-b11), built on Mar 28 2018 16:06:12 by "java_re" with MS VC++ 10.0 (VS2010)
Memory: 4k page, physical 16684372k(7142488k free), swap 19174740k(8856024k free)
CommandLine flags: -XX:CMSInitiatingOccupancyFraction=50 -XX:CMSMaxAbortablePrecleanTime=6000 -XX:+CMSParallelRemarkEnabled -XX:+CMSScavengeBeforeRemark -XX:ConcGCThreads=4 -XX:InitialHeapSize=536870912 -XX:MaxHeapSize=536870912 -XX:MaxTenuringThreshold=8 -XX:NewRatio=3 -XX:OldPLABSize=16 -XX:ParallelGCThreads=4 -XX:+ParallelRefProcEnabled -XX:PretenureSizeThreshold=67108864 -XX:+PrintGC -XX:+PrintGCApplicationStoppedTime -XX:+PrintGCDateStamps -XX:+PrintGCDetails -XX:+PrintGCTimeStamps -XX:+PrintHeapAtGC -XX:+PrintTenuringDistribution -XX:SurvivorRatio=4 -XX:TargetSurvivorRatio=90 -XX:ThreadStackSize=256 -XX:+UseCMSInitiatingOccupancyOnly -XX:+UseCompressedClassPointers -XX:+UseCompressedOops -XX:+UseConcMarkSweepGC -XX:-UseLargePagesIndividualAllocation -XX:+UseParNewGC 
2018-09-27T17:54:13.095+0200: 0.426: Total time for which application threads were stopped: 0.0002217 seconds, Stopping threads took: 0.0000363 seconds
2018-09-27T17:54:13.296+0200: 0.627: Total time for which application threads were stopped: 0.0001293 seconds, Stopping threads took: 0.0000188 seconds
2018-09-27T17:54:13.299+0200: 0.630: Total time for which application threads were stopped: 0.0001256 seconds, Stopping threads took: 0.0000219 seconds
2018-09-27T17:54:13.358+0200: 0.689: Total time for which application threads were stopped: 0.0001700 seconds, Stopping threads took: 0.0000298 seconds
2018-09-27T17:54:13.376+0200: 0.707: Total time for which application threads were stopped: 0.0002186 seconds, Stopping threads took: 0.0000349 seconds
2018-09-27T17:54:13.398+0200: 0.729: Total time for which application threads were stopped: 0.0001796 seconds, Stopping threads took: 0.0000400 seconds
{Heap before GC invocations=0 (full 0):
 par new generation   total 109248K, used 87424K [0x00000000e0000000, 0x00000000e8000000, 0x00000000e8000000)
  eden space 87424K, 100% used [0x00000000e0000000, 0x00000000e5560000, 0x00000000e5560000)
  from space 21824K,   0% used [0x00000000e5560000, 0x00000000e5560000, 0x00000000e6ab0000)
  to   space 21824K,   0% used [0x00000000e6ab0000, 0x00000000e6ab0000, 0x00000000e8000000)
 concurrent mark-sweep generation total 393216K, used 0K [0x00000000e8000000, 0x0000000100000000, 0x0000000100000000)
 Metaspace       used 10224K, capacity 10402K, committed 10496K, reserved 1058816K
  class space    used 1174K, capacity 1214K, committed 1280K, reserved 1048576K
2018-09-27T17:54:13.979+0200: 1.310: [GC (Allocation Failure) 2018-09-27T17:54:13.979+0200: 1.310: [ParNew
Desired survivor size 20112992 bytes, new threshold 8 (max 8)
- age   1:    5776552 bytes,    5776552 total
: 87424K->5703K(109248K), 0.0055807 secs] 87424K->5703K(502464K), 0.0057815 secs] [Times: user=0.00 sys=0.00, real=0.01 secs] 
Heap after GC invocations=1 (full 0):
 par new generation   total 109248K, used 5703K [0x00000000e0000000, 0x00000000e8000000, 0x00000000e8000000)
  eden space 87424K,   0% used [0x00000000e0000000, 0x00000000e0000000, 0x00000000e5560000)
  from space 21824K,  26% used [0x00000000e6ab0000, 0x00000000e7041eb0, 0x00000000e8000000)
  to   space 21824K,   0% used [0x00000000e5560000, 0x00000000e5560000, 0x00000000e6ab0000)
 concurrent mark-sweep generation total 393216K, used 0K [0x00000000e8000000, 0x0000000100000000, 0x0000000100000000)
 Metaspace       used 10224K, capacity 10402K, committed 10496K, reserved 1058816K
  class space    used 1174K, capacity 1214K, committed 1280K, reserved 1048576K
}
2018-09-27T17:54:13.985+0200: 1.315: Total time for which application threads were stopped: 0.0059666 seconds, Stopping threads took: 0.0000250 seconds
2018-09-27T17:54:14.108+0200: 1.438: Total time for which application threads were stopped: 0.0001570 seconds, Stopping threads took: 0.0000226 seconds
2018-09-27T17:54:14.336+0200: 1.667: Total time for which application threads were stopped: 0.0002306 seconds, Stopping threads took: 0.0000243 seconds
2018-09-27T17:54:14.337+0200: 1.668: Total time for which application threads were stopped: 0.0001050 seconds, Stopping threads took: 0.0000151 seconds
2018-09-27T17:54:14.340+0200: 1.671: Total time for which application threads were stopped: 0.0001392 seconds, Stopping threads took: 0.0000154 seconds
2018-09-27T17:54:14.490+0200: 1.821: Total time for which application threads were stopped: 0.0002042 seconds, Stopping threads took: 0.0000246 seconds
2018-09-27T17:54:14.722+0200: 2.052: Total time for which application threads were stopped: 0.0003804 seconds, Stopping threads took: 0.0001427 seconds
{Heap before GC invocations=1 (full 0):
 par new generation   total 109248K, used 93127K [0x00000000e0000000, 0x00000000e8000000, 0x00000000e8000000)
  eden space 87424K, 100% used [0x00000000e0000000, 0x00000000e5560000, 0x00000000e5560000)
  from space 21824K,  26% used [0x00000000e6ab0000, 0x00000000e7041eb0, 0x00000000e8000000)
  to   space 21824K,   0% used [0x00000000e5560000, 0x00000000e5560000, 0x00000000e6ab0000)
 concurrent mark-sweep generation total 393216K, used 0K [0x00000000e8000000, 0x0000000100000000, 0x0000000100000000)
 Metaspace       used 20401K, capacity 20774K, committed 21120K, reserved 1067008K
  class space    used 2424K, capacity 2563K, committed 2688K, reserved 1048576K
2018-09-27T17:54:14.862+0200: 2.193: [GC (Allocation Failure) 2018-09-27T17:54:14.862+0200: 2.193: [ParNew
Desired survivor size 20112992 bytes, new threshold 8 (max 8)
- age   1:    9069808 bytes,    9069808 total
- age   2:    2558752 bytes,   11628560 total
: 93127K->13221K(109248K), 0.0090553 secs] 93127K->13221K(502464K), 0.0092400 secs] [Times: user=0.00 sys=0.00, real=0.01 secs] 
Heap after GC invocations=2 (full 0):
 par new generation   total 109248K, used 13221K [0x00000000e0000000, 0x00000000e8000000, 0x00000000e8000000)
  eden space 87424K,   0% used [0x00000000e0000000, 0x00000000e0000000, 0x00000000e5560000)
  from space 21824K,  60% used [0x00000000e5560000, 0x00000000e6249420, 0x00000000e6ab0000)
  to   space 21824K,   0% used [0x00000000e6ab0000, 0x00000000e6ab0000, 0x00000000e8000000)
 concurrent mark-sweep generation total 393216K, used 0K [0x00000000e8000000, 0x0000000100000000, 0x0000000100000000)
 Metaspace       used 20401K, capacity 20774K, committed 21120K, reserved 1067008K
  class space    used 2424K, capacity 2563K, committed 2688K, reserved 1048576K
}
2018-09-27T17:54:14.871+0200: 2.202: Total time for which application threads were stopped: 0.0101087 seconds, Stopping threads took: 0.0005713 seconds
2018-09-27T17:54:14.878+0200: 2.210: Total time for which application threads were stopped: 0.0003558 seconds, Stopping threads took: 0.0000520 seconds
2018-09-27T17:54:14.899+0200: 2.230: Total time for which application threads were stopped: 0.0001413 seconds, Stopping threads took: 0.0000455 seconds
2018-09-27T17:54:14.920+0200: 2.252: Total time for which application threads were stopped: 0.0003284 seconds, Stopping threads took: 0.0000322 seconds
2018-09-27T17:54:14.931+0200: 2.262: Total time for which application threads were stopped: 0.0002012 seconds, Stopping threads took: 0.0001249 seconds
2018-09-27T17:54:14.956+0200: 2.287: Total time for which application threads were stopped: 0.0001355 seconds, Stopping threads took: 0.0000356 seconds
2018-09-27T17:54:14.986+0200: 2.318: Total time for which application threads were stopped: 0.0002905 seconds, Stopping threads took: 0.0000311 seconds
2018-09-27T17:54:15.032+0200: 2.363: Total time for which application threads were stopped: 0.0003500 seconds, Stopping threads took: 0.0000284 seconds
2018-09-27T17:54:15.058+0200: 2.389: Total time for which application threads were stopped: 0.0001184 seconds, Stopping threads took: 0.0000318 seconds
2018-09-27T17:54:15.107+0200: 2.438: Total time for which application threads were stopped: 0.0001413 seconds, Stopping threads took: 0.0000277 seconds
2018-09-27T17:54:15.155+0200: 2.486: Total time for which application threads were stopped: 0.0000982 seconds, Stopping threads took: 0.0000253 seconds
2018-09-27T17:54:15.207+0200: 2.538: Total time for which application threads were stopped: 0.0001187 seconds, Stopping threads took: 0.0000332 seconds
2018-09-27T17:54:15.223+0200: 2.554: Total time for which application threads were stopped: 0.0000862 seconds, Stopping threads took: 0.0000274 seconds
{Heap before GC invocations=2 (full 0):
 par new generation   total 109248K, used 100645K [0x00000000e0000000, 0x00000000e8000000, 0x00000000e8000000)
  eden space 87424K, 100% used [0x00000000e0000000, 0x00000000e5560000, 0x00000000e5560000)
  from space 21824K,  60% used [0x00000000e5560000, 0x00000000e6249420, 0x00000000e6ab0000)
  to   space 21824K,   0% used [0x00000000e6ab0000, 0x00000000e6ab0000, 0x00000000e8000000)
 concurrent mark-sweep generation total 393216K, used 0K [0x00000000e8000000, 0x0000000100000000, 0x0000000100000000)
 Metaspace       used 23288K, capacity 23696K, committed 23876K, reserved 1071104K
  class space    used 2790K, capacity 2918K, committed 2968K, reserved 1048576K
2018-09-27T17:54:15.240+0200: 2.571: [GC (Allocation Failure) 2018-09-27T17:54:15.240+0200: 2.571: [ParNew
Desired survivor size 20112992 bytes, new threshold 8 (max 8)
- age   1:    3888384 bytes,    3888384 total
- age   2:    3354312 bytes,    7242696 total
- age   3:    2549544 bytes,    9792240 total
: 100645K->14191K(109248K), 0.0071028 secs] 100645K->14191K(502464K), 0.0072030 secs] [Times: user=0.00 sys=0.00, real=0.01 secs] 
Heap after GC invocations=3 (full 0):
 par new generation   total 109248K, used 14191K [0x00000000e0000000, 0x00000000e8000000, 0x00000000e8000000)
  eden space 87424K,   0% used [0x00000000e0000000, 0x00000000e0000000, 0x00000000e5560000)
  from space 21824K,  65% used [0x00000000e6ab0000, 0x00000000e788bf80, 0x00000000e8000000)
  to   space 21824K,   0% used [0x00000000e5560000, 0x00000000e5560000, 0x00000000e6ab0000)
 concurrent mark-sweep generation total 393216K, used 0K [0x00000000e8000000, 0x0000000100000000, 0x0000000100000000)
 Metaspace       used 23288K, capacity 23696K, committed 23876K, reserved 1071104K
  class space    used 2790K, capacity 2918K, committed 2968K, reserved 1048576K
}
2018-09-27T17:54:15.247+0200: 2.578: Total time for which application threads were stopped: 0.0073762 seconds, Stopping threads took: 0.0000250 seconds
2018-09-27T17:54:15.247+0200: 2.578: [GC (CMS Initial Mark) [1 CMS-initial-mark: 0K(393216K)] 14980K(502464K), 0.0017623 secs] [Times: user=0.00 sys=0.00, real=0.00 secs] 
2018-09-27T17:54:15.249+0200: 2.580: Total time for which application threads were stopped: 0.0019248 seconds, Stopping threads took: 0.0000390 seconds
2018-09-27T17:54:15.249+0200: 2.580: [CMS-concurrent-mark-start]
2018-09-27T17:54:15.249+0200: 2.580: [CMS-concurrent-mark: 0.000/0.000 secs] [Times: user=0.00 sys=0.00, real=0.00 secs] 
2018-09-27T17:54:15.249+0200: 2.580: [CMS-concurrent-preclean-start]
2018-09-27T17:54:15.250+0200: 2.581: [CMS-concurrent-preclean: 0.001/0.001 secs] [Times: user=0.00 sys=0.00, real=0.00 secs] 
2018-09-27T17:54:15.250+0200: 2.581: [GC (CMS Final Remark) [YG occupancy: 14980 K (109248 K)]{Heap before GC invocations=3 (full 1):
 par new generation   total 109248K, used 14980K [0x00000000e0000000, 0x00000000e8000000, 0x00000000e8000000)
  eden space 87424K,   0% used [0x00000000e0000000, 0x00000000e00c5168, 0x00000000e5560000)
  from space 21824K,  65% used [0x00000000e6ab0000, 0x00000000e788bf80, 0x00000000e8000000)
  to   space 21824K,   0% used [0x00000000e5560000, 0x00000000e5560000, 0x00000000e6ab0000)
 concurrent mark-sweep generation total 393216K, used 0K [0x00000000e8000000, 0x0000000100000000, 0x0000000100000000)
 Metaspace       used 23290K, capacity 23696K, committed 23876K, reserved 1071104K
  class space    used 2791K, capacity 2918K, committed 2968K, reserved 1048576K
2018-09-27T17:54:15.250+0200: 2.581: [GC (CMS Final Remark) 2018-09-27T17:54:15.250+0200: 2.581: [ParNew
Desired survivor size 20112992 bytes, new threshold 8 (max 8)
- age   1:       2120 bytes,       2120 total
- age   2:    1693872 bytes,    1695992 total
- age   3:    3354616 bytes,    5050608 total
- age   4:    2549816 bytes,    7600424 total
: 14980K->10414K(109248K), 0.0062239 secs] 14980K->10414K(502464K), 0.0063026 secs] [Times: user=0.06 sys=0.00, real=0.01 secs] 
Heap after GC invocations=4 (full 1):
 par new generation   total 109248K, used 10414K [0x00000000e0000000, 0x00000000e8000000, 0x00000000e8000000)
  eden space 87424K,   0% used [0x00000000e0000000, 0x00000000e0000000, 0x00000000e5560000)
  from space 21824K,  47% used [0x00000000e5560000, 0x00000000e5f8bb68, 0x00000000e6ab0000)
  to   space 21824K,   0% used [0x00000000e6ab0000, 0x00000000e6ab0000, 0x00000000e8000000)
 concurrent mark-sweep generation total 393216K, used 0K [0x00000000e8000000, 0x0000000100000000, 0x0000000100000000)
 Metaspace       used 23290K, capacity 23696K, committed 23876K, reserved 1071104K
  class space    used 2791K, capacity 2918K, committed 2968K, reserved 1048576K
}
2018-09-27T17:54:15.257+0200: 2.588: [Rescan (parallel) , 0.0018481 secs]2018-09-27T17:54:15.259+0200: 2.590: [weak refs processing, 0.0003113 secs]2018-09-27T17:54:15.259+0200: 2.590: [class unloading, 0.0026443 secs]2018-09-27T17:54:15.262+0200: 2.593: [scrub symbol table, 0.0031390 secs]2018-09-27T17:54:15.265+0200: 2.596: [scrub string table, 0.0002675 secs][1 CMS-remark: 0K(393216K)] 10414K(502464K), 0.0152768 secs] [Times: user=0.06 sys=0.00, real=0.02 secs] 
2018-09-27T17:54:15.266+0200: 2.597: Total time for which application threads were stopped: 0.0153781 seconds, Stopping threads took: 0.0000373 seconds
2018-09-27T17:54:15.266+0200: 2.597: [CMS-concurrent-sweep-start]
2018-09-27T17:54:15.266+0200: 2.597: [CMS-concurrent-sweep: 0.000/0.000 secs] [Times: user=0.00 sys=0.00, real=0.00 secs] 
2018-09-27T17:54:15.266+0200: 2.597: [CMS-concurrent-reset-start]
2018-09-27T17:54:15.268+0200: 2.599: [CMS-concurrent-reset: 0.002/0.002 secs] [Times: user=0.05 sys=0.02, real=0.00 secs] 
2018-09-27T17:54:15.451+0200: 2.782: Total time for which application threads were stopped: 0.0003021 seconds, Stopping threads took: 0.0000229 seconds
{Heap before GC invocations=4 (full 1):
 par new generation   total 109248K, used 92918K [0x00000000e0000000, 0x00000000e8000000, 0x00000000e8000000)
  eden space 87424K,  94% used [0x00000000e0000000, 0x00000000e5091ef8, 0x00000000e5560000)
  from space 21824K,  47% used [0x00000000e5560000, 0x00000000e5f8bb68, 0x00000000e6ab0000)
  to   space 21824K,   0% used [0x00000000e6ab0000, 0x00000000e6ab0000, 0x00000000e8000000)
 concurrent mark-sweep generation total 393216K, used 0K [0x00000000e8000000, 0x0000000100000000, 0x0000000100000000)
 Metaspace       used 23670K, capacity 24144K, committed 24516K, reserved 1071104K
  class space    used 2840K, capacity 2982K, committed 3096K, reserved 1048576K
2018-09-27T17:54:15.965+0200: 3.295: [GC (Allocation Failure) 2018-09-27T17:54:15.965+0200: 3.295: [ParNew
Desired survivor size 20112992 bytes, new threshold 5 (max 8)
- age   1:   14750760 bytes,   14750760 total
- age   2:        136 bytes,   14750896 total
- age   3:    1597648 bytes,   16348544 total
- age   4:    3346736 bytes,   19695280 total
- age   5:    2549432 bytes,   22244712 total
: 92918K->21824K(109248K), 0.0892536 secs] 92918K->37384K(502464K), 0.0893271 secs] [Times: user=0.34 sys=0.02, real=0.09 secs] 
Heap after GC invocations=5 (full 1):
 par new generation   total 109248K, used 21824K [0x00000000e0000000, 0x00000000e8000000, 0x00000000e8000000)
  eden space 87424K,   0% used [0x00000000e0000000, 0x00000000e0000000, 0x00000000e5560000)
  from space 21824K, 100% used [0x00000000e6ab0000, 0x00000000e8000000, 0x00000000e8000000)
  to   space 21824K,   0% used [0x00000000e5560000, 0x00000000e5560000, 0x00000000e6ab0000)
 concurrent mark-sweep generation total 393216K, used 15560K [0x00000000e8000000, 0x0000000100000000, 0x0000000100000000)
 Metaspace       used 23670K, capacity 24144K, committed 24516K, reserved 1071104K
  class space    used 2840K, capacity 2982K, committed 3096K, reserved 1048576K
}
2018-09-27T17:54:16.054+0200: 3.385: Total time for which application threads were stopped: 0.0895464 seconds, Stopping threads took: 0.0000222 seconds
2018-09-27T17:54:16.152+0200: 3.482: Total time for which application threads were stopped: 0.0003332 seconds, Stopping threads took: 0.0000328 seconds
2018-09-27T17:54:16.264+0200: 3.594: Total time for which application threads were stopped: 0.0003626 seconds, Stopping threads took: 0.0000322 seconds
{Heap before GC invocations=5 (full 1):
 par new generation   total 109248K, used 109248K [0x00000000e0000000, 0x00000000e8000000, 0x00000000e8000000)
  eden space 87424K, 100% used [0x00000000e0000000, 0x00000000e5560000, 0x00000000e5560000)
  from space 21824K, 100% used [0x00000000e6ab0000, 0x00000000e8000000, 0x00000000e8000000)
  to   space 21824K,   0% used [0x00000000e5560000, 0x00000000e5560000, 0x00000000e6ab0000)
 concurrent mark-sweep generation total 393216K, used 15560K [0x00000000e8000000, 0x0000000100000000, 0x0000000100000000)
 Metaspace       used 23896K, capacity 24368K, committed 24772K, reserved 1071104K
  class space    used 2862K, capacity 3014K, committed 3096K, reserved 1048576K
2018-09-27T17:54:16.567+0200: 3.897: [GC (Allocation Failure) 2018-09-27T17:54:16.567+0200: 3.897: [ParNew
Desired survivor size 20112992 bytes, new threshold 5 (max 8)
- age   1:   13261960 bytes,   13261960 total
- age   2:    4155640 bytes,   17417600 total
- age   3:        136 bytes,   17417736 total
- age   4:    1583080 bytes,   19000816 total
- age   5:    3346712 bytes,   22347528 total
: 109248K->21824K(109248K), 0.0635677 secs] 124808K->64170K(502464K), 0.0637093 secs] [Times: user=0.23 sys=0.00, real=0.06 secs] 
Heap after GC invocations=6 (full 1):
 par new generation   total 109248K, used 21824K [0x00000000e0000000, 0x00000000e8000000, 0x00000000e8000000)
  eden space 87424K,   0% used [0x00000000e0000000, 0x00000000e0000000, 0x00000000e5560000)
  from space 21824K, 100% used [0x00000000e5560000, 0x00000000e6ab0000, 0x00000000e6ab0000)
  to   space 21824K,   0% used [0x00000000e6ab0000, 0x00000000e6ab0000, 0x00000000e8000000)
 concurrent mark-sweep generation total 393216K, used 42346K [0x00000000e8000000, 0x0000000100000000, 0x0000000100000000)
 Metaspace       used 23896K, capacity 24368K, committed 24772K, reserved 1071104K
  class space    used 2862K, capacity 3014K, committed 3096K, reserved 1048576K
}
2018-09-27T17:54:16.630+0200: 3.961: Total time for which application threads were stopped: 0.0639115 seconds, Stopping threads took: 0.0000308 seconds
2018-09-27T17:54:16.812+0200: 4.142: Total time for which application threads were stopped: 0.0003096 seconds, Stopping threads took: 0.0000287 seconds
2018-09-27T17:54:17.215+0200: 4.546: Total time for which application threads were stopped: 0.0003236 seconds, Stopping threads took: 0.0000270 seconds
{Heap before GC invocations=6 (full 1):
 par new generation   total 109248K, used 109248K [0x00000000e0000000, 0x00000000e8000000, 0x00000000e8000000)
  eden space 87424K, 100% used [0x00000000e0000000, 0x00000000e5560000, 0x00000000e5560000)
  from space 21824K, 100% used [0x00000000e5560000, 0x00000000e6ab0000, 0x00000000e6ab0000)
  to   space 21824K,   0% used [0x00000000e6ab0000, 0x00000000e6ab0000, 0x00000000e8000000)
 concurrent mark-sweep generation total 393216K, used 42346K [0x00000000e8000000, 0x0000000100000000, 0x0000000100000000)
 Metaspace       used 24149K, capacity 24560K, committed 24772K, reserved 1071104K
  class space    used 2888K, capacity 3014K, committed 3096K, reserved 1048576K
2018-09-27T17:54:17.226+0200: 4.557: [GC (Allocation Failure) 2018-09-27T17:54:17.226+0200: 4.557: [ParNew
Desired survivor size 20112992 bytes, new threshold 3 (max 8)
- age   1:    7730416 bytes,    7730416 total
- age   2:    8879096 bytes,   16609512 total
- age   3:    4155600 bytes,   20765112 total
- age   4:        136 bytes,   20765248 total
- age   5:    1582416 bytes,   22347664 total
: 109248K->21824K(109248K), 0.0704765 secs] 151594K->94360K(502464K), 0.0705644 secs] [Times: user=0.24 sys=0.02, real=0.07 secs] 
Heap after GC invocations=7 (full 1):
 par new generation   total 109248K, used 21824K [0x00000000e0000000, 0x00000000e8000000, 0x00000000e8000000)
  eden space 87424K,   0% used [0x00000000e0000000, 0x00000000e0000000, 0x00000000e5560000)
  from space 21824K, 100% used [0x00000000e6ab0000, 0x00000000e8000000, 0x00000000e8000000)
  to   space 21824K,   0% used [0x00000000e5560000, 0x00000000e5560000, 0x00000000e6ab0000)
 concurrent mark-sweep generation total 393216K, used 72536K [0x00000000e8000000, 0x0000000100000000, 0x0000000100000000)
 Metaspace       used 24149K, capacity 24560K, committed 24772K, reserved 1071104K
  class space    used 2888K, capacity 3014K, committed 3096K, reserved 1048576K
}
2018-09-27T17:54:17.297+0200: 4.628: Total time for which application threads were stopped: 0.0707403 seconds, Stopping threads took: 0.0000267 seconds
2018-09-27T17:54:17.297+0200: 4.628: Total time for which application threads were stopped: 0.0001191 seconds, Stopping threads took: 0.0000387 seconds
2018-09-27T17:54:17.297+0200: 4.628: Total time for which application threads were stopped: 0.0000742 seconds, Stopping threads took: 0.0000291 seconds
2018-09-27T17:54:17.297+0200: 4.628: Total time for which application threads were stopped: 0.0000818 seconds, Stopping threads took: 0.0000404 seconds
2018-09-27T17:54:17.298+0200: 4.629: Total time for which application threads were stopped: 0.0000561 seconds, Stopping threads took: 0.0000246 seconds
2018-09-27T17:54:17.298+0200: 4.629: Total time for which application threads were stopped: 0.0000407 seconds, Stopping threads took: 0.0000144 seconds
2018-09-27T17:54:17.298+0200: 4.629: Total time for which application threads were stopped: 0.0000537 seconds, Stopping threads took: 0.0000219 seconds
2018-09-27T17:54:17.298+0200: 4.629: Total time for which application threads were stopped: 0.0000568 seconds, Stopping threads took: 0.0000229 seconds
2018-09-27T17:54:17.298+0200: 4.629: Total time for which application threads were stopped: 0.0000910 seconds, Stopping threads took: 0.0000541 seconds
2018-09-27T17:54:17.298+0200: 4.629: Total time for which application threads were stopped: 0.0001095 seconds, Stopping threads took: 0.0000852 seconds
2018-09-27T17:54:17.298+0200: 4.629: Total time for which application threads were stopped: 0.0000630 seconds, Stopping threads took: 0.0000147 seconds
2018-09-27T17:54:17.298+0200: 4.630: Total time for which application threads were stopped: 0.0000551 seconds, Stopping threads took: 0.0000212 seconds
2018-09-27T17:54:17.299+0200: 4.630: Total time for which application threads were stopped: 0.0000561 seconds, Stopping threads took: 0.0000140 seconds
2018-09-27T17:54:17.299+0200: 4.630: Total time for which application threads were stopped: 0.0000996 seconds, Stopping threads took: 0.0000708 seconds
2018-09-27T17:54:17.299+0200: 4.630: Total time for which application threads were stopped: 0.0000770 seconds, Stopping threads took: 0.0000445 seconds
2018-09-27T17:54:17.299+0200: 4.630: Total time for which application threads were stopped: 0.0001030 seconds, Stopping threads took: 0.0000650 seconds
2018-09-27T17:54:17.299+0200: 4.630: Total time for which application threads were stopped: 0.0000541 seconds, Stopping threads took: 0.0000198 seconds
2018-09-27T17:54:17.299+0200: 4.630: Total time for which application threads were stopped: 0.0000736 seconds, Stopping threads took: 0.0000520 seconds
2018-09-27T17:54:17.299+0200: 4.631: Total time for which application threads were stopped: 0.0000547 seconds, Stopping threads took: 0.0000229 seconds
2018-09-27T17:54:17.300+0200: 4.631: Total time for which application threads were stopped: 0.0000985 seconds, Stopping threads took: 0.0000742 seconds
2018-09-27T17:54:17.308+0200: 4.639: Total time for which application threads were stopped: 0.0002816 seconds, Stopping threads took: 0.0000188 seconds
2018-09-27T17:54:17.350+0200: 4.681: Total time for which application threads were stopped: 0.0000999 seconds, Stopping threads took: 0.0000328 seconds
2018-09-27T17:54:17.467+0200: 4.797: Total time for which application threads were stopped: 0.0002128 seconds, Stopping threads took: 0.0001156 seconds
2018-09-27T17:54:17.495+0200: 4.825: Total time for which application threads were stopped: 0.0002976 seconds, Stopping threads took: 0.0000212 seconds
2018-09-27T17:54:17.546+0200: 4.877: Total time for which application threads were stopped: 0.0001221 seconds, Stopping threads took: 0.0000486 seconds
2018-09-27T17:54:17.578+0200: 4.908: Total time for which application threads were stopped: 0.0000763 seconds, Stopping threads took: 0.0000339 seconds
2018-09-27T17:54:17.578+0200: 4.908: Total time for which application threads were stopped: 0.0000281 seconds, Stopping threads took: 0.0000144 seconds
2018-09-27T17:54:17.578+0200: 4.908: Total time for which application threads were stopped: 0.0000236 seconds, Stopping threads took: 0.0000099 seconds
2018-09-27T17:54:17.578+0200: 4.908: Total time for which application threads were stopped: 0.0000219 seconds, Stopping threads took: 0.0000092 seconds
2018-09-27T17:54:24.788+0200: 12.118: Total time for which application threads were stopped: 0.0001122 seconds, Stopping threads took: 0.0000452 seconds
2018-09-27T17:54:24.788+0200: 12.118: Total time for which application threads were stopped: 0.0000896 seconds, Stopping threads took: 0.0000342 seconds
2018-09-27T17:54:24.789+0200: 12.119: Total time for which application threads were stopped: 0.0000831 seconds, Stopping threads took: 0.0000270 seconds
2018-09-27T17:54:24.789+0200: 12.119: Total time for which application threads were stopped: 0.0000855 seconds, Stopping threads took: 0.0000301 seconds
2018-09-27T17:54:24.792+0200: 12.122: Total time for which application threads were stopped: 0.0001119 seconds, Stopping threads took: 0.0000499 seconds
2018-09-27T17:54:24.837+0200: 12.167: Total time for which application threads were stopped: 0.0001071 seconds, Stopping threads took: 0.0000417 seconds
2018-09-27T17:54:24.837+0200: 12.167: Total time for which application threads were stopped: 0.0000674 seconds, Stopping threads took: 0.0000219 seconds
2018-09-27T17:54:24.837+0200: 12.168: Total time for which application threads were stopped: 0.0000708 seconds, Stopping threads took: 0.0000236 seconds
2018-09-27T17:54:24.838+0200: 12.168: Total time for which application threads were stopped: 0.0000606 seconds, Stopping threads took: 0.0000185 seconds
2018-09-27T17:54:24.839+0200: 12.169: Total time for which application threads were stopped: 0.0001895 seconds, Stopping threads took: 0.0001303 seconds
2018-09-27T17:54:24.839+0200: 12.170: Total time for which application threads were stopped: 0.0001998 seconds, Stopping threads took: 0.0001492 seconds
2018-09-27T17:54:24.841+0200: 12.172: Total time for which application threads were stopped: 0.0002337 seconds, Stopping threads took: 0.0000592 seconds
2018-09-27T17:54:24.856+0200: 12.187: Total time for which application threads were stopped: 0.0012898 seconds, Stopping threads took: 0.0011923 seconds
2018-09-27T17:54:24.863+0200: 12.194: Total time for which application threads were stopped: 0.0001002 seconds, Stopping threads took: 0.0000414 seconds
2018-09-27T17:54:24.864+0200: 12.195: Total time for which application threads were stopped: 0.0001013 seconds, Stopping threads took: 0.0000335 seconds
2018-09-27T17:54:24.866+0200: 12.197: Total time for which application threads were stopped: 0.0000982 seconds, Stopping threads took: 0.0000328 seconds
2018-09-27T17:54:24.866+0200: 12.197: Total time for which application threads were stopped: 0.0000773 seconds, Stopping threads took: 0.0000236 seconds
2018-09-27T17:54:24.868+0200: 12.200: Total time for which application threads were stopped: 0.0001115 seconds, Stopping threads took: 0.0000390 seconds
2018-09-27T17:54:24.869+0200: 12.200: Total time for which application threads were stopped: 0.0001020 seconds, Stopping threads took: 0.0000332 seconds
2018-09-27T17:54:24.872+0200: 12.203: Total time for which application threads were stopped: 0.0001221 seconds, Stopping threads took: 0.0000397 seconds
2018-09-27T17:54:24.874+0200: 12.205: Total time for which application threads were stopped: 0.0001457 seconds, Stopping threads took: 0.0000298 seconds
2018-09-27T17:54:24.876+0200: 12.207: Total time for which application threads were stopped: 0.0001225 seconds, Stopping threads took: 0.0000441 seconds
2018-09-27T17:54:24.876+0200: 12.207: Total time for which application threads were stopped: 0.0000872 seconds, Stopping threads took: 0.0000339 seconds
2018-09-27T17:54:24.877+0200: 12.208: Total time for which application threads were stopped: 0.0003671 seconds, Stopping threads took: 0.0002925 seconds
2018-09-27T17:54:24.877+0200: 12.208: Total time for which application threads were stopped: 0.0000855 seconds, Stopping threads took: 0.0000188 seconds
2018-09-27T17:54:24.877+0200: 12.208: Total time for which application threads were stopped: 0.0001403 seconds, Stopping threads took: 0.0000705 seconds
2018-09-27T17:54:24.877+0200: 12.209: Total time for which application threads were stopped: 0.0001581 seconds, Stopping threads took: 0.0000872 seconds
2018-09-27T17:54:24.878+0200: 12.209: Total time for which application threads were stopped: 0.0000852 seconds, Stopping threads took: 0.0000352 seconds
2018-09-27T17:54:24.881+0200: 12.212: Total time for which application threads were stopped: 0.0001351 seconds, Stopping threads took: 0.0000660 seconds
2018-09-27T17:54:24.881+0200: 12.212: Total time for which application threads were stopped: 0.0001557 seconds, Stopping threads took: 0.0000691 seconds
2018-09-27T17:54:24.882+0200: 12.213: Total time for which application threads were stopped: 0.0001074 seconds, Stopping threads took: 0.0000294 seconds
2018-09-27T17:54:24.885+0200: 12.216: Total time for which application threads were stopped: 0.0001112 seconds, Stopping threads took: 0.0000376 seconds
2018-09-27T17:54:24.885+0200: 12.216: Total time for which application threads were stopped: 0.0000876 seconds, Stopping threads took: 0.0000298 seconds
2018-09-27T17:54:24.885+0200: 12.216: Total time for which application threads were stopped: 0.0000900 seconds, Stopping threads took: 0.0000267 seconds
2018-09-27T17:54:24.886+0200: 12.217: Total time for which application threads were stopped: 0.0001030 seconds, Stopping threads took: 0.0000366 seconds
2018-09-27T17:54:24.889+0200: 12.220: Total time for which application threads were stopped: 0.0001204 seconds, Stopping threads took: 0.0000493 seconds
2018-09-27T17:54:24.889+0200: 12.221: Total time for which application threads were stopped: 0.0001368 seconds, Stopping threads took: 0.0000783 seconds
2018-09-27T17:54:24.894+0200: 12.225: Total time for which application threads were stopped: 0.0001358 seconds, Stopping threads took: 0.0000527 seconds
2018-09-27T17:54:24.896+0200: 12.227: Total time for which application threads were stopped: 0.0001115 seconds, Stopping threads took: 0.0000441 seconds
2018-09-27T17:54:24.899+0200: 12.231: Total time for which application threads were stopped: 0.0001112 seconds, Stopping threads took: 0.0000414 seconds
2018-09-27T17:54:25.130+0200: 12.461: Total time for which application threads were stopped: 0.0001187 seconds, Stopping threads took: 0.0000517 seconds
2018-09-27T17:54:25.140+0200: 12.471: Total time for which application threads were stopped: 0.0001252 seconds, Stopping threads took: 0.0000458 seconds
2018-09-27T17:54:25.142+0200: 12.473: Total time for which application threads were stopped: 0.0001143 seconds, Stopping threads took: 0.0000417 seconds
2018-09-27T17:54:25.150+0200: 12.481: Total time for which application threads were stopped: 0.0001184 seconds, Stopping threads took: 0.0000380 seconds
2018-09-27T17:54:25.158+0200: 12.489: Total time for which application threads were stopped: 0.0004509 seconds, Stopping threads took: 0.0002149 seconds
2018-09-27T17:54:25.161+0200: 12.492: Total time for which application threads were stopped: 0.0001177 seconds, Stopping threads took: 0.0000520 seconds
2018-09-27T17:54:25.169+0200: 12.500: Total time for which application threads were stopped: 0.0001173 seconds, Stopping threads took: 0.0000267 seconds
2018-09-27T17:54:25.194+0200: 12.525: Total time for which application threads were stopped: 0.0001238 seconds, Stopping threads took: 0.0000407 seconds
2018-09-27T17:54:25.208+0200: 12.539: Total time for which application threads were stopped: 0.0001163 seconds, Stopping threads took: 0.0000325 seconds
2018-09-27T17:54:25.244+0200: 12.575: Total time for which application threads were stopped: 0.0062838 seconds, Stopping threads took: 0.0061791 seconds
2018-09-27T17:54:25.245+0200: 12.576: Total time for which application threads were stopped: 0.0001522 seconds, Stopping threads took: 0.0000346 seconds
2018-09-27T17:54:25.246+0200: 12.577: Total time for which application threads were stopped: 0.0001006 seconds, Stopping threads took: 0.0000390 seconds
2018-09-27T17:54:25.246+0200: 12.577: Total time for which application threads were stopped: 0.0000575 seconds, Stopping threads took: 0.0000212 seconds
2018-09-27T17:54:25.263+0200: 12.594: Total time for which application threads were stopped: 0.0001033 seconds, Stopping threads took: 0.0000328 seconds
2018-09-27T17:54:25.263+0200: 12.594: Total time for which application threads were stopped: 0.0000493 seconds, Stopping threads took: 0.0000147 seconds
2018-09-27T17:54:25.263+0200: 12.594: Total time for which application threads were stopped: 0.0000551 seconds, Stopping threads took: 0.0000168 seconds
2018-09-27T17:54:25.263+0200: 12.594: Total time for which application threads were stopped: 0.0000469 seconds, Stopping threads took: 0.0000140 seconds
2018-09-27T17:54:25.263+0200: 12.594: Total time for which application threads were stopped: 0.0000448 seconds, Stopping threads took: 0.0000133 seconds
2018-09-27T17:54:25.263+0200: 12.594: Total time for which application threads were stopped: 0.0000534 seconds, Stopping threads took: 0.0000198 seconds
2018-09-27T17:54:25.264+0200: 12.595: Total time for which application threads were stopped: 0.0000431 seconds, Stopping threads took: 0.0000133 seconds
2018-09-27T17:54:25.264+0200: 12.595: Total time for which application threads were stopped: 0.0000647 seconds, Stopping threads took: 0.0000284 seconds
2018-09-27T17:54:25.264+0200: 12.595: Total time for which application threads were stopped: 0.0000565 seconds, Stopping threads took: 0.0000239 seconds
2018-09-27T17:54:26.265+0200: 13.595: Total time for which application threads were stopped: 0.0002785 seconds, Stopping threads took: 0.0000742 seconds
2018-09-27T17:54:28.034+0200: 15.364: Total time for which application threads were stopped: 0.0000920 seconds, Stopping threads took: 0.0000407 seconds
2018-09-27T17:54:28.057+0200: 15.388: Total time for which application threads were stopped: 0.0001020 seconds, Stopping threads took: 0.0000287 seconds
2018-09-27T17:54:28.058+0200: 15.388: Total time for which application threads were stopped: 0.0000886 seconds, Stopping threads took: 0.0000339 seconds
2018-09-27T17:54:28.088+0200: 15.418: Total time for which application threads were stopped: 0.0001020 seconds, Stopping threads took: 0.0000332 seconds
2018-09-27T17:54:28.091+0200: 15.422: Total time for which application threads were stopped: 0.0000753 seconds, Stopping threads took: 0.0000236 seconds
2018-09-27T17:56:05.206+0200: 112.538: Total time for which application threads were stopped: 0.0002645 seconds, Stopping threads took: 0.0000763 seconds
2018-09-27T17:56:08.070+0200: 115.401: Total time for which application threads were stopped: 0.0001998 seconds, Stopping threads took: 0.0000691 seconds
2018-09-27T17:56:08.094+0200: 115.425: Total time for which application threads were stopped: 0.0000920 seconds, Stopping threads took: 0.0000304 seconds
2018-09-27T17:57:15.206+0200: 182.537: Total time for which application threads were stopped: 0.0002056 seconds, Stopping threads took: 0.0000636 seconds
2018-09-27T17:57:15.207+0200: 182.537: Total time for which application threads were stopped: 0.0001478 seconds, Stopping threads took: 0.0000489 seconds
2018-09-27T17:57:15.273+0200: 182.604: Total time for which application threads were stopped: 0.0002005 seconds, Stopping threads took: 0.0000602 seconds
2018-09-27T17:57:15.274+0200: 182.604: Total time for which application threads were stopped: 0.0001406 seconds, Stopping threads took: 0.0000441 seconds
2018-09-27T18:11:19.061+0200: 1026.391: Total time for which application threads were stopped: 0.0000978 seconds, Stopping threads took: 0.0000298 seconds
2018-09-27T18:11:19.061+0200: 1026.391: Total time for which application threads were stopped: 0.0000421 seconds, Stopping threads took: 0.0000123 seconds
2018-09-27T18:11:19.063+0200: 1026.393: Total time for which application threads were stopped: 0.0000582 seconds, Stopping threads took: 0.0000178 seconds
2018-09-27T18:11:19.068+0200: 1026.398: Total time for which application threads were stopped: 0.0000975 seconds, Stopping threads took: 0.0000393 seconds
2018-09-27T18:11:19.069+0200: 1026.400: Total time for which application threads were stopped: 0.0000441 seconds, Stopping threads took: 0.0000144 seconds
2018-09-27T18:11:19.070+0200: 1026.400: Total time for which application threads were stopped: 0.0000653 seconds, Stopping threads took: 0.0000455 seconds
2018-09-27T18:11:19.070+0200: 1026.400: Total time for which application threads were stopped: 0.0000243 seconds, Stopping threads took: 0.0000092 seconds
2018-09-27T18:11:19.074+0200: 1026.404: Total time for which application threads were stopped: 0.0003941 seconds, Stopping threads took: 0.0000202 seconds
2018-09-27T18:11:19.095+0200: 1026.425: Total time for which application threads were stopped: 0.0000920 seconds, Stopping threads took: 0.0000260 seconds
2018-09-27T18:11:19.095+0200: 1026.426: Total time for which application threads were stopped: 0.0000479 seconds, Stopping threads took: 0.0000130 seconds
2018-09-27T18:12:44.002+0200: 1111.333: Total time for which application threads were stopped: 0.0000924 seconds, Stopping threads took: 0.0000311 seconds
2018-09-27T18:12:44.002+0200: 1111.333: Total time for which application threads were stopped: 0.0000660 seconds, Stopping threads took: 0.0000185 seconds
2018-09-27T18:12:44.004+0200: 1111.335: Total time for which application threads were stopped: 0.0000698 seconds, Stopping threads took: 0.0000287 seconds
2018-09-27T18:12:44.029+0200: 1111.360: Total time for which application threads were stopped: 0.0000951 seconds, Stopping threads took: 0.0000253 seconds
2018-09-27T18:12:44.029+0200: 1111.360: Total time for which application threads were stopped: 0.0000424 seconds, Stopping threads took: 0.0000133 seconds
2018-09-27T18:16:59.191+0200: 1366.522: Total time for which application threads were stopped: 0.0001728 seconds, Stopping threads took: 0.0000496 seconds
2018-09-27T18:16:59.191+0200: 1366.522: Total time for which application threads were stopped: 0.0000383 seconds, Stopping threads took: 0.0000127 seconds
2018-09-27T18:16:59.243+0200: 1366.575: Total time for which application threads were stopped: 0.0003589 seconds, Stopping threads took: 0.0000267 seconds
2018-09-27T18:16:59.414+0200: 1366.745: Total time for which application threads were stopped: 0.0004188 seconds, Stopping threads took: 0.0000325 seconds
2018-09-27T18:16:59.595+0200: 1366.926: Total time for which application threads were stopped: 0.0001023 seconds, Stopping threads took: 0.0000315 seconds
2018-09-27T18:16:59.605+0200: 1366.936: Total time for which application threads were stopped: 0.0001057 seconds, Stopping threads took: 0.0000397 seconds
2018-09-27T18:16:59.610+0200: 1366.941: Total time for which application threads were stopped: 0.0001126 seconds, Stopping threads took: 0.0000417 seconds
2018-09-27T18:16:59.611+0200: 1366.942: Total time for which application threads were stopped: 0.0000503 seconds, Stopping threads took: 0.0000168 seconds
2018-09-27T18:16:59.613+0200: 1366.944: Total time for which application threads were stopped: 0.0001002 seconds, Stopping threads took: 0.0000376 seconds
2018-09-27T18:16:59.824+0200: 1367.155: Total time for which application threads were stopped: 0.0002258 seconds, Stopping threads took: 0.0000452 seconds
2018-09-27T18:16:59.825+0200: 1367.155: Total time for which application threads were stopped: 0.0002463 seconds, Stopping threads took: 0.0000298 seconds
{Heap before GC invocations=7 (full 1):
 par new generation   total 109248K, used 109248K [0x00000000e0000000, 0x00000000e8000000, 0x00000000e8000000)
  eden space 87424K, 100% used [0x00000000e0000000, 0x00000000e5560000, 0x00000000e5560000)
  from space 21824K, 100% used [0x00000000e6ab0000, 0x00000000e8000000, 0x00000000e8000000)
  to   space 21824K,   0% used [0x00000000e5560000, 0x00000000e5560000, 0x00000000e6ab0000)
 concurrent mark-sweep generation total 393216K, used 72536K [0x00000000e8000000, 0x0000000100000000, 0x0000000100000000)
 Metaspace       used 30450K, capacity 30952K, committed 31172K, reserved 1077248K
  class space    used 3633K, capacity 3798K, committed 3864K, reserved 1048576K
2018-09-27T18:17:00.019+0200: 1367.349: [GC (Allocation Failure) 2018-09-27T18:17:00.019+0200: 1367.350: [ParNew
Desired survivor size 20112992 bytes, new threshold 3 (max 8)
- age   1:    7208608 bytes,    7208608 total
- age   2:    6852368 bytes,   14060976 total
- age   3:    8281736 bytes,   22342712 total
: 109248K->21824K(109248K), 0.0376885 secs] 181784K->106453K(502464K), 0.0377953 secs] [Times: user=0.13 sys=0.00, real=0.04 secs] 
Heap after GC invocations=8 (full 1):
 par new generation   total 109248K, used 21824K [0x00000000e0000000, 0x00000000e8000000, 0x00000000e8000000)
  eden space 87424K,   0% used [0x00000000e0000000, 0x00000000e0000000, 0x00000000e5560000)
  from space 21824K, 100% used [0x00000000e5560000, 0x00000000e6ab0000, 0x00000000e6ab0000)
  to   space 21824K,   0% used [0x00000000e6ab0000, 0x00000000e6ab0000, 0x00000000e8000000)
 concurrent mark-sweep generation total 393216K, used 84629K [0x00000000e8000000, 0x0000000100000000, 0x0000000100000000)
 Metaspace       used 30450K, capacity 30952K, committed 31172K, reserved 1077248K
  class space    used 3633K, capacity 3798K, committed 3864K, reserved 1048576K
}
2018-09-27T18:17:00.057+0200: 1367.387: Total time for which application threads were stopped: 0.0380392 seconds, Stopping threads took: 0.0000428 seconds
2018-09-27T18:17:00.058+0200: 1367.389: Total time for which application threads were stopped: 0.0002929 seconds, Stopping threads took: 0.0002419 seconds
2018-09-27T18:17:00.058+0200: 1367.389: Total time for which application threads were stopped: 0.0000695 seconds, Stopping threads took: 0.0000291 seconds
2018-09-27T18:17:00.059+0200: 1367.389: Total time for which application threads were stopped: 0.0001598 seconds, Stopping threads took: 0.0000397 seconds
2018-09-27T18:17:00.105+0200: 1367.436: Total time for which application threads were stopped: 0.0002063 seconds, Stopping threads took: 0.0000407 seconds
2018-09-27T18:17:00.106+0200: 1367.436: Total time for which application threads were stopped: 0.0001368 seconds, Stopping threads took: 0.0000284 seconds
2018-09-27T18:17:00.143+0200: 1367.474: Total time for which application threads were stopped: 0.0001098 seconds, Stopping threads took: 0.0000328 seconds
2018-09-27T18:17:00.143+0200: 1367.474: Total time for which application threads were stopped: 0.0000441 seconds, Stopping threads took: 0.0000116 seconds
2018-09-27T18:17:01.143+0200: 1368.473: Total time for which application threads were stopped: 0.0002251 seconds, Stopping threads took: 0.0000681 seconds
2018-09-27T18:17:31.358+0200: 1398.689: Total time for which application threads were stopped: 0.0000975 seconds, Stopping threads took: 0.0000342 seconds
2018-09-27T18:17:31.359+0200: 1398.689: Total time for which application threads were stopped: 0.0000558 seconds, Stopping threads took: 0.0000216 seconds
2018-09-27T18:17:31.359+0200: 1398.690: Total time for which application threads were stopped: 0.0000777 seconds, Stopping threads took: 0.0000291 seconds
2018-09-27T18:17:31.359+0200: 1398.690: Total time for which application threads were stopped: 0.0000486 seconds, Stopping threads took: 0.0000137 seconds
2018-09-27T18:17:31.359+0200: 1398.690: Total time for which application threads were stopped: 0.0000472 seconds, Stopping threads took: 0.0000144 seconds
2018-09-27T18:17:31.361+0200: 1398.692: Total time for which application threads were stopped: 0.0000753 seconds, Stopping threads took: 0.0000239 seconds
2018-09-27T18:17:31.719+0200: 1399.049: Total time for which application threads were stopped: 0.0001427 seconds, Stopping threads took: 0.0000517 seconds
2018-09-27T18:17:31.720+0200: 1399.050: Total time for which application threads were stopped: 0.0001215 seconds, Stopping threads took: 0.0000551 seconds
2018-09-27T18:17:31.722+0200: 1399.052: Total time for which application threads were stopped: 0.0001334 seconds, Stopping threads took: 0.0000482 seconds
2018-09-27T18:17:31.823+0200: 1399.153: Total time for which application threads were stopped: 0.0001280 seconds, Stopping threads took: 0.0000503 seconds
2018-09-27T18:17:31.823+0200: 1399.153: Total time for which application threads were stopped: 0.0000715 seconds, Stopping threads took: 0.0000325 seconds
2018-09-27T18:17:31.823+0200: 1399.153: Total time for which application threads were stopped: 0.0000746 seconds, Stopping threads took: 0.0000298 seconds
2018-09-27T18:17:31.828+0200: 1399.158: Total time for which application threads were stopped: 0.0001875 seconds, Stopping threads took: 0.0000688 seconds
2018-09-27T18:17:31.839+0200: 1399.170: Total time for which application threads were stopped: 0.0001297 seconds, Stopping threads took: 0.0000387 seconds
2018-09-27T18:17:31.840+0200: 1399.170: Total time for which application threads were stopped: 0.0000749 seconds, Stopping threads took: 0.0000318 seconds
2018-09-27T18:17:31.843+0200: 1399.173: Total time for which application threads were stopped: 0.0001331 seconds, Stopping threads took: 0.0000465 seconds
2018-09-27T18:17:31.858+0200: 1399.189: Total time for which application threads were stopped: 0.0001136 seconds, Stopping threads took: 0.0000339 seconds
2018-09-27T18:17:31.859+0200: 1399.190: Total time for which application threads were stopped: 0.0001567 seconds, Stopping threads took: 0.0000595 seconds
2018-09-27T18:17:31.863+0200: 1399.194: Total time for which application threads were stopped: 0.0001293 seconds, Stopping threads took: 0.0000462 seconds
2018-09-27T18:17:32.864+0200: 1400.194: Total time for which application threads were stopped: 0.0001252 seconds, Stopping threads took: 0.0000421 seconds
2018-09-27T18:17:33.864+0200: 1401.195: Total time for which application threads were stopped: 0.0002176 seconds, Stopping threads took: 0.0000688 seconds
2018-09-27T18:17:36.523+0200: 1403.854: Total time for which application threads were stopped: 0.0001266 seconds, Stopping threads took: 0.0000517 seconds
2018-09-27T18:17:42.525+0200: 1409.855: Total time for which application threads were stopped: 0.0000879 seconds, Stopping threads took: 0.0000298 seconds
2018-09-27T18:17:43.602+0200: 1410.933: Total time for which application threads were stopped: 0.0001197 seconds, Stopping threads took: 0.0000438 seconds
2018-09-27T18:17:44.602+0200: 1411.933: Total time for which application threads were stopped: 0.0002296 seconds, Stopping threads took: 0.0000712 seconds
2018-09-27T18:17:45.602+0200: 1412.933: Total time for which application threads were stopped: 0.0002395 seconds, Stopping threads took: 0.0000712 seconds
2018-09-27T18:17:47.848+0200: 1415.179: Total time for which application threads were stopped: 0.0001389 seconds, Stopping threads took: 0.0000356 seconds
2018-09-27T18:17:47.849+0200: 1415.180: Total time for which application threads were stopped: 0.0001054 seconds, Stopping threads took: 0.0000366 seconds
2018-09-27T18:17:47.849+0200: 1415.180: Total time for which application threads were stopped: 0.0000825 seconds, Stopping threads took: 0.0000308 seconds
2018-09-27T18:17:47.850+0200: 1415.180: Total time for which application threads were stopped: 0.0000718 seconds, Stopping threads took: 0.0000294 seconds
2018-09-27T18:17:47.850+0200: 1415.180: Total time for which application threads were stopped: 0.0000612 seconds, Stopping threads took: 0.0000233 seconds
2018-09-27T18:17:47.850+0200: 1415.180: Total time for which application threads were stopped: 0.0000684 seconds, Stopping threads took: 0.0000322 seconds
2018-09-27T18:17:47.850+0200: 1415.181: Total time for which application threads were stopped: 0.0000650 seconds, Stopping threads took: 0.0000304 seconds
2018-09-27T18:17:47.850+0200: 1415.181: Total time for which application threads were stopped: 0.0000541 seconds, Stopping threads took: 0.0000212 seconds
2018-09-27T18:17:48.851+0200: 1416.181: Total time for which application threads were stopped: 0.0001577 seconds, Stopping threads took: 0.0000476 seconds
2018-09-27T18:17:50.852+0200: 1418.182: Total time for which application threads were stopped: 0.0002193 seconds, Stopping threads took: 0.0000701 seconds
2018-09-27T18:18:56.888+0200: 1484.219: Total time for which application threads were stopped: 0.0003958 seconds, Stopping threads took: 0.0001368 seconds
2018-09-27T18:18:56.889+0200: 1484.220: Total time for which application threads were stopped: 0.0002484 seconds, Stopping threads took: 0.0000828 seconds
2018-09-27T18:19:49.094+0200: 1536.424: Total time for which application threads were stopped: 0.0001276 seconds, Stopping threads took: 0.0000428 seconds
2018-09-27T18:19:49.094+0200: 1536.424: Total time for which application threads were stopped: 0.0000479 seconds, Stopping threads took: 0.0000133 seconds
2018-09-27T18:19:49.094+0200: 1536.425: Total time for which application threads were stopped: 0.0000859 seconds, Stopping threads took: 0.0000239 seconds
2018-09-27T18:19:49.105+0200: 1536.436: Total time for which application threads were stopped: 0.0000961 seconds, Stopping threads took: 0.0000294 seconds
2018-09-27T18:19:49.105+0200: 1536.436: Total time for which application threads were stopped: 0.0000588 seconds, Stopping threads took: 0.0000168 seconds
2018-09-27T18:19:49.113+0200: 1536.444: Total time for which application threads were stopped: 0.0002997 seconds, Stopping threads took: 0.0000766 seconds
2018-09-27T18:19:50.113+0200: 1537.444: Total time for which application threads were stopped: 0.0001776 seconds, Stopping threads took: 0.0000664 seconds
2018-09-27T18:19:53.927+0200: 1541.258: Total time for which application threads were stopped: 0.0000835 seconds, Stopping threads took: 0.0000304 seconds
2018-09-27T18:19:53.930+0200: 1541.261: Total time for which application threads were stopped: 0.0000985 seconds, Stopping threads took: 0.0000308 seconds
2018-09-27T18:19:53.931+0200: 1541.262: Total time for which application threads were stopped: 0.0000729 seconds, Stopping threads took: 0.0000226 seconds
2018-09-27T18:20:09.936+0200: 1557.267: Total time for which application threads were stopped: 0.0003469 seconds, Stopping threads took: 0.0001187 seconds
2018-09-27T18:20:39.951+0200: 1587.281: Total time for which application threads were stopped: 0.0000992 seconds, Stopping threads took: 0.0000315 seconds
2018-09-27T18:21:19.971+0200: 1627.302: Total time for which application threads were stopped: 0.0003801 seconds, Stopping threads took: 0.0001218 seconds
2018-09-27T18:21:29.974+0200: 1637.305: Total time for which application threads were stopped: 0.0000842 seconds, Stopping threads took: 0.0000270 seconds
2018-09-27T18:22:14.998+0200: 1682.328: Total time for which application threads were stopped: 0.0001382 seconds, Stopping threads took: 0.0000356 seconds
2018-09-27T18:23:49.043+0200: 1776.374: Total time for which application threads were stopped: 0.0002060 seconds, Stopping threads took: 0.0000749 seconds
2018-09-27T18:24:11.054+0200: 1798.384: Total time for which application threads were stopped: 0.0001817 seconds, Stopping threads took: 0.0000681 seconds
2018-09-27T18:24:22.059+0200: 1809.389: Total time for which application threads were stopped: 0.0000948 seconds, Stopping threads took: 0.0000308 seconds
2018-09-27T18:24:44.071+0200: 1831.401: Total time for which application threads were stopped: 0.0002200 seconds, Stopping threads took: 0.0000756 seconds
2018-09-27T18:24:54.076+0200: 1841.407: Total time for which application threads were stopped: 0.0001221 seconds, Stopping threads took: 0.0000318 seconds
2018-09-27T18:25:27.092+0200: 1874.422: Total time for which application threads were stopped: 0.0000907 seconds, Stopping threads took: 0.0000315 seconds
2018-09-27T18:25:49.101+0200: 1896.431: Total time for which application threads were stopped: 0.0001406 seconds, Stopping threads took: 0.0000534 seconds
2018-09-27T18:26:00.105+0200: 1907.436: Total time for which application threads were stopped: 0.0000913 seconds, Stopping threads took: 0.0000325 seconds
2018-09-27T18:26:10.109+0200: 1917.439: Total time for which application threads were stopped: 0.0000838 seconds, Stopping threads took: 0.0000270 seconds
2018-09-27T18:26:31.119+0200: 1938.449: Total time for which application threads were stopped: 0.0000845 seconds, Stopping threads took: 0.0000315 seconds
2018-09-27T18:26:52.128+0200: 1959.458: Total time for which application threads were stopped: 0.0001457 seconds, Stopping threads took: 0.0000469 seconds
2018-09-27T18:28:42.179+0200: 2069.509: Total time for which application threads were stopped: 0.0003000 seconds, Stopping threads took: 0.0000951 seconds
2018-09-27T18:29:04.190+0200: 2091.520: Total time for which application threads were stopped: 0.0002200 seconds, Stopping threads took: 0.0000825 seconds
2018-09-27T18:30:09.222+0200: 2156.552: Total time for which application threads were stopped: 0.0000828 seconds, Stopping threads took: 0.0000284 seconds
2018-09-27T18:30:53.245+0200: 2200.575: Total time for which application threads were stopped: 0.0001040 seconds, Stopping threads took: 0.0000274 seconds
2018-09-27T18:31:04.251+0200: 2211.581: Total time for which application threads were stopped: 0.0001526 seconds, Stopping threads took: 0.0000527 seconds
2018-09-27T18:31:06.251+0200: 2213.582: Total time for which application threads were stopped: 0.0001293 seconds, Stopping threads took: 0.0000434 seconds
2018-09-27T18:31:15.257+0200: 2222.587: Total time for which application threads were stopped: 0.0001464 seconds, Stopping threads took: 0.0000411 seconds
2018-09-27T18:31:21.259+0200: 2228.589: Total time for which application threads were stopped: 0.0000749 seconds, Stopping threads took: 0.0000239 seconds
2018-09-27T18:34:22.351+0200: 2409.681: Total time for which application threads were stopped: 0.0001454 seconds, Stopping threads took: 0.0000476 seconds
2018-09-27T18:35:17.383+0200: 2464.713: Total time for which application threads were stopped: 0.0001228 seconds, Stopping threads took: 0.0000452 seconds
2018-09-27T18:35:31.391+0200: 2478.722: Total time for which application threads were stopped: 0.0001006 seconds, Stopping threads took: 0.0000397 seconds
2018-09-27T18:35:41.397+0200: 2488.727: Total time for which application threads were stopped: 0.0001009 seconds, Stopping threads took: 0.0000349 seconds
2018-09-27T18:37:19.446+0200: 2586.776: Total time for which application threads were stopped: 0.0001608 seconds, Stopping threads took: 0.0000506 seconds
2018-09-27T18:37:41.457+0200: 2608.787: Total time for which application threads were stopped: 0.0001064 seconds, Stopping threads took: 0.0000339 seconds
2018-09-27T18:38:25.481+0200: 2652.811: Total time for which application threads were stopped: 0.0001129 seconds, Stopping threads took: 0.0000308 seconds
2018-09-27T18:38:36.486+0200: 2663.816: Total time for which application threads were stopped: 0.0000814 seconds, Stopping threads took: 0.0000277 seconds
2018-09-27T18:38:58.500+0200: 2685.830: Total time for which application threads were stopped: 0.0001262 seconds, Stopping threads took: 0.0000537 seconds
2018-09-27T18:39:41.519+0200: 2728.850: Total time for which application threads were stopped: 0.0000913 seconds, Stopping threads took: 0.0000332 seconds
2018-09-27T18:43:53.649+0200: 2980.980: Total time for which application threads were stopped: 0.0002463 seconds, Stopping threads took: 0.0000715 seconds
2018-09-27T18:44:37.572+0200: 3024.904: Total time for which application threads were stopped: 0.0000766 seconds, Stopping threads took: 0.0000229 seconds
2018-09-27T18:44:37.573+0200: 3024.904: Total time for which application threads were stopped: 0.0000421 seconds, Stopping threads took: 0.0000113 seconds
2018-09-27T18:44:37.590+0200: 3024.921: Total time for which application threads were stopped: 0.0000886 seconds, Stopping threads took: 0.0000198 seconds
2018-09-27T18:44:37.594+0200: 3024.925: Total time for which application threads were stopped: 0.0000688 seconds, Stopping threads took: 0.0000209 seconds
2018-09-27T18:44:37.601+0200: 3024.932: Total time for which application threads were stopped: 0.0000708 seconds, Stopping threads took: 0.0000222 seconds
2018-09-27T18:44:37.602+0200: 3024.933: Total time for which application threads were stopped: 0.0000537 seconds, Stopping threads took: 0.0000161 seconds
2018-09-27T18:44:37.739+0200: 3025.069: Total time for which application threads were stopped: 0.0004126 seconds, Stopping threads took: 0.0000294 seconds
2018-09-27T18:44:38.303+0200: 3025.634: Total time for which application threads were stopped: 0.0005679 seconds, Stopping threads took: 0.0000308 seconds
2018-09-27T18:44:38.304+0200: 3025.635: Total time for which application threads were stopped: 0.0004082 seconds, Stopping threads took: 0.0000236 seconds
2018-09-27T18:44:38.305+0200: 3025.636: Total time for which application threads were stopped: 0.0004102 seconds, Stopping threads took: 0.0000219 seconds
2018-09-27T18:44:38.309+0200: 3025.640: Total time for which application threads were stopped: 0.0004468 seconds, Stopping threads took: 0.0000274 seconds
2018-09-27T18:44:38.360+0200: 3025.691: Total time for which application threads were stopped: 0.0001238 seconds, Stopping threads took: 0.0000424 seconds
2018-09-27T18:44:38.360+0200: 3025.691: Total time for which application threads were stopped: 0.0000585 seconds, Stopping threads took: 0.0000216 seconds
2018-09-27T18:44:38.362+0200: 3025.693: Total time for which application threads were stopped: 0.0000955 seconds, Stopping threads took: 0.0000349 seconds
2018-09-27T18:44:38.362+0200: 3025.693: Total time for which application threads were stopped: 0.0000561 seconds, Stopping threads took: 0.0000188 seconds
2018-09-27T18:44:38.368+0200: 3025.699: Total time for which application threads were stopped: 0.0005067 seconds, Stopping threads took: 0.0000438 seconds
{Heap before GC invocations=8 (full 1):
 par new generation   total 109248K, used 109248K [0x00000000e0000000, 0x00000000e8000000, 0x00000000e8000000)
  eden space 87424K, 100% used [0x00000000e0000000, 0x00000000e5560000, 0x00000000e5560000)
  from space 21824K, 100% used [0x00000000e5560000, 0x00000000e6ab0000, 0x00000000e6ab0000)
  to   space 21824K,   0% used [0x00000000e6ab0000, 0x00000000e6ab0000, 0x00000000e8000000)
 concurrent mark-sweep generation total 393216K, used 84629K [0x00000000e8000000, 0x0000000100000000, 0x0000000100000000)
 Metaspace       used 32637K, capacity 33104K, committed 33348K, reserved 1079296K
  class space    used 3813K, capacity 3960K, committed 3992K, reserved 1048576K
2018-09-27T18:44:38.387+0200: 3025.717: [GC (Allocation Failure) 2018-09-27T18:44:38.387+0200: 3025.717: [ParNew
Desired survivor size 20112992 bytes, new threshold 8 (max 8)
- age   1:    4513296 bytes,    4513296 total
- age   2:    6167248 bytes,   10680544 total
- age   3:    6520152 bytes,   17200696 total
: 109248K->21824K(109248K), 0.0306234 secs] 193877K->119966K(502464K), 0.0307435 secs] [Times: user=0.11 sys=0.02, real=0.03 secs] 
Heap after GC invocations=9 (full 1):
 par new generation   total 109248K, used 21824K [0x00000000e0000000, 0x00000000e8000000, 0x00000000e8000000)
  eden space 87424K,   0% used [0x00000000e0000000, 0x00000000e0000000, 0x00000000e5560000)
  from space 21824K, 100% used [0x00000000e6ab0000, 0x00000000e8000000, 0x00000000e8000000)
  to   space 21824K,   0% used [0x00000000e5560000, 0x00000000e5560000, 0x00000000e6ab0000)
 concurrent mark-sweep generation total 393216K, used 98142K [0x00000000e8000000, 0x0000000100000000, 0x0000000100000000)
 Metaspace       used 32637K, capacity 33104K, committed 33348K, reserved 1079296K
  class space    used 3813K, capacity 3960K, committed 3992K, reserved 1048576K
}
2018-09-27T18:44:38.417+0200: 3025.748: Total time for which application threads were stopped: 0.0310887 seconds, Stopping threads took: 0.0000366 seconds
2018-09-27T18:44:38.421+0200: 3025.752: Total time for which application threads were stopped: 0.0001420 seconds, Stopping threads took: 0.0000431 seconds
2018-09-27T18:44:38.421+0200: 3025.752: Total time for which application threads were stopped: 0.0000944 seconds, Stopping threads took: 0.0000243 seconds
2018-09-27T18:44:38.422+0200: 3025.753: Total time for which application threads were stopped: 0.0001221 seconds, Stopping threads took: 0.0000291 seconds
2018-09-27T18:44:38.422+0200: 3025.753: Total time for which application threads were stopped: 0.0001656 seconds, Stopping threads took: 0.0000349 seconds
2018-09-27T18:44:38.422+0200: 3025.753: Total time for which application threads were stopped: 0.0000760 seconds, Stopping threads took: 0.0000164 seconds
2018-09-27T18:44:38.422+0200: 3025.753: Total time for which application threads were stopped: 0.0000753 seconds, Stopping threads took: 0.0000205 seconds
2018-09-27T18:44:38.422+0200: 3025.753: Total time for which application threads were stopped: 0.0000794 seconds, Stopping threads took: 0.0000192 seconds
2018-09-27T18:44:38.422+0200: 3025.753: Total time for which application threads were stopped: 0.0000872 seconds, Stopping threads took: 0.0000188 seconds
2018-09-27T18:44:38.423+0200: 3025.753: Total time for which application threads were stopped: 0.0000712 seconds, Stopping threads took: 0.0000181 seconds
2018-09-27T18:44:38.423+0200: 3025.754: Total time for which application threads were stopped: 0.0000705 seconds, Stopping threads took: 0.0000157 seconds
2018-09-27T18:44:38.423+0200: 3025.754: Total time for which application threads were stopped: 0.0000732 seconds, Stopping threads took: 0.0000144 seconds
2018-09-27T18:44:38.423+0200: 3025.754: Total time for which application threads were stopped: 0.0000722 seconds, Stopping threads took: 0.0000198 seconds
2018-09-27T18:44:38.423+0200: 3025.754: Total time for which application threads were stopped: 0.0000968 seconds, Stopping threads took: 0.0000438 seconds
2018-09-27T18:44:38.423+0200: 3025.754: Total time for which application threads were stopped: 0.0000599 seconds, Stopping threads took: 0.0000202 seconds
2018-09-27T18:44:38.423+0200: 3025.754: Total time for which application threads were stopped: 0.0000499 seconds, Stopping threads took: 0.0000137 seconds
2018-09-27T18:44:38.877+0200: 3026.207: Total time for which application threads were stopped: 0.0001605 seconds, Stopping threads took: 0.0000417 seconds
2018-09-27T18:44:38.880+0200: 3026.211: Total time for which application threads were stopped: 0.0001122 seconds, Stopping threads took: 0.0000356 seconds
2018-09-27T18:44:38.881+0200: 3026.211: Total time for which application threads were stopped: 0.0000852 seconds, Stopping threads took: 0.0000263 seconds
2018-09-27T18:44:38.881+0200: 3026.211: Total time for which application threads were stopped: 0.0000677 seconds, Stopping threads took: 0.0000219 seconds
2018-09-27T18:44:38.882+0200: 3026.212: Total time for which application threads were stopped: 0.0000790 seconds, Stopping threads took: 0.0000243 seconds
2018-09-27T18:44:38.882+0200: 3026.213: Total time for which application threads were stopped: 0.0000729 seconds, Stopping threads took: 0.0000246 seconds
2018-09-27T18:44:38.888+0200: 3026.219: Total time for which application threads were stopped: 0.0000985 seconds, Stopping threads took: 0.0000407 seconds
{Heap before GC invocations=9 (full 1):
 par new generation   total 109248K, used 109248K [0x00000000e0000000, 0x00000000e8000000, 0x00000000e8000000)
  eden space 87424K, 100% used [0x00000000e0000000, 0x00000000e5560000, 0x00000000e5560000)
  from space 21824K, 100% used [0x00000000e6ab0000, 0x00000000e8000000, 0x00000000e8000000)
  to   space 21824K,   0% used [0x00000000e5560000, 0x00000000e5560000, 0x00000000e6ab0000)
 concurrent mark-sweep generation total 393216K, used 98142K [0x00000000e8000000, 0x0000000100000000, 0x0000000100000000)
 Metaspace       used 32657K, capacity 33108K, committed 33348K, reserved 1079296K
  class space    used 3813K, capacity 3960K, committed 3992K, reserved 1048576K
2018-09-27T18:44:38.946+0200: 3026.277: [GC (Allocation Failure) 2018-09-27T18:44:38.946+0200: 3026.277: [ParNew
Desired survivor size 20112992 bytes, new threshold 8 (max 8)
- age   1:     944264 bytes,     944264 total
- age   2:    3808528 bytes,    4752792 total
- age   3:    6167248 bytes,   10920040 total
- age   4:    6428760 bytes,   17348800 total
: 109248K->21824K(109248K), 0.0113899 secs] 207390K->120055K(502464K), 0.0115459 secs] [Times: user=0.06 sys=0.00, real=0.01 secs] 
Heap after GC invocations=10 (full 1):
 par new generation   total 109248K, used 21824K [0x00000000e0000000, 0x00000000e8000000, 0x00000000e8000000)
  eden space 87424K,   0% used [0x00000000e0000000, 0x00000000e0000000, 0x00000000e5560000)
  from space 21824K, 100% used [0x00000000e5560000, 0x00000000e6ab0000, 0x00000000e6ab0000)
  to   space 21824K,   0% used [0x00000000e6ab0000, 0x00000000e6ab0000, 0x00000000e8000000)
 concurrent mark-sweep generation total 393216K, used 98231K [0x00000000e8000000, 0x0000000100000000, 0x0000000100000000)
 Metaspace       used 32657K, capacity 33108K, committed 33348K, reserved 1079296K
  class space    used 3813K, capacity 3960K, committed 3992K, reserved 1048576K
}
2018-09-27T18:44:38.958+0200: 3026.289: Total time for which application threads were stopped: 0.0117755 seconds, Stopping threads took: 0.0000281 seconds
2018-09-27T18:44:39.213+0200: 3026.544: Total time for which application threads were stopped: 0.0001002 seconds, Stopping threads took: 0.0000277 seconds
{Heap before GC invocations=10 (full 1):
 par new generation   total 109248K, used 109248K [0x00000000e0000000, 0x00000000e8000000, 0x00000000e8000000)
  eden space 87424K, 100% used [0x00000000e0000000, 0x00000000e5560000, 0x00000000e5560000)
  from space 21824K, 100% used [0x00000000e5560000, 0x00000000e6ab0000, 0x00000000e6ab0000)
  to   space 21824K,   0% used [0x00000000e6ab0000, 0x00000000e6ab0000, 0x00000000e8000000)
 concurrent mark-sweep generation total 393216K, used 98231K [0x00000000e8000000, 0x0000000100000000, 0x0000000100000000)
 Metaspace       used 32681K, capacity 33176K, committed 33348K, reserved 1079296K
  class space    used 3813K, capacity 3960K, committed 3992K, reserved 1048576K
2018-09-27T18:44:39.308+0200: 3026.638: [GC (Allocation Failure) 2018-09-27T18:44:39.308+0200: 3026.638: [ParNew
Desired survivor size 20112992 bytes, new threshold 8 (max 8)
- age   1:     729040 bytes,     729040 total
- age   2:     338864 bytes,    1067904 total
- age   3:    3808048 bytes,    4875952 total
- age   4:    6167248 bytes,   11043200 total
- age   5:    6428760 bytes,   17471960 total
: 109248K->21288K(109248K), 0.0114799 secs] 207479K->119520K(502464K), 0.0115754 secs] [Times: user=0.05 sys=0.00, real=0.01 secs] 
Heap after GC invocations=11 (full 1):
 par new generation   total 109248K, used 21288K [0x00000000e0000000, 0x00000000e8000000, 0x00000000e8000000)
  eden space 87424K,   0% used [0x00000000e0000000, 0x00000000e0000000, 0x00000000e5560000)
  from space 21824K,  97% used [0x00000000e6ab0000, 0x00000000e7f7a320, 0x00000000e8000000)
  to   space 21824K,   0% used [0x00000000e5560000, 0x00000000e5560000, 0x00000000e6ab0000)
 concurrent mark-sweep generation total 393216K, used 98231K [0x00000000e8000000, 0x0000000100000000, 0x0000000100000000)
 Metaspace       used 32681K, capacity 33176K, committed 33348K, reserved 1079296K
  class space    used 3813K, capacity 3960K, committed 3992K, reserved 1048576K
}
2018-09-27T18:44:39.320+0200: 3026.650: Total time for which application threads were stopped: 0.0117974 seconds, Stopping threads took: 0.0000298 seconds
2018-09-27T18:44:39.433+0200: 3026.763: Total time for which application threads were stopped: 0.0003897 seconds, Stopping threads took: 0.0002997 seconds
{Heap before GC invocations=11 (full 1):
 par new generation   total 109248K, used 108712K [0x00000000e0000000, 0x00000000e8000000, 0x00000000e8000000)
  eden space 87424K, 100% used [0x00000000e0000000, 0x00000000e5560000, 0x00000000e5560000)
  from space 21824K,  97% used [0x00000000e6ab0000, 0x00000000e7f7a320, 0x00000000e8000000)
  to   space 21824K,   0% used [0x00000000e5560000, 0x00000000e5560000, 0x00000000e6ab0000)
 concurrent mark-sweep generation total 393216K, used 98231K [0x00000000e8000000, 0x0000000100000000, 0x0000000100000000)
 Metaspace       used 32685K, capacity 33176K, committed 33348K, reserved 1079296K
  class space    used 3813K, capacity 3960K, committed 3992K, reserved 1048576K
2018-09-27T18:44:39.703+0200: 3027.035: [GC (Allocation Failure) 2018-09-27T18:44:39.704+0200: 3027.035: [ParNew
Desired survivor size 20112992 bytes, new threshold 8 (max 8)
- age   1:     939584 bytes,     939584 total
- age   2:     217072 bytes,    1156656 total
- age   3:     326448 bytes,    1483104 total
- age   4:    3807992 bytes,    5291096 total
- age   5:    6167248 bytes,   11458344 total
- age   6:    6428760 bytes,   17887104 total
: 108712K->19839K(109248K), 0.0111819 secs] 206944K->118071K(502464K), 0.0113564 secs] [Times: user=0.06 sys=0.00, real=0.01 secs] 
Heap after GC invocations=12 (full 1):
 par new generation   total 109248K, used 19839K [0x00000000e0000000, 0x00000000e8000000, 0x00000000e8000000)
  eden space 87424K,   0% used [0x00000000e0000000, 0x00000000e0000000, 0x00000000e5560000)
  from space 21824K,  90% used [0x00000000e5560000, 0x00000000e68bfd60, 0x00000000e6ab0000)
  to   space 21824K,   0% used [0x00000000e6ab0000, 0x00000000e6ab0000, 0x00000000e8000000)
 concurrent mark-sweep generation total 393216K, used 98231K [0x00000000e8000000, 0x0000000100000000, 0x0000000100000000)
 Metaspace       used 32685K, capacity 33176K, committed 33348K, reserved 1079296K
  class space    used 3813K, capacity 3960K, committed 3992K, reserved 1048576K
}
2018-09-27T18:44:39.715+0200: 3027.046: Total time for which application threads were stopped: 0.0115969 seconds, Stopping threads took: 0.0000291 seconds
2018-09-27T18:44:39.770+0200: 3027.101: Total time for which application threads were stopped: 0.0004023 seconds, Stopping threads took: 0.0003151 seconds
2018-09-27T18:44:40.025+0200: 3027.356: Total time for which application threads were stopped: 0.0000848 seconds, Stopping threads took: 0.0000294 seconds
{Heap before GC invocations=12 (full 1):
 par new generation   total 109248K, used 107263K [0x00000000e0000000, 0x00000000e8000000, 0x00000000e8000000)
  eden space 87424K, 100% used [0x00000000e0000000, 0x00000000e5560000, 0x00000000e5560000)
  from space 21824K,  90% used [0x00000000e5560000, 0x00000000e68bfd60, 0x00000000e6ab0000)
  to   space 21824K,   0% used [0x00000000e6ab0000, 0x00000000e6ab0000, 0x00000000e8000000)
 concurrent mark-sweep generation total 393216K, used 98231K [0x00000000e8000000, 0x0000000100000000, 0x0000000100000000)
 Metaspace       used 32701K, capacity 33240K, committed 33604K, reserved 1079296K
  class space    used 3813K, capacity 3960K, committed 3992K, reserved 1048576K
2018-09-27T18:44:40.038+0200: 3027.368: [GC (Allocation Failure) 2018-09-27T18:44:40.038+0200: 3027.368: [ParNew
Desired survivor size 20112992 bytes, new threshold 8 (max 8)
- age   1:     666464 bytes,     666464 total
- age   2:     252672 bytes,     919136 total
- age   3:     216976 bytes,    1136112 total
- age   4:     326152 bytes,    1462264 total
- age   5:    3807928 bytes,    5270192 total
- age   6:    6167248 bytes,   11437440 total
- age   7:    6312368 bytes,   17749808 total
: 107263K->21824K(109248K), 0.0109866 secs] 205495K->120169K(502464K), 0.0111782 secs] [Times: user=0.05 sys=0.00, real=0.01 secs] 
Heap after GC invocations=13 (full 1):
 par new generation   total 109248K, used 21824K [0x00000000e0000000, 0x00000000e8000000, 0x00000000e8000000)
  eden space 87424K,   0% used [0x00000000e0000000, 0x00000000e0000000, 0x00000000e5560000)
  from space 21824K, 100% used [0x00000000e6ab0000, 0x00000000e8000000, 0x00000000e8000000)
  to   space 21824K,   0% used [0x00000000e5560000, 0x00000000e5560000, 0x00000000e6ab0000)
 concurrent mark-sweep generation total 393216K, used 98345K [0x00000000e8000000, 0x0000000100000000, 0x0000000100000000)
 Metaspace       used 32701K, capacity 33240K, committed 33604K, reserved 1079296K
  class space    used 3813K, capacity 3960K, committed 3992K, reserved 1048576K
}
2018-09-27T18:44:40.049+0200: 3027.380: Total time for which application threads were stopped: 0.0114399 seconds, Stopping threads took: 0.0000356 seconds
2018-09-27T18:44:40.280+0200: 3027.611: Total time for which application threads were stopped: 0.0005594 seconds, Stopping threads took: 0.0004831 seconds
{Heap before GC invocations=13 (full 1):
 par new generation   total 109248K, used 109248K [0x00000000e0000000, 0x00000000e8000000, 0x00000000e8000000)
  eden space 87424K, 100% used [0x00000000e0000000, 0x00000000e5560000, 0x00000000e5560000)
  from space 21824K, 100% used [0x00000000e6ab0000, 0x00000000e8000000, 0x00000000e8000000)
  to   space 21824K,   0% used [0x00000000e5560000, 0x00000000e5560000, 0x00000000e6ab0000)
 concurrent mark-sweep generation total 393216K, used 98345K [0x00000000e8000000, 0x0000000100000000, 0x0000000100000000)
 Metaspace       used 32704K, capacity 33240K, committed 33604K, reserved 1079296K
  class space    used 3813K, capacity 3960K, committed 3992K, reserved 1048576K
2018-09-27T18:44:40.314+0200: 3027.645: [GC (Allocation Failure) 2018-09-27T18:44:40.314+0200: 3027.645: [ParNew
Desired survivor size 20112992 bytes, new threshold 8 (max 8)
- age   1:     846952 bytes,     846952 total
- age   2:     315456 bytes,    1162408 total
- age   3:     236224 bytes,    1398632 total
- age   4:     216648 bytes,    1615280 total
- age   5:     326152 bytes,    1941432 total
- age   6:    3793968 bytes,    5735400 total
- age   7:    6167248 bytes,   11902648 total
- age   8:    6312368 bytes,   18215016 total
: 109248K->21452K(109248K), 0.0109862 secs] 207593K->119797K(502464K), 0.0111002 secs] [Times: user=0.06 sys=0.00, real=0.01 secs] 
Heap after GC invocations=14 (full 1):
 par new generation   total 109248K, used 21452K [0x00000000e0000000, 0x00000000e8000000, 0x00000000e8000000)
  eden space 87424K,   0% used [0x00000000e0000000, 0x00000000e0000000, 0x00000000e5560000)
  from space 21824K,  98% used [0x00000000e5560000, 0x00000000e6a530b0, 0x00000000e6ab0000)
  to   space 21824K,   0% used [0x00000000e6ab0000, 0x00000000e6ab0000, 0x00000000e8000000)
 concurrent mark-sweep generation total 393216K, used 98345K [0x00000000e8000000, 0x0000000100000000, 0x0000000100000000)
 Metaspace       used 32704K, capacity 33240K, committed 33604K, reserved 1079296K
  class space    used 3813K, capacity 3960K, committed 3992K, reserved 1048576K
}
2018-09-27T18:44:40.325+0200: 3027.656: Total time for which application threads were stopped: 0.0113321 seconds, Stopping threads took: 0.0000301 seconds
2018-09-27T18:44:40.468+0200: 3027.798: Total time for which application threads were stopped: 0.0000831 seconds, Stopping threads took: 0.0000298 seconds
{Heap before GC invocations=14 (full 1):
 par new generation   total 109248K, used 108876K [0x00000000e0000000, 0x00000000e8000000, 0x00000000e8000000)
  eden space 87424K, 100% used [0x00000000e0000000, 0x00000000e5560000, 0x00000000e5560000)
  from space 21824K,  98% used [0x00000000e5560000, 0x00000000e6a530b0, 0x00000000e6ab0000)
  to   space 21824K,   0% used [0x00000000e6ab0000, 0x00000000e6ab0000, 0x00000000e8000000)
 concurrent mark-sweep generation total 393216K, used 98345K [0x00000000e8000000, 0x0000000100000000, 0x0000000100000000)
 Metaspace       used 32705K, capacity 33240K, committed 33604K, reserved 1079296K
  class space    used 3813K, capacity 3960K, committed 3992K, reserved 1048576K
2018-09-27T18:44:40.641+0200: 3027.972: [GC (Allocation Failure) 2018-09-27T18:44:40.641+0200: 3027.972: [ParNew
Desired survivor size 20112992 bytes, new threshold 8 (max 8)
- age   1:     887968 bytes,     887968 total
- age   2:     172976 bytes,    1060944 total
- age   3:     291648 bytes,    1352592 total
- age   4:     236144 bytes,    1588736 total
- age   5:     212536 bytes,    1801272 total
- age   6:     326152 bytes,    2127424 total
- age   7:    3788736 bytes,    5916160 total
- age   8:    6167248 bytes,   12083408 total
: 108876K->20161K(109248K), 0.0180517 secs] 207221K->124672K(502464K), 0.0182327 secs] [Times: user=0.11 sys=0.00, real=0.02 secs] 
Heap after GC invocations=15 (full 1):
 par new generation   total 109248K, used 20161K [0x00000000e0000000, 0x00000000e8000000, 0x00000000e8000000)
  eden space 87424K,   0% used [0x00000000e0000000, 0x00000000e0000000, 0x00000000e5560000)
  from space 21824K,  92% used [0x00000000e6ab0000, 0x00000000e7e60770, 0x00000000e8000000)
  to   space 21824K,   0% used [0x00000000e5560000, 0x00000000e5560000, 0x00000000e6ab0000)
 concurrent mark-sweep generation total 393216K, used 104511K [0x00000000e8000000, 0x0000000100000000, 0x0000000100000000)
 Metaspace       used 32705K, capacity 33240K, committed 33604K, reserved 1079296K
  class space    used 3813K, capacity 3960K, committed 3992K, reserved 1048576K
}
2018-09-27T18:44:40.659+0200: 3027.990: Total time for which application threads were stopped: 0.0184732 seconds, Stopping threads took: 0.0000369 seconds
2018-09-27T18:44:40.739+0200: 3028.069: Total time for which application threads were stopped: 0.0001170 seconds, Stopping threads took: 0.0000476 seconds
2018-09-27T18:44:41.011+0200: 3028.342: Total time for which application threads were stopped: 0.0001204 seconds, Stopping threads took: 0.0000441 seconds
{Heap before GC invocations=15 (full 1):
 par new generation   total 109248K, used 107585K [0x00000000e0000000, 0x00000000e8000000, 0x00000000e8000000)
  eden space 87424K, 100% used [0x00000000e0000000, 0x00000000e5560000, 0x00000000e5560000)
  from space 21824K,  92% used [0x00000000e6ab0000, 0x00000000e7e60770, 0x00000000e8000000)
  to   space 21824K,   0% used [0x00000000e5560000, 0x00000000e5560000, 0x00000000e6ab0000)
 concurrent mark-sweep generation total 393216K, used 104511K [0x00000000e8000000, 0x0000000100000000, 0x0000000100000000)
 Metaspace       used 32710K, capacity 33240K, committed 33604K, reserved 1079296K
  class space    used 3813K, capacity 3960K, committed 3992K, reserved 1048576K
2018-09-27T18:44:41.019+0200: 3028.350: [GC (Allocation Failure) 2018-09-27T18:44:41.019+0200: 3028.350: [ParNew
Desired survivor size 20112992 bytes, new threshold 8 (max 8)
- age   1:     625576 bytes,     625576 total
- age   2:     185272 bytes,     810848 total
- age   3:     172904 bytes,     983752 total
- age   4:     290960 bytes,    1274712 total
- age   5:     227936 bytes,    1502648 total
- age   6:     212536 bytes,    1715184 total
- age   7:     320360 bytes,    2035544 total
- age   8:    3769616 bytes,    5805160 total
: 107585K->9379K(109248K), 0.0119698 secs] 212096K->119981K(502464K), 0.0120793 secs] [Times: user=0.00 sys=0.00, real=0.01 secs] 
Heap after GC invocations=16 (full 1):
 par new generation   total 109248K, used 9379K [0x00000000e0000000, 0x00000000e8000000, 0x00000000e8000000)
  eden space 87424K,   0% used [0x00000000e0000000, 0x00000000e0000000, 0x00000000e5560000)
  from space 21824K,  42% used [0x00000000e5560000, 0x00000000e5e88d30, 0x00000000e6ab0000)
  to   space 21824K,   0% used [0x00000000e6ab0000, 0x00000000e6ab0000, 0x00000000e8000000)
 concurrent mark-sweep generation total 393216K, used 110601K [0x00000000e8000000, 0x0000000100000000, 0x0000000100000000)
 Metaspace       used 32710K, capacity 33240K, committed 33604K, reserved 1079296K
  class space    used 3813K, capacity 3960K, committed 3992K, reserved 1048576K
}
2018-09-27T18:44:41.031+0200: 3028.362: Total time for which application threads were stopped: 0.0124392 seconds, Stopping threads took: 0.0001416 seconds
2018-09-27T18:44:41.280+0200: 3028.611: Total time for which application threads were stopped: 0.0001208 seconds, Stopping threads took: 0.0000455 seconds
{Heap before GC invocations=16 (full 1):
 par new generation   total 109248K, used 96803K [0x00000000e0000000, 0x00000000e8000000, 0x00000000e8000000)
  eden space 87424K, 100% used [0x00000000e0000000, 0x00000000e5560000, 0x00000000e5560000)
  from space 21824K,  42% used [0x00000000e5560000, 0x00000000e5e88d30, 0x00000000e6ab0000)
  to   space 21824K,   0% used [0x00000000e6ab0000, 0x00000000e6ab0000, 0x00000000e8000000)
 concurrent mark-sweep generation total 393216K, used 110601K [0x00000000e8000000, 0x0000000100000000, 0x0000000100000000)
 Metaspace       used 32716K, capacity 33240K, committed 33604K, reserved 1079296K
  class space    used 3813K, capacity 3960K, committed 3992K, reserved 1048576K
2018-09-27T18:44:41.319+0200: 3028.650: [GC (Allocation Failure) 2018-09-27T18:44:41.319+0200: 3028.650: [ParNew
Desired survivor size 20112992 bytes, new threshold 8 (max 8)
- age   1:     959936 bytes,     959936 total
- age   2:     303136 bytes,    1263072 total
- age   3:     185248 bytes,    1448320 total
- age   4:     172552 bytes,    1620872 total
- age   5:     290960 bytes,    1911832 total
- age   6:     227936 bytes,    2139768 total
- age   7:     212536 bytes,    2352304 total
- age   8:     176944 bytes,    2529248 total
: 96803K->3711K(109248K), 0.0054100 secs] 207405K->117987K(502464K), 0.0054969 secs] [Times: user=0.00 sys=0.00, real=0.00 secs] 
Heap after GC invocations=17 (full 1):
 par new generation   total 109248K, used 3711K [0x00000000e0000000, 0x00000000e8000000, 0x00000000e8000000)
  eden space 87424K,   0% used [0x00000000e0000000, 0x00000000e0000000, 0x00000000e5560000)
  from space 21824K,  17% used [0x00000000e6ab0000, 0x00000000e6e4fc00, 0x00000000e8000000)
  to   space 21824K,   0% used [0x00000000e5560000, 0x00000000e5560000, 0x00000000e6ab0000)
 concurrent mark-sweep generation total 393216K, used 114276K [0x00000000e8000000, 0x0000000100000000, 0x0000000100000000)
 Metaspace       used 32716K, capacity 33240K, committed 33604K, reserved 1079296K
  class space    used 3813K, capacity 3960K, committed 3992K, reserved 1048576K
}
2018-09-27T18:44:41.324+0200: 3028.655: Total time for which application threads were stopped: 0.0056864 seconds, Stopping threads took: 0.0000287 seconds
2018-09-27T18:44:41.480+0200: 3028.811: Total time for which application threads were stopped: 0.0001399 seconds, Stopping threads took: 0.0000376 seconds
{Heap before GC invocations=17 (full 1):
 par new generation   total 109248K, used 91135K [0x00000000e0000000, 0x00000000e8000000, 0x00000000e8000000)
  eden space 87424K, 100% used [0x00000000e0000000, 0x00000000e5560000, 0x00000000e5560000)
  from space 21824K,  17% used [0x00000000e6ab0000, 0x00000000e6e4fc00, 0x00000000e8000000)
  to   space 21824K,   0% used [0x00000000e5560000, 0x00000000e5560000, 0x00000000e6ab0000)
 concurrent mark-sweep generation total 393216K, used 114276K [0x00000000e8000000, 0x0000000100000000, 0x0000000100000000)
 Metaspace       used 32722K, capacity 33240K, committed 33604K, reserved 1079296K
  class space    used 3813K, capacity 3960K, committed 3992K, reserved 1048576K
2018-09-27T18:44:41.622+0200: 3028.953: [GC (Allocation Failure) 2018-09-27T18:44:41.622+0200: 3028.953: [ParNew
Desired survivor size 20112992 bytes, new threshold 8 (max 8)
- age   1:     824136 bytes,     824136 total
- age   2:     445184 bytes,    1269320 total
- age   3:     269328 bytes,    1538648 total
- age   4:     185224 bytes,    1723872 total
- age   5:     172552 bytes,    1896424 total
- age   6:     290960 bytes,    2187384 total
- age   7:     227936 bytes,    2415320 total
- age   8:     210696 bytes,    2626016 total
: 91135K->3547K(109248K), 0.0033128 secs] 205411K->117996K(502464K), 0.0034209 secs] [Times: user=0.00 sys=0.00, real=0.00 secs] 
Heap after GC invocations=18 (full 1):
 par new generation   total 109248K, used 3547K [0x00000000e0000000, 0x00000000e8000000, 0x00000000e8000000)
  eden space 87424K,   0% used [0x00000000e0000000, 0x00000000e0000000, 0x00000000e5560000)
  from space 21824K,  16% used [0x00000000e5560000, 0x00000000e58d6d98, 0x00000000e6ab0000)
  to   space 21824K,   0% used [0x00000000e6ab0000, 0x00000000e6ab0000, 0x00000000e8000000)
 concurrent mark-sweep generation total 393216K, used 114449K [0x00000000e8000000, 0x0000000100000000, 0x0000000100000000)
 Metaspace       used 32722K, capacity 33240K, committed 33604K, reserved 1079296K
  class space    used 3813K, capacity 3960K, committed 3992K, reserved 1048576K
}
2018-09-27T18:44:41.625+0200: 3028.956: Total time for which application threads were stopped: 0.0036634 seconds, Stopping threads took: 0.0000304 seconds
2018-09-27T18:44:41.740+0200: 3029.071: Total time for which application threads were stopped: 0.0001074 seconds, Stopping threads took: 0.0000322 seconds
{Heap before GC invocations=18 (full 1):
 par new generation   total 109248K, used 90971K [0x00000000e0000000, 0x00000000e8000000, 0x00000000e8000000)
  eden space 87424K, 100% used [0x00000000e0000000, 0x00000000e5560000, 0x00000000e5560000)
  from space 21824K,  16% used [0x00000000e5560000, 0x00000000e58d6d98, 0x00000000e6ab0000)
  to   space 21824K,   0% used [0x00000000e6ab0000, 0x00000000e6ab0000, 0x00000000e8000000)
 concurrent mark-sweep generation total 393216K, used 114449K [0x00000000e8000000, 0x0000000100000000, 0x0000000100000000)
 Metaspace       used 32723K, capacity 33240K, committed 33604K, reserved 1079296K
  class space    used 3813K, capacity 3960K, committed 3992K, reserved 1048576K
2018-09-27T18:44:41.933+0200: 3029.264: [GC (Allocation Failure) 2018-09-27T18:44:41.933+0200: 3029.264: [ParNew
Desired survivor size 20112992 bytes, new threshold 8 (max 8)
- age   1:     959744 bytes,     959744 total
- age   2:     247648 bytes,    1207392 total
- age   3:     335408 bytes,    1542800 total
- age   4:     268776 bytes,    1811576 total
- age   5:     185224 bytes,    1996800 total
- age   6:     139768 bytes,    2136568 total
- age   7:     290960 bytes,    2427528 total
- age   8:     227936 bytes,    2655464 total
: 90971K->3277K(109248K), 0.0030326 secs] 205420K->117910K(502464K), 0.0031311 secs] [Times: user=0.00 sys=0.00, real=0.00 secs] 
Heap after GC invocations=19 (full 1):
 par new generation   total 109248K, used 3277K [0x00000000e0000000, 0x00000000e8000000, 0x00000000e8000000)
  eden space 87424K,   0% used [0x00000000e0000000, 0x00000000e0000000, 0x00000000e5560000)
  from space 21824K,  15% used [0x00000000e6ab0000, 0x00000000e6de3598, 0x00000000e8000000)
  to   space 21824K,   0% used [0x00000000e5560000, 0x00000000e5560000, 0x00000000e6ab0000)
 concurrent mark-sweep generation total 393216K, used 114632K [0x00000000e8000000, 0x0000000100000000, 0x0000000100000000)
 Metaspace       used 32723K, capacity 33240K, committed 33604K, reserved 1079296K
  class space    used 3813K, capacity 3960K, committed 3992K, reserved 1048576K
}
2018-09-27T18:44:41.937+0200: 3029.268: Total time for which application threads were stopped: 0.0033867 seconds, Stopping threads took: 0.0000448 seconds
2018-09-27T18:44:42.028+0200: 3029.358: Total time for which application threads were stopped: 0.0001252 seconds, Stopping threads took: 0.0000489 seconds
{Heap before GC invocations=19 (full 1):
 par new generation   total 109248K, used 90701K [0x00000000e0000000, 0x00000000e8000000, 0x00000000e8000000)
  eden space 87424K, 100% used [0x00000000e0000000, 0x00000000e5560000, 0x00000000e5560000)
  from space 21824K,  15% used [0x00000000e6ab0000, 0x00000000e6de3598, 0x00000000e8000000)
  to   space 21824K,   0% used [0x00000000e5560000, 0x00000000e5560000, 0x00000000e6ab0000)
 concurrent mark-sweep generation total 393216K, used 114632K [0x00000000e8000000, 0x0000000100000000, 0x0000000100000000)
 Metaspace       used 32735K, capacity 33240K, committed 33604K, reserved 1079296K
  class space    used 3813K, capacity 3960K, committed 3992K, reserved 1048576K
2018-09-27T18:44:42.219+0200: 3029.550: [GC (Allocation Failure) 2018-09-27T18:44:42.219+0200: 3029.550: [ParNew
Desired survivor size 20112992 bytes, new threshold 8 (max 8)
- age   1:    1114920 bytes,    1114920 total
- age   2:     283504 bytes,    1398424 total
- age   3:     176824 bytes,    1575248 total
- age   4:     261544 bytes,    1836792 total
- age   5:     268368 bytes,    2105160 total
- age   6:     177016 bytes,    2282176 total
- age   7:     139768 bytes,    2421944 total
- age   8:     290960 bytes,    2712904 total
: 90701K->4422K(109248K), 0.0032112 secs] 205334K->119278K(502464K), 0.0033131 secs] [Times: user=0.06 sys=0.00, real=0.00 secs] 
Heap after GC invocations=20 (full 1):
 par new generation   total 109248K, used 4422K [0x00000000e0000000, 0x00000000e8000000, 0x00000000e8000000)
  eden space 87424K,   0% used [0x00000000e0000000, 0x00000000e0000000, 0x00000000e5560000)
  from space 21824K,  20% used [0x00000000e5560000, 0x00000000e59b1b40, 0x00000000e6ab0000)
  to   space 21824K,   0% used [0x00000000e6ab0000, 0x00000000e6ab0000, 0x00000000e8000000)
 concurrent mark-sweep generation total 393216K, used 114855K [0x00000000e8000000, 0x0000000100000000, 0x0000000100000000)
 Metaspace       used 32735K, capacity 33240K, committed 33604K, reserved 1079296K
  class space    used 3813K, capacity 3960K, committed 3992K, reserved 1048576K
}
2018-09-27T18:44:42.222+0200: 3029.553: Total time for which application threads were stopped: 0.0035269 seconds, Stopping threads took: 0.0000291 seconds
2018-09-27T18:44:42.293+0200: 3029.623: Total time for which application threads were stopped: 0.0001126 seconds, Stopping threads took: 0.0000407 seconds
2018-09-27T18:44:42.406+0200: 3029.737: Total time for which application threads were stopped: 0.0001122 seconds, Stopping threads took: 0.0000335 seconds
{Heap before GC invocations=20 (full 1):
 par new generation   total 109248K, used 91846K [0x00000000e0000000, 0x00000000e8000000, 0x00000000e8000000)
  eden space 87424K, 100% used [0x00000000e0000000, 0x00000000e5560000, 0x00000000e5560000)
  from space 21824K,  20% used [0x00000000e5560000, 0x00000000e59b1b40, 0x00000000e6ab0000)
  to   space 21824K,   0% used [0x00000000e6ab0000, 0x00000000e6ab0000, 0x00000000e8000000)
 concurrent mark-sweep generation total 393216K, used 114855K [0x00000000e8000000, 0x0000000100000000, 0x0000000100000000)
 Metaspace       used 32749K, capacity 33240K, committed 33604K, reserved 1079296K
  class space    used 3813K, capacity 3960K, committed 3992K, reserved 1048576K
2018-09-27T18:44:42.484+0200: 3029.814: [GC (Allocation Failure) 2018-09-27T18:44:42.484+0200: 3029.814: [ParNew
Desired survivor size 20112992 bytes, new threshold 8 (max 8)
- age   1:    1336944 bytes,    1336944 total
- age   2:     320736 bytes,    1657680 total
- age   3:     244640 bytes,    1902320 total
- age   4:     176776 bytes,    2079096 total
- age   5:     261136 bytes,    2340232 total
- age   6:     268368 bytes,    2608600 total
- age   7:     176872 bytes,    2785472 total
- age   8:     139624 bytes,    2925096 total
: 91846K->3807K(109248K), 0.0032885 secs] 206702K->118947K(502464K), 0.0033750 secs] [Times: user=0.05 sys=0.00, real=0.00 secs] 
Heap after GC invocations=21 (full 1):
 par new generation   total 109248K, used 3807K [0x00000000e0000000, 0x00000000e8000000, 0x00000000e8000000)
  eden space 87424K,   0% used [0x00000000e0000000, 0x00000000e0000000, 0x00000000e5560000)
  from space 21824K,  17% used [0x00000000e6ab0000, 0x00000000e6e67f88, 0x00000000e8000000)
  to   space 21824K,   0% used [0x00000000e5560000, 0x00000000e5560000, 0x00000000e6ab0000)
 concurrent mark-sweep generation total 393216K, used 115140K [0x00000000e8000000, 0x0000000100000000, 0x0000000100000000)
 Metaspace       used 32749K, capacity 33240K, committed 33604K, reserved 1079296K
  class space    used 3813K, capacity 3960K, committed 3992K, reserved 1048576K
}
2018-09-27T18:44:42.487+0200: 3029.818: Total time for which application threads were stopped: 0.0035584 seconds, Stopping threads took: 0.0000270 seconds
2018-09-27T18:44:42.624+0200: 3029.954: Total time for which application threads were stopped: 0.0001132 seconds, Stopping threads took: 0.0000438 seconds
{Heap before GC invocations=21 (full 1):
 par new generation   total 109248K, used 91231K [0x00000000e0000000, 0x00000000e8000000, 0x00000000e8000000)
  eden space 87424K, 100% used [0x00000000e0000000, 0x00000000e5560000, 0x00000000e5560000)
  from space 21824K,  17% used [0x00000000e6ab0000, 0x00000000e6e67f88, 0x00000000e8000000)
  to   space 21824K,   0% used [0x00000000e5560000, 0x00000000e5560000, 0x00000000e6ab0000)
 concurrent mark-sweep generation total 393216K, used 115140K [0x00000000e8000000, 0x0000000100000000, 0x0000000100000000)
 Metaspace       used 32753K, capacity 33240K, committed 33604K, reserved 1079296K
  class space    used 3813K, capacity 3960K, committed 3992K, reserved 1048576K
2018-09-27T18:44:42.743+0200: 3030.073: [GC (Allocation Failure) 2018-09-27T18:44:42.743+0200: 3030.073: [ParNew
Desired survivor size 20112992 bytes, new threshold 8 (max 8)
- age   1:     859688 bytes,     859688 total
- age   2:     360344 bytes,    1220032 total
- age   3:     277680 bytes,    1497712 total
- age   4:     244640 bytes,    1742352 total
- age   5:     176776 bytes,    1919128 total
- age   6:     261136 bytes,    2180264 total
- age   7:     264256 bytes,    2444520 total
- age   8:     175832 bytes,    2620352 total
: 91231K->2958K(109248K), 0.0029840 secs] 206371K->118235K(502464K), 0.0030753 secs] [Times: user=0.00 sys=0.00, real=0.00 secs] 
Heap after GC invocations=22 (full 1):
 par new generation   total 109248K, used 2958K [0x00000000e0000000, 0x00000000e8000000, 0x00000000e8000000)
  eden space 87424K,   0% used [0x00000000e0000000, 0x00000000e0000000, 0x00000000e5560000)
  from space 21824K,  13% used [0x00000000e5560000, 0x00000000e5843b28, 0x00000000e6ab0000)
  to   space 21824K,   0% used [0x00000000e6ab0000, 0x00000000e6ab0000, 0x00000000e8000000)
 concurrent mark-sweep generation total 393216K, used 115276K [0x00000000e8000000, 0x0000000100000000, 0x0000000100000000)
 Metaspace       used 32753K, capacity 33240K, committed 33604K, reserved 1079296K
  class space    used 3813K, capacity 3960K, committed 3992K, reserved 1048576K
}
2018-09-27T18:44:42.746+0200: 3030.076: Total time for which application threads were stopped: 0.0032912 seconds, Stopping threads took: 0.0000284 seconds
2018-09-27T18:44:42.830+0200: 3030.161: Total time for which application threads were stopped: 0.0001553 seconds, Stopping threads took: 0.0000619 seconds
{Heap before GC invocations=22 (full 1):
 par new generation   total 109248K, used 90382K [0x00000000e0000000, 0x00000000e8000000, 0x00000000e8000000)
  eden space 87424K, 100% used [0x00000000e0000000, 0x00000000e5560000, 0x00000000e5560000)
  from space 21824K,  13% used [0x00000000e5560000, 0x00000000e5843b28, 0x00000000e6ab0000)
  to   space 21824K,   0% used [0x00000000e6ab0000, 0x00000000e6ab0000, 0x00000000e8000000)
 concurrent mark-sweep generation total 393216K, used 115276K [0x00000000e8000000, 0x0000000100000000, 0x0000000100000000)
 Metaspace       used 32753K, capacity 33240K, committed 33604K, reserved 1079296K
  class space    used 3813K, capacity 3960K, committed 3992K, reserved 1048576K
2018-09-27T18:44:43.059+0200: 3030.390: [GC (Allocation Failure) 2018-09-27T18:44:43.059+0200: 3030.390: [ParNew
Desired survivor size 20112992 bytes, new threshold 8 (max 8)
- age   1:     984848 bytes,     984848 total
- age   2:     310752 bytes,    1295600 total
- age   3:     204040 bytes,    1499640 total
- age   4:     277192 bytes,    1776832 total
- age   5:     243968 bytes,    2020800 total
- age   6:     176776 bytes,    2197576 total
- age   7:     261136 bytes,    2458712 total
- age   8:     264256 bytes,    2722968 total
: 90382K->3231K(109248K), 0.0035978 secs] 205659K->118679K(502464K), 0.0037113 secs] [Times: user=0.00 sys=0.00, real=0.00 secs] 
Heap after GC invocations=23 (full 1):
 par new generation   total 109248K, used 3231K [0x00000000e0000000, 0x00000000e8000000, 0x00000000e8000000)
  eden space 87424K,   0% used [0x00000000e0000000, 0x00000000e0000000, 0x00000000e5560000)
  from space 21824K,  14% used [0x00000000e6ab0000, 0x00000000e6dd7e40, 0x00000000e8000000)
  to   space 21824K,   0% used [0x00000000e5560000, 0x00000000e5560000, 0x00000000e6ab0000)
 concurrent mark-sweep generation total 393216K, used 115448K [0x00000000e8000000, 0x0000000100000000, 0x0000000100000000)
 Metaspace       used 32753K, capacity 33240K, committed 33604K, reserved 1079296K
  class space    used 3813K, capacity 3960K, committed 3992K, reserved 1048576K
}
2018-09-27T18:44:43.063+0200: 3030.394: Total time for which application threads were stopped: 0.0039991 seconds, Stopping threads took: 0.0000332 seconds
2018-09-27T18:44:43.141+0200: 3030.472: Total time for which application threads were stopped: 0.0000982 seconds, Stopping threads took: 0.0000250 seconds
2018-09-27T18:44:43.149+0200: 3030.480: Total time for which application threads were stopped: 0.0002265 seconds, Stopping threads took: 0.0000404 seconds
{Heap before GC invocations=23 (full 1):
 par new generation   total 109248K, used 90655K [0x00000000e0000000, 0x00000000e8000000, 0x00000000e8000000)
  eden space 87424K, 100% used [0x00000000e0000000, 0x00000000e5560000, 0x00000000e5560000)
  from space 21824K,  14% used [0x00000000e6ab0000, 0x00000000e6dd7e40, 0x00000000e8000000)
  to   space 21824K,   0% used [0x00000000e5560000, 0x00000000e5560000, 0x00000000e6ab0000)
 concurrent mark-sweep generation total 393216K, used 115448K [0x00000000e8000000, 0x0000000100000000, 0x0000000100000000)
 Metaspace       used 32766K, capacity 33240K, committed 33604K, reserved 1079296K
  class space    used 3813K, capacity 3960K, committed 3992K, reserved 1048576K
2018-09-27T18:44:43.331+0200: 3030.662: [GC (Allocation Failure) 2018-09-27T18:44:43.331+0200: 3030.662: [ParNew
Desired survivor size 20112992 bytes, new threshold 8 (max 8)
- age   1:    1060184 bytes,    1060184 total
- age   2:     211856 bytes,    1272040 total
- age   3:     272424 bytes,    1544464 total
- age   4:     203504 bytes,    1747968 total
- age   5:     277192 bytes,    2025160 total
- age   6:     243968 bytes,    2269128 total
- age   7:     176776 bytes,    2445904 total
- age   8:     261136 bytes,    2707040 total
: 90655K->4055K(109248K), 0.0028937 secs] 206103K->119761K(502464K), 0.0029836 secs] [Times: user=0.00 sys=0.00, real=0.00 secs] 
Heap after GC invocations=24 (full 1):
 par new generation   total 109248K, used 4055K [0x00000000e0000000, 0x00000000e8000000, 0x00000000e8000000)
  eden space 87424K,   0% used [0x00000000e0000000, 0x00000000e0000000, 0x00000000e5560000)
  from space 21824K,  18% used [0x00000000e5560000, 0x00000000e5955eb8, 0x00000000e6ab0000)
  to   space 21824K,   0% used [0x00000000e6ab0000, 0x00000000e6ab0000, 0x00000000e8000000)
 concurrent mark-sweep generation total 393216K, used 115706K [0x00000000e8000000, 0x0000000100000000, 0x0000000100000000)
 Metaspace       used 32766K, capacity 33240K, committed 33604K, reserved 1079296K
  class space    used 3813K, capacity 3960K, committed 3992K, reserved 1048576K
}
2018-09-27T18:44:43.334+0200: 3030.665: Total time for which application threads were stopped: 0.0032074 seconds, Stopping threads took: 0.0000458 seconds
{Heap before GC invocations=24 (full 1):
 par new generation   total 109248K, used 91479K [0x00000000e0000000, 0x00000000e8000000, 0x00000000e8000000)
  eden space 87424K, 100% used [0x00000000e0000000, 0x00000000e5560000, 0x00000000e5560000)
  from space 21824K,  18% used [0x00000000e5560000, 0x00000000e5955eb8, 0x00000000e6ab0000)
  to   space 21824K,   0% used [0x00000000e6ab0000, 0x00000000e6ab0000, 0x00000000e8000000)
 concurrent mark-sweep generation total 393216K, used 115706K [0x00000000e8000000, 0x0000000100000000, 0x0000000100000000)
 Metaspace       used 32775K, capacity 33240K, committed 33604K, reserved 1079296K
  class space    used 3813K, capacity 3960K, committed 3992K, reserved 1048576K
2018-09-27T18:44:43.591+0200: 3030.921: [GC (Allocation Failure) 2018-09-27T18:44:43.591+0200: 3030.921: [ParNew
Desired survivor size 20112992 bytes, new threshold 8 (max 8)
- age   1:     901072 bytes,     901072 total
- age   2:     530568 bytes,    1431640 total
- age   3:     179024 bytes,    1610664 total
- age   4:     224280 bytes,    1834944 total
- age   5:     203480 bytes,    2038424 total
- age   6:     277192 bytes,    2315616 total
- age   7:     243968 bytes,    2559584 total
- age   8:     175432 bytes,    2735016 total
: 91479K->3308K(109248K), 0.0031208 secs] 207185K->119269K(502464K), 0.0032228 secs] [Times: user=0.00 sys=0.00, real=0.00 secs] 
Heap after GC invocations=25 (full 1):
 par new generation   total 109248K, used 3308K [0x00000000e0000000, 0x00000000e8000000, 0x00000000e8000000)
  eden space 87424K,   0% used [0x00000000e0000000, 0x00000000e0000000, 0x00000000e5560000)
  from space 21824K,  15% used [0x00000000e6ab0000, 0x00000000e6deb0b8, 0x00000000e8000000)
  to   space 21824K,   0% used [0x00000000e5560000, 0x00000000e5560000, 0x00000000e6ab0000)
 concurrent mark-sweep generation total 393216K, used 115961K [0x00000000e8000000, 0x0000000100000000, 0x0000000100000000)
 Metaspace       used 32775K, capacity 33240K, committed 33604K, reserved 1079296K
  class space    used 3813K, capacity 3960K, committed 3992K, reserved 1048576K
}
2018-09-27T18:44:43.594+0200: 3030.925: Total time for which application threads were stopped: 0.0034294 seconds, Stopping threads took: 0.0000346 seconds
{Heap before GC invocations=25 (full 1):
 par new generation   total 109248K, used 90732K [0x00000000e0000000, 0x00000000e8000000, 0x00000000e8000000)
  eden space 87424K, 100% used [0x00000000e0000000, 0x00000000e5560000, 0x00000000e5560000)
  from space 21824K,  15% used [0x00000000e6ab0000, 0x00000000e6deb0b8, 0x00000000e8000000)
  to   space 21824K,   0% used [0x00000000e5560000, 0x00000000e5560000, 0x00000000e6ab0000)
 concurrent mark-sweep generation total 393216K, used 115961K [0x00000000e8000000, 0x0000000100000000, 0x0000000100000000)
 Metaspace       used 32780K, capacity 33240K, committed 33604K, reserved 1079296K
  class space    used 3813K, capacity 3960K, committed 3992K, reserved 1048576K
2018-09-27T18:44:43.783+0200: 3031.114: [GC (Allocation Failure) 2018-09-27T18:44:43.783+0200: 3031.114: [ParNew
Desired survivor size 20112992 bytes, new threshold 8 (max 8)
- age   1:    1071432 bytes,    1071432 total
- age   2:     270960 bytes,    1342392 total
- age   3:     299656 bytes,    1642048 total
- age   4:     178408 bytes,    1820456 total
- age   5:     215520 bytes,    2035976 total
- age   6:     203480 bytes,    2239456 total
- age   7:     277192 bytes,    2516648 total
- age   8:     243968 bytes,    2760616 total
: 90732K->3459K(109248K), 0.0032019 secs] 206693K->119572K(502464K), 0.0032820 secs] [Times: user=0.06 sys=0.00, real=0.00 secs] 
Heap after GC invocations=26 (full 1):
 par new generation   total 109248K, used 3459K [0x00000000e0000000, 0x00000000e8000000, 0x00000000e8000000)
  eden space 87424K,   0% used [0x00000000e0000000, 0x00000000e0000000, 0x00000000e5560000)
  from space 21824K,  15% used [0x00000000e5560000, 0x00000000e58c0c80, 0x00000000e6ab0000)
  to   space 21824K,   0% used [0x00000000e6ab0000, 0x00000000e6ab0000, 0x00000000e8000000)
 concurrent mark-sweep generation total 393216K, used 116113K [0x00000000e8000000, 0x0000000100000000, 0x0000000100000000)
 Metaspace       used 32780K, capacity 33240K, committed 33604K, reserved 1079296K
  class space    used 3813K, capacity 3960K, committed 3992K, reserved 1048576K
}
2018-09-27T18:44:43.786+0200: 3031.117: Total time for which application threads were stopped: 0.0034873 seconds, Stopping threads took: 0.0000243 seconds
{Heap before GC invocations=26 (full 1):
 par new generation   total 109248K, used 90883K [0x00000000e0000000, 0x00000000e8000000, 0x00000000e8000000)
  eden space 87424K, 100% used [0x00000000e0000000, 0x00000000e5560000, 0x00000000e5560000)
  from space 21824K,  15% used [0x00000000e5560000, 0x00000000e58c0c80, 0x00000000e6ab0000)
  to   space 21824K,   0% used [0x00000000e6ab0000, 0x00000000e6ab0000, 0x00000000e8000000)
 concurrent mark-sweep generation total 393216K, used 116113K [0x00000000e8000000, 0x0000000100000000, 0x0000000100000000)
 Metaspace       used 32781K, capacity 33240K, committed 33604K, reserved 1079296K
  class space    used 3813K, capacity 3960K, committed 3992K, reserved 1048576K
2018-09-27T18:44:43.955+0200: 3031.285: [GC (Allocation Failure) 2018-09-27T18:44:43.955+0200: 3031.286: [ParNew
Desired survivor size 20112992 bytes, new threshold 8 (max 8)
- age   1:    1353848 bytes,    1353848 total
- age   2:     443304 bytes,    1797152 total
- age   3:     270936 bytes,    2068088 total
- age   4:     256312 bytes,    2324400 total
- age   5:     178408 bytes,    2502808 total
- age   6:     215520 bytes,    2718328 total
- age   7:     203480 bytes,    2921808 total
- age   8:     277192 bytes,    3199000 total
: 90883K->3443K(109248K), 0.0051435 secs] 206996K->119792K(502464K), 0.0052632 secs] [Times: user=0.05 sys=0.00, real=0.01 secs] 
Heap after GC invocations=27 (full 1):
 par new generation   total 109248K, used 3443K [0x00000000e0000000, 0x00000000e8000000, 0x00000000e8000000)
  eden space 87424K,   0% used [0x00000000e0000000, 0x00000000e0000000, 0x00000000e5560000)
  from space 21824K,  15% used [0x00000000e6ab0000, 0x00000000e6e0cce8, 0x00000000e8000000)
  to   space 21824K,   0% used [0x00000000e5560000, 0x00000000e5560000, 0x00000000e6ab0000)
 concurrent mark-sweep generation total 393216K, used 116349K [0x00000000e8000000, 0x0000000100000000, 0x0000000100000000)
 Metaspace       used 32781K, capacity 33240K, committed 33604K, reserved 1079296K
  class space    used 3813K, capacity 3960K, committed 3992K, reserved 1048576K
}
2018-09-27T18:44:43.960+0200: 3031.291: Total time for which application threads were stopped: 0.0055030 seconds, Stopping threads took: 0.0000253 seconds
{Heap before GC invocations=27 (full 1):
 par new generation   total 109248K, used 90867K [0x00000000e0000000, 0x00000000e8000000, 0x00000000e8000000)
  eden space 87424K, 100% used [0x00000000e0000000, 0x00000000e5560000, 0x00000000e5560000)
  from space 21824K,  15% used [0x00000000e6ab0000, 0x00000000e6e0cce8, 0x00000000e8000000)
  to   space 21824K,   0% used [0x00000000e5560000, 0x00000000e5560000, 0x00000000e6ab0000)
 concurrent mark-sweep generation total 393216K, used 116349K [0x00000000e8000000, 0x0000000100000000, 0x0000000100000000)
 Metaspace       used 32783K, capacity 33240K, committed 33604K, reserved 1079296K
  class space    used 3813K, capacity 3960K, committed 3992K, reserved 1048576K
2018-09-27T18:44:44.148+0200: 3031.478: [GC (Allocation Failure) 2018-09-27T18:44:44.148+0200: 3031.478: [ParNew
Desired survivor size 20112992 bytes, new threshold 8 (max 8)
- age   1:    1146608 bytes,    1146608 total
- age   2:    1055296 bytes,    2201904 total
- age   3:     203912 bytes,    2405816 total
- age   4:     216792 bytes,    2622608 total
- age   5:     256312 bytes,    2878920 total
- age   6:     178408 bytes,    3057328 total
- age   7:     215520 bytes,    3272848 total
- age   8:     184016 bytes,    3456864 total
: 90867K->4054K(109248K), 0.0036894 secs] 207216K->120674K(502464K), 0.0037733 secs] [Times: user=0.00 sys=0.00, real=0.00 secs] 
Heap after GC invocations=28 (full 1):
 par new generation   total 109248K, used 4054K [0x00000000e0000000, 0x00000000e8000000, 0x00000000e8000000)
  eden space 87424K,   0% used [0x00000000e0000000, 0x00000000e0000000, 0x00000000e5560000)
  from space 21824K,  18% used [0x00000000e5560000, 0x00000000e59558c0, 0x00000000e6ab0000)
  to   space 21824K,   0% used [0x00000000e6ab0000, 0x00000000e6ab0000, 0x00000000e8000000)
 concurrent mark-sweep generation total 393216K, used 116619K [0x00000000e8000000, 0x0000000100000000, 0x0000000100000000)
 Metaspace       used 32783K, capacity 33240K, committed 33604K, reserved 1079296K
  class space    used 3813K, capacity 3960K, committed 3992K, reserved 1048576K
}
2018-09-27T18:44:44.152+0200: 3031.482: Total time for which application threads were stopped: 0.0039580 seconds, Stopping threads took: 0.0000257 seconds
{Heap before GC invocations=28 (full 1):
 par new generation   total 109248K, used 91478K [0x00000000e0000000, 0x00000000e8000000, 0x00000000e8000000)
  eden space 87424K, 100% used [0x00000000e0000000, 0x00000000e5560000, 0x00000000e5560000)
  from space 21824K,  18% used [0x00000000e5560000, 0x00000000e59558c0, 0x00000000e6ab0000)
  to   space 21824K,   0% used [0x00000000e6ab0000, 0x00000000e6ab0000, 0x00000000e8000000)
 concurrent mark-sweep generation total 393216K, used 116619K [0x00000000e8000000, 0x0000000100000000, 0x0000000100000000)
 Metaspace       used 32790K, capacity 33240K, committed 33604K, reserved 1079296K
  class space    used 3813K, capacity 3960K, committed 3992K, reserved 1048576K
2018-09-27T18:44:44.325+0200: 3031.655: [GC (Allocation Failure) 2018-09-27T18:44:44.325+0200: 3031.655: [ParNew
Desired survivor size 20112992 bytes, new threshold 8 (max 8)
- age   1:    1127800 bytes,    1127800 total
- age   2:     557072 bytes,    1684872 total
- age   3:     971792 bytes,    2656664 total
- age   4:     203888 bytes,    2860552 total
- age   5:     216792 bytes,    3077344 total
- age   6:     256312 bytes,    3333656 total
- age   7:     177192 bytes,    3510848 total
- age   8:     174784 bytes,    3685632 total
: 91478K->5620K(109248K), 0.0037182 secs] 208098K->122420K(502464K), 0.0038034 secs] [Times: user=0.00 sys=0.00, real=0.00 secs] 
Heap after GC invocations=29 (full 1):
 par new generation   total 109248K, used 5620K [0x00000000e0000000, 0x00000000e8000000, 0x00000000e8000000)
  eden space 87424K,   0% used [0x00000000e0000000, 0x00000000e0000000, 0x00000000e5560000)
  from space 21824K,  25% used [0x00000000e6ab0000, 0x00000000e702d2c0, 0x00000000e8000000)
  to   space 21824K,   0% used [0x00000000e5560000, 0x00000000e5560000, 0x00000000e6ab0000)
 concurrent mark-sweep generation total 393216K, used 116799K [0x00000000e8000000, 0x0000000100000000, 0x0000000100000000)
 Metaspace       used 32790K, capacity 33240K, committed 33604K, reserved 1079296K
  class space    used 3813K, capacity 3960K, committed 3992K, reserved 1048576K
}
2018-09-27T18:44:44.329+0200: 3031.659: Total time for which application threads were stopped: 0.0039850 seconds, Stopping threads took: 0.0000253 seconds
{Heap before GC invocations=29 (full 1):
 par new generation   total 109248K, used 93044K [0x00000000e0000000, 0x00000000e8000000, 0x00000000e8000000)
  eden space 87424K, 100% used [0x00000000e0000000, 0x00000000e5560000, 0x00000000e5560000)
  from space 21824K,  25% used [0x00000000e6ab0000, 0x00000000e702d2c0, 0x00000000e8000000)
  to   space 21824K,   0% used [0x00000000e5560000, 0x00000000e5560000, 0x00000000e6ab0000)
 concurrent mark-sweep generation total 393216K, used 116799K [0x00000000e8000000, 0x0000000100000000, 0x0000000100000000)
 Metaspace       used 32794K, capacity 33240K, committed 33604K, reserved 1079296K
  class space    used 3813K, capacity 3960K, committed 3992K, reserved 1048576K
2018-09-27T18:44:44.503+0200: 3031.833: [GC (Allocation Failure) 2018-09-27T18:44:44.503+0200: 3031.833: [ParNew
Desired survivor size 20112992 bytes, new threshold 8 (max 8)
- age   1:    1073368 bytes,    1073368 total
- age   2:     606472 bytes,    1679840 total
- age   3:     306328 bytes,    1986168 total
- age   4:     972160 bytes,    2958328 total
- age   5:     203240 bytes,    3161568 total
- age   6:     215592 bytes,    3377160 total
- age   7:     221208 bytes,    3598368 total
- age   8:     176168 bytes,    3774536 total
: 93044K->4405K(109248K), 0.0035317 secs] 209844K->121376K(502464K), 0.0036186 secs] [Times: user=0.00 sys=0.00, real=0.00 secs] 
Heap after GC invocations=30 (full 1):
 par new generation   total 109248K, used 4405K [0x00000000e0000000, 0x00000000e8000000, 0x00000000e8000000)
  eden space 87424K,   0% used [0x00000000e0000000, 0x00000000e0000000, 0x00000000e5560000)
  from space 21824K,  20% used [0x00000000e5560000, 0x00000000e59ad708, 0x00000000e6ab0000)
  to   space 21824K,   0% used [0x00000000e6ab0000, 0x00000000e6ab0000, 0x00000000e8000000)
 concurrent mark-sweep generation total 393216K, used 116970K [0x00000000e8000000, 0x0000000100000000, 0x0000000100000000)
 Metaspace       used 32794K, capacity 33240K, committed 33604K, reserved 1079296K
  class space    used 3813K, capacity 3960K, committed 3992K, reserved 1048576K
}
2018-09-27T18:44:44.506+0200: 3031.837: Total time for which application threads were stopped: 0.0037952 seconds, Stopping threads took: 0.0000263 seconds
{Heap before GC invocations=30 (full 1):
 par new generation   total 109248K, used 91829K [0x00000000e0000000, 0x00000000e8000000, 0x00000000e8000000)
  eden space 87424K, 100% used [0x00000000e0000000, 0x00000000e5560000, 0x00000000e5560000)
  from space 21824K,  20% used [0x00000000e5560000, 0x00000000e59ad708, 0x00000000e6ab0000)
  to   space 21824K,   0% used [0x00000000e6ab0000, 0x00000000e6ab0000, 0x00000000e8000000)
 concurrent mark-sweep generation total 393216K, used 116970K [0x00000000e8000000, 0x0000000100000000, 0x0000000100000000)
 Metaspace       used 32803K, capacity 33304K, committed 33604K, reserved 1079296K
  class space    used 3813K, capacity 3960K, committed 3992K, reserved 1048576K
2018-09-27T18:44:44.680+0200: 3032.010: [GC (Allocation Failure) 2018-09-27T18:44:44.680+0200: 3032.010: [ParNew
Desired survivor size 20112992 bytes, new threshold 8 (max 8)
- age   1:     577088 bytes,     577088 total
- age   2:     502064 bytes,    1079152 total
- age   3:     565384 bytes,    1644536 total
- age   4:     297544 bytes,    1942080 total
- age   5:     971424 bytes,    2913504 total
- age   6:     184296 bytes,    3097800 total
- age   7:     180072 bytes,    3277872 total
- age   8:     221104 bytes,    3498976 total
: 91829K->4745K(109248K), 0.0048185 secs] 208800K->121888K(502464K), 0.0049108 secs] [Times: user=0.00 sys=0.00, real=0.00 secs] 
Heap after GC invocations=31 (full 1):
 par new generation   total 109248K, used 4745K [0x00000000e0000000, 0x00000000e8000000, 0x00000000e8000000)
  eden space 87424K,   0% used [0x00000000e0000000, 0x00000000e0000000, 0x00000000e5560000)
  from space 21824K,  21% used [0x00000000e6ab0000, 0x00000000e6f52740, 0x00000000e8000000)
  to   space 21824K,   0% used [0x00000000e5560000, 0x00000000e5560000, 0x00000000e6ab0000)
 concurrent mark-sweep generation total 393216K, used 117142K [0x00000000e8000000, 0x0000000100000000, 0x0000000100000000)
 Metaspace       used 32803K, capacity 33304K, committed 33604K, reserved 1079296K
  class space    used 3813K, capacity 3960K, committed 3992K, reserved 1048576K
}
2018-09-27T18:44:44.685+0200: 3032.015: Total time for which application threads were stopped: 0.0051339 seconds, Stopping threads took: 0.0000301 seconds
{Heap before GC invocations=31 (full 1):
 par new generation   total 109248K, used 92169K [0x00000000e0000000, 0x00000000e8000000, 0x00000000e8000000)
  eden space 87424K, 100% used [0x00000000e0000000, 0x00000000e5560000, 0x00000000e5560000)
  from space 21824K,  21% used [0x00000000e6ab0000, 0x00000000e6f52740, 0x00000000e8000000)
  to   space 21824K,   0% used [0x00000000e5560000, 0x00000000e5560000, 0x00000000e6ab0000)
 concurrent mark-sweep generation total 393216K, used 117142K [0x00000000e8000000, 0x0000000100000000, 0x0000000100000000)
 Metaspace       used 32806K, capacity 33304K, committed 33604K, reserved 1079296K
  class space    used 3813K, capacity 3960K, committed 3992K, reserved 1048576K
2018-09-27T18:44:44.848+0200: 3032.179: [GC (Allocation Failure) 2018-09-27T18:44:44.848+0200: 3032.179: [ParNew
Desired survivor size 20112992 bytes, new threshold 8 (max 8)
- age   1:     713992 bytes,     713992 total
- age   2:     262312 bytes,     976304 total
- age   3:     502040 bytes,    1478344 total
- age   4:     565384 bytes,    2043728 total
- age   5:     236624 bytes,    2280352 total
- age   6:     951704 bytes,    3232056 total
- age   7:     153168 bytes,    3385224 total
- age   8:     180072 bytes,    3565296 total
: 92169K->4756K(109248K), 0.0039604 secs] 209312K->122115K(502464K), 0.0040398 secs] [Times: user=0.00 sys=0.00, real=0.00 secs] 
Heap after GC invocations=32 (full 1):
 par new generation   total 109248K, used 4756K [0x00000000e0000000, 0x00000000e8000000, 0x00000000e8000000)
  eden space 87424K,   0% used [0x00000000e0000000, 0x00000000e0000000, 0x00000000e5560000)
  from space 21824K,  21% used [0x00000000e5560000, 0x00000000e5a05398, 0x00000000e6ab0000)
  to   space 21824K,   0% used [0x00000000e6ab0000, 0x00000000e6ab0000, 0x00000000e8000000)
 concurrent mark-sweep generation total 393216K, used 117358K [0x00000000e8000000, 0x0000000100000000, 0x0000000100000000)
 Metaspace       used 32806K, capacity 33304K, committed 33604K, reserved 1079296K
  class space    used 3813K, capacity 3960K, committed 3992K, reserved 1048576K
}
2018-09-27T18:44:44.852+0200: 3032.183: Total time for which application threads were stopped: 0.0042132 seconds, Stopping threads took: 0.0000233 seconds
{Heap before GC invocations=32 (full 1):
 par new generation   total 109248K, used 92180K [0x00000000e0000000, 0x00000000e8000000, 0x00000000e8000000)
  eden space 87424K, 100% used [0x00000000e0000000, 0x00000000e5560000, 0x00000000e5560000)
  from space 21824K,  21% used [0x00000000e5560000, 0x00000000e5a05398, 0x00000000e6ab0000)
  to   space 21824K,   0% used [0x00000000e6ab0000, 0x00000000e6ab0000, 0x00000000e8000000)
 concurrent mark-sweep generation total 393216K, used 117358K [0x00000000e8000000, 0x0000000100000000, 0x0000000100000000)
 Metaspace       used 32806K, capacity 33304K, committed 33604K, reserved 1079296K
  class space    used 3813K, capacity 3960K, committed 3992K, reserved 1048576K
2018-09-27T18:44:45.013+0200: 3032.344: [GC (Allocation Failure) 2018-09-27T18:44:45.013+0200: 3032.344: [ParNew
Desired survivor size 20112992 bytes, new threshold 8 (max 8)
- age   1:     814016 bytes,     814016 total
- age   2:     262192 bytes,    1076208 total
- age   3:     262192 bytes,    1338400 total
- age   4:     501312 bytes,    1839712 total
- age   5:     511240 bytes,    2350952 total
- age   6:     234464 bytes,    2585416 total
- age   7:     915320 bytes,    3500736 total
- age   8:     153168 bytes,    3653904 total
: 92180K->4467K(109248K), 0.0036795 secs] 209539K->122001K(502464K), 0.0037668 secs] [Times: user=0.00 sys=0.00, real=0.00 secs] 
Heap after GC invocations=33 (full 1):
 par new generation   total 109248K, used 4467K [0x00000000e0000000, 0x00000000e8000000, 0x00000000e8000000)
  eden space 87424K,   0% used [0x00000000e0000000, 0x00000000e0000000, 0x00000000e5560000)
  from space 21824K,  20% used [0x00000000e6ab0000, 0x00000000e6f0cf40, 0x00000000e8000000)
  to   space 21824K,   0% used [0x00000000e5560000, 0x00000000e5560000, 0x00000000e6ab0000)
 concurrent mark-sweep generation total 393216K, used 117534K [0x00000000e8000000, 0x0000000100000000, 0x0000000100000000)
 Metaspace       used 32806K, capacity 33304K, committed 33604K, reserved 1079296K
  class space    used 3813K, capacity 3960K, committed 3992K, reserved 1048576K
}
2018-09-27T18:44:45.017+0200: 3032.348: Total time for which application threads were stopped: 0.0039601 seconds, Stopping threads took: 0.0000260 seconds
{Heap before GC invocations=33 (full 1):
 par new generation   total 109248K, used 91891K [0x00000000e0000000, 0x00000000e8000000, 0x00000000e8000000)
  eden space 87424K, 100% used [0x00000000e0000000, 0x00000000e5560000, 0x00000000e5560000)
  from space 21824K,  20% used [0x00000000e6ab0000, 0x00000000e6f0cf40, 0x00000000e8000000)
  to   space 21824K,   0% used [0x00000000e5560000, 0x00000000e5560000, 0x00000000e6ab0000)
 concurrent mark-sweep generation total 393216K, used 117534K [0x00000000e8000000, 0x0000000100000000, 0x0000000100000000)
 Metaspace       used 32807K, capacity 33304K, committed 33604K, reserved 1079296K
  class space    used 3813K, capacity 3960K, committed 3992K, reserved 1048576K
2018-09-27T18:44:45.209+0200: 3032.540: [GC (Allocation Failure) 2018-09-27T18:44:45.209+0200: 3032.540: [ParNew
Desired survivor size 20112992 bytes, new threshold 8 (max 8)
- age   1:    1127040 bytes,    1127040 total
- age   2:     273504 bytes,    1400544 total
- age   3:     262144 bytes,    1662688 total
- age   4:     261440 bytes,    1924128 total
- age   5:     219280 bytes,    2143408 total
- age   6:     509072 bytes,    2652480 total
- age   7:     196352 bytes,    2848832 total
- age   8:     915456 bytes,    3764288 total
: 91891K->5463K(109248K), 0.0041185 secs] 209425K->123146K(502464K), 0.0042252 secs] [Times: user=0.00 sys=0.00, real=0.00 secs] 
Heap after GC invocations=34 (full 1):
 par new generation   total 109248K, used 5463K [0x00000000e0000000, 0x00000000e8000000, 0x00000000e8000000)
  eden space 87424K,   0% used [0x00000000e0000000, 0x00000000e0000000, 0x00000000e5560000)
  from space 21824K,  25% used [0x00000000e5560000, 0x00000000e5ab5ce8, 0x00000000e6ab0000)
  to   space 21824K,   0% used [0x00000000e6ab0000, 0x00000000e6ab0000, 0x00000000e8000000)
 concurrent mark-sweep generation total 393216K, used 117683K [0x00000000e8000000, 0x0000000100000000, 0x0000000100000000)
 Metaspace       used 32807K, capacity 33304K, committed 33604K, reserved 1079296K
  class space    used 3813K, capacity 3960K, committed 3992K, reserved 1048576K
}
2018-09-27T18:44:45.214+0200: 3032.544: Total time for which application threads were stopped: 0.0044353 seconds, Stopping threads took: 0.0000260 seconds
{Heap before GC invocations=34 (full 1):
 par new generation   total 109248K, used 92887K [0x00000000e0000000, 0x00000000e8000000, 0x00000000e8000000)
  eden space 87424K, 100% used [0x00000000e0000000, 0x00000000e5560000, 0x00000000e5560000)
  from space 21824K,  25% used [0x00000000e5560000, 0x00000000e5ab5ce8, 0x00000000e6ab0000)
  to   space 21824K,   0% used [0x00000000e6ab0000, 0x00000000e6ab0000, 0x00000000e8000000)
 concurrent mark-sweep generation total 393216K, used 117683K [0x00000000e8000000, 0x0000000100000000, 0x0000000100000000)
 Metaspace       used 32808K, capacity 33304K, committed 33604K, reserved 1079296K
  class space    used 3813K, capacity 3960K, committed 3992K, reserved 1048576K
2018-09-27T18:44:45.373+0200: 3032.704: [GC (Allocation Failure) 2018-09-27T18:44:45.373+0200: 3032.704: [ParNew
Desired survivor size 20112992 bytes, new threshold 8 (max 8)
- age   1:     865376 bytes,     865376 total
- age   2:     565376 bytes,    1430752 total
- age   3:     240648 bytes,    1671400 total
- age   4:     262096 bytes,    1933496 total
- age   5:     261440 bytes,    2194936 total
- age   6:     218040 bytes,    2412976 total
- age   7:     472928 bytes,    2885904 total
- age   8:     196352 bytes,    3082256 total
: 92887K->4316K(109248K), 0.0052981 secs] 210570K->122907K(502464K), 0.0053888 secs] [Times: user=0.06 sys=0.00, real=0.01 secs] 
Heap after GC invocations=35 (full 1):
 par new generation   total 109248K, used 4316K [0x00000000e0000000, 0x00000000e8000000, 0x00000000e8000000)
  eden space 87424K,   0% used [0x00000000e0000000, 0x00000000e0000000, 0x00000000e5560000)
  from space 21824K,  19% used [0x00000000e6ab0000, 0x00000000e6ee72c0, 0x00000000e8000000)
  to   space 21824K,   0% used [0x00000000e5560000, 0x00000000e5560000, 0x00000000e6ab0000)
 concurrent mark-sweep generation total 393216K, used 118591K [0x00000000e8000000, 0x0000000100000000, 0x0000000100000000)
 Metaspace       used 32808K, capacity 33304K, committed 33604K, reserved 1079296K
  class space    used 3813K, capacity 3960K, committed 3992K, reserved 1048576K
}
2018-09-27T18:44:45.379+0200: 3032.709: Total time for which application threads were stopped: 0.0056094 seconds, Stopping threads took: 0.0000311 seconds
{Heap before GC invocations=35 (full 1):
 par new generation   total 109248K, used 91740K [0x00000000e0000000, 0x00000000e8000000, 0x00000000e8000000)
  eden space 87424K, 100% used [0x00000000e0000000, 0x00000000e5560000, 0x00000000e5560000)
  from space 21824K,  19% used [0x00000000e6ab0000, 0x00000000e6ee72c0, 0x00000000e8000000)
  to   space 21824K,   0% used [0x00000000e5560000, 0x00000000e5560000, 0x00000000e6ab0000)
 concurrent mark-sweep generation total 393216K, used 118591K [0x00000000e8000000, 0x0000000100000000, 0x0000000100000000)
 Metaspace       used 32813K, capacity 33304K, committed 33604K, reserved 1079296K
  class space    used 3813K, capacity 3960K, committed 3992K, reserved 1048576K
2018-09-27T18:44:45.560+0200: 3032.891: [GC (Allocation Failure) 2018-09-27T18:44:45.560+0200: 3032.891: [ParNew
Desired survivor size 20112992 bytes, new threshold 8 (max 8)
- age   1:     797112 bytes,     797112 total
- age   2:     182352 bytes,     979464 total
- age   3:     532496 bytes,    1511960 total
- age   4:     239816 bytes,    1751776 total
- age   5:     262096 bytes,    2013872 total
- age   6:     225040 bytes,    2238912 total
- age   7:     181128 bytes,    2420040 total
- age   8:     472928 bytes,    2892968 total
: 91740K->3476K(109248K), 0.0034650 secs] 210331K->122263K(502464K), 0.0036569 secs] [Times: user=0.00 sys=0.00, real=0.00 secs] 
Heap after GC invocations=36 (full 1):
 par new generation   total 109248K, used 3476K [0x00000000e0000000, 0x00000000e8000000, 0x00000000e8000000)
  eden space 87424K,   0% used [0x00000000e0000000, 0x00000000e0000000, 0x00000000e5560000)
  from space 21824K,  15% used [0x00000000e5560000, 0x00000000e58c5150, 0x00000000e6ab0000)
  to   space 21824K,   0% used [0x00000000e6ab0000, 0x00000000e6ab0000, 0x00000000e8000000)
 concurrent mark-sweep generation total 393216K, used 118786K [0x00000000e8000000, 0x0000000100000000, 0x0000000100000000)
 Metaspace       used 32813K, capacity 33304K, committed 33604K, reserved 1079296K
  class space    used 3813K, capacity 3960K, committed 3992K, reserved 1048576K
}
2018-09-27T18:44:45.564+0200: 3032.894: Total time for which application threads were stopped: 0.0039464 seconds, Stopping threads took: 0.0000428 seconds
{Heap before GC invocations=36 (full 1):
 par new generation   total 109248K, used 90900K [0x00000000e0000000, 0x00000000e8000000, 0x00000000e8000000)
  eden space 87424K, 100% used [0x00000000e0000000, 0x00000000e5560000, 0x00000000e5560000)
  from space 21824K,  15% used [0x00000000e5560000, 0x00000000e58c5150, 0x00000000e6ab0000)
  to   space 21824K,   0% used [0x00000000e6ab0000, 0x00000000e6ab0000, 0x00000000e8000000)
 concurrent mark-sweep generation total 393216K, used 118786K [0x00000000e8000000, 0x0000000100000000, 0x0000000100000000)
 Metaspace       used 32816K, capacity 33304K, committed 33604K, reserved 1079296K
  class space    used 3813K, capacity 3960K, committed 3992K, reserved 1048576K
2018-09-27T18:44:45.725+0200: 3033.056: [GC (Allocation Failure) 2018-09-27T18:44:45.725+0200: 3033.056: [ParNew
Desired survivor size 20112992 bytes, new threshold 8 (max 8)
- age   1:    1412880 bytes,    1412880 total
- age   2:     260304 bytes,    1673184 total
- age   3:     182328 bytes,    1855512 total
- age   4:     214424 bytes,    2069936 total
- age   5:     239816 bytes,    2309752 total
- age   6:     259088 bytes,    2568840 total
- age   7:     196040 bytes,    2764880 total
- age   8:     181128 bytes,    2946008 total
: 90900K->4254K(109248K), 0.0036159 secs] 209687K->123503K(502464K), 0.0036970 secs] [Times: user=0.00 sys=0.00, real=0.00 secs] 
Heap after GC invocations=37 (full 1):
 par new generation   total 109248K, used 4254K [0x00000000e0000000, 0x00000000e8000000, 0x00000000e8000000)
  eden space 87424K,   0% used [0x00000000e0000000, 0x00000000e0000000, 0x00000000e5560000)
  from space 21824K,  19% used [0x00000000e6ab0000, 0x00000000e6ed79e0, 0x00000000e8000000)
  to   space 21824K,   0% used [0x00000000e5560000, 0x00000000e5560000, 0x00000000e6ab0000)
 concurrent mark-sweep generation total 393216K, used 119248K [0x00000000e8000000, 0x0000000100000000, 0x0000000100000000)
 Metaspace       used 32816K, capacity 33304K, committed 33604K, reserved 1079296K
  class space    used 3813K, capacity 3960K, committed 3992K, reserved 1048576K
}
2018-09-27T18:44:45.729+0200: 3033.059: Total time for which application threads were stopped: 0.0038889 seconds, Stopping threads took: 0.0000243 seconds
{Heap before GC invocations=37 (full 1):
 par new generation   total 109248K, used 91678K [0x00000000e0000000, 0x00000000e8000000, 0x00000000e8000000)
  eden space 87424K, 100% used [0x00000000e0000000, 0x00000000e5560000, 0x00000000e5560000)
  from space 21824K,  19% used [0x00000000e6ab0000, 0x00000000e6ed79e0, 0x00000000e8000000)
  to   space 21824K,   0% used [0x00000000e5560000, 0x00000000e5560000, 0x00000000e6ab0000)
 concurrent mark-sweep generation total 393216K, used 119248K [0x00000000e8000000, 0x0000000100000000, 0x0000000100000000)
 Metaspace       used 32818K, capacity 33304K, committed 33604K, reserved 1079296K
  class space    used 3813K, capacity 3960K, committed 3992K, reserved 1048576K
2018-09-27T18:44:45.920+0200: 3033.251: [GC (Allocation Failure) 2018-09-27T18:44:45.920+0200: 3033.251: [ParNew
Desired survivor size 20112992 bytes, new threshold 8 (max 8)
- age   1:     911304 bytes,     911304 total
- age   2:     540408 bytes,    1451712 total
- age   3:     260184 bytes,    1711896 total
- age   4:     182328 bytes,    1894224 total
- age   5:     214424 bytes,    2108648 total
- age   6:     176680 bytes,    2285328 total
- age   7:     141224 bytes,    2426552 total
- age   8:     196040 bytes,    2622592 total
: 91678K->3794K(109248K), 0.0029115 secs] 210927K->123220K(502464K), 0.0030452 secs] [Times: user=0.00 sys=0.00, real=0.00 secs] 
Heap after GC invocations=38 (full 1):
 par new generation   total 109248K, used 3794K [0x00000000e0000000, 0x00000000e8000000, 0x00000000e8000000)
  eden space 87424K,   0% used [0x00000000e0000000, 0x00000000e0000000, 0x00000000e5560000)
  from space 21824K,  17% used [0x00000000e5560000, 0x00000000e5914a38, 0x00000000e6ab0000)
  to   space 21824K,   0% used [0x00000000e6ab0000, 0x00000000e6ab0000, 0x00000000e8000000)
 concurrent mark-sweep generation total 393216K, used 119425K [0x00000000e8000000, 0x0000000100000000, 0x0000000100000000)
 Metaspace       used 32818K, capacity 33304K, committed 33604K, reserved 1079296K
  class space    used 3813K, capacity 3960K, committed 3992K, reserved 1048576K
}
2018-09-27T18:44:45.923+0200: 3033.254: Total time for which application threads were stopped: 0.0032502 seconds, Stopping threads took: 0.0000281 seconds
{Heap before GC invocations=38 (full 1):
 par new generation   total 109248K, used 91218K [0x00000000e0000000, 0x00000000e8000000, 0x00000000e8000000)
  eden space 87424K, 100% used [0x00000000e0000000, 0x00000000e5560000, 0x00000000e5560000)
  from space 21824K,  17% used [0x00000000e5560000, 0x00000000e5914a38, 0x00000000e6ab0000)
  to   space 21824K,   0% used [0x00000000e6ab0000, 0x00000000e6ab0000, 0x00000000e8000000)
 concurrent mark-sweep generation total 393216K, used 119425K [0x00000000e8000000, 0x0000000100000000, 0x0000000100000000)
 Metaspace       used 32819K, capacity 33304K, committed 33604K, reserved 1079296K
  class space    used 3813K, capacity 3960K, committed 3992K, reserved 1048576K
2018-09-27T18:44:46.150+0200: 3033.481: [GC (Allocation Failure) 2018-09-27T18:44:46.150+0200: 3033.481: [ParNew
Desired survivor size 20112992 bytes, new threshold 8 (max 8)
- age   1:     846952 bytes,     846952 total
- age   2:     371016 bytes,    1217968 total
- age   3:     540360 bytes,    1758328 total
- age   4:     260160 bytes,    2018488 total
- age   5:     182328 bytes,    2200816 total
- age   6:     213208 bytes,    2414024 total
- age   7:     141056 bytes,    2555080 total
- age   8:     141224 bytes,    2696304 total
: 91218K->3653K(109248K), 0.0029806 secs] 210644K->123270K(502464K), 0.0030627 secs] [Times: user=0.00 sys=0.00, real=0.00 secs] 
Heap after GC invocations=39 (full 1):
 par new generation   total 109248K, used 3653K [0x00000000e0000000, 0x00000000e8000000, 0x00000000e8000000)
  eden space 87424K,   0% used [0x00000000e0000000, 0x00000000e0000000, 0x00000000e5560000)
  from space 21824K,  16% used [0x00000000e6ab0000, 0x00000000e6e41790, 0x00000000e8000000)
  to   space 21824K,   0% used [0x00000000e5560000, 0x00000000e5560000, 0x00000000e6ab0000)
 concurrent mark-sweep generation total 393216K, used 119616K [0x00000000e8000000, 0x0000000100000000, 0x0000000100000000)
 Metaspace       used 32819K, capacity 33304K, committed 33604K, reserved 1079296K
  class space    used 3813K, capacity 3960K, committed 3992K, reserved 1048576K
}
2018-09-27T18:44:46.153+0200: 3033.484: Total time for which application threads were stopped: 0.0032560 seconds, Stopping threads took: 0.0000267 seconds
{Heap before GC invocations=39 (full 1):
 par new generation   total 109248K, used 91077K [0x00000000e0000000, 0x00000000e8000000, 0x00000000e8000000)
  eden space 87424K, 100% used [0x00000000e0000000, 0x00000000e5560000, 0x00000000e5560000)
  from space 21824K,  16% used [0x00000000e6ab0000, 0x00000000e6e41790, 0x00000000e8000000)
  to   space 21824K,   0% used [0x00000000e5560000, 0x00000000e5560000, 0x00000000e6ab0000)
 concurrent mark-sweep generation total 393216K, used 119616K [0x00000000e8000000, 0x0000000100000000, 0x0000000100000000)
 Metaspace       used 32821K, capacity 33304K, committed 33604K, reserved 1079296K
  class space    used 3813K, capacity 3960K, committed 3992K, reserved 1048576K
2018-09-27T18:44:46.314+0200: 3033.644: [GC (Allocation Failure) 2018-09-27T18:44:46.314+0200: 3033.644: [ParNew
Desired survivor size 20112992 bytes, new threshold 8 (max 8)
- age   1:     851272 bytes,     851272 total
- age   2:     256656 bytes,    1107928 total
- age   3:     370944 bytes,    1478872 total
- age   4:     540312 bytes,    2019184 total
- age   5:     243736 bytes,    2262920 total
- age   6:     181120 bytes,    2444040 total
- age   7:     175232 bytes,    2619272 total
- age   8:     141056 bytes,    2760328 total
: 91077K->3320K(109248K), 0.0030305 secs] 210694K->123075K(502464K), 0.0031178 secs] [Times: user=0.06 sys=0.00, real=0.00 secs] 
Heap after GC invocations=40 (full 1):
 par new generation   total 109248K, used 3320K [0x00000000e0000000, 0x00000000e8000000, 0x00000000e8000000)
  eden space 87424K,   0% used [0x00000000e0000000, 0x00000000e0000000, 0x00000000e5560000)
  from space 21824K,  15% used [0x00000000e5560000, 0x00000000e589e140, 0x00000000e6ab0000)
  to   space 21824K,   0% used [0x00000000e6ab0000, 0x00000000e6ab0000, 0x00000000e8000000)
 concurrent mark-sweep generation total 393216K, used 119754K [0x00000000e8000000, 0x0000000100000000, 0x0000000100000000)
 Metaspace       used 32821K, capacity 33304K, committed 33604K, reserved 1079296K
  class space    used 3813K, capacity 3960K, committed 3992K, reserved 1048576K
}
2018-09-27T18:44:46.317+0200: 3033.647: Total time for which application threads were stopped: 0.0032936 seconds, Stopping threads took: 0.0000239 seconds
{Heap before GC invocations=40 (full 1):
 par new generation   total 109248K, used 90744K [0x00000000e0000000, 0x00000000e8000000, 0x00000000e8000000)
  eden space 87424K, 100% used [0x00000000e0000000, 0x00000000e5560000, 0x00000000e5560000)
  from space 21824K,  15% used [0x00000000e5560000, 0x00000000e589e140, 0x00000000e6ab0000)
  to   space 21824K,   0% used [0x00000000e6ab0000, 0x00000000e6ab0000, 0x00000000e8000000)
 concurrent mark-sweep generation total 393216K, used 119754K [0x00000000e8000000, 0x0000000100000000, 0x0000000100000000)
 Metaspace       used 32827K, capacity 33304K, committed 33604K, reserved 1079296K
  class space    used 3813K, capacity 3960K, committed 3992K, reserved 1048576K
2018-09-27T18:44:46.496+0200: 3033.826: [GC (Allocation Failure) 2018-09-27T18:44:46.496+0200: 3033.826: [ParNew
Desired survivor size 20112992 bytes, new threshold 8 (max 8)
- age   1:    1100920 bytes,    1100920 total
- age   2:     216504 bytes,    1317424 total
- age   3:     223776 bytes,    1541200 total
- age   4:     370920 bytes,    1912120 total
- age   5:     182456 bytes,    2094576 total
- age   6:     221608 bytes,    2316184 total
- age   7:     141408 bytes,    2457592 total
- age   8:     175232 bytes,    2632824 total
: 90744K->3368K(109248K), 0.0030572 secs] 210499K->123260K(502464K), 0.0031513 secs] [Times: user=0.00 sys=0.00, real=0.00 secs] 
Heap after GC invocations=41 (full 1):
 par new generation   total 109248K, used 3368K [0x00000000e0000000, 0x00000000e8000000, 0x00000000e8000000)
  eden space 87424K,   0% used [0x00000000e0000000, 0x00000000e0000000, 0x00000000e5560000)
  from space 21824K,  15% used [0x00000000e6ab0000, 0x00000000e6dfa088, 0x00000000e8000000)
  to   space 21824K,   0% used [0x00000000e5560000, 0x00000000e5560000, 0x00000000e6ab0000)
 concurrent mark-sweep generation total 393216K, used 119892K [0x00000000e8000000, 0x0000000100000000, 0x0000000100000000)
 Metaspace       used 32827K, capacity 33304K, committed 33604K, reserved 1079296K
  class space    used 3813K, capacity 3960K, committed 3992K, reserved 1048576K
}
2018-09-27T18:44:46.499+0200: 3033.829: Total time for which application threads were stopped: 0.0033634 seconds, Stopping threads took: 0.0000315 seconds
{Heap before GC invocations=41 (full 1):
 par new generation   total 109248K, used 90792K [0x00000000e0000000, 0x00000000e8000000, 0x00000000e8000000)
  eden space 87424K, 100% used [0x00000000e0000000, 0x00000000e5560000, 0x00000000e5560000)
  from space 21824K,  15% used [0x00000000e6ab0000, 0x00000000e6dfa088, 0x00000000e8000000)
  to   space 21824K,   0% used [0x00000000e5560000, 0x00000000e5560000, 0x00000000e6ab0000)
 concurrent mark-sweep generation total 393216K, used 119892K [0x00000000e8000000, 0x0000000100000000, 0x0000000100000000)
 Metaspace       used 32842K, capacity 33304K, committed 33604K, reserved 1079296K
  class space    used 3813K, capacity 3960K, committed 3992K, reserved 1048576K
2018-09-27T18:44:46.669+0200: 3033.999: [GC (Allocation Failure) 2018-09-27T18:44:46.669+0200: 3033.999: [ParNew
Desired survivor size 20112992 bytes, new threshold 8 (max 8)
- age   1:     892360 bytes,     892360 total
- age   2:     636208 bytes,    1528568 total
- age   3:     216480 bytes,    1745048 total
- age   4:     223776 bytes,    1968824 total
- age   5:     302384 bytes,    2271208 total
- age   6:     160536 bytes,    2431744 total
- age   7:     187568 bytes,    2619312 total
- age   8:     141408 bytes,    2760720 total
: 90792K->3005K(109248K), 0.0028598 secs] 210684K->123069K(502464K), 0.0029313 secs] [Times: user=0.00 sys=0.00, real=0.00 secs] 
Heap after GC invocations=42 (full 1):
 par new generation   total 109248K, used 3005K [0x00000000e0000000, 0x00000000e8000000, 0x00000000e8000000)
  eden space 87424K,   0% used [0x00000000e0000000, 0x00000000e0000000, 0x00000000e5560000)
  from space 21824K,  13% used [0x00000000e5560000, 0x00000000e584f770, 0x00000000e6ab0000)
  to   space 21824K,   0% used [0x00000000e6ab0000, 0x00000000e6ab0000, 0x00000000e8000000)
 concurrent mark-sweep generation total 393216K, used 120063K [0x00000000e8000000, 0x0000000100000000, 0x0000000100000000)
 Metaspace       used 32842K, capacity 33304K, committed 33604K, reserved 1079296K
  class space    used 3813K, capacity 3960K, committed 3992K, reserved 1048576K
}
2018-09-27T18:44:46.672+0200: 3034.002: Total time for which application threads were stopped: 0.0031126 seconds, Stopping threads took: 0.0000332 seconds
2018-09-27T18:44:46.725+0200: 3034.055: Total time for which application threads were stopped: 0.0001389 seconds, Stopping threads took: 0.0000428 seconds
2018-09-27T18:44:46.725+0200: 3034.056: Total time for which application threads were stopped: 0.0000506 seconds, Stopping threads took: 0.0000157 seconds
2018-09-27T18:44:47.230+0200: 3034.561: Total time for which application threads were stopped: 0.0001670 seconds, Stopping threads took: 0.0000363 seconds
2018-09-27T18:44:47.283+0200: 3034.614: Total time for which application threads were stopped: 0.0001194 seconds, Stopping threads took: 0.0000315 seconds
2018-09-27T18:44:47.350+0200: 3034.681: Total time for which application threads were stopped: 0.0001457 seconds, Stopping threads took: 0.0000335 seconds
2018-09-27T18:44:56.355+0200: 3043.685: Total time for which application threads were stopped: 0.0001800 seconds, Stopping threads took: 0.0000595 seconds
2018-09-27T18:45:19.641+0200: 3066.971: Total time for which application threads were stopped: 0.0001368 seconds, Stopping threads took: 0.0000534 seconds
2018-09-27T18:45:19.641+0200: 3066.972: Total time for which application threads were stopped: 0.0000777 seconds, Stopping threads took: 0.0000267 seconds
2018-09-27T18:45:19.644+0200: 3066.974: Total time for which application threads were stopped: 0.0005163 seconds, Stopping threads took: 0.0004082 seconds
2018-09-27T18:45:19.644+0200: 3066.975: Total time for which application threads were stopped: 0.0000989 seconds, Stopping threads took: 0.0000441 seconds
2018-09-27T18:45:19.647+0200: 3066.978: Total time for which application threads were stopped: 0.0001286 seconds, Stopping threads took: 0.0000318 seconds
2018-09-27T18:45:19.649+0200: 3066.979: Total time for which application threads were stopped: 0.0001238 seconds, Stopping threads took: 0.0000411 seconds
2018-09-27T18:45:19.649+0200: 3066.979: Total time for which application threads were stopped: 0.0000886 seconds, Stopping threads took: 0.0000390 seconds
2018-09-27T18:45:19.649+0200: 3066.979: Total time for which application threads were stopped: 0.0000742 seconds, Stopping threads took: 0.0000270 seconds
2018-09-27T18:45:19.650+0200: 3066.980: Total time for which application threads were stopped: 0.0001129 seconds, Stopping threads took: 0.0000328 seconds
2018-09-27T18:45:20.650+0200: 3067.980: Total time for which application threads were stopped: 0.0002586 seconds, Stopping threads took: 0.0000797 seconds
2018-09-27T18:45:21.922+0200: 3069.252: Total time for which application threads were stopped: 0.0001143 seconds, Stopping threads took: 0.0000318 seconds
2018-09-27T18:45:21.922+0200: 3069.253: Total time for which application threads were stopped: 0.0000746 seconds, Stopping threads took: 0.0000246 seconds
2018-09-27T18:45:21.925+0200: 3069.256: Total time for which application threads were stopped: 0.0001228 seconds, Stopping threads took: 0.0000318 seconds
2018-09-27T18:45:23.926+0200: 3071.256: Total time for which application threads were stopped: 0.0002128 seconds, Stopping threads took: 0.0000424 seconds
2018-09-27T18:45:32.929+0200: 3080.260: Total time for which application threads were stopped: 0.0001074 seconds, Stopping threads took: 0.0000308 seconds
2018-09-27T18:45:34.929+0200: 3082.260: Total time for which application threads were stopped: 0.0002172 seconds, Stopping threads took: 0.0000712 seconds
2018-09-27T18:46:59.653+0200: 3166.983: Total time for which application threads were stopped: 0.0001184 seconds, Stopping threads took: 0.0000335 seconds
2018-09-27T18:46:59.657+0200: 3166.987: Total time for which application threads were stopped: 0.0000404 seconds, Stopping threads took: 0.0000120 seconds
2018-09-27T18:46:59.661+0200: 3166.991: Total time for which application threads were stopped: 0.0000701 seconds, Stopping threads took: 0.0000219 seconds
2018-09-27T18:47:17.242+0200: 3184.572: Total time for which application threads were stopped: 0.0001074 seconds, Stopping threads took: 0.0000387 seconds
2018-09-27T18:47:23.145+0200: 3190.476: Total time for which application threads were stopped: 0.0001132 seconds, Stopping threads took: 0.0000274 seconds
2018-09-27T18:48:49.210+0200: 3276.540: Total time for which application threads were stopped: 0.0001505 seconds, Stopping threads took: 0.0000209 seconds
2018-09-27T18:48:49.210+0200: 3276.541: Total time for which application threads were stopped: 0.0000595 seconds, Stopping threads took: 0.0000239 seconds
2018-09-27T18:48:49.211+0200: 3276.541: Total time for which application threads were stopped: 0.0000482 seconds, Stopping threads took: 0.0000133 seconds
2018-09-27T18:48:49.219+0200: 3276.550: Total time for which application threads were stopped: 0.0001984 seconds, Stopping threads took: 0.0000421 seconds
2018-09-27T18:48:49.222+0200: 3276.552: Total time for which application threads were stopped: 0.0001789 seconds, Stopping threads took: 0.0000506 seconds
2018-09-27T18:48:49.222+0200: 3276.552: Total time for which application threads were stopped: 0.0001786 seconds, Stopping threads took: 0.0001303 seconds
2018-09-27T18:48:49.224+0200: 3276.554: Total time for which application threads were stopped: 0.0001574 seconds, Stopping threads took: 0.0000554 seconds
2018-09-27T18:48:49.224+0200: 3276.554: Total time for which application threads were stopped: 0.0000571 seconds, Stopping threads took: 0.0000178 seconds
2018-09-27T18:48:49.225+0200: 3276.555: Total time for which application threads were stopped: 0.0002162 seconds, Stopping threads took: 0.0001526 seconds
2018-09-27T18:48:49.225+0200: 3276.556: Total time for which application threads were stopped: 0.0000924 seconds, Stopping threads took: 0.0000270 seconds
2018-09-27T18:48:49.226+0200: 3276.557: Total time for which application threads were stopped: 0.0001392 seconds, Stopping threads took: 0.0000445 seconds
2018-09-27T18:48:49.227+0200: 3276.557: Total time for which application threads were stopped: 0.0003852 seconds, Stopping threads took: 0.0001639 seconds
2018-09-27T18:48:49.227+0200: 3276.558: Total time for which application threads were stopped: 0.0001040 seconds, Stopping threads took: 0.0000376 seconds
2018-09-27T18:48:49.228+0200: 3276.558: Total time for which application threads were stopped: 0.0000811 seconds, Stopping threads took: 0.0000246 seconds
2018-09-27T18:48:49.228+0200: 3276.558: Total time for which application threads were stopped: 0.0000773 seconds, Stopping threads took: 0.0000195 seconds
2018-09-27T18:48:49.228+0200: 3276.558: Total time for which application threads were stopped: 0.0000736 seconds, Stopping threads took: 0.0000274 seconds
2018-09-27T18:48:49.229+0200: 3276.559: Total time for which application threads were stopped: 0.0001440 seconds, Stopping threads took: 0.0000712 seconds
2018-09-27T18:48:49.229+0200: 3276.559: Total time for which application threads were stopped: 0.0001091 seconds, Stopping threads took: 0.0000383 seconds
2018-09-27T18:48:50.229+0200: 3277.559: Total time for which application threads were stopped: 0.0002357 seconds, Stopping threads took: 0.0000780 seconds
2018-09-27T18:48:53.751+0200: 3281.082: Total time for which application threads were stopped: 0.0001273 seconds, Stopping threads took: 0.0000438 seconds
2018-09-27T18:48:53.752+0200: 3281.082: Total time for which application threads were stopped: 0.0000934 seconds, Stopping threads took: 0.0000315 seconds
2018-09-27T18:48:53.752+0200: 3281.082: Total time for which application threads were stopped: 0.0000499 seconds, Stopping threads took: 0.0000154 seconds
2018-09-27T18:48:53.758+0200: 3281.089: Total time for which application threads were stopped: 0.0001245 seconds, Stopping threads took: 0.0000322 seconds
2018-09-27T18:48:53.762+0200: 3281.093: Total time for which application threads were stopped: 0.0000913 seconds, Stopping threads took: 0.0000301 seconds
2018-09-27T18:48:54.763+0200: 3282.093: Total time for which application threads were stopped: 0.0000924 seconds, Stopping threads took: 0.0000335 seconds
2018-09-27T18:48:56.764+0200: 3284.094: Total time for which application threads were stopped: 0.0001379 seconds, Stopping threads took: 0.0000414 seconds
2018-09-27T18:48:56.807+0200: 3284.137: Total time for which application threads were stopped: 0.0001167 seconds, Stopping threads took: 0.0000352 seconds
2018-09-27T18:48:56.824+0200: 3284.155: Total time for which application threads were stopped: 0.0001256 seconds, Stopping threads took: 0.0000322 seconds
2018-09-27T18:48:56.825+0200: 3284.156: Total time for which application threads were stopped: 0.0000934 seconds, Stopping threads took: 0.0000222 seconds
2018-09-27T18:48:57.826+0200: 3285.156: Total time for which application threads were stopped: 0.0001957 seconds, Stopping threads took: 0.0000619 seconds
2018-09-27T18:49:12.643+0200: 3299.973: Total time for which application threads were stopped: 0.0001167 seconds, Stopping threads took: 0.0000417 seconds
2018-09-27T18:49:12.644+0200: 3299.974: Total time for which application threads were stopped: 0.0000992 seconds, Stopping threads took: 0.0000270 seconds
2018-09-27T18:49:12.645+0200: 3299.976: Total time for which application threads were stopped: 0.0001098 seconds, Stopping threads took: 0.0000311 seconds
2018-09-27T18:49:13.645+0200: 3300.976: Total time for which application threads were stopped: 0.0002689 seconds, Stopping threads took: 0.0000869 seconds
2018-09-27T18:49:15.602+0200: 3302.932: Total time for which application threads were stopped: 0.0001108 seconds, Stopping threads took: 0.0000315 seconds
2018-09-27T18:49:15.603+0200: 3302.934: Total time for which application threads were stopped: 0.0001386 seconds, Stopping threads took: 0.0000506 seconds
2018-09-27T18:49:15.604+0200: 3302.935: Total time for which application threads were stopped: 0.0001064 seconds, Stopping threads took: 0.0000349 seconds
2018-09-27T18:49:16.604+0200: 3303.935: Total time for which application threads were stopped: 0.0002672 seconds, Stopping threads took: 0.0001180 seconds
2018-09-27T18:49:18.605+0200: 3305.936: Total time for which application threads were stopped: 0.0002179 seconds, Stopping threads took: 0.0000845 seconds
2018-09-27T18:49:19.605+0200: 3306.936: Total time for which application threads were stopped: 0.0001707 seconds, Stopping threads took: 0.0000530 seconds
2018-09-27T18:49:39.614+0200: 3326.945: Total time for which application threads were stopped: 0.0001020 seconds, Stopping threads took: 0.0000332 seconds
2018-09-27T18:50:29.232+0200: 3376.563: Total time for which application threads were stopped: 0.0000845 seconds, Stopping threads took: 0.0000250 seconds
2018-09-27T18:50:29.232+0200: 3376.563: Total time for which application threads were stopped: 0.0000434 seconds, Stopping threads took: 0.0000133 seconds
2018-09-27T18:50:29.237+0200: 3376.567: Total time for which application threads were stopped: 0.0000520 seconds, Stopping threads took: 0.0000171 seconds
2018-09-27T18:50:29.241+0200: 3376.572: Total time for which application threads were stopped: 0.0010674 seconds, Stopping threads took: 0.0009692 seconds
2018-09-27T18:50:34.243+0200: 3381.574: Total time for which application threads were stopped: 0.0001892 seconds, Stopping threads took: 0.0000883 seconds
2018-09-27T18:50:59.245+0200: 3406.575: Total time for which application threads were stopped: 0.0002179 seconds, Stopping threads took: 0.0000561 seconds
2018-09-27T18:53:49.328+0200: 3576.658: Total time for which application threads were stopped: 0.0001238 seconds, Stopping threads took: 0.0000424 seconds
2018-09-27T18:55:05.516+0200: 3652.847: Total time for which application threads were stopped: 0.0000722 seconds, Stopping threads took: 0.0000209 seconds
2018-09-27T18:55:05.516+0200: 3652.847: Total time for which application threads were stopped: 0.0000349 seconds, Stopping threads took: 0.0000113 seconds
2018-09-27T18:55:05.517+0200: 3652.847: Total time for which application threads were stopped: 0.0000438 seconds, Stopping threads took: 0.0000109 seconds
2018-09-27T18:55:05.519+0200: 3652.849: Total time for which application threads were stopped: 0.0001180 seconds, Stopping threads took: 0.0000226 seconds
2018-09-27T18:55:05.521+0200: 3652.851: Total time for which application threads were stopped: 0.0001105 seconds, Stopping threads took: 0.0000263 seconds
2018-09-27T18:55:05.523+0200: 3652.853: Total time for which application threads were stopped: 0.0000978 seconds, Stopping threads took: 0.0000246 seconds
2018-09-27T18:55:05.524+0200: 3652.854: Total time for which application threads were stopped: 0.0000503 seconds, Stopping threads took: 0.0000157 seconds
2018-09-27T18:55:05.524+0200: 3652.854: Total time for which application threads were stopped: 0.0000404 seconds, Stopping threads took: 0.0000116 seconds
2018-09-27T18:55:05.524+0200: 3652.854: Total time for which application threads were stopped: 0.0000390 seconds, Stopping threads took: 0.0000113 seconds
2018-09-27T18:55:05.524+0200: 3652.854: Total time for which application threads were stopped: 0.0000387 seconds, Stopping threads took: 0.0000109 seconds
2018-09-27T18:55:05.524+0200: 3652.854: Total time for which application threads were stopped: 0.0000390 seconds, Stopping threads took: 0.0000130 seconds
2018-09-27T18:55:05.526+0200: 3652.856: Total time for which application threads were stopped: 0.0001047 seconds, Stopping threads took: 0.0000315 seconds
2018-09-27T18:55:05.526+0200: 3652.857: Total time for which application threads were stopped: 0.0001923 seconds, Stopping threads took: 0.0000137 seconds
2018-09-27T18:55:05.526+0200: 3652.857: Total time for which application threads were stopped: 0.0000387 seconds, Stopping threads took: 0.0000130 seconds
2018-09-27T18:55:05.528+0200: 3652.859: Total time for which application threads were stopped: 0.0000777 seconds, Stopping threads took: 0.0000284 seconds
2018-09-27T18:55:05.528+0200: 3652.859: Total time for which application threads were stopped: 0.0000452 seconds, Stopping threads took: 0.0000198 seconds
2018-09-27T18:55:05.528+0200: 3652.859: Total time for which application threads were stopped: 0.0000554 seconds, Stopping threads took: 0.0000202 seconds
2018-09-27T18:55:05.529+0200: 3652.860: Total time for which application threads were stopped: 0.0000558 seconds, Stopping threads took: 0.0000233 seconds
2018-09-27T18:55:05.529+0200: 3652.860: Total time for which application threads were stopped: 0.0000455 seconds, Stopping threads took: 0.0000195 seconds
2018-09-27T18:55:05.529+0200: 3652.860: Total time for which application threads were stopped: 0.0000561 seconds, Stopping threads took: 0.0000246 seconds
2018-09-27T18:55:05.530+0200: 3652.860: Total time for which application threads were stopped: 0.0000688 seconds, Stopping threads took: 0.0000397 seconds
2018-09-27T18:55:05.533+0200: 3652.864: Total time for which application threads were stopped: 0.0001478 seconds, Stopping threads took: 0.0000373 seconds
2018-09-27T18:56:22.321+0200: 3729.652: Total time for which application threads were stopped: 0.0000913 seconds, Stopping threads took: 0.0000270 seconds
2018-09-27T18:56:22.321+0200: 3729.652: Total time for which application threads were stopped: 0.0000445 seconds, Stopping threads took: 0.0000127 seconds
2018-09-27T18:56:22.322+0200: 3729.653: Total time for which application threads were stopped: 0.0001201 seconds, Stopping threads took: 0.0000359 seconds
2018-09-27T18:56:23.322+0200: 3730.653: Total time for which application threads were stopped: 0.0003962 seconds, Stopping threads took: 0.0000804 seconds
2018-09-27T18:56:23.625+0200: 3730.956: Total time for which application threads were stopped: 0.0000869 seconds, Stopping threads took: 0.0000260 seconds
2018-09-27T18:56:23.626+0200: 3730.956: Total time for which application threads were stopped: 0.0000626 seconds, Stopping threads took: 0.0000229 seconds
2018-09-27T18:56:23.628+0200: 3730.958: Total time for which application threads were stopped: 0.0001317 seconds, Stopping threads took: 0.0000383 seconds
2018-09-27T18:56:23.638+0200: 3730.968: Total time for which application threads were stopped: 0.0003185 seconds, Stopping threads took: 0.0002357 seconds
2018-09-27T18:56:23.638+0200: 3730.968: Total time for which application threads were stopped: 0.0000859 seconds, Stopping threads took: 0.0000219 seconds
2018-09-27T18:56:23.639+0200: 3730.970: Total time for which application threads were stopped: 0.0001204 seconds, Stopping threads took: 0.0000438 seconds
2018-09-27T18:56:23.639+0200: 3730.970: Total time for which application threads were stopped: 0.0001642 seconds, Stopping threads took: 0.0000322 seconds
2018-09-27T18:56:23.644+0200: 3730.974: Total time for which application threads were stopped: 0.0014756 seconds, Stopping threads took: 0.0013257 seconds
2018-09-27T18:56:23.644+0200: 3730.974: Total time for which application threads were stopped: 0.0001334 seconds, Stopping threads took: 0.0000472 seconds
2018-09-27T18:56:23.653+0200: 3730.983: Total time for which application threads were stopped: 0.0001030 seconds, Stopping threads took: 0.0000339 seconds
2018-09-27T18:56:23.653+0200: 3730.984: Total time for which application threads were stopped: 0.0000801 seconds, Stopping threads took: 0.0000322 seconds
2018-09-27T18:56:23.662+0200: 3730.992: Total time for which application threads were stopped: 0.0003048 seconds, Stopping threads took: 0.0002022 seconds
2018-09-27T18:56:24.662+0200: 3731.993: Total time for which application threads were stopped: 0.0003031 seconds, Stopping threads took: 0.0001259 seconds
2018-09-27T18:56:27.278+0200: 3734.609: Total time for which application threads were stopped: 0.0014113 seconds, Stopping threads took: 0.0013148 seconds
2018-09-27T18:56:27.279+0200: 3734.610: Total time for which application threads were stopped: 0.0001235 seconds, Stopping threads took: 0.0000397 seconds
2018-09-27T18:56:27.283+0200: 3734.614: Total time for which application threads were stopped: 0.0002710 seconds, Stopping threads took: 0.0000414 seconds
2018-09-27T18:56:27.294+0200: 3734.626: Total time for which application threads were stopped: 0.0001519 seconds, Stopping threads took: 0.0000328 seconds
2018-09-27T18:56:27.852+0200: 3735.183: Total time for which application threads were stopped: 0.0001464 seconds, Stopping threads took: 0.0000626 seconds
2018-09-27T18:56:27.857+0200: 3735.188: Total time for which application threads were stopped: 0.0001232 seconds, Stopping threads took: 0.0000349 seconds
2018-09-27T18:56:27.857+0200: 3735.188: Total time for which application threads were stopped: 0.0000985 seconds, Stopping threads took: 0.0000250 seconds
2018-09-27T18:56:27.860+0200: 3735.190: Total time for which application threads were stopped: 0.0006086 seconds, Stopping threads took: 0.0004701 seconds
2018-09-27T18:56:27.863+0200: 3735.194: Total time for which application threads were stopped: 0.0002039 seconds, Stopping threads took: 0.0000876 seconds
2018-09-27T18:56:28.484+0200: 3735.815: Total time for which application threads were stopped: 0.0001030 seconds, Stopping threads took: 0.0000311 seconds
2018-09-27T18:56:28.485+0200: 3735.816: Total time for which application threads were stopped: 0.0000937 seconds, Stopping threads took: 0.0000216 seconds
2018-09-27T18:56:29.315+0200: 3736.646: Total time for which application threads were stopped: 0.0005570 seconds, Stopping threads took: 0.0000349 seconds
2018-09-27T18:56:29.917+0200: 3737.247: Total time for which application threads were stopped: 0.0000787 seconds, Stopping threads took: 0.0000253 seconds
2018-09-27T18:56:29.917+0200: 3737.248: Total time for which application threads were stopped: 0.0001129 seconds, Stopping threads took: 0.0000151 seconds
2018-09-27T18:56:29.918+0200: 3737.248: Total time for which application threads were stopped: 0.0000534 seconds, Stopping threads took: 0.0000133 seconds
2018-09-27T18:56:29.920+0200: 3737.251: Total time for which application threads were stopped: 0.0001410 seconds, Stopping threads took: 0.0000554 seconds
2018-09-27T18:56:29.939+0200: 3737.270: Total time for which application threads were stopped: 0.0001085 seconds, Stopping threads took: 0.0000400 seconds
2018-09-27T18:56:32.940+0200: 3740.270: Total time for which application threads were stopped: 0.0001995 seconds, Stopping threads took: 0.0000647 seconds
2018-09-27T18:56:54.679+0200: 3762.010: Total time for which application threads were stopped: 0.0000814 seconds, Stopping threads took: 0.0000222 seconds
2018-09-27T18:56:54.679+0200: 3762.010: Total time for which application threads were stopped: 0.0000506 seconds, Stopping threads took: 0.0000250 seconds
2018-09-27T18:56:54.680+0200: 3762.011: Total time for which application threads were stopped: 0.0000626 seconds, Stopping threads took: 0.0000250 seconds
2018-09-27T18:56:54.680+0200: 3762.011: Total time for which application threads were stopped: 0.0000664 seconds, Stopping threads took: 0.0000325 seconds
2018-09-27T18:56:54.682+0200: 3762.013: Total time for which application threads were stopped: 0.0000910 seconds, Stopping threads took: 0.0000212 seconds
2018-09-27T18:56:54.682+0200: 3762.013: Total time for which application threads were stopped: 0.0000831 seconds, Stopping threads took: 0.0000260 seconds
2018-09-27T18:56:54.689+0200: 3762.020: Total time for which application threads were stopped: 0.0000807 seconds, Stopping threads took: 0.0000222 seconds
2018-09-27T18:56:54.689+0200: 3762.020: Total time for which application threads were stopped: 0.0000814 seconds, Stopping threads took: 0.0000301 seconds
2018-09-27T18:56:55.690+0200: 3763.021: Total time for which application threads were stopped: 0.0002679 seconds, Stopping threads took: 0.0000855 seconds
2018-09-27T18:56:56.218+0200: 3763.549: Total time for which application threads were stopped: 0.0000677 seconds, Stopping threads took: 0.0000202 seconds
2018-09-27T18:56:56.218+0200: 3763.549: Total time for which application threads were stopped: 0.0000496 seconds, Stopping threads took: 0.0000243 seconds
2018-09-27T18:56:56.219+0200: 3763.549: Total time for which application threads were stopped: 0.0000626 seconds, Stopping threads took: 0.0000137 seconds
2018-09-27T18:56:56.229+0200: 3763.560: Total time for which application threads were stopped: 0.0001136 seconds, Stopping threads took: 0.0000339 seconds
2018-09-27T18:56:56.230+0200: 3763.560: Total time for which application threads were stopped: 0.0001057 seconds, Stopping threads took: 0.0000335 seconds
2018-09-27T18:57:00.231+0200: 3767.561: Total time for which application threads were stopped: 0.0002682 seconds, Stopping threads took: 0.0000835 seconds
2018-09-27T18:57:03.389+0200: 3770.720: Total time for which application threads were stopped: 0.0001505 seconds, Stopping threads took: 0.0000397 seconds
2018-09-27T18:57:03.389+0200: 3770.720: Total time for which application threads were stopped: 0.0000934 seconds, Stopping threads took: 0.0000298 seconds
2018-09-27T18:57:03.393+0200: 3770.723: Total time for which application threads were stopped: 0.0001228 seconds, Stopping threads took: 0.0000342 seconds
2018-09-27T18:57:03.395+0200: 3770.725: Total time for which application threads were stopped: 0.0001433 seconds, Stopping threads took: 0.0000342 seconds
2018-09-27T18:57:03.407+0200: 3770.738: Total time for which application threads were stopped: 0.0001878 seconds, Stopping threads took: 0.0000373 seconds
2018-09-27T18:57:03.415+0200: 3770.746: Total time for which application threads were stopped: 0.0001895 seconds, Stopping threads took: 0.0000479 seconds
2018-09-27T18:57:03.416+0200: 3770.747: Total time for which application threads were stopped: 0.0001379 seconds, Stopping threads took: 0.0000311 seconds
2018-09-27T18:57:03.420+0200: 3770.751: Total time for which application threads were stopped: 0.0002624 seconds, Stopping threads took: 0.0000376 seconds
2018-09-27T18:57:03.575+0200: 3770.906: Total time for which application threads were stopped: 0.0001721 seconds, Stopping threads took: 0.0000369 seconds
2018-09-27T18:57:03.995+0200: 3771.326: Total time for which application threads were stopped: 0.0001464 seconds, Stopping threads took: 0.0000400 seconds
2018-09-27T18:57:03.995+0200: 3771.326: Total time for which application threads were stopped: 0.0001009 seconds, Stopping threads took: 0.0000301 seconds
2018-09-27T18:57:03.995+0200: 3771.326: Total time for which application threads were stopped: 0.0000821 seconds, Stopping threads took: 0.0000219 seconds
2018-09-27T18:57:03.995+0200: 3771.326: Total time for which application threads were stopped: 0.0000780 seconds, Stopping threads took: 0.0000233 seconds
2018-09-27T18:57:03.995+0200: 3771.326: Total time for which application threads were stopped: 0.0000650 seconds, Stopping threads took: 0.0000161 seconds
2018-09-27T18:57:06.998+0200: 3774.329: Total time for which application threads were stopped: 0.0002237 seconds, Stopping threads took: 0.0000725 seconds
2018-09-27T18:57:13.000+0200: 3780.331: Total time for which application threads were stopped: 0.0002552 seconds, Stopping threads took: 0.0000790 seconds
2018-09-27T18:57:15.002+0200: 3782.332: Total time for which application threads were stopped: 0.0003079 seconds, Stopping threads took: 0.0001351 seconds
2018-09-27T18:57:16.002+0200: 3783.333: Total time for which application threads were stopped: 0.0001519 seconds, Stopping threads took: 0.0000499 seconds
2018-09-27T18:57:19.004+0200: 3786.335: Total time for which application threads were stopped: 0.0002217 seconds, Stopping threads took: 0.0000804 seconds
2018-09-27T18:57:20.005+0200: 3787.335: Total time for which application threads were stopped: 0.0000975 seconds, Stopping threads took: 0.0000287 seconds
2018-09-27T18:57:22.759+0200: 3790.090: Total time for which application threads were stopped: 0.0000732 seconds, Stopping threads took: 0.0000239 seconds
2018-09-27T18:57:22.759+0200: 3790.090: Total time for which application threads were stopped: 0.0000387 seconds, Stopping threads took: 0.0000130 seconds
2018-09-27T18:57:22.760+0200: 3790.090: Total time for which application threads were stopped: 0.0000568 seconds, Stopping threads took: 0.0000137 seconds
2018-09-27T18:57:22.768+0200: 3790.099: Total time for which application threads were stopped: 0.0001023 seconds, Stopping threads took: 0.0000332 seconds
2018-09-27T18:57:22.768+0200: 3790.099: Total time for which application threads were stopped: 0.0000681 seconds, Stopping threads took: 0.0000174 seconds
2018-09-27T18:58:15.168+0200: 3842.498: Total time for which application threads were stopped: 0.0001553 seconds, Stopping threads took: 0.0000510 seconds
2018-09-27T18:58:15.168+0200: 3842.499: Total time for which application threads were stopped: 0.0001293 seconds, Stopping threads took: 0.0000431 seconds
2018-09-27T18:58:15.169+0200: 3842.499: Total time for which application threads were stopped: 0.0002049 seconds, Stopping threads took: 0.0000356 seconds
2018-09-27T18:59:47.113+0200: 3934.445: Total time for which application threads were stopped: 0.0001365 seconds, Stopping threads took: 0.0000380 seconds
2018-09-27T18:59:47.114+0200: 3934.445: Total time for which application threads were stopped: 0.0000609 seconds, Stopping threads took: 0.0000181 seconds
2018-09-27T18:59:47.114+0200: 3934.445: Total time for which application threads were stopped: 0.0000924 seconds, Stopping threads took: 0.0000192 seconds
2018-09-27T18:59:47.849+0200: 3935.179: Total time for which application threads were stopped: 0.0001235 seconds, Stopping threads took: 0.0000298 seconds
2018-09-27T18:59:47.849+0200: 3935.179: Total time for which application threads were stopped: 0.0000636 seconds, Stopping threads took: 0.0000236 seconds
2018-09-27T18:59:47.850+0200: 3935.180: Total time for which application threads were stopped: 0.0001372 seconds, Stopping threads took: 0.0000212 seconds
2018-09-27T18:59:52.756+0200: 3940.086: Total time for which application threads were stopped: 0.0001050 seconds, Stopping threads took: 0.0000308 seconds
2018-09-27T18:59:52.756+0200: 3940.086: Total time for which application threads were stopped: 0.0000640 seconds, Stopping threads took: 0.0000188 seconds
2018-09-27T18:59:52.756+0200: 3940.087: Total time for which application threads were stopped: 0.0000496 seconds, Stopping threads took: 0.0000130 seconds
2018-09-27T18:59:52.756+0200: 3940.087: Total time for which application threads were stopped: 0.0000578 seconds, Stopping threads took: 0.0000236 seconds
2018-09-27T18:59:52.757+0200: 3940.088: Total time for which application threads were stopped: 0.0001037 seconds, Stopping threads took: 0.0000325 seconds
2018-09-27T18:59:52.772+0200: 3940.102: Total time for which application threads were stopped: 0.0001735 seconds, Stopping threads took: 0.0000479 seconds
2018-09-27T18:59:52.772+0200: 3940.103: Total time for which application threads were stopped: 0.0001765 seconds, Stopping threads took: 0.0000523 seconds
2018-09-27T18:59:52.774+0200: 3940.105: Total time for which application threads were stopped: 0.0001341 seconds, Stopping threads took: 0.0000387 seconds
2018-09-27T18:59:52.774+0200: 3940.105: Total time for which application threads were stopped: 0.0002552 seconds, Stopping threads took: 0.0002001 seconds
2018-09-27T18:59:52.775+0200: 3940.107: Total time for which application threads were stopped: 0.0001129 seconds, Stopping threads took: 0.0000318 seconds
2018-09-27T18:59:52.776+0200: 3940.107: Total time for which application threads were stopped: 0.0000944 seconds, Stopping threads took: 0.0000400 seconds
2018-09-27T18:59:52.776+0200: 3940.107: Total time for which application threads were stopped: 0.0001153 seconds, Stopping threads took: 0.0000469 seconds
2018-09-27T18:59:52.776+0200: 3940.108: Total time for which application threads were stopped: 0.0001297 seconds, Stopping threads took: 0.0000616 seconds
2018-09-27T18:59:52.777+0200: 3940.108: Total time for which application threads were stopped: 0.0000674 seconds, Stopping threads took: 0.0000161 seconds
2018-09-27T18:59:52.777+0200: 3940.108: Total time for which application threads were stopped: 0.0000965 seconds, Stopping threads took: 0.0000308 seconds
2018-09-27T18:59:52.779+0200: 3940.110: Total time for which application threads were stopped: 0.0001498 seconds, Stopping threads took: 0.0000356 seconds
2018-09-27T18:59:52.779+0200: 3940.110: Total time for which application threads were stopped: 0.0001020 seconds, Stopping threads took: 0.0000239 seconds
2018-09-27T18:59:52.779+0200: 3940.111: Total time for which application threads were stopped: 0.0001037 seconds, Stopping threads took: 0.0000250 seconds
2018-09-27T18:59:52.780+0200: 3940.111: Total time for which application threads were stopped: 0.0000790 seconds, Stopping threads took: 0.0000257 seconds
2018-09-27T18:59:52.792+0200: 3940.124: Total time for which application threads were stopped: 0.0001037 seconds, Stopping threads took: 0.0000291 seconds
2018-09-27T18:59:52.793+0200: 3940.124: Total time for which application threads were stopped: 0.0000513 seconds, Stopping threads took: 0.0000144 seconds
2018-09-27T18:59:52.794+0200: 3940.125: Total time for which application threads were stopped: 0.0002802 seconds, Stopping threads took: 0.0000472 seconds
2018-09-27T18:59:52.794+0200: 3940.125: Total time for which application threads were stopped: 0.0000944 seconds, Stopping threads took: 0.0000352 seconds
2018-09-27T18:59:52.795+0200: 3940.126: Total time for which application threads were stopped: 0.0001112 seconds, Stopping threads took: 0.0000308 seconds
2018-09-27T18:59:53.796+0200: 3941.126: Total time for which application threads were stopped: 0.0002172 seconds, Stopping thr